2026-06-12 13:16:17.078 INFO  c.k.k.c.l.logback.LogbackConfigurator    - Logback default configuration initialized from: C:\Users\gianf\.katalon\packages\KS-11.2.0\configuration\org.eclipse.osgi\151\0\.cp\resources\logback\logback-execution.xml
2026-06-12 13:16:17.080 INFO  c.k.k.c.l.logback.LogbackConfigurator    - Logback custom configuration initialized from: C:\Users\gianf\Documents\Vaporant-IGES\testing\katalon\Vaporant-Baseline\Include\config\log.properties
2026-06-12 13:16:17.965 INFO  c.k.katalon.core.main.TestSuiteExecutor  - START Test Suites/Catalogo
2026-06-12 13:16:18.049 INFO  c.k.katalon.core.main.TestSuiteExecutor  - userFullName = Gianfranco Barba
2026-06-12 13:16:18.050 INFO  c.k.katalon.core.main.TestSuiteExecutor  - projectName = Vaporant-Baseline
2026-06-12 13:16:18.050 INFO  c.k.katalon.core.main.TestSuiteExecutor  - hostName = gianf - Gianfranco
2026-06-12 13:16:18.051 INFO  c.k.katalon.core.main.TestSuiteExecutor  - os = Windows 11 64bit
2026-06-12 13:16:18.051 INFO  c.k.katalon.core.main.TestSuiteExecutor  - hostAddress = 26.38.161.220
2026-06-12 13:16:18.052 INFO  c.k.katalon.core.main.TestSuiteExecutor  - katalonVersion = 11.2.0.0
2026-06-12 13:16:18.223 INFO  c.k.katalon.core.main.TestCaseExecutor   - --------------------
2026-06-12 13:16:18.224 INFO  c.k.katalon.core.main.TestCaseExecutor   - START Test Cases/Catalogo/TC_4.1_1
2026-06-12 13:16:18.565 INFO  com.kms.katalon.core.util.KeywordUtil    - Seed ripristinato prima di: Test Cases/Catalogo/TC_4.1_1
2026-06-12 13:16:18.599 DEBUG testcase.TC_4.1_1                        - 1: openBrowser("")
2026-06-12 13:16:18.858 INFO  c.k.k.core.webui.driver.DriverFactory    - Starting 'Chrome' driver
2026-06-12 13:16:18.896 INFO  c.k.k.core.webui.driver.DriverFactory    - Action delay is set to 0 milliseconds
2026-06-12 13:16:20.619 INFO  c.k.k.core.webui.driver.DriverFactory    - sessionId = f59038487a965ce1650b3abc5f14244b
2026-06-12 13:16:20.619 INFO  c.k.k.core.webui.driver.DriverFactory    - browser = Chrome 148.0.7778.179
2026-06-12 13:16:20.619 INFO  c.k.k.core.webui.driver.DriverFactory    - platform = Windows 11
2026-06-12 13:16:20.621 INFO  c.k.k.core.webui.driver.DriverFactory    - seleniumVersion = 4.39.0
2026-06-12 13:16:20.628 INFO  c.k.k.core.webui.driver.DriverFactory    - proxyInformation = ProxyInformation { proxyOption=NO_PROXY, proxyServerType=HTTP, username=, password=********, proxyServerAddress=, proxyServerPort=0, executionList="", isApplyToDesiredCapabilities=true }
2026-06-12 13:16:20.675 DEBUG testcase.TC_4.1_1                        - 2: navigateToUrl(base + "ProductView.jsp")
2026-06-12 13:16:22.024 DEBUG testcase.TC_4.1_1                        - 3: takeScreenshot()
2026-06-12 13:16:22.636 DEBUG testcase.TC_4.1_1                        - 4: verifyTextPresent("SCOPRI I NOSTRI PRODOTTI", false)
2026-06-12 13:16:22.928 DEBUG testcase.TC_4.1_1                        - 5: closeBrowser()
2026-06-12 13:16:23.115 INFO  c.k.katalon.core.main.TestCaseExecutor   - END Test Cases/Catalogo/TC_4.1_1
2026-06-12 13:16:23.119 INFO  c.k.katalon.core.main.TestCaseExecutor   - --------------------
2026-06-12 13:16:23.119 INFO  c.k.katalon.core.main.TestCaseExecutor   - START Test Cases/Catalogo/TC_4.1_2
2026-06-12 13:16:23.232 INFO  com.kms.katalon.core.util.KeywordUtil    - Seed ripristinato prima di: Test Cases/Catalogo/TC_4.1_2
2026-06-12 13:16:23.281 DEBUG testcase.TC_4.1_2                        - 1: openBrowser("")
2026-06-12 13:16:23.282 INFO  c.k.k.core.webui.driver.DriverFactory    - Starting 'Chrome' driver
2026-06-12 13:16:23.284 INFO  c.k.k.core.webui.driver.DriverFactory    - Action delay is set to 0 milliseconds
2026-06-12 13:16:24.073 INFO  c.k.k.core.webui.driver.DriverFactory    - sessionId = 909d1f2230706f729a58970aa218199a
2026-06-12 13:16:24.074 INFO  c.k.k.core.webui.driver.DriverFactory    - browser = Chrome 148.0.7778.179
2026-06-12 13:16:24.074 INFO  c.k.k.core.webui.driver.DriverFactory    - platform = Windows 11
2026-06-12 13:16:24.075 INFO  c.k.k.core.webui.driver.DriverFactory    - seleniumVersion = 4.39.0
2026-06-12 13:16:24.075 INFO  c.k.k.core.webui.driver.DriverFactory    - proxyInformation = ProxyInformation { proxyOption=NO_PROXY, proxyServerType=HTTP, username=, password=********, proxyServerAddress=, proxyServerPort=0, executionList="", isApplyToDesiredCapabilities=true }
2026-06-12 13:16:24.090 DEBUG testcase.TC_4.1_2                        - 2: navigateToUrl(base + "loginForm.jsp")
2026-06-12 13:16:24.432 DEBUG testcase.TC_4.1_2                        - 3: setText(css("#email"), "g.barba14@studenti.unisa.it")
2026-06-12 13:16:24.435 DEBUG testcase.TC_4.1_2                        - 1: t = new com.kms.katalon.core.testobject.TestObject(sel)
2026-06-12 13:16:24.448 DEBUG testcase.TC_4.1_2                        - 2: t.addProperty("css", EQUALS, sel)
2026-06-12 13:16:24.455 DEBUG testcase.TC_4.1_2                        - 3: return t
2026-06-12 13:16:25.127 DEBUG testcase.TC_4.1_2                        - 4: setText(css("#password"), "ABC123.")
2026-06-12 13:16:25.127 DEBUG testcase.TC_4.1_2                        - 1: t = new com.kms.katalon.core.testobject.TestObject(sel)
2026-06-12 13:16:25.128 DEBUG testcase.TC_4.1_2                        - 2: t.addProperty("css", EQUALS, sel)
2026-06-12 13:16:25.128 DEBUG testcase.TC_4.1_2                        - 3: return t
2026-06-12 13:16:25.724 DEBUG testcase.TC_4.1_2                        - 5: click(css("#submit"))
2026-06-12 13:16:25.726 DEBUG testcase.TC_4.1_2                        - 1: t = new com.kms.katalon.core.testobject.TestObject(sel)
2026-06-12 13:16:25.726 DEBUG testcase.TC_4.1_2                        - 2: t.addProperty("css", EQUALS, sel)
2026-06-12 13:16:25.727 DEBUG testcase.TC_4.1_2                        - 3: return t
2026-06-12 13:16:26.064 DEBUG testcase.TC_4.1_2                        - 6: delay(2)
2026-06-12 13:16:28.090 DEBUG testcase.TC_4.1_2                        - 7: navigateToUrl(base + "product")
2026-06-12 13:16:28.182 DEBUG testcase.TC_4.1_2                        - 8: delay(2)
2026-06-12 13:16:30.187 DEBUG testcase.TC_4.1_2                        - 9: takeScreenshot()
2026-06-12 13:16:30.686 DEBUG testcase.TC_4.1_2                        - 10: verifyElementPresent(css("input[value='Aggiungi']"), 5)
2026-06-12 13:16:30.687 DEBUG testcase.TC_4.1_2                        - 1: t = new com.kms.katalon.core.testobject.TestObject(sel)
2026-06-12 13:16:30.687 DEBUG testcase.TC_4.1_2                        - 2: t.addProperty("css", EQUALS, sel)
2026-06-12 13:16:30.687 DEBUG testcase.TC_4.1_2                        - 3: return t
2026-06-12 13:16:30.925 DEBUG testcase.TC_4.1_2                        - 11: closeBrowser()
2026-06-12 13:16:31.088 INFO  c.k.katalon.core.main.TestCaseExecutor   - END Test Cases/Catalogo/TC_4.1_2
2026-06-12 13:16:31.092 INFO  c.k.katalon.core.main.TestCaseExecutor   - --------------------
2026-06-12 13:16:31.092 INFO  c.k.katalon.core.main.TestCaseExecutor   - START Test Cases/Catalogo/TC_4.2_1
2026-06-12 13:16:31.181 INFO  com.kms.katalon.core.util.KeywordUtil    - Seed ripristinato prima di: Test Cases/Catalogo/TC_4.2_1
2026-06-12 13:16:31.206 DEBUG testcase.TC_4.2_1                        - 1: openBrowser("")
2026-06-12 13:16:31.207 INFO  c.k.k.core.webui.driver.DriverFactory    - Starting 'Chrome' driver
2026-06-12 13:16:31.209 INFO  c.k.k.core.webui.driver.DriverFactory    - Action delay is set to 0 milliseconds
2026-06-12 13:16:32.019 INFO  c.k.k.core.webui.driver.DriverFactory    - sessionId = 46364a0a06b72140f6cd610dd695fadb
2026-06-12 13:16:32.019 INFO  c.k.k.core.webui.driver.DriverFactory    - browser = Chrome 148.0.7778.179
2026-06-12 13:16:32.020 INFO  c.k.k.core.webui.driver.DriverFactory    - platform = Windows 11
2026-06-12 13:16:32.020 INFO  c.k.k.core.webui.driver.DriverFactory    - seleniumVersion = 4.39.0
2026-06-12 13:16:32.020 INFO  c.k.k.core.webui.driver.DriverFactory    - proxyInformation = ProxyInformation { proxyOption=NO_PROXY, proxyServerType=HTTP, username=, password=********, proxyServerAddress=, proxyServerPort=0, executionList="", isApplyToDesiredCapabilities=true }
2026-06-12 13:16:32.035 DEBUG testcase.TC_4.2_1                        - 2: navigateToUrl(base + "ProductView.jsp")
2026-06-12 13:16:33.354 DEBUG testcase.TC_4.2_1                        - 3: navigateToUrl(base + "product?sort=nome")
2026-06-12 13:16:33.457 DEBUG testcase.TC_4.2_1                        - 4: takeScreenshot()
2026-06-12 13:16:34.166 DEBUG testcase.TC_4.2_1                        - 5: verifyTextPresent("SCOPRI I NOSTRI PRODOTTI", false)
2026-06-12 13:16:34.428 DEBUG testcase.TC_4.2_1                        - 6: closeBrowser()
2026-06-12 13:16:34.581 INFO  c.k.katalon.core.main.TestCaseExecutor   - END Test Cases/Catalogo/TC_4.2_1
2026-06-12 13:16:34.584 INFO  c.k.katalon.core.main.TestCaseExecutor   - --------------------
2026-06-12 13:16:34.584 INFO  c.k.katalon.core.main.TestCaseExecutor   - START Test Cases/Catalogo/TC_4.2_2
2026-06-12 13:16:34.669 INFO  com.kms.katalon.core.util.KeywordUtil    - Seed ripristinato prima di: Test Cases/Catalogo/TC_4.2_2
2026-06-12 13:16:34.694 DEBUG testcase.TC_4.2_2                        - 1: openBrowser("")
2026-06-12 13:16:34.696 INFO  c.k.k.core.webui.driver.DriverFactory    - Starting 'Chrome' driver
2026-06-12 13:16:34.697 INFO  c.k.k.core.webui.driver.DriverFactory    - Action delay is set to 0 milliseconds
2026-06-12 13:16:35.483 INFO  c.k.k.core.webui.driver.DriverFactory    - sessionId = 289f3f780b10faca78bbaddf7e6f5068
2026-06-12 13:16:35.484 INFO  c.k.k.core.webui.driver.DriverFactory    - browser = Chrome 148.0.7778.179
2026-06-12 13:16:35.484 INFO  c.k.k.core.webui.driver.DriverFactory    - platform = Windows 11
2026-06-12 13:16:35.484 INFO  c.k.k.core.webui.driver.DriverFactory    - seleniumVersion = 4.39.0
2026-06-12 13:16:35.485 INFO  c.k.k.core.webui.driver.DriverFactory    - proxyInformation = ProxyInformation { proxyOption=NO_PROXY, proxyServerType=HTTP, username=, password=********, proxyServerAddress=, proxyServerPort=0, executionList="", isApplyToDesiredCapabilities=true }
2026-06-12 13:16:35.498 DEBUG testcase.TC_4.2_2                        - 2: navigateToUrl(base + "ProductView.jsp")
2026-06-12 13:16:36.947 DEBUG testcase.TC_4.2_2                        - 3: navigateToUrl(base + "product?sort=prezzoAttuale")
2026-06-12 13:16:37.013 DEBUG testcase.TC_4.2_2                        - 4: takeScreenshot()
2026-06-12 13:16:37.705 DEBUG testcase.TC_4.2_2                        - 5: verifyTextPresent("SCOPRI I NOSTRI PRODOTTI", false)
2026-06-12 13:16:37.982 DEBUG testcase.TC_4.2_2                        - 6: closeBrowser()
2026-06-12 13:16:38.154 INFO  c.k.katalon.core.main.TestCaseExecutor   - END Test Cases/Catalogo/TC_4.2_2
2026-06-12 13:16:38.156 INFO  c.k.katalon.core.main.TestCaseExecutor   - --------------------
2026-06-12 13:16:38.156 INFO  c.k.katalon.core.main.TestCaseExecutor   - START Test Cases/Catalogo/TC_4.2_3
2026-06-12 13:16:38.236 INFO  com.kms.katalon.core.util.KeywordUtil    - Seed ripristinato prima di: Test Cases/Catalogo/TC_4.2_3
2026-06-12 13:16:38.262 DEBUG testcase.TC_4.2_3                        - 1: openBrowser("")
2026-06-12 13:16:38.263 INFO  c.k.k.core.webui.driver.DriverFactory    - Starting 'Chrome' driver
2026-06-12 13:16:38.264 INFO  c.k.k.core.webui.driver.DriverFactory    - Action delay is set to 0 milliseconds
2026-06-12 13:16:39.043 INFO  c.k.k.core.webui.driver.DriverFactory    - sessionId = 2c2ef767f007dd585ff11c0867ef15ee
2026-06-12 13:16:39.044 INFO  c.k.k.core.webui.driver.DriverFactory    - browser = Chrome 148.0.7778.179
2026-06-12 13:16:39.044 INFO  c.k.k.core.webui.driver.DriverFactory    - platform = Windows 11
2026-06-12 13:16:39.044 INFO  c.k.k.core.webui.driver.DriverFactory    - seleniumVersion = 4.39.0
2026-06-12 13:16:39.044 INFO  c.k.k.core.webui.driver.DriverFactory    - proxyInformation = ProxyInformation { proxyOption=NO_PROXY, proxyServerType=HTTP, username=, password=********, proxyServerAddress=, proxyServerPort=0, executionList="", isApplyToDesiredCapabilities=true }
2026-06-12 13:16:39.058 DEBUG testcase.TC_4.2_3                        - 2: navigateToUrl(base + "ProductView.jsp")
2026-06-12 13:16:40.371 DEBUG testcase.TC_4.2_3                        - 3: navigateToUrl(base + "product")
2026-06-12 13:16:40.440 DEBUG testcase.TC_4.2_3                        - 4: takeScreenshot()
2026-06-12 13:16:41.114 DEBUG testcase.TC_4.2_3                        - 5: verifyTextPresent("SCOPRI I NOSTRI PRODOTTI", false)
2026-06-12 13:16:41.371 DEBUG testcase.TC_4.2_3                        - 6: closeBrowser()
2026-06-12 13:16:41.515 INFO  c.k.katalon.core.main.TestCaseExecutor   - END Test Cases/Catalogo/TC_4.2_3
2026-06-12 13:16:41.519 INFO  c.k.katalon.core.main.TestCaseExecutor   - --------------------
2026-06-12 13:16:41.519 INFO  c.k.katalon.core.main.TestCaseExecutor   - START Test Cases/Catalogo/TC_4.2_4
2026-06-12 13:16:41.613 INFO  com.kms.katalon.core.util.KeywordUtil    - Seed ripristinato prima di: Test Cases/Catalogo/TC_4.2_4
2026-06-12 13:16:41.651 DEBUG testcase.TC_4.2_4                        - 1: openBrowser("")
2026-06-12 13:16:41.652 INFO  c.k.k.core.webui.driver.DriverFactory    - Starting 'Chrome' driver
2026-06-12 13:16:41.654 INFO  c.k.k.core.webui.driver.DriverFactory    - Action delay is set to 0 milliseconds
2026-06-12 13:16:42.469 INFO  c.k.k.core.webui.driver.DriverFactory    - sessionId = 8a279ad8d2861befc95de1caaebc66e8
2026-06-12 13:16:42.470 INFO  c.k.k.core.webui.driver.DriverFactory    - browser = Chrome 148.0.7778.179
2026-06-12 13:16:42.470 INFO  c.k.k.core.webui.driver.DriverFactory    - platform = Windows 11
2026-06-12 13:16:42.471 INFO  c.k.k.core.webui.driver.DriverFactory    - seleniumVersion = 4.39.0
2026-06-12 13:16:42.471 INFO  c.k.k.core.webui.driver.DriverFactory    - proxyInformation = ProxyInformation { proxyOption=NO_PROXY, proxyServerType=HTTP, username=, password=********, proxyServerAddress=, proxyServerPort=0, executionList="", isApplyToDesiredCapabilities=true }
2026-06-12 13:16:42.486 DEBUG testcase.TC_4.2_4                        - 2: navigateToUrl(base + "ProductView.jsp")
2026-06-12 13:16:44.030 DEBUG testcase.TC_4.2_4                        - 3: delay(2)
2026-06-12 13:16:46.048 DEBUG testcase.TC_4.2_4                        - 4: navigateToUrl(base + "product?sort=colonna_inesistente")
2026-06-12 13:16:46.160 DEBUG testcase.TC_4.2_4                        - 5: delay(2)
2026-06-12 13:16:48.171 DEBUG testcase.TC_4.2_4                        - 6: takeScreenshot()
2026-06-12 13:16:48.449 DEBUG testcase.TC_4.2_4                        - 7: verifyTextPresent("errore", false, CONTINUE_ON_FAILURE)
2026-06-12 13:16:48.706 DEBUG testcase.TC_4.2_4                        - 8: closeBrowser()
2026-06-12 13:16:48.996 INFO  c.k.katalon.core.main.TestCaseExecutor   - END Test Cases/Catalogo/TC_4.2_4
2026-06-12 13:16:48.999 INFO  c.k.katalon.core.main.TestCaseExecutor   - --------------------
2026-06-12 13:16:48.999 INFO  c.k.katalon.core.main.TestCaseExecutor   - START Test Cases/Catalogo/TC_4.2_5
2026-06-12 13:16:49.087 INFO  com.kms.katalon.core.util.KeywordUtil    - Seed ripristinato prima di: Test Cases/Catalogo/TC_4.2_5
2026-06-12 13:16:49.125 DEBUG testcase.TC_4.2_5                        - 1: openBrowser("")
2026-06-12 13:16:49.126 INFO  c.k.k.core.webui.driver.DriverFactory    - Starting 'Chrome' driver
2026-06-12 13:16:49.128 INFO  c.k.k.core.webui.driver.DriverFactory    - Action delay is set to 0 milliseconds
2026-06-12 13:16:49.910 INFO  c.k.k.core.webui.driver.DriverFactory    - sessionId = d46e679a20068f7af0e569c96fd74491
2026-06-12 13:16:49.911 INFO  c.k.k.core.webui.driver.DriverFactory    - browser = Chrome 148.0.7778.179
2026-06-12 13:16:49.911 INFO  c.k.k.core.webui.driver.DriverFactory    - platform = Windows 11
2026-06-12 13:16:49.911 INFO  c.k.k.core.webui.driver.DriverFactory    - seleniumVersion = 4.39.0
2026-06-12 13:16:49.911 INFO  c.k.k.core.webui.driver.DriverFactory    - proxyInformation = ProxyInformation { proxyOption=NO_PROXY, proxyServerType=HTTP, username=, password=********, proxyServerAddress=, proxyServerPort=0, executionList="", isApplyToDesiredCapabilities=true }
2026-06-12 13:16:49.922 DEBUG testcase.TC_4.2_5                        - 2: navigateToUrl(base + "ProductView.jsp")
2026-06-12 13:16:51.261 DEBUG testcase.TC_4.2_5                        - 3: delay(2)
2026-06-12 13:16:53.275 DEBUG testcase.TC_4.2_5                        - 4: navigateToUrl(base + "product?sort=nome;--")
2026-06-12 13:16:53.578 DEBUG testcase.TC_4.2_5                        - 5: delay(2)
2026-06-12 13:16:55.581 DEBUG testcase.TC_4.2_5                        - 6: takeScreenshot()
2026-06-12 13:16:56.067 DEBUG testcase.TC_4.2_5                        - 7: verifyTextPresent("errore", false, CONTINUE_ON_FAILURE)
2026-06-12 13:16:56.337 ERROR c.k.k.core.keyword.internal.KeywordMain  - ❌ Text 'errore' is not present on page  (Root cause: com.kms.katalon.core.exception.StepFailedException: Text 'errore' is not present on page 
	at com.kms.katalon.core.webui.keyword.internal.WebUIKeywordMain.stepFailed(WebUIKeywordMain.groovy:177)
	at com.kms.katalon.core.webui.keyword.builtin.VerifyTextPresentKeyword$_verifyTextPresent_closure1.doCall(VerifyTextPresentKeyword.groovy:79)
	at com.kms.katalon.core.webui.keyword.builtin.VerifyTextPresentKeyword$_verifyTextPresent_closure1.call(VerifyTextPresentKeyword.groovy)
	at com.kms.katalon.core.webui.keyword.internal.WebUIKeywordMain.runKeyword(WebUIKeywordMain.groovy:41)
	at com.kms.katalon.core.webui.keyword.builtin.VerifyTextPresentKeyword.verifyTextPresent(VerifyTextPresentKeyword.groovy:83)
	at com.kms.katalon.core.webui.keyword.builtin.VerifyTextPresentKeyword.execute(VerifyTextPresentKeyword.groovy:68)
	at com.kms.katalon.core.keyword.internal.KeywordExecutor.executeKeywordForPlatform(KeywordExecutor.groovy:103)
	at com.kms.katalon.core.webui.keyword.WebUiBuiltInKeywords.verifyTextPresent(WebUiBuiltInKeywords.groovy:1809)
	at TC_4.2_5.run(TC_4.2_5:20)
	at com.kms.katalon.core.main.ScriptEngine.run(ScriptEngine.java:203)
	at com.kms.katalon.core.main.ScriptEngine.runScriptAsRawText(ScriptEngine.java:115)
	at com.kms.katalon.core.main.TestCaseExecutor.runScript(TestCaseExecutor.java:506)
	at com.kms.katalon.core.main.TestCaseExecutor.doExecute(TestCaseExecutor.java:497)
	at com.kms.katalon.core.main.TestCaseExecutor.processExecutionPhase(TestCaseExecutor.java:476)
	at com.kms.katalon.core.main.TestCaseExecutor.accessMainPhase(TestCaseExecutor.java:468)
	at com.kms.katalon.core.main.TestCaseExecutor.execute(TestCaseExecutor.java:334)
	at com.kms.katalon.core.common.CommonExecutor.accessTestCaseMainPhase(CommonExecutor.java:71)
	at com.kms.katalon.core.main.TestSuiteExecutor.accessTestSuiteMainPhase(TestSuiteExecutor.java:153)
	at com.kms.katalon.core.main.TestSuiteExecutor.execute(TestSuiteExecutor.java:110)
	at com.kms.katalon.core.main.TestCaseMain.startTestSuite(TestCaseMain.java:206)
	at S0612_2.run(S0612_2.groovy:40)
	at java.base/jdk.internal.reflect.DirectMethodHandleAccessor.invoke(DirectMethodHandleAccessor.java:103)
)
2026-06-12 13:16:56.338 DEBUG testcase.TC_4.2_5                        - 8: closeBrowser()
2026-06-12 13:16:56.499 ERROR c.k.katalon.core.main.TestCaseExecutor   - ❌ Test Cases/Catalogo/TC_4.2_5 FAILED.
Reason:
com.kms.katalon.core.exception.StepFailedException: Text 'errore' is not present on page  (Root cause: com.kms.katalon.core.exception.StepFailedException: Text 'errore' is not present on page 
	at com.kms.katalon.core.webui.keyword.internal.WebUIKeywordMain.stepFailed(WebUIKeywordMain.groovy:177)
	at com.kms.katalon.core.webui.keyword.builtin.VerifyTextPresentKeyword$_verifyTextPresent_closure1.doCall(VerifyTextPresentKeyword.groovy:79)
	at com.kms.katalon.core.webui.keyword.builtin.VerifyTextPresentKeyword$_verifyTextPresent_closure1.call(VerifyTextPresentKeyword.groovy)
	at com.kms.katalon.core.webui.keyword.internal.WebUIKeywordMain.runKeyword(WebUIKeywordMain.groovy:41)
	at com.kms.katalon.core.webui.keyword.builtin.VerifyTextPresentKeyword.verifyTextPresent(VerifyTextPresentKeyword.groovy:83)
	at com.kms.katalon.core.webui.keyword.builtin.VerifyTextPresentKeyword.execute(VerifyTextPresentKeyword.groovy:68)
	at com.kms.katalon.core.keyword.internal.KeywordExecutor.executeKeywordForPlatform(KeywordExecutor.groovy:103)
	at com.kms.katalon.core.webui.keyword.WebUiBuiltInKeywords.verifyTextPresent(WebUiBuiltInKeywords.groovy:1809)
	at TC_4.2_5.run(TC_4.2_5:20)
	at com.kms.katalon.core.main.ScriptEngine.run(ScriptEngine.java:203)
	at com.kms.katalon.core.main.ScriptEngine.runScriptAsRawText(ScriptEngine.java:115)
	at com.kms.katalon.core.main.TestCaseExecutor.runScript(TestCaseExecutor.java:506)
	at com.kms.katalon.core.main.TestCaseExecutor.doExecute(TestCaseExecutor.java:497)
	at com.kms.katalon.core.main.TestCaseExecutor.processExecutionPhase(TestCaseExecutor.java:476)
	at com.kms.katalon.core.main.TestCaseExecutor.accessMainPhase(TestCaseExecutor.java:468)
	at com.kms.katalon.core.main.TestCaseExecutor.execute(TestCaseExecutor.java:334)
	at com.kms.katalon.core.common.CommonExecutor.accessTestCaseMainPhase(CommonExecutor.java:71)
	at com.kms.katalon.core.main.TestSuiteExecutor.accessTestSuiteMainPhase(TestSuiteExecutor.java:153)
	at com.kms.katalon.core.main.TestSuiteExecutor.execute(TestSuiteExecutor.java:110)
	at com.kms.katalon.core.main.TestCaseMain.startTestSuite(TestCaseMain.java:206)
	at S0612_2.run(S0612_2.groovy:40)
	at java.base/jdk.internal.reflect.DirectMethodHandleAccessor.invoke(DirectMethodHandleAccessor.java:103)
)
	at com.kms.katalon.core.keyword.internal.KeywordMain.stepFailed(KeywordMain.groovy:39)
	at com.kms.katalon.core.webui.keyword.internal.WebUIKeywordMain.stepFailed(WebUIKeywordMain.groovy:177)
	at com.kms.katalon.core.webui.keyword.builtin.VerifyTextPresentKeyword$_verifyTextPresent_closure1.doCall(VerifyTextPresentKeyword.groovy:79)
	at com.kms.katalon.core.webui.keyword.builtin.VerifyTextPresentKeyword$_verifyTextPresent_closure1.call(VerifyTextPresentKeyword.groovy)
	at com.kms.katalon.core.webui.keyword.internal.WebUIKeywordMain.runKeyword(WebUIKeywordMain.groovy:41)
	at com.kms.katalon.core.webui.keyword.builtin.VerifyTextPresentKeyword.verifyTextPresent(VerifyTextPresentKeyword.groovy:83)
	at com.kms.katalon.core.webui.keyword.builtin.VerifyTextPresentKeyword.execute(VerifyTextPresentKeyword.groovy:68)
	at com.kms.katalon.core.keyword.internal.KeywordExecutor.executeKeywordForPlatform(KeywordExecutor.groovy:103)
	at com.kms.katalon.core.webui.keyword.WebUiBuiltInKeywords.verifyTextPresent(WebUiBuiltInKeywords.groovy:1809)
	at TC_4.2_5.run(TC_4.2_5:20)
	at com.kms.katalon.core.main.ScriptEngine.run(ScriptEngine.java:203)
	at com.kms.katalon.core.main.ScriptEngine.runScriptAsRawText(ScriptEngine.java:115)
	at com.kms.katalon.core.main.TestCaseExecutor.runScript(TestCaseExecutor.java:506)
	at com.kms.katalon.core.main.TestCaseExecutor.doExecute(TestCaseExecutor.java:497)
	at com.kms.katalon.core.main.TestCaseExecutor.processExecutionPhase(TestCaseExecutor.java:476)
	at com.kms.katalon.core.main.TestCaseExecutor.accessMainPhase(TestCaseExecutor.java:468)
	at com.kms.katalon.core.main.TestCaseExecutor.execute(TestCaseExecutor.java:334)
	at com.kms.katalon.core.common.CommonExecutor.accessTestCaseMainPhase(CommonExecutor.java:71)
	at com.kms.katalon.core.main.TestSuiteExecutor.accessTestSuiteMainPhase(TestSuiteExecutor.java:153)
	at com.kms.katalon.core.main.TestSuiteExecutor.execute(TestSuiteExecutor.java:110)
	at com.kms.katalon.core.main.TestCaseMain.startTestSuite(TestCaseMain.java:206)
	at S0612_2.run(S0612_2.groovy:40)
	at java.base/jdk.internal.reflect.DirectMethodHandleAccessor.invoke(DirectMethodHandleAccessor.java:103)
Caused by: com.kms.katalon.core.exception.StepFailedException: Text 'errore' is not present on page 
	... 22 more

2026-06-12 13:16:56.501 INFO  c.k.katalon.core.main.TestCaseExecutor   - END Test Cases/Catalogo/TC_4.2_5
2026-06-12 13:16:56.503 INFO  c.k.katalon.core.main.TestCaseExecutor   - --------------------
2026-06-12 13:16:56.503 INFO  c.k.katalon.core.main.TestCaseExecutor   - START Test Cases/Catalogo/TC_4.2_5 - Retry attempt 1
2026-06-12 13:16:56.584 INFO  com.kms.katalon.core.util.KeywordUtil    - Seed ripristinato prima di: Test Cases/Catalogo/TC_4.2_5
2026-06-12 13:16:56.585 DEBUG testcase.TC_4.2_5                        - 1: openBrowser("")
2026-06-12 13:16:56.586 INFO  c.k.k.core.webui.driver.DriverFactory    - Starting 'Chrome' driver
2026-06-12 13:16:56.588 INFO  c.k.k.core.webui.driver.DriverFactory    - Action delay is set to 0 milliseconds
2026-06-12 13:16:57.382 INFO  c.k.k.core.webui.driver.DriverFactory    - sessionId = db109d88dc8f0d52678fd32657e71c03
2026-06-12 13:16:57.383 INFO  c.k.k.core.webui.driver.DriverFactory    - browser = Chrome 148.0.7778.179
2026-06-12 13:16:57.383 INFO  c.k.k.core.webui.driver.DriverFactory    - platform = Windows 11
2026-06-12 13:16:57.383 INFO  c.k.k.core.webui.driver.DriverFactory    - seleniumVersion = 4.39.0
2026-06-12 13:16:57.383 INFO  c.k.k.core.webui.driver.DriverFactory    - proxyInformation = ProxyInformation { proxyOption=NO_PROXY, proxyServerType=HTTP, username=, password=********, proxyServerAddress=, proxyServerPort=0, executionList="", isApplyToDesiredCapabilities=true }
2026-06-12 13:16:57.392 DEBUG testcase.TC_4.2_5                        - 2: navigateToUrl(base + "ProductView.jsp")
2026-06-12 13:16:58.735 DEBUG testcase.TC_4.2_5                        - 3: delay(2)
2026-06-12 13:17:00.739 DEBUG testcase.TC_4.2_5                        - 4: navigateToUrl(base + "product?sort=nome;--")
2026-06-12 13:17:00.802 DEBUG testcase.TC_4.2_5                        - 5: delay(2)
2026-06-12 13:17:02.811 DEBUG testcase.TC_4.2_5                        - 6: takeScreenshot()
2026-06-12 13:17:03.290 DEBUG testcase.TC_4.2_5                        - 7: verifyTextPresent("errore", false, CONTINUE_ON_FAILURE)
2026-06-12 13:17:03.543 ERROR c.k.k.core.keyword.internal.KeywordMain  - ❌ Text 'errore' is not present on page  (Root cause: com.kms.katalon.core.exception.StepFailedException: Text 'errore' is not present on page 
	at com.kms.katalon.core.webui.keyword.internal.WebUIKeywordMain.stepFailed(WebUIKeywordMain.groovy:177)
	at com.kms.katalon.core.webui.keyword.builtin.VerifyTextPresentKeyword$_verifyTextPresent_closure1.doCall(VerifyTextPresentKeyword.groovy:79)
	at com.kms.katalon.core.webui.keyword.builtin.VerifyTextPresentKeyword$_verifyTextPresent_closure1.call(VerifyTextPresentKeyword.groovy)
	at com.kms.katalon.core.webui.keyword.internal.WebUIKeywordMain.runKeyword(WebUIKeywordMain.groovy:41)
	at com.kms.katalon.core.webui.keyword.builtin.VerifyTextPresentKeyword.verifyTextPresent(VerifyTextPresentKeyword.groovy:83)
	at com.kms.katalon.core.webui.keyword.builtin.VerifyTextPresentKeyword.execute(VerifyTextPresentKeyword.groovy:68)
	at com.kms.katalon.core.keyword.internal.KeywordExecutor.executeKeywordForPlatform(KeywordExecutor.groovy:103)
	at com.kms.katalon.core.webui.keyword.WebUiBuiltInKeywords.verifyTextPresent(WebUiBuiltInKeywords.groovy:1809)
	at TC_4.2_5.run(TC_4.2_5:20)
	at com.kms.katalon.core.main.ScriptEngine.run(ScriptEngine.java:203)
	at com.kms.katalon.core.main.ScriptEngine.runScriptAsRawText(ScriptEngine.java:115)
	at com.kms.katalon.core.main.TestCaseExecutor.runScript(TestCaseExecutor.java:506)
	at com.kms.katalon.core.main.TestCaseExecutor.doExecute(TestCaseExecutor.java:497)
	at com.kms.katalon.core.main.TestCaseExecutor.processExecutionPhase(TestCaseExecutor.java:476)
	at com.kms.katalon.core.main.TestCaseExecutor.accessMainPhase(TestCaseExecutor.java:468)
	at com.kms.katalon.core.main.TestCaseExecutor.execute(TestCaseExecutor.java:334)
	at com.kms.katalon.core.main.TestCaseExecutor.execute(TestCaseExecutor.java:426)
	at com.kms.katalon.core.common.CommonExecutor.accessTestCaseMainPhase(CommonExecutor.java:71)
	at com.kms.katalon.core.main.TestSuiteExecutor.accessTestSuiteMainPhase(TestSuiteExecutor.java:153)
	at com.kms.katalon.core.main.TestSuiteExecutor.execute(TestSuiteExecutor.java:110)
	at com.kms.katalon.core.main.TestCaseMain.startTestSuite(TestCaseMain.java:206)
	at S0612_2.run(S0612_2.groovy:40)
	at java.base/jdk.internal.reflect.DirectMethodHandleAccessor.invoke(DirectMethodHandleAccessor.java:103)
)
2026-06-12 13:17:03.544 DEBUG testcase.TC_4.2_5                        - 8: closeBrowser()
2026-06-12 13:17:03.702 ERROR c.k.katalon.core.main.TestCaseExecutor   - ❌ Test Cases/Catalogo/TC_4.2_5 FAILED.
Reason:
com.kms.katalon.core.exception.StepFailedException: Text 'errore' is not present on page  (Root cause: com.kms.katalon.core.exception.StepFailedException: Text 'errore' is not present on page 
	at com.kms.katalon.core.webui.keyword.internal.WebUIKeywordMain.stepFailed(WebUIKeywordMain.groovy:177)
	at com.kms.katalon.core.webui.keyword.builtin.VerifyTextPresentKeyword$_verifyTextPresent_closure1.doCall(VerifyTextPresentKeyword.groovy:79)
	at com.kms.katalon.core.webui.keyword.builtin.VerifyTextPresentKeyword$_verifyTextPresent_closure1.call(VerifyTextPresentKeyword.groovy)
	at com.kms.katalon.core.webui.keyword.internal.WebUIKeywordMain.runKeyword(WebUIKeywordMain.groovy:41)
	at com.kms.katalon.core.webui.keyword.builtin.VerifyTextPresentKeyword.verifyTextPresent(VerifyTextPresentKeyword.groovy:83)
	at com.kms.katalon.core.webui.keyword.builtin.VerifyTextPresentKeyword.execute(VerifyTextPresentKeyword.groovy:68)
	at com.kms.katalon.core.keyword.internal.KeywordExecutor.executeKeywordForPlatform(KeywordExecutor.groovy:103)
	at com.kms.katalon.core.webui.keyword.WebUiBuiltInKeywords.verifyTextPresent(WebUiBuiltInKeywords.groovy:1809)
	at TC_4.2_5.run(TC_4.2_5:20)
	at com.kms.katalon.core.main.ScriptEngine.run(ScriptEngine.java:203)
	at com.kms.katalon.core.main.ScriptEngine.runScriptAsRawText(ScriptEngine.java:115)
	at com.kms.katalon.core.main.TestCaseExecutor.runScript(TestCaseExecutor.java:506)
	at com.kms.katalon.core.main.TestCaseExecutor.doExecute(TestCaseExecutor.java:497)
	at com.kms.katalon.core.main.TestCaseExecutor.processExecutionPhase(TestCaseExecutor.java:476)
	at com.kms.katalon.core.main.TestCaseExecutor.accessMainPhase(TestCaseExecutor.java:468)
	at com.kms.katalon.core.main.TestCaseExecutor.execute(TestCaseExecutor.java:334)
	at com.kms.katalon.core.main.TestCaseExecutor.execute(TestCaseExecutor.java:426)
	at com.kms.katalon.core.common.CommonExecutor.accessTestCaseMainPhase(CommonExecutor.java:71)
	at com.kms.katalon.core.main.TestSuiteExecutor.accessTestSuiteMainPhase(TestSuiteExecutor.java:153)
	at com.kms.katalon.core.main.TestSuiteExecutor.execute(TestSuiteExecutor.java:110)
	at com.kms.katalon.core.main.TestCaseMain.startTestSuite(TestCaseMain.java:206)
	at S0612_2.run(S0612_2.groovy:40)
	at java.base/jdk.internal.reflect.DirectMethodHandleAccessor.invoke(DirectMethodHandleAccessor.java:103)
)
	at com.kms.katalon.core.keyword.internal.KeywordMain.stepFailed(KeywordMain.groovy:39)
	at com.kms.katalon.core.webui.keyword.internal.WebUIKeywordMain.stepFailed(WebUIKeywordMain.groovy:177)
	at com.kms.katalon.core.webui.keyword.builtin.VerifyTextPresentKeyword$_verifyTextPresent_closure1.doCall(VerifyTextPresentKeyword.groovy:79)
	at com.kms.katalon.core.webui.keyword.builtin.VerifyTextPresentKeyword$_verifyTextPresent_closure1.call(VerifyTextPresentKeyword.groovy)
	at com.kms.katalon.core.webui.keyword.internal.WebUIKeywordMain.runKeyword(WebUIKeywordMain.groovy:41)
	at com.kms.katalon.core.webui.keyword.builtin.VerifyTextPresentKeyword.verifyTextPresent(VerifyTextPresentKeyword.groovy:83)
	at com.kms.katalon.core.webui.keyword.builtin.VerifyTextPresentKeyword.execute(VerifyTextPresentKeyword.groovy:68)
	at com.kms.katalon.core.keyword.internal.KeywordExecutor.executeKeywordForPlatform(KeywordExecutor.groovy:103)
	at com.kms.katalon.core.webui.keyword.WebUiBuiltInKeywords.verifyTextPresent(WebUiBuiltInKeywords.groovy:1809)
	at TC_4.2_5.run(TC_4.2_5:20)
	at com.kms.katalon.core.main.ScriptEngine.run(ScriptEngine.java:203)
	at com.kms.katalon.core.main.ScriptEngine.runScriptAsRawText(ScriptEngine.java:115)
	at com.kms.katalon.core.main.TestCaseExecutor.runScript(TestCaseExecutor.java:506)
	at com.kms.katalon.core.main.TestCaseExecutor.doExecute(TestCaseExecutor.java:497)
	at com.kms.katalon.core.main.TestCaseExecutor.processExecutionPhase(TestCaseExecutor.java:476)
	at com.kms.katalon.core.main.TestCaseExecutor.accessMainPhase(TestCaseExecutor.java:468)
	at com.kms.katalon.core.main.TestCaseExecutor.execute(TestCaseExecutor.java:334)
	at com.kms.katalon.core.main.TestCaseExecutor.execute(TestCaseExecutor.java:426)
	at com.kms.katalon.core.common.CommonExecutor.accessTestCaseMainPhase(CommonExecutor.java:71)
	at com.kms.katalon.core.main.TestSuiteExecutor.accessTestSuiteMainPhase(TestSuiteExecutor.java:153)
	at com.kms.katalon.core.main.TestSuiteExecutor.execute(TestSuiteExecutor.java:110)
	at com.kms.katalon.core.main.TestCaseMain.startTestSuite(TestCaseMain.java:206)
	at S0612_2.run(S0612_2.groovy:40)
	at java.base/jdk.internal.reflect.DirectMethodHandleAccessor.invoke(DirectMethodHandleAccessor.java:103)
Caused by: com.kms.katalon.core.exception.StepFailedException: Text 'errore' is not present on page 
	... 23 more

2026-06-12 13:17:03.703 INFO  c.k.katalon.core.main.TestCaseExecutor   - END Test Cases/Catalogo/TC_4.2_5
2026-06-12 13:17:03.705 INFO  c.k.katalon.core.main.TestCaseExecutor   - --------------------
2026-06-12 13:17:03.705 INFO  c.k.katalon.core.main.TestCaseExecutor   - START Test Cases/Catalogo/TC_4.2_5 - Retry attempt 2
2026-06-12 13:17:03.790 INFO  com.kms.katalon.core.util.KeywordUtil    - Seed ripristinato prima di: Test Cases/Catalogo/TC_4.2_5
2026-06-12 13:17:03.791 DEBUG testcase.TC_4.2_5                        - 1: openBrowser("")
2026-06-12 13:17:03.792 INFO  c.k.k.core.webui.driver.DriverFactory    - Starting 'Chrome' driver
2026-06-12 13:17:03.793 INFO  c.k.k.core.webui.driver.DriverFactory    - Action delay is set to 0 milliseconds
2026-06-12 13:17:04.584 INFO  c.k.k.core.webui.driver.DriverFactory    - sessionId = 955ab804d3a0413a32ac9dd31041ad02
2026-06-12 13:17:04.584 INFO  c.k.k.core.webui.driver.DriverFactory    - browser = Chrome 148.0.7778.179
2026-06-12 13:17:04.585 INFO  c.k.k.core.webui.driver.DriverFactory    - platform = Windows 11
2026-06-12 13:17:04.585 INFO  c.k.k.core.webui.driver.DriverFactory    - seleniumVersion = 4.39.0
2026-06-12 13:17:04.585 INFO  c.k.k.core.webui.driver.DriverFactory    - proxyInformation = ProxyInformation { proxyOption=NO_PROXY, proxyServerType=HTTP, username=, password=********, proxyServerAddress=, proxyServerPort=0, executionList="", isApplyToDesiredCapabilities=true }
2026-06-12 13:17:04.595 DEBUG testcase.TC_4.2_5                        - 2: navigateToUrl(base + "ProductView.jsp")
2026-06-12 13:17:05.950 DEBUG testcase.TC_4.2_5                        - 3: delay(2)
2026-06-12 13:17:07.966 DEBUG testcase.TC_4.2_5                        - 4: navigateToUrl(base + "product?sort=nome;--")
2026-06-12 13:17:08.034 DEBUG testcase.TC_4.2_5                        - 5: delay(2)
2026-06-12 13:17:10.048 DEBUG testcase.TC_4.2_5                        - 6: takeScreenshot()
2026-06-12 13:17:10.510 DEBUG testcase.TC_4.2_5                        - 7: verifyTextPresent("errore", false, CONTINUE_ON_FAILURE)
2026-06-12 13:17:10.764 ERROR c.k.k.core.keyword.internal.KeywordMain  - ❌ Text 'errore' is not present on page  (Root cause: com.kms.katalon.core.exception.StepFailedException: Text 'errore' is not present on page 
	at com.kms.katalon.core.webui.keyword.internal.WebUIKeywordMain.stepFailed(WebUIKeywordMain.groovy:177)
	at com.kms.katalon.core.webui.keyword.builtin.VerifyTextPresentKeyword$_verifyTextPresent_closure1.doCall(VerifyTextPresentKeyword.groovy:79)
	at com.kms.katalon.core.webui.keyword.builtin.VerifyTextPresentKeyword$_verifyTextPresent_closure1.call(VerifyTextPresentKeyword.groovy)
	at com.kms.katalon.core.webui.keyword.internal.WebUIKeywordMain.runKeyword(WebUIKeywordMain.groovy:41)
	at com.kms.katalon.core.webui.keyword.builtin.VerifyTextPresentKeyword.verifyTextPresent(VerifyTextPresentKeyword.groovy:83)
	at com.kms.katalon.core.webui.keyword.builtin.VerifyTextPresentKeyword.execute(VerifyTextPresentKeyword.groovy:68)
	at com.kms.katalon.core.keyword.internal.KeywordExecutor.executeKeywordForPlatform(KeywordExecutor.groovy:103)
	at com.kms.katalon.core.webui.keyword.WebUiBuiltInKeywords.verifyTextPresent(WebUiBuiltInKeywords.groovy:1809)
	at TC_4.2_5.run(TC_4.2_5:20)
	at com.kms.katalon.core.main.ScriptEngine.run(ScriptEngine.java:203)
	at com.kms.katalon.core.main.ScriptEngine.runScriptAsRawText(ScriptEngine.java:115)
	at com.kms.katalon.core.main.TestCaseExecutor.runScript(TestCaseExecutor.java:506)
	at com.kms.katalon.core.main.TestCaseExecutor.doExecute(TestCaseExecutor.java:497)
	at com.kms.katalon.core.main.TestCaseExecutor.processExecutionPhase(TestCaseExecutor.java:476)
	at com.kms.katalon.core.main.TestCaseExecutor.accessMainPhase(TestCaseExecutor.java:468)
	at com.kms.katalon.core.main.TestCaseExecutor.execute(TestCaseExecutor.java:334)
	at com.kms.katalon.core.main.TestCaseExecutor.execute(TestCaseExecutor.java:426)
	at com.kms.katalon.core.main.TestCaseExecutor.execute(TestCaseExecutor.java:426)
	at com.kms.katalon.core.common.CommonExecutor.accessTestCaseMainPhase(CommonExecutor.java:71)
	at com.kms.katalon.core.main.TestSuiteExecutor.accessTestSuiteMainPhase(TestSuiteExecutor.java:153)
	at com.kms.katalon.core.main.TestSuiteExecutor.execute(TestSuiteExecutor.java:110)
	at com.kms.katalon.core.main.TestCaseMain.startTestSuite(TestCaseMain.java:206)
	at S0612_2.run(S0612_2.groovy:40)
	at java.base/jdk.internal.reflect.DirectMethodHandleAccessor.invoke(DirectMethodHandleAccessor.java:103)
)
2026-06-12 13:17:10.765 DEBUG testcase.TC_4.2_5                        - 8: closeBrowser()
2026-06-12 13:17:10.938 ERROR c.k.katalon.core.main.TestCaseExecutor   - ❌ Test Cases/Catalogo/TC_4.2_5 FAILED.
Reason:
com.kms.katalon.core.exception.StepFailedException: Text 'errore' is not present on page  (Root cause: com.kms.katalon.core.exception.StepFailedException: Text 'errore' is not present on page 
	at com.kms.katalon.core.webui.keyword.internal.WebUIKeywordMain.stepFailed(WebUIKeywordMain.groovy:177)
	at com.kms.katalon.core.webui.keyword.builtin.VerifyTextPresentKeyword$_verifyTextPresent_closure1.doCall(VerifyTextPresentKeyword.groovy:79)
	at com.kms.katalon.core.webui.keyword.builtin.VerifyTextPresentKeyword$_verifyTextPresent_closure1.call(VerifyTextPresentKeyword.groovy)
	at com.kms.katalon.core.webui.keyword.internal.WebUIKeywordMain.runKeyword(WebUIKeywordMain.groovy:41)
	at com.kms.katalon.core.webui.keyword.builtin.VerifyTextPresentKeyword.verifyTextPresent(VerifyTextPresentKeyword.groovy:83)
	at com.kms.katalon.core.webui.keyword.builtin.VerifyTextPresentKeyword.execute(VerifyTextPresentKeyword.groovy:68)
	at com.kms.katalon.core.keyword.internal.KeywordExecutor.executeKeywordForPlatform(KeywordExecutor.groovy:103)
	at com.kms.katalon.core.webui.keyword.WebUiBuiltInKeywords.verifyTextPresent(WebUiBuiltInKeywords.groovy:1809)
	at TC_4.2_5.run(TC_4.2_5:20)
	at com.kms.katalon.core.main.ScriptEngine.run(ScriptEngine.java:203)
	at com.kms.katalon.core.main.ScriptEngine.runScriptAsRawText(ScriptEngine.java:115)
	at com.kms.katalon.core.main.TestCaseExecutor.runScript(TestCaseExecutor.java:506)
	at com.kms.katalon.core.main.TestCaseExecutor.doExecute(TestCaseExecutor.java:497)
	at com.kms.katalon.core.main.TestCaseExecutor.processExecutionPhase(TestCaseExecutor.java:476)
	at com.kms.katalon.core.main.TestCaseExecutor.accessMainPhase(TestCaseExecutor.java:468)
	at com.kms.katalon.core.main.TestCaseExecutor.execute(TestCaseExecutor.java:334)
	at com.kms.katalon.core.main.TestCaseExecutor.execute(TestCaseExecutor.java:426)
	at com.kms.katalon.core.main.TestCaseExecutor.execute(TestCaseExecutor.java:426)
	at com.kms.katalon.core.common.CommonExecutor.accessTestCaseMainPhase(CommonExecutor.java:71)
	at com.kms.katalon.core.main.TestSuiteExecutor.accessTestSuiteMainPhase(TestSuiteExecutor.java:153)
	at com.kms.katalon.core.main.TestSuiteExecutor.execute(TestSuiteExecutor.java:110)
	at com.kms.katalon.core.main.TestCaseMain.startTestSuite(TestCaseMain.java:206)
	at S0612_2.run(S0612_2.groovy:40)
	at java.base/jdk.internal.reflect.DirectMethodHandleAccessor.invoke(DirectMethodHandleAccessor.java:103)
)
	at com.kms.katalon.core.keyword.internal.KeywordMain.stepFailed(KeywordMain.groovy:39)
	at com.kms.katalon.core.webui.keyword.internal.WebUIKeywordMain.stepFailed(WebUIKeywordMain.groovy:177)
	at com.kms.katalon.core.webui.keyword.builtin.VerifyTextPresentKeyword$_verifyTextPresent_closure1.doCall(VerifyTextPresentKeyword.groovy:79)
	at com.kms.katalon.core.webui.keyword.builtin.VerifyTextPresentKeyword$_verifyTextPresent_closure1.call(VerifyTextPresentKeyword.groovy)
	at com.kms.katalon.core.webui.keyword.internal.WebUIKeywordMain.runKeyword(WebUIKeywordMain.groovy:41)
	at com.kms.katalon.core.webui.keyword.builtin.VerifyTextPresentKeyword.verifyTextPresent(VerifyTextPresentKeyword.groovy:83)
	at com.kms.katalon.core.webui.keyword.builtin.VerifyTextPresentKeyword.execute(VerifyTextPresentKeyword.groovy:68)
	at com.kms.katalon.core.keyword.internal.KeywordExecutor.executeKeywordForPlatform(KeywordExecutor.groovy:103)
	at com.kms.katalon.core.webui.keyword.WebUiBuiltInKeywords.verifyTextPresent(WebUiBuiltInKeywords.groovy:1809)
	at TC_4.2_5.run(TC_4.2_5:20)
	at com.kms.katalon.core.main.ScriptEngine.run(ScriptEngine.java:203)
	at com.kms.katalon.core.main.ScriptEngine.runScriptAsRawText(ScriptEngine.java:115)
	at com.kms.katalon.core.main.TestCaseExecutor.runScript(TestCaseExecutor.java:506)
	at com.kms.katalon.core.main.TestCaseExecutor.doExecute(TestCaseExecutor.java:497)
	at com.kms.katalon.core.main.TestCaseExecutor.processExecutionPhase(TestCaseExecutor.java:476)
	at com.kms.katalon.core.main.TestCaseExecutor.accessMainPhase(TestCaseExecutor.java:468)
	at com.kms.katalon.core.main.TestCaseExecutor.execute(TestCaseExecutor.java:334)
	at com.kms.katalon.core.main.TestCaseExecutor.execute(TestCaseExecutor.java:426)
	at com.kms.katalon.core.main.TestCaseExecutor.execute(TestCaseExecutor.java:426)
	at com.kms.katalon.core.common.CommonExecutor.accessTestCaseMainPhase(CommonExecutor.java:71)
	at com.kms.katalon.core.main.TestSuiteExecutor.accessTestSuiteMainPhase(TestSuiteExecutor.java:153)
	at com.kms.katalon.core.main.TestSuiteExecutor.execute(TestSuiteExecutor.java:110)
	at com.kms.katalon.core.main.TestCaseMain.startTestSuite(TestCaseMain.java:206)
	at S0612_2.run(S0612_2.groovy:40)
	at java.base/jdk.internal.reflect.DirectMethodHandleAccessor.invoke(DirectMethodHandleAccessor.java:103)
Caused by: com.kms.katalon.core.exception.StepFailedException: Text 'errore' is not present on page 
	... 24 more

2026-06-12 13:17:10.940 INFO  c.k.katalon.core.main.TestCaseExecutor   - END Test Cases/Catalogo/TC_4.2_5
2026-06-12 13:17:10.942 INFO  c.k.katalon.core.main.TestCaseExecutor   - --------------------
2026-06-12 13:17:10.942 INFO  c.k.katalon.core.main.TestCaseExecutor   - START Test Cases/Catalogo/TC_4.2_5 - Retry attempt 3
2026-06-12 13:17:11.024 INFO  com.kms.katalon.core.util.KeywordUtil    - Seed ripristinato prima di: Test Cases/Catalogo/TC_4.2_5
2026-06-12 13:17:11.025 DEBUG testcase.TC_4.2_5                        - 1: openBrowser("")
2026-06-12 13:17:11.026 INFO  c.k.k.core.webui.driver.DriverFactory    - Starting 'Chrome' driver
2026-06-12 13:17:11.028 INFO  c.k.k.core.webui.driver.DriverFactory    - Action delay is set to 0 milliseconds
2026-06-12 13:17:11.790 INFO  c.k.k.core.webui.driver.DriverFactory    - sessionId = aa79d3f98c6c3035d3ac524cf865354c
2026-06-12 13:17:11.791 INFO  c.k.k.core.webui.driver.DriverFactory    - browser = Chrome 148.0.7778.179
2026-06-12 13:17:11.791 INFO  c.k.k.core.webui.driver.DriverFactory    - platform = Windows 11
2026-06-12 13:17:11.791 INFO  c.k.k.core.webui.driver.DriverFactory    - seleniumVersion = 4.39.0
2026-06-12 13:17:11.792 INFO  c.k.k.core.webui.driver.DriverFactory    - proxyInformation = ProxyInformation { proxyOption=NO_PROXY, proxyServerType=HTTP, username=, password=********, proxyServerAddress=, proxyServerPort=0, executionList="", isApplyToDesiredCapabilities=true }
2026-06-12 13:17:11.805 DEBUG testcase.TC_4.2_5                        - 2: navigateToUrl(base + "ProductView.jsp")
2026-06-12 13:17:13.126 DEBUG testcase.TC_4.2_5                        - 3: delay(2)
2026-06-12 13:17:15.131 DEBUG testcase.TC_4.2_5                        - 4: navigateToUrl(base + "product?sort=nome;--")
2026-06-12 13:17:15.203 DEBUG testcase.TC_4.2_5                        - 5: delay(2)
2026-06-12 13:17:17.214 DEBUG testcase.TC_4.2_5                        - 6: takeScreenshot()
2026-06-12 13:17:17.696 DEBUG testcase.TC_4.2_5                        - 7: verifyTextPresent("errore", false, CONTINUE_ON_FAILURE)
2026-06-12 13:17:17.964 ERROR c.k.k.core.keyword.internal.KeywordMain  - ❌ Text 'errore' is not present on page  (Root cause: com.kms.katalon.core.exception.StepFailedException: Text 'errore' is not present on page 
	at com.kms.katalon.core.webui.keyword.internal.WebUIKeywordMain.stepFailed(WebUIKeywordMain.groovy:177)
	at com.kms.katalon.core.webui.keyword.builtin.VerifyTextPresentKeyword$_verifyTextPresent_closure1.doCall(VerifyTextPresentKeyword.groovy:79)
	at com.kms.katalon.core.webui.keyword.builtin.VerifyTextPresentKeyword$_verifyTextPresent_closure1.call(VerifyTextPresentKeyword.groovy)
	at com.kms.katalon.core.webui.keyword.internal.WebUIKeywordMain.runKeyword(WebUIKeywordMain.groovy:41)
	at com.kms.katalon.core.webui.keyword.builtin.VerifyTextPresentKeyword.verifyTextPresent(VerifyTextPresentKeyword.groovy:83)
	at com.kms.katalon.core.webui.keyword.builtin.VerifyTextPresentKeyword.execute(VerifyTextPresentKeyword.groovy:68)
	at com.kms.katalon.core.keyword.internal.KeywordExecutor.executeKeywordForPlatform(KeywordExecutor.groovy:103)
	at com.kms.katalon.core.webui.keyword.WebUiBuiltInKeywords.verifyTextPresent(WebUiBuiltInKeywords.groovy:1809)
	at TC_4.2_5.run(TC_4.2_5:20)
	at com.kms.katalon.core.main.ScriptEngine.run(ScriptEngine.java:203)
	at com.kms.katalon.core.main.ScriptEngine.runScriptAsRawText(ScriptEngine.java:115)
	at com.kms.katalon.core.main.TestCaseExecutor.runScript(TestCaseExecutor.java:506)
	at com.kms.katalon.core.main.TestCaseExecutor.doExecute(TestCaseExecutor.java:497)
	at com.kms.katalon.core.main.TestCaseExecutor.processExecutionPhase(TestCaseExecutor.java:476)
	at com.kms.katalon.core.main.TestCaseExecutor.accessMainPhase(TestCaseExecutor.java:468)
	at com.kms.katalon.core.main.TestCaseExecutor.execute(TestCaseExecutor.java:334)
	at com.kms.katalon.core.main.TestCaseExecutor.execute(TestCaseExecutor.java:426)
	at com.kms.katalon.core.main.TestCaseExecutor.execute(TestCaseExecutor.java:426)
	at com.kms.katalon.core.main.TestCaseExecutor.execute(TestCaseExecutor.java:426)
	at com.kms.katalon.core.common.CommonExecutor.accessTestCaseMainPhase(CommonExecutor.java:71)
	at com.kms.katalon.core.main.TestSuiteExecutor.accessTestSuiteMainPhase(TestSuiteExecutor.java:153)
	at com.kms.katalon.core.main.TestSuiteExecutor.execute(TestSuiteExecutor.java:110)
	at com.kms.katalon.core.main.TestCaseMain.startTestSuite(TestCaseMain.java:206)
	at S0612_2.run(S0612_2.groovy:40)
	at java.base/jdk.internal.reflect.DirectMethodHandleAccessor.invoke(DirectMethodHandleAccessor.java:103)
)
2026-06-12 13:17:17.965 DEBUG testcase.TC_4.2_5                        - 8: closeBrowser()
2026-06-12 13:17:18.123 ERROR c.k.katalon.core.main.TestCaseExecutor   - ❌ Test Cases/Catalogo/TC_4.2_5 FAILED.
Reason:
com.kms.katalon.core.exception.StepFailedException: Text 'errore' is not present on page  (Root cause: com.kms.katalon.core.exception.StepFailedException: Text 'errore' is not present on page 
	at com.kms.katalon.core.webui.keyword.internal.WebUIKeywordMain.stepFailed(WebUIKeywordMain.groovy:177)
	at com.kms.katalon.core.webui.keyword.builtin.VerifyTextPresentKeyword$_verifyTextPresent_closure1.doCall(VerifyTextPresentKeyword.groovy:79)
	at com.kms.katalon.core.webui.keyword.builtin.VerifyTextPresentKeyword$_verifyTextPresent_closure1.call(VerifyTextPresentKeyword.groovy)
	at com.kms.katalon.core.webui.keyword.internal.WebUIKeywordMain.runKeyword(WebUIKeywordMain.groovy:41)
	at com.kms.katalon.core.webui.keyword.builtin.VerifyTextPresentKeyword.verifyTextPresent(VerifyTextPresentKeyword.groovy:83)
	at com.kms.katalon.core.webui.keyword.builtin.VerifyTextPresentKeyword.execute(VerifyTextPresentKeyword.groovy:68)
	at com.kms.katalon.core.keyword.internal.KeywordExecutor.executeKeywordForPlatform(KeywordExecutor.groovy:103)
	at com.kms.katalon.core.webui.keyword.WebUiBuiltInKeywords.verifyTextPresent(WebUiBuiltInKeywords.groovy:1809)
	at TC_4.2_5.run(TC_4.2_5:20)
	at com.kms.katalon.core.main.ScriptEngine.run(ScriptEngine.java:203)
	at com.kms.katalon.core.main.ScriptEngine.runScriptAsRawText(ScriptEngine.java:115)
	at com.kms.katalon.core.main.TestCaseExecutor.runScript(TestCaseExecutor.java:506)
	at com.kms.katalon.core.main.TestCaseExecutor.doExecute(TestCaseExecutor.java:497)
	at com.kms.katalon.core.main.TestCaseExecutor.processExecutionPhase(TestCaseExecutor.java:476)
	at com.kms.katalon.core.main.TestCaseExecutor.accessMainPhase(TestCaseExecutor.java:468)
	at com.kms.katalon.core.main.TestCaseExecutor.execute(TestCaseExecutor.java:334)
	at com.kms.katalon.core.main.TestCaseExecutor.execute(TestCaseExecutor.java:426)
	at com.kms.katalon.core.main.TestCaseExecutor.execute(TestCaseExecutor.java:426)
	at com.kms.katalon.core.main.TestCaseExecutor.execute(TestCaseExecutor.java:426)
	at com.kms.katalon.core.common.CommonExecutor.accessTestCaseMainPhase(CommonExecutor.java:71)
	at com.kms.katalon.core.main.TestSuiteExecutor.accessTestSuiteMainPhase(TestSuiteExecutor.java:153)
	at com.kms.katalon.core.main.TestSuiteExecutor.execute(TestSuiteExecutor.java:110)
	at com.kms.katalon.core.main.TestCaseMain.startTestSuite(TestCaseMain.java:206)
	at S0612_2.run(S0612_2.groovy:40)
	at java.base/jdk.internal.reflect.DirectMethodHandleAccessor.invoke(DirectMethodHandleAccessor.java:103)
)
	at com.kms.katalon.core.keyword.internal.KeywordMain.stepFailed(KeywordMain.groovy:39)
	at com.kms.katalon.core.webui.keyword.internal.WebUIKeywordMain.stepFailed(WebUIKeywordMain.groovy:177)
	at com.kms.katalon.core.webui.keyword.builtin.VerifyTextPresentKeyword$_verifyTextPresent_closure1.doCall(VerifyTextPresentKeyword.groovy:79)
	at com.kms.katalon.core.webui.keyword.builtin.VerifyTextPresentKeyword$_verifyTextPresent_closure1.call(VerifyTextPresentKeyword.groovy)
	at com.kms.katalon.core.webui.keyword.internal.WebUIKeywordMain.runKeyword(WebUIKeywordMain.groovy:41)
	at com.kms.katalon.core.webui.keyword.builtin.VerifyTextPresentKeyword.verifyTextPresent(VerifyTextPresentKeyword.groovy:83)
	at com.kms.katalon.core.webui.keyword.builtin.VerifyTextPresentKeyword.execute(VerifyTextPresentKeyword.groovy:68)
	at com.kms.katalon.core.keyword.internal.KeywordExecutor.executeKeywordForPlatform(KeywordExecutor.groovy:103)
	at com.kms.katalon.core.webui.keyword.WebUiBuiltInKeywords.verifyTextPresent(WebUiBuiltInKeywords.groovy:1809)
	at TC_4.2_5.run(TC_4.2_5:20)
	at com.kms.katalon.core.main.ScriptEngine.run(ScriptEngine.java:203)
	at com.kms.katalon.core.main.ScriptEngine.runScriptAsRawText(ScriptEngine.java:115)
	at com.kms.katalon.core.main.TestCaseExecutor.runScript(TestCaseExecutor.java:506)
	at com.kms.katalon.core.main.TestCaseExecutor.doExecute(TestCaseExecutor.java:497)
	at com.kms.katalon.core.main.TestCaseExecutor.processExecutionPhase(TestCaseExecutor.java:476)
	at com.kms.katalon.core.main.TestCaseExecutor.accessMainPhase(TestCaseExecutor.java:468)
	at com.kms.katalon.core.main.TestCaseExecutor.execute(TestCaseExecutor.java:334)
	at com.kms.katalon.core.main.TestCaseExecutor.execute(TestCaseExecutor.java:426)
	at com.kms.katalon.core.main.TestCaseExecutor.execute(TestCaseExecutor.java:426)
	at com.kms.katalon.core.main.TestCaseExecutor.execute(TestCaseExecutor.java:426)
	at com.kms.katalon.core.common.CommonExecutor.accessTestCaseMainPhase(CommonExecutor.java:71)
	at com.kms.katalon.core.main.TestSuiteExecutor.accessTestSuiteMainPhase(TestSuiteExecutor.java:153)
	at com.kms.katalon.core.main.TestSuiteExecutor.execute(TestSuiteExecutor.java:110)
	at com.kms.katalon.core.main.TestCaseMain.startTestSuite(TestCaseMain.java:206)
	at S0612_2.run(S0612_2.groovy:40)
	at java.base/jdk.internal.reflect.DirectMethodHandleAccessor.invoke(DirectMethodHandleAccessor.java:103)
Caused by: com.kms.katalon.core.exception.StepFailedException: Text 'errore' is not present on page 
	... 25 more

2026-06-12 13:17:18.124 INFO  c.k.katalon.core.main.TestCaseExecutor   - END Test Cases/Catalogo/TC_4.2_5
2026-06-12 13:17:18.126 INFO  c.k.katalon.core.main.TestCaseExecutor   - --------------------
2026-06-12 13:17:18.127 INFO  c.k.katalon.core.main.TestCaseExecutor   - START Test Cases/Catalogo/TC_4.3_1
2026-06-12 13:17:18.208 INFO  com.kms.katalon.core.util.KeywordUtil    - Seed ripristinato prima di: Test Cases/Catalogo/TC_4.3_1
2026-06-12 13:17:18.230 DEBUG testcase.TC_4.3_1                        - 1: openBrowser("")
2026-06-12 13:17:18.230 INFO  c.k.k.core.webui.driver.DriverFactory    - Starting 'Chrome' driver
2026-06-12 13:17:18.232 INFO  c.k.k.core.webui.driver.DriverFactory    - Action delay is set to 0 milliseconds
2026-06-12 13:17:19.008 INFO  c.k.k.core.webui.driver.DriverFactory    - sessionId = 67f9e1ae2a1ae04cad9e986d499db6e1
2026-06-12 13:17:19.009 INFO  c.k.k.core.webui.driver.DriverFactory    - browser = Chrome 148.0.7778.179
2026-06-12 13:17:19.009 INFO  c.k.k.core.webui.driver.DriverFactory    - platform = Windows 11
2026-06-12 13:17:19.010 INFO  c.k.k.core.webui.driver.DriverFactory    - seleniumVersion = 4.39.0
2026-06-12 13:17:19.010 INFO  c.k.k.core.webui.driver.DriverFactory    - proxyInformation = ProxyInformation { proxyOption=NO_PROXY, proxyServerType=HTTP, username=, password=********, proxyServerAddress=, proxyServerPort=0, executionList="", isApplyToDesiredCapabilities=true }
2026-06-12 13:17:19.018 DEBUG testcase.TC_4.3_1                        - 2: navigateToUrl(base + "details?action=read&id=2")
2026-06-12 13:17:20.395 DEBUG testcase.TC_4.3_1                        - 3: takeScreenshot()
2026-06-12 13:17:20.793 DEBUG testcase.TC_4.3_1                        - 4: verifyTextPresent("(?i)kiwi", true)
2026-06-12 13:17:21.065 DEBUG testcase.TC_4.3_1                        - 5: verifyTextPresent("79.99", false)
2026-06-12 13:17:21.296 DEBUG testcase.TC_4.3_1                        - 6: closeBrowser()
2026-06-12 13:17:21.458 INFO  c.k.katalon.core.main.TestCaseExecutor   - END Test Cases/Catalogo/TC_4.3_1
2026-06-12 13:17:21.460 INFO  c.k.katalon.core.main.TestCaseExecutor   - --------------------
2026-06-12 13:17:21.460 INFO  c.k.katalon.core.main.TestCaseExecutor   - START Test Cases/Catalogo/TC_4.3_2
2026-06-12 13:17:21.535 INFO  com.kms.katalon.core.util.KeywordUtil    - Seed ripristinato prima di: Test Cases/Catalogo/TC_4.3_2
2026-06-12 13:17:21.565 DEBUG testcase.TC_4.3_2                        - 1: openBrowser("")
2026-06-12 13:17:21.566 INFO  c.k.k.core.webui.driver.DriverFactory    - Starting 'Chrome' driver
2026-06-12 13:17:21.567 INFO  c.k.k.core.webui.driver.DriverFactory    - Action delay is set to 0 milliseconds
2026-06-12 13:17:22.391 INFO  c.k.k.core.webui.driver.DriverFactory    - sessionId = 30086d91bdf3cc88d12fcb9b6d127571
2026-06-12 13:17:22.391 INFO  c.k.k.core.webui.driver.DriverFactory    - browser = Chrome 148.0.7778.179
2026-06-12 13:17:22.391 INFO  c.k.k.core.webui.driver.DriverFactory    - platform = Windows 11
2026-06-12 13:17:22.391 INFO  c.k.k.core.webui.driver.DriverFactory    - seleniumVersion = 4.39.0
2026-06-12 13:17:22.392 INFO  c.k.k.core.webui.driver.DriverFactory    - proxyInformation = ProxyInformation { proxyOption=NO_PROXY, proxyServerType=HTTP, username=, password=********, proxyServerAddress=, proxyServerPort=0, executionList="", isApplyToDesiredCapabilities=true }
2026-06-12 13:17:22.401 DEBUG testcase.TC_4.3_2                        - 2: navigateToUrl(base + "details?action=read&id=999")
2026-06-12 13:17:23.708 DEBUG testcase.TC_4.3_2                        - 3: delay(2)
2026-06-12 13:17:25.712 DEBUG testcase.TC_4.3_2                        - 4: takeScreenshot()
2026-06-12 13:17:26.002 DEBUG testcase.TC_4.3_2                        - 5: verifyTextPresent("Prodotto non trovato", false, CONTINUE_ON_FAILURE)
2026-06-12 13:17:26.253 DEBUG testcase.TC_4.3_2                        - 6: closeBrowser()
2026-06-12 13:17:26.479 INFO  c.k.katalon.core.main.TestCaseExecutor   - END Test Cases/Catalogo/TC_4.3_2
2026-06-12 13:17:26.481 INFO  c.k.katalon.core.main.TestCaseExecutor   - --------------------
2026-06-12 13:17:26.482 INFO  c.k.katalon.core.main.TestCaseExecutor   - START Test Cases/Catalogo/TC_4.3_3
2026-06-12 13:17:26.574 INFO  com.kms.katalon.core.util.KeywordUtil    - Seed ripristinato prima di: Test Cases/Catalogo/TC_4.3_3
2026-06-12 13:17:26.610 DEBUG testcase.TC_4.3_3                        - 1: openBrowser("")
2026-06-12 13:17:26.611 INFO  c.k.k.core.webui.driver.DriverFactory    - Starting 'Chrome' driver
2026-06-12 13:17:26.612 INFO  c.k.k.core.webui.driver.DriverFactory    - Action delay is set to 0 milliseconds
2026-06-12 13:17:27.443 INFO  c.k.k.core.webui.driver.DriverFactory    - sessionId = 373db4666a0dd0500db8abb3d9216774
2026-06-12 13:17:27.444 INFO  c.k.k.core.webui.driver.DriverFactory    - browser = Chrome 148.0.7778.179
2026-06-12 13:17:27.444 INFO  c.k.k.core.webui.driver.DriverFactory    - platform = Windows 11
2026-06-12 13:17:27.444 INFO  c.k.k.core.webui.driver.DriverFactory    - seleniumVersion = 4.39.0
2026-06-12 13:17:27.444 INFO  c.k.k.core.webui.driver.DriverFactory    - proxyInformation = ProxyInformation { proxyOption=NO_PROXY, proxyServerType=HTTP, username=, password=********, proxyServerAddress=, proxyServerPort=0, executionList="", isApplyToDesiredCapabilities=true }
2026-06-12 13:17:27.454 DEBUG testcase.TC_4.3_3                        - 2: navigateToUrl(base + "details?action=read&id=abc")
2026-06-12 13:17:28.847 DEBUG testcase.TC_4.3_3                        - 3: delay(2)
2026-06-12 13:17:30.853 DEBUG testcase.TC_4.3_3                        - 4: takeScreenshot()
2026-06-12 13:17:31.133 DEBUG testcase.TC_4.3_3                        - 5: verifyTextNotPresent("Errore del Server", false, CONTINUE_ON_FAILURE)
2026-06-12 13:17:31.397 DEBUG testcase.TC_4.3_3                        - 6: closeBrowser()
2026-06-12 13:17:31.571 INFO  c.k.katalon.core.main.TestCaseExecutor   - END Test Cases/Catalogo/TC_4.3_3
2026-06-12 13:17:31.574 INFO  c.k.katalon.core.main.TestCaseExecutor   - --------------------
2026-06-12 13:17:31.574 INFO  c.k.katalon.core.main.TestCaseExecutor   - START Test Cases/Catalogo/TC_4.4_1
2026-06-12 13:17:31.667 INFO  com.kms.katalon.core.util.KeywordUtil    - Seed ripristinato prima di: Test Cases/Catalogo/TC_4.4_1
2026-06-12 13:17:31.709 DEBUG testcase.TC_4.4_1                        - 1: openBrowser("")
2026-06-12 13:17:31.710 INFO  c.k.k.core.webui.driver.DriverFactory    - Starting 'Chrome' driver
2026-06-12 13:17:31.712 INFO  c.k.k.core.webui.driver.DriverFactory    - Action delay is set to 0 milliseconds
2026-06-12 13:17:32.495 INFO  c.k.k.core.webui.driver.DriverFactory    - sessionId = e981ff9a4a9774b07e99de2a770eb302
2026-06-12 13:17:32.495 INFO  c.k.k.core.webui.driver.DriverFactory    - browser = Chrome 148.0.7778.179
2026-06-12 13:17:32.496 INFO  c.k.k.core.webui.driver.DriverFactory    - platform = Windows 11
2026-06-12 13:17:32.496 INFO  c.k.k.core.webui.driver.DriverFactory    - seleniumVersion = 4.39.0
2026-06-12 13:17:32.496 INFO  c.k.k.core.webui.driver.DriverFactory    - proxyInformation = ProxyInformation { proxyOption=NO_PROXY, proxyServerType=HTTP, username=, password=********, proxyServerAddress=, proxyServerPort=0, executionList="", isApplyToDesiredCapabilities=true }
2026-06-12 13:17:32.506 DEBUG testcase.TC_4.4_1                        - 2: navigateToUrl(base + "ProductView.jsp")
2026-06-12 13:17:33.852 DEBUG testcase.TC_4.4_1                        - 3: setText(css("#searchInput"), "kiwi")
2026-06-12 13:17:33.854 DEBUG testcase.TC_4.4_1                        - 1: t = new com.kms.katalon.core.testobject.TestObject(sel)
2026-06-12 13:17:33.855 DEBUG testcase.TC_4.4_1                        - 2: t.addProperty("css", EQUALS, sel)
2026-06-12 13:17:33.856 DEBUG testcase.TC_4.4_1                        - 3: return t
2026-06-12 13:17:34.557 DEBUG testcase.TC_4.4_1                        - 4: delay(2)
2026-06-12 13:17:36.569 DEBUG testcase.TC_4.4_1                        - 5: takeScreenshot()
2026-06-12 13:17:37.020 DEBUG testcase.TC_4.4_1                        - 6: verifyTextPresent("kiwi", false)
2026-06-12 13:17:37.264 DEBUG testcase.TC_4.4_1                        - 7: closeBrowser()
2026-06-12 13:17:37.426 INFO  c.k.katalon.core.main.TestCaseExecutor   - END Test Cases/Catalogo/TC_4.4_1
2026-06-12 13:17:37.428 INFO  c.k.katalon.core.main.TestCaseExecutor   - --------------------
2026-06-12 13:17:37.428 INFO  c.k.katalon.core.main.TestCaseExecutor   - START Test Cases/Catalogo/TC_4.4_2
2026-06-12 13:17:37.514 INFO  com.kms.katalon.core.util.KeywordUtil    - Seed ripristinato prima di: Test Cases/Catalogo/TC_4.4_2
2026-06-12 13:17:37.556 DEBUG testcase.TC_4.4_2                        - 1: openBrowser("")
2026-06-12 13:17:37.556 INFO  c.k.k.core.webui.driver.DriverFactory    - Starting 'Chrome' driver
2026-06-12 13:17:37.557 INFO  c.k.k.core.webui.driver.DriverFactory    - Action delay is set to 0 milliseconds
2026-06-12 13:17:38.359 INFO  c.k.k.core.webui.driver.DriverFactory    - sessionId = 295cbc55dc40d0e10ad76ee12e4826a8
2026-06-12 13:17:38.359 INFO  c.k.k.core.webui.driver.DriverFactory    - browser = Chrome 148.0.7778.179
2026-06-12 13:17:38.359 INFO  c.k.k.core.webui.driver.DriverFactory    - platform = Windows 11
2026-06-12 13:17:38.359 INFO  c.k.k.core.webui.driver.DriverFactory    - seleniumVersion = 4.39.0
2026-06-12 13:17:38.359 INFO  c.k.k.core.webui.driver.DriverFactory    - proxyInformation = ProxyInformation { proxyOption=NO_PROXY, proxyServerType=HTTP, username=, password=********, proxyServerAddress=, proxyServerPort=0, executionList="", isApplyToDesiredCapabilities=true }
2026-06-12 13:17:38.367 DEBUG testcase.TC_4.4_2                        - 2: navigateToUrl(base + "ProductView.jsp")
2026-06-12 13:17:39.702 DEBUG testcase.TC_4.4_2                        - 3: setText(css("#searchInput"), "voo")
2026-06-12 13:17:39.704 DEBUG testcase.TC_4.4_2                        - 1: t = new com.kms.katalon.core.testobject.TestObject(sel)
2026-06-12 13:17:39.705 DEBUG testcase.TC_4.4_2                        - 2: t.addProperty("css", EQUALS, sel)
2026-06-12 13:17:39.706 DEBUG testcase.TC_4.4_2                        - 3: return t
2026-06-12 13:17:40.408 DEBUG testcase.TC_4.4_2                        - 4: delay(2)
2026-06-12 13:17:42.422 DEBUG testcase.TC_4.4_2                        - 5: takeScreenshot()
2026-06-12 13:17:42.866 DEBUG testcase.TC_4.4_2                        - 6: verifyTextPresent("voopoo", false)
2026-06-12 13:17:43.117 DEBUG testcase.TC_4.4_2                        - 7: closeBrowser()
2026-06-12 13:17:43.264 INFO  c.k.katalon.core.main.TestCaseExecutor   - END Test Cases/Catalogo/TC_4.4_2
2026-06-12 13:17:43.267 INFO  c.k.katalon.core.main.TestCaseExecutor   - --------------------
2026-06-12 13:17:43.267 INFO  c.k.katalon.core.main.TestCaseExecutor   - START Test Cases/Catalogo/TC_4.4_3
2026-06-12 13:17:43.353 INFO  com.kms.katalon.core.util.KeywordUtil    - Seed ripristinato prima di: Test Cases/Catalogo/TC_4.4_3
2026-06-12 13:17:43.392 DEBUG testcase.TC_4.4_3                        - 1: openBrowser("")
2026-06-12 13:17:43.393 INFO  c.k.k.core.webui.driver.DriverFactory    - Starting 'Chrome' driver
2026-06-12 13:17:43.394 INFO  c.k.k.core.webui.driver.DriverFactory    - Action delay is set to 0 milliseconds
2026-06-12 13:17:44.159 INFO  c.k.k.core.webui.driver.DriverFactory    - sessionId = 6988c3c3c17939963f8cd92e2f34e091
2026-06-12 13:17:44.159 INFO  c.k.k.core.webui.driver.DriverFactory    - browser = Chrome 148.0.7778.179
2026-06-12 13:17:44.160 INFO  c.k.k.core.webui.driver.DriverFactory    - platform = Windows 11
2026-06-12 13:17:44.160 INFO  c.k.k.core.webui.driver.DriverFactory    - seleniumVersion = 4.39.0
2026-06-12 13:17:44.160 INFO  c.k.k.core.webui.driver.DriverFactory    - proxyInformation = ProxyInformation { proxyOption=NO_PROXY, proxyServerType=HTTP, username=, password=********, proxyServerAddress=, proxyServerPort=0, executionList="", isApplyToDesiredCapabilities=true }
2026-06-12 13:17:44.172 DEBUG testcase.TC_4.4_3                        - 2: navigateToUrl(base + "ProductView.jsp")
2026-06-12 13:17:45.507 DEBUG testcase.TC_4.4_3                        - 3: setText(css("#searchInput"), "zzz")
2026-06-12 13:17:45.509 DEBUG testcase.TC_4.4_3                        - 1: t = new com.kms.katalon.core.testobject.TestObject(sel)
2026-06-12 13:17:45.511 DEBUG testcase.TC_4.4_3                        - 2: t.addProperty("css", EQUALS, sel)
2026-06-12 13:17:45.512 DEBUG testcase.TC_4.4_3                        - 3: return t
2026-06-12 13:17:46.199 DEBUG testcase.TC_4.4_3                        - 4: delay(2)
2026-06-12 13:17:48.203 DEBUG testcase.TC_4.4_3                        - 5: takeScreenshot()
2026-06-12 13:17:48.640 DEBUG testcase.TC_4.4_3                        - 6: verifyTextPresent("Nessun risultato trovato", false)
2026-06-12 13:17:48.886 DEBUG testcase.TC_4.4_3                        - 7: closeBrowser()
2026-06-12 13:17:49.014 INFO  c.k.katalon.core.main.TestCaseExecutor   - END Test Cases/Catalogo/TC_4.4_3
2026-06-12 13:17:49.016 INFO  c.k.katalon.core.main.TestCaseExecutor   - --------------------
2026-06-12 13:17:49.016 INFO  c.k.katalon.core.main.TestCaseExecutor   - START Test Cases/Catalogo/TC_4.4_4
2026-06-12 13:17:49.102 INFO  com.kms.katalon.core.util.KeywordUtil    - Seed ripristinato prima di: Test Cases/Catalogo/TC_4.4_4
2026-06-12 13:17:49.141 DEBUG testcase.TC_4.4_4                        - 1: openBrowser("")
2026-06-12 13:17:49.142 INFO  c.k.k.core.webui.driver.DriverFactory    - Starting 'Chrome' driver
2026-06-12 13:17:49.143 INFO  c.k.k.core.webui.driver.DriverFactory    - Action delay is set to 0 milliseconds
2026-06-12 13:17:49.949 INFO  c.k.k.core.webui.driver.DriverFactory    - sessionId = 07cd3ccddffed008968bb558bb9358e9
2026-06-12 13:17:49.949 INFO  c.k.k.core.webui.driver.DriverFactory    - browser = Chrome 148.0.7778.179
2026-06-12 13:17:49.950 INFO  c.k.k.core.webui.driver.DriverFactory    - platform = Windows 11
2026-06-12 13:17:49.950 INFO  c.k.k.core.webui.driver.DriverFactory    - seleniumVersion = 4.39.0
2026-06-12 13:17:49.950 INFO  c.k.k.core.webui.driver.DriverFactory    - proxyInformation = ProxyInformation { proxyOption=NO_PROXY, proxyServerType=HTTP, username=, password=********, proxyServerAddress=, proxyServerPort=0, executionList="", isApplyToDesiredCapabilities=true }
2026-06-12 13:17:49.964 DEBUG testcase.TC_4.4_4                        - 2: navigateToUrl(base + "ProductView.jsp")
2026-06-12 13:17:50.330 DEBUG testcase.TC_4.4_4                        - 3: setText(css("#searchInput"), "kiwi")
2026-06-12 13:17:50.331 DEBUG testcase.TC_4.4_4                        - 1: t = new com.kms.katalon.core.testobject.TestObject(sel)
2026-06-12 13:17:50.332 DEBUG testcase.TC_4.4_4                        - 2: t.addProperty("css", EQUALS, sel)
2026-06-12 13:17:50.333 DEBUG testcase.TC_4.4_4                        - 3: return t
2026-06-12 13:17:51.046 DEBUG testcase.TC_4.4_4                        - 4: delay(1)
2026-06-12 13:17:52.053 DEBUG testcase.TC_4.4_4                        - 5: setText(css("#searchInput"), "")
2026-06-12 13:17:52.054 DEBUG testcase.TC_4.4_4                        - 1: t = new com.kms.katalon.core.testobject.TestObject(sel)
2026-06-12 13:17:52.054 DEBUG testcase.TC_4.4_4                        - 2: t.addProperty("css", EQUALS, sel)
2026-06-12 13:17:52.054 DEBUG testcase.TC_4.4_4                        - 3: return t
2026-06-12 13:17:52.632 DEBUG testcase.TC_4.4_4                        - 6: delay(1)
2026-06-12 13:17:53.639 DEBUG testcase.TC_4.4_4                        - 7: takeScreenshot()
2026-06-12 13:17:54.088 DEBUG testcase.TC_4.4_4                        - 8: verifyTextNotPresent("Nessun risultato trovato", false)
2026-06-12 13:17:54.335 DEBUG testcase.TC_4.4_4                        - 9: closeBrowser()
2026-06-12 13:17:54.502 INFO  c.k.katalon.core.main.TestCaseExecutor   - END Test Cases/Catalogo/TC_4.4_4
2026-06-12 13:17:54.522 INFO  c.k.katalon.core.main.TestSuiteExecutor  - --------------------
2026-06-12 13:17:54.522 INFO  c.k.katalon.core.main.TestSuiteExecutor  - END Test Suites/Catalogo
2026-06-12 13:17:54.522 INFO  c.k.katalon.core.main.TestSuiteExecutor  - ====================
