2026-06-08 20:30:01.250 INFO  c.k.k.c.l.logback.LogbackConfigurator    - Logback default configuration initialized from: C:\Users\gianf\.katalon\packages\KS-11.2.0\configuration\org.eclipse.osgi\151\0\.cp\resources\logback\logback-execution.xml
2026-06-08 20:30:01.252 INFO  c.k.k.c.l.logback.LogbackConfigurator    - Logback custom configuration initialized from: C:\Users\gianf\Documents\Vaporant-IGES\StorageSession\testing\katalon\Vaporant-Baseline\Include\config\log.properties
2026-06-08 20:30:02.013 INFO  c.k.katalon.core.main.TestSuiteExecutor  - START Test Suites/Ordine
2026-06-08 20:30:02.144 INFO  c.k.katalon.core.main.TestSuiteExecutor  - userFullName = Gianfranco Barba
2026-06-08 20:30:02.144 INFO  c.k.katalon.core.main.TestSuiteExecutor  - projectName = Vaporant-Baseline
2026-06-08 20:30:02.144 INFO  c.k.katalon.core.main.TestSuiteExecutor  - hostName = gianf - Gianfranco
2026-06-08 20:30:02.145 INFO  c.k.katalon.core.main.TestSuiteExecutor  - os = Windows 11 64bit
2026-06-08 20:30:02.145 INFO  c.k.katalon.core.main.TestSuiteExecutor  - hostAddress = 26.38.161.220
2026-06-08 20:30:02.145 INFO  c.k.katalon.core.main.TestSuiteExecutor  - katalonVersion = 11.2.0.0
2026-06-08 20:30:02.238 INFO  c.k.katalon.core.main.TestCaseExecutor   - --------------------
2026-06-08 20:30:02.239 INFO  c.k.katalon.core.main.TestCaseExecutor   - START Test Cases/Ordine/TC_6.1_1
2026-06-08 20:30:02.538 INFO  com.kms.katalon.core.util.KeywordUtil    - Seed ripristinato prima di: Test Cases/Ordine/TC_6.1_1
2026-06-08 20:30:02.601 DEBUG testcase.TC_6.1_1                        - 1: openBrowser("")
2026-06-08 20:30:02.812 INFO  c.k.k.core.webui.driver.DriverFactory    - Starting 'Chrome' driver
2026-06-08 20:30:02.846 INFO  c.k.k.core.webui.driver.DriverFactory    - Action delay is set to 0 milliseconds
2026-06-08 20:30:04.494 INFO  c.k.k.core.webui.driver.DriverFactory    - sessionId = 9cd16ffedc306c18f9ddb79aa12a4259
2026-06-08 20:30:04.494 INFO  c.k.k.core.webui.driver.DriverFactory    - browser = Chrome 148.0.7778.179
2026-06-08 20:30:04.494 INFO  c.k.k.core.webui.driver.DriverFactory    - platform = Windows 11
2026-06-08 20:30:04.495 INFO  c.k.k.core.webui.driver.DriverFactory    - seleniumVersion = 4.39.0
2026-06-08 20:30:04.498 INFO  c.k.k.core.webui.driver.DriverFactory    - proxyInformation = ProxyInformation { proxyOption=NO_PROXY, proxyServerType=HTTP, username=, password=********, proxyServerAddress=, proxyServerPort=0, executionList="", isApplyToDesiredCapabilities=true }
2026-06-08 20:30:04.522 DEBUG testcase.TC_6.1_1                        - 2: navigateToUrl(base + "loginForm.jsp")
2026-06-08 20:30:05.104 DEBUG testcase.TC_6.1_1                        - 3: setText(css("#email"), "t.mansi@studenti.unisa.it")
2026-06-08 20:30:05.105 DEBUG testcase.TC_6.1_1                        - 1: t = new com.kms.katalon.core.testobject.TestObject(sel)
2026-06-08 20:30:05.111 DEBUG testcase.TC_6.1_1                        - 2: t.addProperty("css", EQUALS, sel)
2026-06-08 20:30:05.116 DEBUG testcase.TC_6.1_1                        - 3: return t
2026-06-08 20:30:05.827 DEBUG testcase.TC_6.1_1                        - 4: setText(css("#password"), "321CBA.")
2026-06-08 20:30:05.828 DEBUG testcase.TC_6.1_1                        - 1: t = new com.kms.katalon.core.testobject.TestObject(sel)
2026-06-08 20:30:05.828 DEBUG testcase.TC_6.1_1                        - 2: t.addProperty("css", EQUALS, sel)
2026-06-08 20:30:05.829 DEBUG testcase.TC_6.1_1                        - 3: return t
2026-06-08 20:30:06.426 DEBUG testcase.TC_6.1_1                        - 5: click(css("#submit"))
2026-06-08 20:30:06.427 DEBUG testcase.TC_6.1_1                        - 1: t = new com.kms.katalon.core.testobject.TestObject(sel)
2026-06-08 20:30:06.427 DEBUG testcase.TC_6.1_1                        - 2: t.addProperty("css", EQUALS, sel)
2026-06-08 20:30:06.427 DEBUG testcase.TC_6.1_1                        - 3: return t
2026-06-08 20:30:07.201 DEBUG testcase.TC_6.1_1                        - 6: delay(2)
2026-06-08 20:30:09.232 DEBUG testcase.TC_6.1_1                        - 7: navigateToUrl(base + "cart?action=addC&id=2")
2026-06-08 20:30:09.364 DEBUG testcase.TC_6.1_1                        - 8: delay(1)
2026-06-08 20:30:10.384 DEBUG testcase.TC_6.1_1                        - 9: navigateToUrl(base + "checkout.jsp")
2026-06-08 20:30:11.287 DEBUG testcase.TC_6.1_1                        - 10: delay(2)
2026-06-08 20:30:13.298 DEBUG testcase.TC_6.1_1                        - 11: takeScreenshot()
2026-06-08 20:30:13.605 DEBUG testcase.TC_6.1_1                        - 12: verifyTextPresent("(?i)Acquista", true)
2026-06-08 20:30:13.864 DEBUG testcase.TC_6.1_1                        - 13: verifyElementPresent(css("#addressDropdown"), 5)
2026-06-08 20:30:13.864 DEBUG testcase.TC_6.1_1                        - 1: t = new com.kms.katalon.core.testobject.TestObject(sel)
2026-06-08 20:30:13.865 DEBUG testcase.TC_6.1_1                        - 2: t.addProperty("css", EQUALS, sel)
2026-06-08 20:30:13.865 DEBUG testcase.TC_6.1_1                        - 3: return t
2026-06-08 20:30:14.100 DEBUG testcase.TC_6.1_1                        - 14: closeBrowser()
2026-06-08 20:30:14.267 INFO  c.k.katalon.core.main.TestCaseExecutor   - END Test Cases/Ordine/TC_6.1_1
2026-06-08 20:30:14.272 INFO  c.k.katalon.core.main.TestCaseExecutor   - --------------------
2026-06-08 20:30:14.272 INFO  c.k.katalon.core.main.TestCaseExecutor   - START Test Cases/Ordine/TC_6.1_2
2026-06-08 20:30:14.351 INFO  com.kms.katalon.core.util.KeywordUtil    - Seed ripristinato prima di: Test Cases/Ordine/TC_6.1_2
2026-06-08 20:30:14.391 DEBUG testcase.TC_6.1_2                        - 1: openBrowser("")
2026-06-08 20:30:14.392 INFO  c.k.k.core.webui.driver.DriverFactory    - Starting 'Chrome' driver
2026-06-08 20:30:14.394 INFO  c.k.k.core.webui.driver.DriverFactory    - Action delay is set to 0 milliseconds
2026-06-08 20:30:15.162 INFO  c.k.k.core.webui.driver.DriverFactory    - sessionId = d87dffa600896853f5e482db9a68cad3
2026-06-08 20:30:15.163 INFO  c.k.k.core.webui.driver.DriverFactory    - browser = Chrome 148.0.7778.179
2026-06-08 20:30:15.163 INFO  c.k.k.core.webui.driver.DriverFactory    - platform = Windows 11
2026-06-08 20:30:15.163 INFO  c.k.k.core.webui.driver.DriverFactory    - seleniumVersion = 4.39.0
2026-06-08 20:30:15.164 INFO  c.k.k.core.webui.driver.DriverFactory    - proxyInformation = ProxyInformation { proxyOption=NO_PROXY, proxyServerType=HTTP, username=, password=********, proxyServerAddress=, proxyServerPort=0, executionList="", isApplyToDesiredCapabilities=true }
2026-06-08 20:30:15.175 DEBUG testcase.TC_6.1_2                        - 2: navigateToUrl(base + "checkout.jsp")
2026-06-08 20:30:15.233 DEBUG testcase.TC_6.1_2                        - 3: delay(2)
2026-06-08 20:30:17.250 DEBUG testcase.TC_6.1_2                        - 4: takeScreenshot()
2026-06-08 20:30:17.543 DEBUG testcase.TC_6.1_2                        - 5: verifyTextPresent("(?i)Non hai un account", true)
2026-06-08 20:30:17.815 ERROR c.k.k.core.keyword.internal.KeywordMain  - ❌ Text '(?i)Non hai un account' is not present on page  using regular expression (Root cause: com.kms.katalon.core.exception.StepFailedException: Text '(?i)Non hai un account' is not present on page  using regular expression
	at com.kms.katalon.core.webui.keyword.internal.WebUIKeywordMain.stepFailed(WebUIKeywordMain.groovy:177)
	at com.kms.katalon.core.webui.keyword.builtin.VerifyTextPresentKeyword$_verifyTextPresent_closure1.doCall(VerifyTextPresentKeyword.groovy:79)
	at com.kms.katalon.core.webui.keyword.builtin.VerifyTextPresentKeyword$_verifyTextPresent_closure1.call(VerifyTextPresentKeyword.groovy)
	at com.kms.katalon.core.webui.keyword.internal.WebUIKeywordMain.runKeyword(WebUIKeywordMain.groovy:41)
	at com.kms.katalon.core.webui.keyword.builtin.VerifyTextPresentKeyword.verifyTextPresent(VerifyTextPresentKeyword.groovy:83)
	at com.kms.katalon.core.webui.keyword.builtin.VerifyTextPresentKeyword.execute(VerifyTextPresentKeyword.groovy:68)
	at com.kms.katalon.core.keyword.internal.KeywordExecutor.executeKeywordForPlatform(KeywordExecutor.groovy:103)
	at com.kms.katalon.core.webui.keyword.WebUiBuiltInKeywords.verifyTextPresent(WebUiBuiltInKeywords.groovy:1825)
	at Script178070060102.run(Script178070060102.groovy:20)
	at com.kms.katalon.core.main.ScriptEngine.run(ScriptEngine.java:203)
	at com.kms.katalon.core.main.ScriptEngine.runScriptAsRawText(ScriptEngine.java:115)
	at com.kms.katalon.core.main.TestCaseExecutor.runScript(TestCaseExecutor.java:506)
	at com.kms.katalon.core.main.TestCaseExecutor.doExecute(TestCaseExecutor.java:497)
	at com.kms.katalon.core.main.TestCaseExecutor.processExecutionPhase(TestCaseExecutor.java:476)
	at com.kms.katalon.core.main.TestCaseExecutor.accessMainPhase(TestCaseExecutor.java:468)
	at com.kms.katalon.core.main.TestCaseExecutor.execute(TestCaseExecutor.java:334)
	at com.kms.katalon.core.common.CommonExecutor.accessTestCaseMainPhase(CommonExecutor.java:71)
	at com.kms.katalon.core.main.TestSuiteExecutor.accessTestSuiteMainPhase(TestSuiteExecutor.java:153)
	at com.kms.katalon.core.main.TestSuiteExecutor.execute(TestSuiteExecutor.java:110)
	at com.kms.katalon.core.main.TestCaseMain.startTestSuite(TestCaseMain.java:206)
	at S0608_9.run(S0608_9.groovy:40)
	at java.base/jdk.internal.reflect.DirectMethodHandleAccessor.invoke(DirectMethodHandleAccessor.java:103)
)
2026-06-08 20:30:17.878 ERROR c.k.k.core.keyword.internal.KeywordMain  - ❌ Unable to verify text '(?i)Non hai un account' is present  using regular expression (Root cause: com.kms.katalon.core.exception.StepFailedException: Unable to verify text '(?i)Non hai un account' is present  using regular expression
	at com.kms.katalon.core.webui.keyword.internal.WebUIKeywordMain.stepFailed(WebUIKeywordMain.groovy:177)
	at com.kms.katalon.core.webui.keyword.internal.WebUIKeywordMain.runKeyword(WebUIKeywordMain.groovy:49)
	at com.kms.katalon.core.webui.keyword.builtin.VerifyTextPresentKeyword.verifyTextPresent(VerifyTextPresentKeyword.groovy:83)
	at com.kms.katalon.core.webui.keyword.builtin.VerifyTextPresentKeyword.execute(VerifyTextPresentKeyword.groovy:68)
	at com.kms.katalon.core.keyword.internal.KeywordExecutor.executeKeywordForPlatform(KeywordExecutor.groovy:103)
	at com.kms.katalon.core.webui.keyword.WebUiBuiltInKeywords.verifyTextPresent(WebUiBuiltInKeywords.groovy:1825)
	at Script178070060102.run(Script178070060102.groovy:20)
	at com.kms.katalon.core.main.ScriptEngine.run(ScriptEngine.java:203)
	at com.kms.katalon.core.main.ScriptEngine.runScriptAsRawText(ScriptEngine.java:115)
	at com.kms.katalon.core.main.TestCaseExecutor.runScript(TestCaseExecutor.java:506)
	at com.kms.katalon.core.main.TestCaseExecutor.doExecute(TestCaseExecutor.java:497)
	at com.kms.katalon.core.main.TestCaseExecutor.processExecutionPhase(TestCaseExecutor.java:476)
	at com.kms.katalon.core.main.TestCaseExecutor.accessMainPhase(TestCaseExecutor.java:468)
	at com.kms.katalon.core.main.TestCaseExecutor.execute(TestCaseExecutor.java:334)
	at com.kms.katalon.core.common.CommonExecutor.accessTestCaseMainPhase(CommonExecutor.java:71)
	at com.kms.katalon.core.main.TestSuiteExecutor.accessTestSuiteMainPhase(TestSuiteExecutor.java:153)
	at com.kms.katalon.core.main.TestSuiteExecutor.execute(TestSuiteExecutor.java:110)
	at com.kms.katalon.core.main.TestCaseMain.startTestSuite(TestCaseMain.java:206)
	at S0608_9.run(S0608_9.groovy:40)
	at java.base/jdk.internal.reflect.DirectMethodHandleAccessor.invoke(DirectMethodHandleAccessor.java:103)
Caused by: com.kms.katalon.core.exception.StepFailedException: Text '(?i)Non hai un account' is not present on page  using regular expression
	at com.kms.katalon.core.webui.keyword.internal.WebUIKeywordMain.stepFailed(WebUIKeywordMain.groovy:177)
	at com.kms.katalon.core.webui.keyword.builtin.VerifyTextPresentKeyword$_verifyTextPresent_closure1.doCall(VerifyTextPresentKeyword.groovy:79)
	at com.kms.katalon.core.webui.keyword.builtin.VerifyTextPresentKeyword$_verifyTextPresent_closure1.call(VerifyTextPresentKeyword.groovy)
	at com.kms.katalon.core.webui.keyword.internal.WebUIKeywordMain.runKeyword(WebUIKeywordMain.groovy:41)
	... 18 more
)
2026-06-08 20:30:17.879 ERROR c.k.katalon.core.main.TestCaseExecutor   - ❌ Test Cases/Ordine/TC_6.1_2 FAILED.
Reason:
com.kms.katalon.core.exception.StepFailedException: Unable to verify text '(?i)Non hai un account' is present  using regular expression
	at com.kms.katalon.core.webui.keyword.internal.WebUIKeywordMain.stepFailed(WebUIKeywordMain.groovy:177)
	at com.kms.katalon.core.webui.keyword.internal.WebUIKeywordMain.runKeyword(WebUIKeywordMain.groovy:49)
	at com.kms.katalon.core.webui.keyword.builtin.VerifyTextPresentKeyword.verifyTextPresent(VerifyTextPresentKeyword.groovy:83)
	at com.kms.katalon.core.webui.keyword.builtin.VerifyTextPresentKeyword.execute(VerifyTextPresentKeyword.groovy:68)
	at com.kms.katalon.core.keyword.internal.KeywordExecutor.executeKeywordForPlatform(KeywordExecutor.groovy:103)
	at com.kms.katalon.core.webui.keyword.WebUiBuiltInKeywords.verifyTextPresent(WebUiBuiltInKeywords.groovy:1825)
	at Script178070060102.run(Script178070060102.groovy:20)
	at com.kms.katalon.core.main.ScriptEngine.run(ScriptEngine.java:203)
	at com.kms.katalon.core.main.ScriptEngine.runScriptAsRawText(ScriptEngine.java:115)
	at com.kms.katalon.core.main.TestCaseExecutor.runScript(TestCaseExecutor.java:506)
	at com.kms.katalon.core.main.TestCaseExecutor.doExecute(TestCaseExecutor.java:497)
	at com.kms.katalon.core.main.TestCaseExecutor.processExecutionPhase(TestCaseExecutor.java:476)
	at com.kms.katalon.core.main.TestCaseExecutor.accessMainPhase(TestCaseExecutor.java:468)
	at com.kms.katalon.core.main.TestCaseExecutor.execute(TestCaseExecutor.java:334)
	at com.kms.katalon.core.common.CommonExecutor.accessTestCaseMainPhase(CommonExecutor.java:71)
	at com.kms.katalon.core.main.TestSuiteExecutor.accessTestSuiteMainPhase(TestSuiteExecutor.java:153)
	at com.kms.katalon.core.main.TestSuiteExecutor.execute(TestSuiteExecutor.java:110)
	at com.kms.katalon.core.main.TestCaseMain.startTestSuite(TestCaseMain.java:206)
	at S0608_9.run(S0608_9.groovy:40)
	at java.base/jdk.internal.reflect.DirectMethodHandleAccessor.invoke(DirectMethodHandleAccessor.java:103)
Caused by: com.kms.katalon.core.exception.StepFailedException: Text '(?i)Non hai un account' is not present on page  using regular expression
	at com.kms.katalon.core.webui.keyword.internal.WebUIKeywordMain.stepFailed(WebUIKeywordMain.groovy:177)
	at com.kms.katalon.core.webui.keyword.builtin.VerifyTextPresentKeyword$_verifyTextPresent_closure1.doCall(VerifyTextPresentKeyword.groovy:79)
	at com.kms.katalon.core.webui.keyword.builtin.VerifyTextPresentKeyword$_verifyTextPresent_closure1.call(VerifyTextPresentKeyword.groovy)
	at com.kms.katalon.core.webui.keyword.internal.WebUIKeywordMain.runKeyword(WebUIKeywordMain.groovy:41)
	... 18 more

2026-06-08 20:30:17.881 INFO  c.k.katalon.core.main.TestCaseExecutor   - END Test Cases/Ordine/TC_6.1_2
2026-06-08 20:30:17.884 INFO  c.k.katalon.core.main.TestCaseExecutor   - --------------------
2026-06-08 20:30:17.885 INFO  c.k.katalon.core.main.TestCaseExecutor   - START Test Cases/Ordine/TC_6.1_3
2026-06-08 20:30:17.991 INFO  com.kms.katalon.core.util.KeywordUtil    - Seed ripristinato prima di: Test Cases/Ordine/TC_6.1_3
2026-06-08 20:30:18.065 DEBUG testcase.TC_6.1_3                        - 1: openBrowser("")
2026-06-08 20:30:18.067 WARN  c.k.k.core.webui.driver.DriverFactory    - A browser is already opened. Closing browser and opening a new one
2026-06-08 20:30:18.207 INFO  c.k.k.core.webui.driver.DriverFactory    - Starting 'Chrome' driver
2026-06-08 20:30:18.209 INFO  c.k.k.core.webui.driver.DriverFactory    - Action delay is set to 0 milliseconds
2026-06-08 20:30:18.947 INFO  c.k.k.core.webui.driver.DriverFactory    - sessionId = 39eef1d9526ef51a6ca5b04983b7551f
2026-06-08 20:30:18.947 INFO  c.k.k.core.webui.driver.DriverFactory    - browser = Chrome 148.0.7778.179
2026-06-08 20:30:18.947 INFO  c.k.k.core.webui.driver.DriverFactory    - platform = Windows 11
2026-06-08 20:30:18.947 INFO  c.k.k.core.webui.driver.DriverFactory    - seleniumVersion = 4.39.0
2026-06-08 20:30:18.947 INFO  c.k.k.core.webui.driver.DriverFactory    - proxyInformation = ProxyInformation { proxyOption=NO_PROXY, proxyServerType=HTTP, username=, password=********, proxyServerAddress=, proxyServerPort=0, executionList="", isApplyToDesiredCapabilities=true }
2026-06-08 20:30:18.963 DEBUG testcase.TC_6.1_3                        - 2: navigateToUrl(base + "SignForm.jsp")
2026-06-08 20:30:19.403 DEBUG testcase.TC_6.1_3                        - 3: executeJavaScript("document.getElementById('nome').value='Cliente';" + "document.getElementById('cognome').value='SenzaIndirizzo';" + "document.getElementById('data_nascita').value='1999-01-01';" + "document.getElementById('codice_fiscale').value='CLTSNI99A01F839X';" + "document.getElementById('telefono').value='3310000001';" + "document.getElementById('email').value='nessun.indirizzo@example.com';" + "document.getElementById('password').value='Password1';", null)
2026-06-08 20:30:19.429 DEBUG testcase.TC_6.1_3                        - 4: click(css("#submit"))
2026-06-08 20:30:19.431 DEBUG testcase.TC_6.1_3                        - 1: t = new com.kms.katalon.core.testobject.TestObject(sel)
2026-06-08 20:30:19.432 DEBUG testcase.TC_6.1_3                        - 2: t.addProperty("css", EQUALS, sel)
2026-06-08 20:30:19.433 DEBUG testcase.TC_6.1_3                        - 3: return t
2026-06-08 20:30:19.779 DEBUG testcase.TC_6.1_3                        - 5: delay(2)
2026-06-08 20:30:21.795 DEBUG testcase.TC_6.1_3                        - 6: setText(css("#email"), "nessun.indirizzo@example.com")
2026-06-08 20:30:21.797 DEBUG testcase.TC_6.1_3                        - 1: t = new com.kms.katalon.core.testobject.TestObject(sel)
2026-06-08 20:30:21.799 DEBUG testcase.TC_6.1_3                        - 2: t.addProperty("css", EQUALS, sel)
2026-06-08 20:30:21.801 DEBUG testcase.TC_6.1_3                        - 3: return t
2026-06-08 20:30:22.392 DEBUG testcase.TC_6.1_3                        - 7: setText(css("#password"), "Password1")
2026-06-08 20:30:22.394 DEBUG testcase.TC_6.1_3                        - 1: t = new com.kms.katalon.core.testobject.TestObject(sel)
2026-06-08 20:30:22.394 DEBUG testcase.TC_6.1_3                        - 2: t.addProperty("css", EQUALS, sel)
2026-06-08 20:30:22.395 DEBUG testcase.TC_6.1_3                        - 3: return t
2026-06-08 20:30:22.961 DEBUG testcase.TC_6.1_3                        - 8: click(css("#submit"))
2026-06-08 20:30:22.962 DEBUG testcase.TC_6.1_3                        - 1: t = new com.kms.katalon.core.testobject.TestObject(sel)
2026-06-08 20:30:22.962 DEBUG testcase.TC_6.1_3                        - 2: t.addProperty("css", EQUALS, sel)
2026-06-08 20:30:22.962 DEBUG testcase.TC_6.1_3                        - 3: return t
2026-06-08 20:30:23.240 DEBUG testcase.TC_6.1_3                        - 9: delay(2)
2026-06-08 20:30:25.249 DEBUG testcase.TC_6.1_3                        - 10: navigateToUrl(base + "cart?action=addC&id=2")
2026-06-08 20:30:25.363 DEBUG testcase.TC_6.1_3                        - 11: delay(1)
2026-06-08 20:30:26.371 DEBUG testcase.TC_6.1_3                        - 12: navigateToUrl(base + "checkout.jsp")
2026-06-08 20:30:26.408 DEBUG testcase.TC_6.1_3                        - 13: delay(2)
2026-06-08 20:30:28.423 DEBUG testcase.TC_6.1_3                        - 14: takeScreenshot()
2026-06-08 20:30:28.688 DEBUG testcase.TC_6.1_3                        - 15: verifyTextPresent("(?i)Aggiungi indirizzo", true)
2026-06-08 20:30:28.926 DEBUG testcase.TC_6.1_3                        - 16: closeBrowser()
2026-06-08 20:30:29.091 INFO  c.k.katalon.core.main.TestCaseExecutor   - END Test Cases/Ordine/TC_6.1_3
2026-06-08 20:30:29.095 INFO  c.k.katalon.core.main.TestCaseExecutor   - --------------------
2026-06-08 20:30:29.095 INFO  c.k.katalon.core.main.TestCaseExecutor   - START Test Cases/Ordine/TC_6.1_4
2026-06-08 20:30:29.191 INFO  com.kms.katalon.core.util.KeywordUtil    - Seed ripristinato prima di: Test Cases/Ordine/TC_6.1_4
2026-06-08 20:30:29.243 DEBUG testcase.TC_6.1_4                        - 1: openBrowser("")
2026-06-08 20:30:29.245 INFO  c.k.k.core.webui.driver.DriverFactory    - Starting 'Chrome' driver
2026-06-08 20:30:29.246 INFO  c.k.k.core.webui.driver.DriverFactory    - Action delay is set to 0 milliseconds
2026-06-08 20:30:30.039 INFO  c.k.k.core.webui.driver.DriverFactory    - sessionId = c0bbc747f20efd4d960bd9397d18eb96
2026-06-08 20:30:30.039 INFO  c.k.k.core.webui.driver.DriverFactory    - browser = Chrome 148.0.7778.179
2026-06-08 20:30:30.039 INFO  c.k.k.core.webui.driver.DriverFactory    - platform = Windows 11
2026-06-08 20:30:30.039 INFO  c.k.k.core.webui.driver.DriverFactory    - seleniumVersion = 4.39.0
2026-06-08 20:30:30.039 INFO  c.k.k.core.webui.driver.DriverFactory    - proxyInformation = ProxyInformation { proxyOption=NO_PROXY, proxyServerType=HTTP, username=, password=********, proxyServerAddress=, proxyServerPort=0, executionList="", isApplyToDesiredCapabilities=true }
2026-06-08 20:30:30.054 DEBUG testcase.TC_6.1_4                        - 2: navigateToUrl(base + "loginForm.jsp")
2026-06-08 20:30:30.408 DEBUG testcase.TC_6.1_4                        - 3: setText(css("#email"), "t.mansi@studenti.unisa.it")
2026-06-08 20:30:30.409 DEBUG testcase.TC_6.1_4                        - 1: t = new com.kms.katalon.core.testobject.TestObject(sel)
2026-06-08 20:30:30.411 DEBUG testcase.TC_6.1_4                        - 2: t.addProperty("css", EQUALS, sel)
2026-06-08 20:30:30.413 DEBUG testcase.TC_6.1_4                        - 3: return t
2026-06-08 20:30:31.015 DEBUG testcase.TC_6.1_4                        - 4: setText(css("#password"), "321CBA.")
2026-06-08 20:30:31.016 DEBUG testcase.TC_6.1_4                        - 1: t = new com.kms.katalon.core.testobject.TestObject(sel)
2026-06-08 20:30:31.016 DEBUG testcase.TC_6.1_4                        - 2: t.addProperty("css", EQUALS, sel)
2026-06-08 20:30:31.016 DEBUG testcase.TC_6.1_4                        - 3: return t
2026-06-08 20:30:31.581 DEBUG testcase.TC_6.1_4                        - 5: click(css("#submit"))
2026-06-08 20:30:31.581 DEBUG testcase.TC_6.1_4                        - 1: t = new com.kms.katalon.core.testobject.TestObject(sel)
2026-06-08 20:30:31.582 DEBUG testcase.TC_6.1_4                        - 2: t.addProperty("css", EQUALS, sel)
2026-06-08 20:30:31.583 DEBUG testcase.TC_6.1_4                        - 3: return t
2026-06-08 20:30:31.917 DEBUG testcase.TC_6.1_4                        - 6: delay(2)
2026-06-08 20:30:33.932 DEBUG testcase.TC_6.1_4                        - 7: navigateToUrl(base + "checkout.jsp")
2026-06-08 20:30:33.978 DEBUG testcase.TC_6.1_4                        - 8: delay(2)
2026-06-08 20:30:35.992 DEBUG testcase.TC_6.1_4                        - 9: takeScreenshot()
2026-06-08 20:30:36.336 DEBUG testcase.TC_6.1_4                        - 10: verifyTextPresent("(?i)Acquista", true, CONTINUE_ON_FAILURE)
2026-06-08 20:30:36.584 ERROR c.k.k.core.keyword.internal.KeywordMain  - ❌ Text '(?i)Acquista' is not present on page  using regular expression (Root cause: com.kms.katalon.core.exception.StepFailedException: Text '(?i)Acquista' is not present on page  using regular expression
	at com.kms.katalon.core.webui.keyword.internal.WebUIKeywordMain.stepFailed(WebUIKeywordMain.groovy:177)
	at com.kms.katalon.core.webui.keyword.builtin.VerifyTextPresentKeyword$_verifyTextPresent_closure1.doCall(VerifyTextPresentKeyword.groovy:79)
	at com.kms.katalon.core.webui.keyword.builtin.VerifyTextPresentKeyword$_verifyTextPresent_closure1.call(VerifyTextPresentKeyword.groovy)
	at com.kms.katalon.core.webui.keyword.internal.WebUIKeywordMain.runKeyword(WebUIKeywordMain.groovy:41)
	at com.kms.katalon.core.webui.keyword.builtin.VerifyTextPresentKeyword.verifyTextPresent(VerifyTextPresentKeyword.groovy:83)
	at com.kms.katalon.core.webui.keyword.builtin.VerifyTextPresentKeyword.execute(VerifyTextPresentKeyword.groovy:68)
	at com.kms.katalon.core.keyword.internal.KeywordExecutor.executeKeywordForPlatform(KeywordExecutor.groovy:103)
	at com.kms.katalon.core.webui.keyword.WebUiBuiltInKeywords.verifyTextPresent(WebUiBuiltInKeywords.groovy:1809)
	at Script178070060104.run(Script178070060104.groovy:28)
	at com.kms.katalon.core.main.ScriptEngine.run(ScriptEngine.java:203)
	at com.kms.katalon.core.main.ScriptEngine.runScriptAsRawText(ScriptEngine.java:115)
	at com.kms.katalon.core.main.TestCaseExecutor.runScript(TestCaseExecutor.java:506)
	at com.kms.katalon.core.main.TestCaseExecutor.doExecute(TestCaseExecutor.java:497)
	at com.kms.katalon.core.main.TestCaseExecutor.processExecutionPhase(TestCaseExecutor.java:476)
	at com.kms.katalon.core.main.TestCaseExecutor.accessMainPhase(TestCaseExecutor.java:468)
	at com.kms.katalon.core.main.TestCaseExecutor.execute(TestCaseExecutor.java:334)
	at com.kms.katalon.core.common.CommonExecutor.accessTestCaseMainPhase(CommonExecutor.java:71)
	at com.kms.katalon.core.main.TestSuiteExecutor.accessTestSuiteMainPhase(TestSuiteExecutor.java:153)
	at com.kms.katalon.core.main.TestSuiteExecutor.execute(TestSuiteExecutor.java:110)
	at com.kms.katalon.core.main.TestCaseMain.startTestSuite(TestCaseMain.java:206)
	at S0608_9.run(S0608_9.groovy:40)
	at java.base/jdk.internal.reflect.DirectMethodHandleAccessor.invoke(DirectMethodHandleAccessor.java:103)
)
2026-06-08 20:30:36.585 DEBUG testcase.TC_6.1_4                        - 11: closeBrowser()
2026-06-08 20:30:36.755 ERROR c.k.katalon.core.main.TestCaseExecutor   - ❌ Test Cases/Ordine/TC_6.1_4 FAILED.
Reason:
com.kms.katalon.core.exception.StepFailedException: Text '(?i)Acquista' is not present on page  using regular expression (Root cause: com.kms.katalon.core.exception.StepFailedException: Text '(?i)Acquista' is not present on page  using regular expression
	at com.kms.katalon.core.webui.keyword.internal.WebUIKeywordMain.stepFailed(WebUIKeywordMain.groovy:177)
	at com.kms.katalon.core.webui.keyword.builtin.VerifyTextPresentKeyword$_verifyTextPresent_closure1.doCall(VerifyTextPresentKeyword.groovy:79)
	at com.kms.katalon.core.webui.keyword.builtin.VerifyTextPresentKeyword$_verifyTextPresent_closure1.call(VerifyTextPresentKeyword.groovy)
	at com.kms.katalon.core.webui.keyword.internal.WebUIKeywordMain.runKeyword(WebUIKeywordMain.groovy:41)
	at com.kms.katalon.core.webui.keyword.builtin.VerifyTextPresentKeyword.verifyTextPresent(VerifyTextPresentKeyword.groovy:83)
	at com.kms.katalon.core.webui.keyword.builtin.VerifyTextPresentKeyword.execute(VerifyTextPresentKeyword.groovy:68)
	at com.kms.katalon.core.keyword.internal.KeywordExecutor.executeKeywordForPlatform(KeywordExecutor.groovy:103)
	at com.kms.katalon.core.webui.keyword.WebUiBuiltInKeywords.verifyTextPresent(WebUiBuiltInKeywords.groovy:1809)
	at Script178070060104.run(Script178070060104.groovy:28)
	at com.kms.katalon.core.main.ScriptEngine.run(ScriptEngine.java:203)
	at com.kms.katalon.core.main.ScriptEngine.runScriptAsRawText(ScriptEngine.java:115)
	at com.kms.katalon.core.main.TestCaseExecutor.runScript(TestCaseExecutor.java:506)
	at com.kms.katalon.core.main.TestCaseExecutor.doExecute(TestCaseExecutor.java:497)
	at com.kms.katalon.core.main.TestCaseExecutor.processExecutionPhase(TestCaseExecutor.java:476)
	at com.kms.katalon.core.main.TestCaseExecutor.accessMainPhase(TestCaseExecutor.java:468)
	at com.kms.katalon.core.main.TestCaseExecutor.execute(TestCaseExecutor.java:334)
	at com.kms.katalon.core.common.CommonExecutor.accessTestCaseMainPhase(CommonExecutor.java:71)
	at com.kms.katalon.core.main.TestSuiteExecutor.accessTestSuiteMainPhase(TestSuiteExecutor.java:153)
	at com.kms.katalon.core.main.TestSuiteExecutor.execute(TestSuiteExecutor.java:110)
	at com.kms.katalon.core.main.TestCaseMain.startTestSuite(TestCaseMain.java:206)
	at S0608_9.run(S0608_9.groovy:40)
	at java.base/jdk.internal.reflect.DirectMethodHandleAccessor.invoke(DirectMethodHandleAccessor.java:103)
)
	at com.kms.katalon.core.keyword.internal.KeywordMain.stepFailed(KeywordMain.groovy:39)
	at com.kms.katalon.core.webui.keyword.internal.WebUIKeywordMain.stepFailed(WebUIKeywordMain.groovy:177)
	at com.kms.katalon.core.webui.keyword.builtin.VerifyTextPresentKeyword$_verifyTextPresent_closure1.doCall(VerifyTextPresentKeyword.groovy:79)
	at com.kms.katalon.core.webui.keyword.builtin.VerifyTextPresentKeyword$_verifyTextPresent_closure1.call(VerifyTextPresentKeyword.groovy)
	at com.kms.katalon.core.webui.keyword.internal.WebUIKeywordMain.runKeyword(WebUIKeywordMain.groovy:41)
	at com.kms.katalon.core.webui.keyword.builtin.VerifyTextPresentKeyword.verifyTextPresent(VerifyTextPresentKeyword.groovy:83)
	at com.kms.katalon.core.webui.keyword.builtin.VerifyTextPresentKeyword.execute(VerifyTextPresentKeyword.groovy:68)
	at com.kms.katalon.core.keyword.internal.KeywordExecutor.executeKeywordForPlatform(KeywordExecutor.groovy:103)
	at com.kms.katalon.core.webui.keyword.WebUiBuiltInKeywords.verifyTextPresent(WebUiBuiltInKeywords.groovy:1809)
	at Script178070060104.run(Script178070060104.groovy:28)
	at com.kms.katalon.core.main.ScriptEngine.run(ScriptEngine.java:203)
	at com.kms.katalon.core.main.ScriptEngine.runScriptAsRawText(ScriptEngine.java:115)
	at com.kms.katalon.core.main.TestCaseExecutor.runScript(TestCaseExecutor.java:506)
	at com.kms.katalon.core.main.TestCaseExecutor.doExecute(TestCaseExecutor.java:497)
	at com.kms.katalon.core.main.TestCaseExecutor.processExecutionPhase(TestCaseExecutor.java:476)
	at com.kms.katalon.core.main.TestCaseExecutor.accessMainPhase(TestCaseExecutor.java:468)
	at com.kms.katalon.core.main.TestCaseExecutor.execute(TestCaseExecutor.java:334)
	at com.kms.katalon.core.common.CommonExecutor.accessTestCaseMainPhase(CommonExecutor.java:71)
	at com.kms.katalon.core.main.TestSuiteExecutor.accessTestSuiteMainPhase(TestSuiteExecutor.java:153)
	at com.kms.katalon.core.main.TestSuiteExecutor.execute(TestSuiteExecutor.java:110)
	at com.kms.katalon.core.main.TestCaseMain.startTestSuite(TestCaseMain.java:206)
	at S0608_9.run(S0608_9.groovy:40)
	at java.base/jdk.internal.reflect.DirectMethodHandleAccessor.invoke(DirectMethodHandleAccessor.java:103)
Caused by: com.kms.katalon.core.exception.StepFailedException: Text '(?i)Acquista' is not present on page  using regular expression
	... 22 more

2026-06-08 20:30:36.756 INFO  c.k.katalon.core.main.TestCaseExecutor   - END Test Cases/Ordine/TC_6.1_4
2026-06-08 20:30:36.758 INFO  c.k.katalon.core.main.TestCaseExecutor   - --------------------
2026-06-08 20:30:36.760 INFO  c.k.katalon.core.main.TestCaseExecutor   - START Test Cases/Ordine/TC_6.2_1
2026-06-08 20:30:36.833 INFO  com.kms.katalon.core.util.KeywordUtil    - Seed ripristinato prima di: Test Cases/Ordine/TC_6.2_1
2026-06-08 20:30:36.868 DEBUG testcase.TC_6.2_1                        - 1: openBrowser("")
2026-06-08 20:30:36.870 INFO  c.k.k.core.webui.driver.DriverFactory    - Starting 'Chrome' driver
2026-06-08 20:30:36.871 INFO  c.k.k.core.webui.driver.DriverFactory    - Action delay is set to 0 milliseconds
2026-06-08 20:30:37.647 INFO  c.k.k.core.webui.driver.DriverFactory    - sessionId = 557e047df3ef7e9169fa3938ab1fe9e9
2026-06-08 20:30:37.648 INFO  c.k.k.core.webui.driver.DriverFactory    - browser = Chrome 148.0.7778.179
2026-06-08 20:30:37.648 INFO  c.k.k.core.webui.driver.DriverFactory    - platform = Windows 11
2026-06-08 20:30:37.648 INFO  c.k.k.core.webui.driver.DriverFactory    - seleniumVersion = 4.39.0
2026-06-08 20:30:37.648 INFO  c.k.k.core.webui.driver.DriverFactory    - proxyInformation = ProxyInformation { proxyOption=NO_PROXY, proxyServerType=HTTP, username=, password=********, proxyServerAddress=, proxyServerPort=0, executionList="", isApplyToDesiredCapabilities=true }
2026-06-08 20:30:37.656 DEBUG testcase.TC_6.2_1                        - 2: navigateToUrl(base + "loginForm.jsp")
2026-06-08 20:30:37.972 DEBUG testcase.TC_6.2_1                        - 3: setText(css("#email"), "t.mansi@studenti.unisa.it")
2026-06-08 20:30:37.973 DEBUG testcase.TC_6.2_1                        - 1: t = new com.kms.katalon.core.testobject.TestObject(sel)
2026-06-08 20:30:37.974 DEBUG testcase.TC_6.2_1                        - 2: t.addProperty("css", EQUALS, sel)
2026-06-08 20:30:37.974 DEBUG testcase.TC_6.2_1                        - 3: return t
2026-06-08 20:30:38.669 DEBUG testcase.TC_6.2_1                        - 4: setText(css("#password"), "321CBA.")
2026-06-08 20:30:38.670 DEBUG testcase.TC_6.2_1                        - 1: t = new com.kms.katalon.core.testobject.TestObject(sel)
2026-06-08 20:30:38.670 DEBUG testcase.TC_6.2_1                        - 2: t.addProperty("css", EQUALS, sel)
2026-06-08 20:30:38.670 DEBUG testcase.TC_6.2_1                        - 3: return t
2026-06-08 20:30:39.225 DEBUG testcase.TC_6.2_1                        - 5: click(css("#submit"))
2026-06-08 20:30:39.226 DEBUG testcase.TC_6.2_1                        - 1: t = new com.kms.katalon.core.testobject.TestObject(sel)
2026-06-08 20:30:39.227 DEBUG testcase.TC_6.2_1                        - 2: t.addProperty("css", EQUALS, sel)
2026-06-08 20:30:39.227 DEBUG testcase.TC_6.2_1                        - 3: return t
2026-06-08 20:30:39.523 DEBUG testcase.TC_6.2_1                        - 6: delay(2)
2026-06-08 20:30:41.532 DEBUG testcase.TC_6.2_1                        - 7: navigateToUrl(base + "cart?action=addC&id=2")
2026-06-08 20:30:41.635 DEBUG testcase.TC_6.2_1                        - 8: delay(1)
2026-06-08 20:30:42.639 DEBUG testcase.TC_6.2_1                        - 9: navigateToUrl(base + "checkout.jsp")
2026-06-08 20:30:42.683 DEBUG testcase.TC_6.2_1                        - 10: delay(2)
2026-06-08 20:30:44.691 DEBUG testcase.TC_6.2_1                        - 11: selectOptionByValue(css("#addressDropdown"), "4", false)
2026-06-08 20:30:44.693 DEBUG testcase.TC_6.2_1                        - 1: t = new com.kms.katalon.core.testobject.TestObject(sel)
2026-06-08 20:30:44.695 DEBUG testcase.TC_6.2_1                        - 2: t.addProperty("css", EQUALS, sel)
2026-06-08 20:30:44.695 DEBUG testcase.TC_6.2_1                        - 3: return t
2026-06-08 20:30:45.274 DEBUG testcase.TC_6.2_1                        - 12: selectOptionByValue(css("#addressDropdown2"), "4", false)
2026-06-08 20:30:45.275 DEBUG testcase.TC_6.2_1                        - 1: t = new com.kms.katalon.core.testobject.TestObject(sel)
2026-06-08 20:30:45.275 DEBUG testcase.TC_6.2_1                        - 2: t.addProperty("css", EQUALS, sel)
2026-06-08 20:30:45.275 DEBUG testcase.TC_6.2_1                        - 3: return t
2026-06-08 20:30:45.819 DEBUG testcase.TC_6.2_1                        - 13: click(css("#paypal"))
2026-06-08 20:30:45.819 DEBUG testcase.TC_6.2_1                        - 1: t = new com.kms.katalon.core.testobject.TestObject(sel)
2026-06-08 20:30:45.819 DEBUG testcase.TC_6.2_1                        - 2: t.addProperty("css", EQUALS, sel)
2026-06-08 20:30:45.819 DEBUG testcase.TC_6.2_1                        - 3: return t
2026-06-08 20:30:46.100 DEBUG testcase.TC_6.2_1                        - 14: delay(1)
2026-06-08 20:30:47.116 DEBUG testcase.TC_6.2_1                        - 15: takeScreenshot()
2026-06-08 20:30:47.413 DEBUG testcase.TC_6.2_1                        - 16: click(css("form[action='Ordine'] .checkout-btn"))
2026-06-08 20:30:47.413 DEBUG testcase.TC_6.2_1                        - 1: t = new com.kms.katalon.core.testobject.TestObject(sel)
2026-06-08 20:30:47.413 DEBUG testcase.TC_6.2_1                        - 2: t.addProperty("css", EQUALS, sel)
2026-06-08 20:30:47.413 DEBUG testcase.TC_6.2_1                        - 3: return t
2026-06-08 20:30:47.908 DEBUG testcase.TC_6.2_1                        - 17: delay(3)
2026-06-08 20:30:50.913 DEBUG testcase.TC_6.2_1                        - 18: takeScreenshot()
2026-06-08 20:30:51.194 DEBUG testcase.TC_6.2_1                        - 19: verifyTextPresent("(?i)Acquisto effettuato", true)
2026-06-08 20:30:51.430 DEBUG testcase.TC_6.2_1                        - 20: closeBrowser()
2026-06-08 20:30:51.663 INFO  c.k.katalon.core.main.TestCaseExecutor   - END Test Cases/Ordine/TC_6.2_1
2026-06-08 20:30:51.665 INFO  c.k.katalon.core.main.TestCaseExecutor   - --------------------
2026-06-08 20:30:51.665 INFO  c.k.katalon.core.main.TestCaseExecutor   - START Test Cases/Ordine/TC_6.2_2
2026-06-08 20:30:51.737 INFO  com.kms.katalon.core.util.KeywordUtil    - Seed ripristinato prima di: Test Cases/Ordine/TC_6.2_2
2026-06-08 20:30:51.774 DEBUG testcase.TC_6.2_2                        - 1: openBrowser("")
2026-06-08 20:30:51.775 INFO  c.k.k.core.webui.driver.DriverFactory    - Starting 'Chrome' driver
2026-06-08 20:30:51.776 INFO  c.k.k.core.webui.driver.DriverFactory    - Action delay is set to 0 milliseconds
2026-06-08 20:30:52.504 INFO  c.k.k.core.webui.driver.DriverFactory    - sessionId = 23cf359d96b95696aa661665fd042460
2026-06-08 20:30:52.504 INFO  c.k.k.core.webui.driver.DriverFactory    - browser = Chrome 148.0.7778.179
2026-06-08 20:30:52.505 INFO  c.k.k.core.webui.driver.DriverFactory    - platform = Windows 11
2026-06-08 20:30:52.505 INFO  c.k.k.core.webui.driver.DriverFactory    - seleniumVersion = 4.39.0
2026-06-08 20:30:52.505 INFO  c.k.k.core.webui.driver.DriverFactory    - proxyInformation = ProxyInformation { proxyOption=NO_PROXY, proxyServerType=HTTP, username=, password=********, proxyServerAddress=, proxyServerPort=0, executionList="", isApplyToDesiredCapabilities=true }
2026-06-08 20:30:52.512 DEBUG testcase.TC_6.2_2                        - 2: navigateToUrl(base + "loginForm.jsp")
2026-06-08 20:30:52.826 DEBUG testcase.TC_6.2_2                        - 3: setText(css("#email"), "t.mansi@studenti.unisa.it")
2026-06-08 20:30:52.827 DEBUG testcase.TC_6.2_2                        - 1: t = new com.kms.katalon.core.testobject.TestObject(sel)
2026-06-08 20:30:52.828 DEBUG testcase.TC_6.2_2                        - 2: t.addProperty("css", EQUALS, sel)
2026-06-08 20:30:52.829 DEBUG testcase.TC_6.2_2                        - 3: return t
2026-06-08 20:30:53.534 DEBUG testcase.TC_6.2_2                        - 4: setText(css("#password"), "321CBA.")
2026-06-08 20:30:53.535 DEBUG testcase.TC_6.2_2                        - 1: t = new com.kms.katalon.core.testobject.TestObject(sel)
2026-06-08 20:30:53.536 DEBUG testcase.TC_6.2_2                        - 2: t.addProperty("css", EQUALS, sel)
2026-06-08 20:30:53.536 DEBUG testcase.TC_6.2_2                        - 3: return t
2026-06-08 20:30:54.068 DEBUG testcase.TC_6.2_2                        - 5: click(css("#submit"))
2026-06-08 20:30:54.069 DEBUG testcase.TC_6.2_2                        - 1: t = new com.kms.katalon.core.testobject.TestObject(sel)
2026-06-08 20:30:54.069 DEBUG testcase.TC_6.2_2                        - 2: t.addProperty("css", EQUALS, sel)
2026-06-08 20:30:54.069 DEBUG testcase.TC_6.2_2                        - 3: return t
2026-06-08 20:30:54.366 DEBUG testcase.TC_6.2_2                        - 6: delay(2)
2026-06-08 20:30:56.371 DEBUG testcase.TC_6.2_2                        - 7: navigateToUrl(base + "cart?action=addC&id=2")
2026-06-08 20:30:56.483 DEBUG testcase.TC_6.2_2                        - 8: delay(1)
2026-06-08 20:30:57.493 DEBUG testcase.TC_6.2_2                        - 9: navigateToUrl(base + "checkout.jsp")
2026-06-08 20:30:57.531 DEBUG testcase.TC_6.2_2                        - 10: delay(2)
2026-06-08 20:30:59.545 DEBUG testcase.TC_6.2_2                        - 11: selectOptionByValue(css("#addressDropdown2"), "4", false)
2026-06-08 20:30:59.546 DEBUG testcase.TC_6.2_2                        - 1: t = new com.kms.katalon.core.testobject.TestObject(sel)
2026-06-08 20:30:59.547 DEBUG testcase.TC_6.2_2                        - 2: t.addProperty("css", EQUALS, sel)
2026-06-08 20:30:59.547 DEBUG testcase.TC_6.2_2                        - 3: return t
2026-06-08 20:31:00.073 DEBUG testcase.TC_6.2_2                        - 12: click(css("#paypal"))
2026-06-08 20:31:00.073 DEBUG testcase.TC_6.2_2                        - 1: t = new com.kms.katalon.core.testobject.TestObject(sel)
2026-06-08 20:31:00.073 DEBUG testcase.TC_6.2_2                        - 2: t.addProperty("css", EQUALS, sel)
2026-06-08 20:31:00.073 DEBUG testcase.TC_6.2_2                        - 3: return t
2026-06-08 20:31:00.369 DEBUG testcase.TC_6.2_2                        - 13: valid = executeJavaScript("return document.getElementById('addressDropdown').checkValidity()", null)
2026-06-08 20:31:00.375 DEBUG testcase.TC_6.2_2                        - 14: verifyEqual(valid, false)
2026-06-08 20:31:00.380 DEBUG testcase.TC_6.2_2                        - 15: click(css("form[action='Ordine'] .checkout-btn"))
2026-06-08 20:31:00.381 DEBUG testcase.TC_6.2_2                        - 1: t = new com.kms.katalon.core.testobject.TestObject(sel)
2026-06-08 20:31:00.381 DEBUG testcase.TC_6.2_2                        - 2: t.addProperty("css", EQUALS, sel)
2026-06-08 20:31:00.381 DEBUG testcase.TC_6.2_2                        - 3: return t
2026-06-08 20:31:00.660 DEBUG testcase.TC_6.2_2                        - 16: delay(1)
2026-06-08 20:31:01.675 DEBUG testcase.TC_6.2_2                        - 17: takeScreenshot()
2026-06-08 20:31:01.979 DEBUG testcase.TC_6.2_2                        - 18: verifyElementPresent(css("#addressDropdown"), 5)
2026-06-08 20:31:01.979 DEBUG testcase.TC_6.2_2                        - 1: t = new com.kms.katalon.core.testobject.TestObject(sel)
2026-06-08 20:31:01.980 DEBUG testcase.TC_6.2_2                        - 2: t.addProperty("css", EQUALS, sel)
2026-06-08 20:31:01.980 DEBUG testcase.TC_6.2_2                        - 3: return t
2026-06-08 20:31:02.209 DEBUG testcase.TC_6.2_2                        - 19: closeBrowser()
2026-06-08 20:31:02.376 INFO  c.k.katalon.core.main.TestCaseExecutor   - END Test Cases/Ordine/TC_6.2_2
2026-06-08 20:31:02.379 INFO  c.k.katalon.core.main.TestCaseExecutor   - --------------------
2026-06-08 20:31:02.379 INFO  c.k.katalon.core.main.TestCaseExecutor   - START Test Cases/Ordine/TC_6.2_3
2026-06-08 20:31:02.463 INFO  com.kms.katalon.core.util.KeywordUtil    - Seed ripristinato prima di: Test Cases/Ordine/TC_6.2_3
2026-06-08 20:31:02.527 DEBUG testcase.TC_6.2_3                        - 1: openBrowser("")
2026-06-08 20:31:02.528 INFO  c.k.k.core.webui.driver.DriverFactory    - Starting 'Chrome' driver
2026-06-08 20:31:02.529 INFO  c.k.k.core.webui.driver.DriverFactory    - Action delay is set to 0 milliseconds
2026-06-08 20:31:03.306 INFO  c.k.k.core.webui.driver.DriverFactory    - sessionId = 3b074e4e5ccd37bd8ff20ae01f816d3c
2026-06-08 20:31:03.306 INFO  c.k.k.core.webui.driver.DriverFactory    - browser = Chrome 148.0.7778.179
2026-06-08 20:31:03.306 INFO  c.k.k.core.webui.driver.DriverFactory    - platform = Windows 11
2026-06-08 20:31:03.306 INFO  c.k.k.core.webui.driver.DriverFactory    - seleniumVersion = 4.39.0
2026-06-08 20:31:03.307 INFO  c.k.k.core.webui.driver.DriverFactory    - proxyInformation = ProxyInformation { proxyOption=NO_PROXY, proxyServerType=HTTP, username=, password=********, proxyServerAddress=, proxyServerPort=0, executionList="", isApplyToDesiredCapabilities=true }
2026-06-08 20:31:03.317 DEBUG testcase.TC_6.2_3                        - 2: navigateToUrl(base + "loginForm.jsp")
2026-06-08 20:31:03.618 DEBUG testcase.TC_6.2_3                        - 3: setText(css("#email"), "t.mansi@studenti.unisa.it")
2026-06-08 20:31:03.619 DEBUG testcase.TC_6.2_3                        - 1: t = new com.kms.katalon.core.testobject.TestObject(sel)
2026-06-08 20:31:03.620 DEBUG testcase.TC_6.2_3                        - 2: t.addProperty("css", EQUALS, sel)
2026-06-08 20:31:03.621 DEBUG testcase.TC_6.2_3                        - 3: return t
2026-06-08 20:31:04.307 DEBUG testcase.TC_6.2_3                        - 4: setText(css("#password"), "321CBA.")
2026-06-08 20:31:04.308 DEBUG testcase.TC_6.2_3                        - 1: t = new com.kms.katalon.core.testobject.TestObject(sel)
2026-06-08 20:31:04.308 DEBUG testcase.TC_6.2_3                        - 2: t.addProperty("css", EQUALS, sel)
2026-06-08 20:31:04.308 DEBUG testcase.TC_6.2_3                        - 3: return t
2026-06-08 20:31:04.858 DEBUG testcase.TC_6.2_3                        - 5: click(css("#submit"))
2026-06-08 20:31:04.858 DEBUG testcase.TC_6.2_3                        - 1: t = new com.kms.katalon.core.testobject.TestObject(sel)
2026-06-08 20:31:04.859 DEBUG testcase.TC_6.2_3                        - 2: t.addProperty("css", EQUALS, sel)
2026-06-08 20:31:04.859 DEBUG testcase.TC_6.2_3                        - 3: return t
2026-06-08 20:31:05.158 DEBUG testcase.TC_6.2_3                        - 6: delay(2)
2026-06-08 20:31:07.168 DEBUG testcase.TC_6.2_3                        - 7: navigateToUrl(base + "cart?action=addC&id=2")
2026-06-08 20:31:07.294 DEBUG testcase.TC_6.2_3                        - 8: delay(1)
2026-06-08 20:31:08.307 DEBUG testcase.TC_6.2_3                        - 9: navigateToUrl(base + "checkout.jsp")
2026-06-08 20:31:08.357 DEBUG testcase.TC_6.2_3                        - 10: delay(2)
2026-06-08 20:31:10.360 DEBUG testcase.TC_6.2_3                        - 11: selectOptionByValue(css("#addressDropdown"), "4", false)
2026-06-08 20:31:10.360 DEBUG testcase.TC_6.2_3                        - 1: t = new com.kms.katalon.core.testobject.TestObject(sel)
2026-06-08 20:31:10.361 DEBUG testcase.TC_6.2_3                        - 2: t.addProperty("css", EQUALS, sel)
2026-06-08 20:31:10.361 DEBUG testcase.TC_6.2_3                        - 3: return t
2026-06-08 20:31:10.913 DEBUG testcase.TC_6.2_3                        - 12: click(css("#paypal"))
2026-06-08 20:31:10.913 DEBUG testcase.TC_6.2_3                        - 1: t = new com.kms.katalon.core.testobject.TestObject(sel)
2026-06-08 20:31:10.913 DEBUG testcase.TC_6.2_3                        - 2: t.addProperty("css", EQUALS, sel)
2026-06-08 20:31:10.914 DEBUG testcase.TC_6.2_3                        - 3: return t
2026-06-08 20:31:11.200 DEBUG testcase.TC_6.2_3                        - 13: valid = executeJavaScript("return document.getElementById('addressDropdown2').checkValidity()", null)
2026-06-08 20:31:11.206 DEBUG testcase.TC_6.2_3                        - 14: verifyEqual(valid, false)
2026-06-08 20:31:11.206 DEBUG testcase.TC_6.2_3                        - 15: click(css("form[action='Ordine'] .checkout-btn"))
2026-06-08 20:31:11.207 DEBUG testcase.TC_6.2_3                        - 1: t = new com.kms.katalon.core.testobject.TestObject(sel)
2026-06-08 20:31:11.207 DEBUG testcase.TC_6.2_3                        - 2: t.addProperty("css", EQUALS, sel)
2026-06-08 20:31:11.207 DEBUG testcase.TC_6.2_3                        - 3: return t
2026-06-08 20:31:11.499 DEBUG testcase.TC_6.2_3                        - 16: delay(1)
2026-06-08 20:31:12.503 DEBUG testcase.TC_6.2_3                        - 17: takeScreenshot()
2026-06-08 20:31:12.828 DEBUG testcase.TC_6.2_3                        - 18: verifyElementPresent(css("#addressDropdown2"), 5)
2026-06-08 20:31:12.828 DEBUG testcase.TC_6.2_3                        - 1: t = new com.kms.katalon.core.testobject.TestObject(sel)
2026-06-08 20:31:12.828 DEBUG testcase.TC_6.2_3                        - 2: t.addProperty("css", EQUALS, sel)
2026-06-08 20:31:12.828 DEBUG testcase.TC_6.2_3                        - 3: return t
2026-06-08 20:31:13.080 DEBUG testcase.TC_6.2_3                        - 19: closeBrowser()
2026-06-08 20:31:13.254 INFO  c.k.katalon.core.main.TestCaseExecutor   - END Test Cases/Ordine/TC_6.2_3
2026-06-08 20:31:13.256 INFO  c.k.katalon.core.main.TestCaseExecutor   - --------------------
2026-06-08 20:31:13.256 INFO  c.k.katalon.core.main.TestCaseExecutor   - START Test Cases/Ordine/TC_6.2_4
2026-06-08 20:31:13.339 INFO  com.kms.katalon.core.util.KeywordUtil    - Seed ripristinato prima di: Test Cases/Ordine/TC_6.2_4
2026-06-08 20:31:13.421 DEBUG testcase.TC_6.2_4                        - 1: openBrowser("")
2026-06-08 20:31:13.423 INFO  c.k.k.core.webui.driver.DriverFactory    - Starting 'Chrome' driver
2026-06-08 20:31:13.424 INFO  c.k.k.core.webui.driver.DriverFactory    - Action delay is set to 0 milliseconds
2026-06-08 20:31:14.192 INFO  c.k.k.core.webui.driver.DriverFactory    - sessionId = 2acd6993231f1bd52acedb7f1ae45c9a
2026-06-08 20:31:14.192 INFO  c.k.k.core.webui.driver.DriverFactory    - browser = Chrome 148.0.7778.179
2026-06-08 20:31:14.192 INFO  c.k.k.core.webui.driver.DriverFactory    - platform = Windows 11
2026-06-08 20:31:14.192 INFO  c.k.k.core.webui.driver.DriverFactory    - seleniumVersion = 4.39.0
2026-06-08 20:31:14.193 INFO  c.k.k.core.webui.driver.DriverFactory    - proxyInformation = ProxyInformation { proxyOption=NO_PROXY, proxyServerType=HTTP, username=, password=********, proxyServerAddress=, proxyServerPort=0, executionList="", isApplyToDesiredCapabilities=true }
2026-06-08 20:31:14.200 DEBUG testcase.TC_6.2_4                        - 2: navigateToUrl(base + "loginForm.jsp")
2026-06-08 20:31:14.533 DEBUG testcase.TC_6.2_4                        - 3: setText(css("#email"), "t.mansi@studenti.unisa.it")
2026-06-08 20:31:14.534 DEBUG testcase.TC_6.2_4                        - 1: t = new com.kms.katalon.core.testobject.TestObject(sel)
2026-06-08 20:31:14.536 DEBUG testcase.TC_6.2_4                        - 2: t.addProperty("css", EQUALS, sel)
2026-06-08 20:31:14.537 DEBUG testcase.TC_6.2_4                        - 3: return t
2026-06-08 20:31:15.124 DEBUG testcase.TC_6.2_4                        - 4: setText(css("#password"), "321CBA.")
2026-06-08 20:31:15.125 DEBUG testcase.TC_6.2_4                        - 1: t = new com.kms.katalon.core.testobject.TestObject(sel)
2026-06-08 20:31:15.126 DEBUG testcase.TC_6.2_4                        - 2: t.addProperty("css", EQUALS, sel)
2026-06-08 20:31:15.126 DEBUG testcase.TC_6.2_4                        - 3: return t
2026-06-08 20:31:15.684 DEBUG testcase.TC_6.2_4                        - 5: click(css("#submit"))
2026-06-08 20:31:15.685 DEBUG testcase.TC_6.2_4                        - 1: t = new com.kms.katalon.core.testobject.TestObject(sel)
2026-06-08 20:31:15.685 DEBUG testcase.TC_6.2_4                        - 2: t.addProperty("css", EQUALS, sel)
2026-06-08 20:31:15.685 DEBUG testcase.TC_6.2_4                        - 3: return t
2026-06-08 20:31:15.984 DEBUG testcase.TC_6.2_4                        - 6: delay(2)
2026-06-08 20:31:18.002 DEBUG testcase.TC_6.2_4                        - 7: navigateToUrl(base + "cart?action=addC&id=2")
2026-06-08 20:31:18.119 DEBUG testcase.TC_6.2_4                        - 8: delay(1)
2026-06-08 20:31:19.134 DEBUG testcase.TC_6.2_4                        - 9: navigateToUrl(base + "checkout.jsp")
2026-06-08 20:31:19.190 DEBUG testcase.TC_6.2_4                        - 10: delay(2)
2026-06-08 20:31:21.200 DEBUG testcase.TC_6.2_4                        - 11: selectOptionByValue(css("#addressDropdown"), "4", false)
2026-06-08 20:31:21.201 DEBUG testcase.TC_6.2_4                        - 1: t = new com.kms.katalon.core.testobject.TestObject(sel)
2026-06-08 20:31:21.201 DEBUG testcase.TC_6.2_4                        - 2: t.addProperty("css", EQUALS, sel)
2026-06-08 20:31:21.202 DEBUG testcase.TC_6.2_4                        - 3: return t
2026-06-08 20:31:21.749 DEBUG testcase.TC_6.2_4                        - 12: selectOptionByValue(css("#addressDropdown2"), "4", false)
2026-06-08 20:31:21.750 DEBUG testcase.TC_6.2_4                        - 1: t = new com.kms.katalon.core.testobject.TestObject(sel)
2026-06-08 20:31:21.750 DEBUG testcase.TC_6.2_4                        - 2: t.addProperty("css", EQUALS, sel)
2026-06-08 20:31:21.750 DEBUG testcase.TC_6.2_4                        - 3: return t
2026-06-08 20:31:22.306 DEBUG testcase.TC_6.2_4                        - 13: valid = executeJavaScript("return document.querySelector(\"form[action='Ordine']\").checkValidity()", null)
2026-06-08 20:31:22.312 DEBUG testcase.TC_6.2_4                        - 14: verifyEqual(valid, false)
2026-06-08 20:31:22.313 DEBUG testcase.TC_6.2_4                        - 15: click(css("form[action='Ordine'] .checkout-btn"))
2026-06-08 20:31:22.313 DEBUG testcase.TC_6.2_4                        - 1: t = new com.kms.katalon.core.testobject.TestObject(sel)
2026-06-08 20:31:22.313 DEBUG testcase.TC_6.2_4                        - 2: t.addProperty("css", EQUALS, sel)
2026-06-08 20:31:22.313 DEBUG testcase.TC_6.2_4                        - 3: return t
2026-06-08 20:31:22.627 DEBUG testcase.TC_6.2_4                        - 16: delay(1)
2026-06-08 20:31:23.644 DEBUG testcase.TC_6.2_4                        - 17: takeScreenshot()
2026-06-08 20:31:23.969 DEBUG testcase.TC_6.2_4                        - 18: verifyElementPresent(css("#paypal"), 5)
2026-06-08 20:31:23.970 DEBUG testcase.TC_6.2_4                        - 1: t = new com.kms.katalon.core.testobject.TestObject(sel)
2026-06-08 20:31:23.970 DEBUG testcase.TC_6.2_4                        - 2: t.addProperty("css", EQUALS, sel)
2026-06-08 20:31:23.970 DEBUG testcase.TC_6.2_4                        - 3: return t
2026-06-08 20:31:24.203 DEBUG testcase.TC_6.2_4                        - 19: closeBrowser()
2026-06-08 20:31:24.362 INFO  c.k.katalon.core.main.TestCaseExecutor   - END Test Cases/Ordine/TC_6.2_4
2026-06-08 20:31:24.365 INFO  c.k.katalon.core.main.TestCaseExecutor   - --------------------
2026-06-08 20:31:24.366 INFO  c.k.katalon.core.main.TestCaseExecutor   - START Test Cases/Ordine/TC_6.2_5
2026-06-08 20:31:24.450 INFO  com.kms.katalon.core.util.KeywordUtil    - Seed ripristinato prima di: Test Cases/Ordine/TC_6.2_5
2026-06-08 20:31:24.515 DEBUG testcase.TC_6.2_5                        - 1: openBrowser("")
2026-06-08 20:31:24.516 INFO  c.k.k.core.webui.driver.DriverFactory    - Starting 'Chrome' driver
2026-06-08 20:31:24.516 INFO  c.k.k.core.webui.driver.DriverFactory    - Action delay is set to 0 milliseconds
2026-06-08 20:31:25.291 INFO  c.k.k.core.webui.driver.DriverFactory    - sessionId = 15e80e0a8cd272a1371a66ed1ce13138
2026-06-08 20:31:25.292 INFO  c.k.k.core.webui.driver.DriverFactory    - browser = Chrome 148.0.7778.179
2026-06-08 20:31:25.292 INFO  c.k.k.core.webui.driver.DriverFactory    - platform = Windows 11
2026-06-08 20:31:25.292 INFO  c.k.k.core.webui.driver.DriverFactory    - seleniumVersion = 4.39.0
2026-06-08 20:31:25.292 INFO  c.k.k.core.webui.driver.DriverFactory    - proxyInformation = ProxyInformation { proxyOption=NO_PROXY, proxyServerType=HTTP, username=, password=********, proxyServerAddress=, proxyServerPort=0, executionList="", isApplyToDesiredCapabilities=true }
2026-06-08 20:31:25.298 DEBUG testcase.TC_6.2_5                        - 2: navigateToUrl(base + "loginForm.jsp")
2026-06-08 20:31:25.639 DEBUG testcase.TC_6.2_5                        - 3: setText(css("#email"), "t.mansi@studenti.unisa.it")
2026-06-08 20:31:25.640 DEBUG testcase.TC_6.2_5                        - 1: t = new com.kms.katalon.core.testobject.TestObject(sel)
2026-06-08 20:31:25.641 DEBUG testcase.TC_6.2_5                        - 2: t.addProperty("css", EQUALS, sel)
2026-06-08 20:31:25.642 DEBUG testcase.TC_6.2_5                        - 3: return t
2026-06-08 20:31:26.320 DEBUG testcase.TC_6.2_5                        - 4: setText(css("#password"), "321CBA.")
2026-06-08 20:31:26.320 DEBUG testcase.TC_6.2_5                        - 1: t = new com.kms.katalon.core.testobject.TestObject(sel)
2026-06-08 20:31:26.320 DEBUG testcase.TC_6.2_5                        - 2: t.addProperty("css", EQUALS, sel)
2026-06-08 20:31:26.320 DEBUG testcase.TC_6.2_5                        - 3: return t
2026-06-08 20:31:26.869 DEBUG testcase.TC_6.2_5                        - 5: click(css("#submit"))
2026-06-08 20:31:26.870 DEBUG testcase.TC_6.2_5                        - 1: t = new com.kms.katalon.core.testobject.TestObject(sel)
2026-06-08 20:31:26.870 DEBUG testcase.TC_6.2_5                        - 2: t.addProperty("css", EQUALS, sel)
2026-06-08 20:31:26.870 DEBUG testcase.TC_6.2_5                        - 3: return t
2026-06-08 20:31:27.155 DEBUG testcase.TC_6.2_5                        - 6: delay(2)
2026-06-08 20:31:29.162 DEBUG testcase.TC_6.2_5                        - 7: navigateToUrl(base + "cart?action=addC&id=2")
2026-06-08 20:31:29.279 DEBUG testcase.TC_6.2_5                        - 8: delay(1)
2026-06-08 20:31:30.292 DEBUG testcase.TC_6.2_5                        - 9: navigateToUrl(base + "checkout.jsp")
2026-06-08 20:31:30.342 DEBUG testcase.TC_6.2_5                        - 10: delay(2)
2026-06-08 20:31:32.348 DEBUG testcase.TC_6.2_5                        - 11: selectOptionByValue(css("#addressDropdown"), "4", false)
2026-06-08 20:31:32.349 DEBUG testcase.TC_6.2_5                        - 1: t = new com.kms.katalon.core.testobject.TestObject(sel)
2026-06-08 20:31:32.350 DEBUG testcase.TC_6.2_5                        - 2: t.addProperty("css", EQUALS, sel)
2026-06-08 20:31:32.350 DEBUG testcase.TC_6.2_5                        - 3: return t
2026-06-08 20:31:32.866 DEBUG testcase.TC_6.2_5                        - 12: selectOptionByValue(css("#addressDropdown2"), "4", false)
2026-06-08 20:31:32.867 DEBUG testcase.TC_6.2_5                        - 1: t = new com.kms.katalon.core.testobject.TestObject(sel)
2026-06-08 20:31:32.867 DEBUG testcase.TC_6.2_5                        - 2: t.addProperty("css", EQUALS, sel)
2026-06-08 20:31:32.867 DEBUG testcase.TC_6.2_5                        - 3: return t
2026-06-08 20:31:33.367 DEBUG testcase.TC_6.2_5                        - 13: click(css("#paypal"))
2026-06-08 20:31:33.367 DEBUG testcase.TC_6.2_5                        - 1: t = new com.kms.katalon.core.testobject.TestObject(sel)
2026-06-08 20:31:33.367 DEBUG testcase.TC_6.2_5                        - 2: t.addProperty("css", EQUALS, sel)
2026-06-08 20:31:33.367 DEBUG testcase.TC_6.2_5                        - 3: return t
2026-06-08 20:31:33.635 DEBUG testcase.TC_6.2_5                        - 14: click(css("form[action='Ordine'] .checkout-btn"))
2026-06-08 20:31:33.635 DEBUG testcase.TC_6.2_5                        - 1: t = new com.kms.katalon.core.testobject.TestObject(sel)
2026-06-08 20:31:33.635 DEBUG testcase.TC_6.2_5                        - 2: t.addProperty("css", EQUALS, sel)
2026-06-08 20:31:33.635 DEBUG testcase.TC_6.2_5                        - 3: return t
2026-06-08 20:31:33.940 DEBUG testcase.TC_6.2_5                        - 15: delay(3)
2026-06-08 20:31:36.954 DEBUG testcase.TC_6.2_5                        - 16: navigateToUrl(base + "cart?action=addC&id=2")
2026-06-08 20:31:37.002 DEBUG testcase.TC_6.2_5                        - 17: delay(1)
2026-06-08 20:31:38.010 DEBUG testcase.TC_6.2_5                        - 18: navigateToUrl(base + "checkout.jsp")
2026-06-08 20:31:38.039 DEBUG testcase.TC_6.2_5                        - 19: delay(2)
2026-06-08 20:31:40.054 DEBUG testcase.TC_6.2_5                        - 20: stockAfter = executeJavaScript("var el = document.getElementById('quantita'); return el ? el.getAttribute('max') : '-1'", null)
2026-06-08 20:31:40.058 DEBUG testcase.TC_6.2_5                        - 21: takeScreenshot()
2026-06-08 20:31:40.363 DEBUG testcase.TC_6.2_5                        - 22: verifyMatch(stockAfter, "24", false, CONTINUE_ON_FAILURE)
2026-06-08 20:31:40.375 ERROR c.k.k.core.keyword.internal.KeywordMain  - ❌ Unable to verify match between actual text '25' and expected text '24' (Root cause: com.kms.katalon.core.exception.StepFailedException: Actual text '25' and expected text '24' are not matched
	at com.kms.katalon.core.keyword.builtin.VerifyMatchKeyword$_verifyMatch_closure1.doCall(VerifyMatchKeyword.groovy:57)
	at com.kms.katalon.core.keyword.builtin.VerifyMatchKeyword$_verifyMatch_closure1.call(VerifyMatchKeyword.groovy)
	at com.kms.katalon.core.keyword.internal.KeywordMain.runKeyword(KeywordMain.groovy:75)
	at com.kms.katalon.core.keyword.builtin.VerifyMatchKeyword.verifyMatch(VerifyMatchKeyword.groovy:60)
	at com.kms.katalon.core.keyword.builtin.VerifyMatchKeyword.execute(VerifyMatchKeyword.groovy:45)
	at com.kms.katalon.core.keyword.internal.KeywordExecutor.executeKeywordForPlatform(KeywordExecutor.groovy:103)
	at com.kms.katalon.core.keyword.BuiltinKeywords.verifyMatch(BuiltinKeywords.groovy:44)
	at java.base/jdk.internal.reflect.DirectMethodHandleAccessor.invoke(DirectMethodHandleAccessor.java:103)
	at Script178070060205.run(Script178070060205.groovy:44)
	at com.kms.katalon.core.main.ScriptEngine.run(ScriptEngine.java:203)
	at com.kms.katalon.core.main.ScriptEngine.runScriptAsRawText(ScriptEngine.java:115)
	at com.kms.katalon.core.main.TestCaseExecutor.runScript(TestCaseExecutor.java:506)
	at com.kms.katalon.core.main.TestCaseExecutor.doExecute(TestCaseExecutor.java:497)
	at com.kms.katalon.core.main.TestCaseExecutor.processExecutionPhase(TestCaseExecutor.java:476)
	at com.kms.katalon.core.main.TestCaseExecutor.accessMainPhase(TestCaseExecutor.java:468)
	at com.kms.katalon.core.main.TestCaseExecutor.execute(TestCaseExecutor.java:334)
	at com.kms.katalon.core.common.CommonExecutor.accessTestCaseMainPhase(CommonExecutor.java:71)
	at com.kms.katalon.core.main.TestSuiteExecutor.accessTestSuiteMainPhase(TestSuiteExecutor.java:153)
	at com.kms.katalon.core.main.TestSuiteExecutor.execute(TestSuiteExecutor.java:110)
	at com.kms.katalon.core.main.TestCaseMain.startTestSuite(TestCaseMain.java:206)
	at S0608_9.run(S0608_9.groovy:40)
	at java.base/jdk.internal.reflect.DirectMethodHandleAccessor.invoke(DirectMethodHandleAccessor.java:103)
)
2026-06-08 20:31:40.376 DEBUG testcase.TC_6.2_5                        - 23: closeBrowser()
2026-06-08 20:31:40.530 ERROR c.k.katalon.core.main.TestCaseExecutor   - ❌ Test Cases/Ordine/TC_6.2_5 FAILED.
Reason:
com.kms.katalon.core.exception.StepFailedException: Unable to verify match between actual text '25' and expected text '24' (Root cause: com.kms.katalon.core.exception.StepFailedException: Actual text '25' and expected text '24' are not matched
	at com.kms.katalon.core.keyword.builtin.VerifyMatchKeyword$_verifyMatch_closure1.doCall(VerifyMatchKeyword.groovy:57)
	at com.kms.katalon.core.keyword.builtin.VerifyMatchKeyword$_verifyMatch_closure1.call(VerifyMatchKeyword.groovy)
	at com.kms.katalon.core.keyword.internal.KeywordMain.runKeyword(KeywordMain.groovy:75)
	at com.kms.katalon.core.keyword.builtin.VerifyMatchKeyword.verifyMatch(VerifyMatchKeyword.groovy:60)
	at com.kms.katalon.core.keyword.builtin.VerifyMatchKeyword.execute(VerifyMatchKeyword.groovy:45)
	at com.kms.katalon.core.keyword.internal.KeywordExecutor.executeKeywordForPlatform(KeywordExecutor.groovy:103)
	at com.kms.katalon.core.keyword.BuiltinKeywords.verifyMatch(BuiltinKeywords.groovy:44)
	at java.base/jdk.internal.reflect.DirectMethodHandleAccessor.invoke(DirectMethodHandleAccessor.java:103)
	at Script178070060205.run(Script178070060205.groovy:44)
	at com.kms.katalon.core.main.ScriptEngine.run(ScriptEngine.java:203)
	at com.kms.katalon.core.main.ScriptEngine.runScriptAsRawText(ScriptEngine.java:115)
	at com.kms.katalon.core.main.TestCaseExecutor.runScript(TestCaseExecutor.java:506)
	at com.kms.katalon.core.main.TestCaseExecutor.doExecute(TestCaseExecutor.java:497)
	at com.kms.katalon.core.main.TestCaseExecutor.processExecutionPhase(TestCaseExecutor.java:476)
	at com.kms.katalon.core.main.TestCaseExecutor.accessMainPhase(TestCaseExecutor.java:468)
	at com.kms.katalon.core.main.TestCaseExecutor.execute(TestCaseExecutor.java:334)
	at com.kms.katalon.core.common.CommonExecutor.accessTestCaseMainPhase(CommonExecutor.java:71)
	at com.kms.katalon.core.main.TestSuiteExecutor.accessTestSuiteMainPhase(TestSuiteExecutor.java:153)
	at com.kms.katalon.core.main.TestSuiteExecutor.execute(TestSuiteExecutor.java:110)
	at com.kms.katalon.core.main.TestCaseMain.startTestSuite(TestCaseMain.java:206)
	at S0608_9.run(S0608_9.groovy:40)
	at java.base/jdk.internal.reflect.DirectMethodHandleAccessor.invoke(DirectMethodHandleAccessor.java:103)
)
	at com.kms.katalon.core.keyword.internal.KeywordMain.stepFailed(KeywordMain.groovy:39)
	at com.kms.katalon.core.keyword.internal.KeywordMain.stepFailed(KeywordMain.groovy)
	at com.kms.katalon.core.keyword.internal.KeywordMain.runKeyword(KeywordMain.groovy:77)
	at com.kms.katalon.core.keyword.builtin.VerifyMatchKeyword.verifyMatch(VerifyMatchKeyword.groovy:60)
	at com.kms.katalon.core.keyword.builtin.VerifyMatchKeyword.execute(VerifyMatchKeyword.groovy:45)
	at com.kms.katalon.core.keyword.internal.KeywordExecutor.executeKeywordForPlatform(KeywordExecutor.groovy:103)
	at com.kms.katalon.core.keyword.BuiltinKeywords.verifyMatch(BuiltinKeywords.groovy:44)
	at java.base/jdk.internal.reflect.DirectMethodHandleAccessor.invoke(DirectMethodHandleAccessor.java:103)
	at Script178070060205.run(Script178070060205.groovy:44)
	at com.kms.katalon.core.main.ScriptEngine.run(ScriptEngine.java:203)
	at com.kms.katalon.core.main.ScriptEngine.runScriptAsRawText(ScriptEngine.java:115)
	at com.kms.katalon.core.main.TestCaseExecutor.runScript(TestCaseExecutor.java:506)
	at com.kms.katalon.core.main.TestCaseExecutor.doExecute(TestCaseExecutor.java:497)
	at com.kms.katalon.core.main.TestCaseExecutor.processExecutionPhase(TestCaseExecutor.java:476)
	at com.kms.katalon.core.main.TestCaseExecutor.accessMainPhase(TestCaseExecutor.java:468)
	at com.kms.katalon.core.main.TestCaseExecutor.execute(TestCaseExecutor.java:334)
	at com.kms.katalon.core.common.CommonExecutor.accessTestCaseMainPhase(CommonExecutor.java:71)
	at com.kms.katalon.core.main.TestSuiteExecutor.accessTestSuiteMainPhase(TestSuiteExecutor.java:153)
	at com.kms.katalon.core.main.TestSuiteExecutor.execute(TestSuiteExecutor.java:110)
	at com.kms.katalon.core.main.TestCaseMain.startTestSuite(TestCaseMain.java:206)
	at S0608_9.run(S0608_9.groovy:40)
	at java.base/jdk.internal.reflect.DirectMethodHandleAccessor.invoke(DirectMethodHandleAccessor.java:103)
Caused by: com.kms.katalon.core.exception.StepFailedException: Actual text '25' and expected text '24' are not matched
	at com.kms.katalon.core.keyword.builtin.VerifyMatchKeyword$_verifyMatch_closure1.doCall(VerifyMatchKeyword.groovy:57)
	at com.kms.katalon.core.keyword.builtin.VerifyMatchKeyword$_verifyMatch_closure1.call(VerifyMatchKeyword.groovy)
	at com.kms.katalon.core.keyword.internal.KeywordMain.runKeyword(KeywordMain.groovy:75)
	... 19 more

2026-06-08 20:31:40.533 INFO  c.k.katalon.core.main.TestCaseExecutor   - END Test Cases/Ordine/TC_6.2_5
2026-06-08 20:31:40.535 INFO  c.k.katalon.core.main.TestCaseExecutor   - --------------------
2026-06-08 20:31:40.535 INFO  c.k.katalon.core.main.TestCaseExecutor   - START Test Cases/Ordine/TC_6.3_1
2026-06-08 20:31:40.617 INFO  com.kms.katalon.core.util.KeywordUtil    - Seed ripristinato prima di: Test Cases/Ordine/TC_6.3_1
2026-06-08 20:31:40.653 DEBUG testcase.TC_6.3_1                        - 1: openBrowser("")
2026-06-08 20:31:40.653 INFO  c.k.k.core.webui.driver.DriverFactory    - Starting 'Chrome' driver
2026-06-08 20:31:40.654 INFO  c.k.k.core.webui.driver.DriverFactory    - Action delay is set to 0 milliseconds
2026-06-08 20:31:41.381 INFO  c.k.k.core.webui.driver.DriverFactory    - sessionId = 25ceb46382aa35c4fa6e47fe37d0b20b
2026-06-08 20:31:41.382 INFO  c.k.k.core.webui.driver.DriverFactory    - browser = Chrome 148.0.7778.179
2026-06-08 20:31:41.382 INFO  c.k.k.core.webui.driver.DriverFactory    - platform = Windows 11
2026-06-08 20:31:41.382 INFO  c.k.k.core.webui.driver.DriverFactory    - seleniumVersion = 4.39.0
2026-06-08 20:31:41.382 INFO  c.k.k.core.webui.driver.DriverFactory    - proxyInformation = ProxyInformation { proxyOption=NO_PROXY, proxyServerType=HTTP, username=, password=********, proxyServerAddress=, proxyServerPort=0, executionList="", isApplyToDesiredCapabilities=true }
2026-06-08 20:31:41.390 DEBUG testcase.TC_6.3_1                        - 2: navigateToUrl(base + "loginForm.jsp")
2026-06-08 20:31:41.686 DEBUG testcase.TC_6.3_1                        - 3: setText(css("#email"), "t.mansi@studenti.unisa.it")
2026-06-08 20:31:41.687 DEBUG testcase.TC_6.3_1                        - 1: t = new com.kms.katalon.core.testobject.TestObject(sel)
2026-06-08 20:31:41.687 DEBUG testcase.TC_6.3_1                        - 2: t.addProperty("css", EQUALS, sel)
2026-06-08 20:31:41.687 DEBUG testcase.TC_6.3_1                        - 3: return t
2026-06-08 20:31:42.337 DEBUG testcase.TC_6.3_1                        - 4: setText(css("#password"), "321CBA.")
2026-06-08 20:31:42.337 DEBUG testcase.TC_6.3_1                        - 1: t = new com.kms.katalon.core.testobject.TestObject(sel)
2026-06-08 20:31:42.337 DEBUG testcase.TC_6.3_1                        - 2: t.addProperty("css", EQUALS, sel)
2026-06-08 20:31:42.338 DEBUG testcase.TC_6.3_1                        - 3: return t
2026-06-08 20:31:42.853 DEBUG testcase.TC_6.3_1                        - 5: click(css("#submit"))
2026-06-08 20:31:42.854 DEBUG testcase.TC_6.3_1                        - 1: t = new com.kms.katalon.core.testobject.TestObject(sel)
2026-06-08 20:31:42.854 DEBUG testcase.TC_6.3_1                        - 2: t.addProperty("css", EQUALS, sel)
2026-06-08 20:31:42.854 DEBUG testcase.TC_6.3_1                        - 3: return t
2026-06-08 20:31:43.121 DEBUG testcase.TC_6.3_1                        - 6: delay(2)
2026-06-08 20:31:45.127 DEBUG testcase.TC_6.3_1                        - 7: navigateToUrl(base + "cart?action=addC&id=2")
2026-06-08 20:31:45.235 DEBUG testcase.TC_6.3_1                        - 8: delay(1)
2026-06-08 20:31:46.250 DEBUG testcase.TC_6.3_1                        - 9: navigateToUrl(base + "checkout.jsp")
2026-06-08 20:31:46.309 DEBUG testcase.TC_6.3_1                        - 10: delay(2)
2026-06-08 20:31:48.321 DEBUG testcase.TC_6.3_1                        - 11: selectOptionByValue(css("#addressDropdown"), "4", false)
2026-06-08 20:31:48.322 DEBUG testcase.TC_6.3_1                        - 1: t = new com.kms.katalon.core.testobject.TestObject(sel)
2026-06-08 20:31:48.322 DEBUG testcase.TC_6.3_1                        - 2: t.addProperty("css", EQUALS, sel)
2026-06-08 20:31:48.322 DEBUG testcase.TC_6.3_1                        - 3: return t
2026-06-08 20:31:48.835 DEBUG testcase.TC_6.3_1                        - 12: selectOptionByValue(css("#addressDropdown2"), "4", false)
2026-06-08 20:31:48.836 DEBUG testcase.TC_6.3_1                        - 1: t = new com.kms.katalon.core.testobject.TestObject(sel)
2026-06-08 20:31:48.836 DEBUG testcase.TC_6.3_1                        - 2: t.addProperty("css", EQUALS, sel)
2026-06-08 20:31:48.836 DEBUG testcase.TC_6.3_1                        - 3: return t
2026-06-08 20:31:49.353 DEBUG testcase.TC_6.3_1                        - 13: click(css("#paypal"))
2026-06-08 20:31:49.354 DEBUG testcase.TC_6.3_1                        - 1: t = new com.kms.katalon.core.testobject.TestObject(sel)
2026-06-08 20:31:49.354 DEBUG testcase.TC_6.3_1                        - 2: t.addProperty("css", EQUALS, sel)
2026-06-08 20:31:49.354 DEBUG testcase.TC_6.3_1                        - 3: return t
2026-06-08 20:31:49.663 DEBUG testcase.TC_6.3_1                        - 14: click(css("form[action='Ordine'] .checkout-btn"))
2026-06-08 20:31:49.663 DEBUG testcase.TC_6.3_1                        - 1: t = new com.kms.katalon.core.testobject.TestObject(sel)
2026-06-08 20:31:49.663 DEBUG testcase.TC_6.3_1                        - 2: t.addProperty("css", EQUALS, sel)
2026-06-08 20:31:49.663 DEBUG testcase.TC_6.3_1                        - 3: return t
2026-06-08 20:31:49.982 DEBUG testcase.TC_6.3_1                        - 15: delay(3)
2026-06-08 20:31:52.991 DEBUG testcase.TC_6.3_1                        - 16: takeScreenshot()
2026-06-08 20:31:53.310 DEBUG testcase.TC_6.3_1                        - 17: verifyTextPresent("(?i)Acquisto effettuato", true)
2026-06-08 20:31:53.561 DEBUG testcase.TC_6.3_1                        - 18: verifyTextPresent("(?i)kiwi", true)
2026-06-08 20:31:53.811 DEBUG testcase.TC_6.3_1                        - 19: closeBrowser()
2026-06-08 20:31:53.989 INFO  c.k.katalon.core.main.TestCaseExecutor   - END Test Cases/Ordine/TC_6.3_1
2026-06-08 20:31:53.991 INFO  c.k.katalon.core.main.TestCaseExecutor   - --------------------
2026-06-08 20:31:53.991 INFO  c.k.katalon.core.main.TestCaseExecutor   - START Test Cases/Ordine/TC_6.4_1
2026-06-08 20:31:54.058 INFO  com.kms.katalon.core.util.KeywordUtil    - Seed ripristinato prima di: Test Cases/Ordine/TC_6.4_1
2026-06-08 20:31:54.113 DEBUG testcase.TC_6.4_1                        - 1: openBrowser("")
2026-06-08 20:31:54.114 INFO  c.k.k.core.webui.driver.DriverFactory    - Starting 'Chrome' driver
2026-06-08 20:31:54.115 INFO  c.k.k.core.webui.driver.DriverFactory    - Action delay is set to 0 milliseconds
2026-06-08 20:31:54.807 INFO  c.k.k.core.webui.driver.DriverFactory    - sessionId = 92b383df9fcd203db24551a2851b39ee
2026-06-08 20:31:54.807 INFO  c.k.k.core.webui.driver.DriverFactory    - browser = Chrome 148.0.7778.179
2026-06-08 20:31:54.807 INFO  c.k.k.core.webui.driver.DriverFactory    - platform = Windows 11
2026-06-08 20:31:54.807 INFO  c.k.k.core.webui.driver.DriverFactory    - seleniumVersion = 4.39.0
2026-06-08 20:31:54.808 INFO  c.k.k.core.webui.driver.DriverFactory    - proxyInformation = ProxyInformation { proxyOption=NO_PROXY, proxyServerType=HTTP, username=, password=********, proxyServerAddress=, proxyServerPort=0, executionList="", isApplyToDesiredCapabilities=true }
2026-06-08 20:31:54.815 DEBUG testcase.TC_6.4_1                        - 2: navigateToUrl(base + "loginForm.jsp")
2026-06-08 20:31:55.143 DEBUG testcase.TC_6.4_1                        - 3: setText(css("#email"), "t.mansi@studenti.unisa.it")
2026-06-08 20:31:55.144 DEBUG testcase.TC_6.4_1                        - 1: t = new com.kms.katalon.core.testobject.TestObject(sel)
2026-06-08 20:31:55.145 DEBUG testcase.TC_6.4_1                        - 2: t.addProperty("css", EQUALS, sel)
2026-06-08 20:31:55.145 DEBUG testcase.TC_6.4_1                        - 3: return t
2026-06-08 20:31:55.861 DEBUG testcase.TC_6.4_1                        - 4: setText(css("#password"), "321CBA.")
2026-06-08 20:31:55.861 DEBUG testcase.TC_6.4_1                        - 1: t = new com.kms.katalon.core.testobject.TestObject(sel)
2026-06-08 20:31:55.861 DEBUG testcase.TC_6.4_1                        - 2: t.addProperty("css", EQUALS, sel)
2026-06-08 20:31:55.863 DEBUG testcase.TC_6.4_1                        - 3: return t
2026-06-08 20:31:56.429 DEBUG testcase.TC_6.4_1                        - 5: click(css("#submit"))
2026-06-08 20:31:56.429 DEBUG testcase.TC_6.4_1                        - 1: t = new com.kms.katalon.core.testobject.TestObject(sel)
2026-06-08 20:31:56.430 DEBUG testcase.TC_6.4_1                        - 2: t.addProperty("css", EQUALS, sel)
2026-06-08 20:31:56.430 DEBUG testcase.TC_6.4_1                        - 3: return t
2026-06-08 20:31:56.715 DEBUG testcase.TC_6.4_1                        - 6: delay(2)
2026-06-08 20:31:58.723 DEBUG testcase.TC_6.4_1                        - 7: navigateToUrl(base + "cart?action=addC&id=2")
2026-06-08 20:31:58.850 DEBUG testcase.TC_6.4_1                        - 8: delay(1)
2026-06-08 20:31:59.863 DEBUG testcase.TC_6.4_1                        - 9: navigateToUrl(base + "checkout.jsp")
2026-06-08 20:31:59.901 DEBUG testcase.TC_6.4_1                        - 10: delay(2)
2026-06-08 20:32:01.911 DEBUG testcase.TC_6.4_1                        - 11: selectOptionByValue(css("#addressDropdown"), "4", false)
2026-06-08 20:32:01.913 DEBUG testcase.TC_6.4_1                        - 1: t = new com.kms.katalon.core.testobject.TestObject(sel)
2026-06-08 20:32:01.913 DEBUG testcase.TC_6.4_1                        - 2: t.addProperty("css", EQUALS, sel)
2026-06-08 20:32:01.914 DEBUG testcase.TC_6.4_1                        - 3: return t
2026-06-08 20:32:02.489 DEBUG testcase.TC_6.4_1                        - 12: selectOptionByValue(css("#addressDropdown2"), "4", false)
2026-06-08 20:32:02.489 DEBUG testcase.TC_6.4_1                        - 1: t = new com.kms.katalon.core.testobject.TestObject(sel)
2026-06-08 20:32:02.490 DEBUG testcase.TC_6.4_1                        - 2: t.addProperty("css", EQUALS, sel)
2026-06-08 20:32:02.490 DEBUG testcase.TC_6.4_1                        - 3: return t
2026-06-08 20:32:03.039 DEBUG testcase.TC_6.4_1                        - 13: click(css("#paypal"))
2026-06-08 20:32:03.040 DEBUG testcase.TC_6.4_1                        - 1: t = new com.kms.katalon.core.testobject.TestObject(sel)
2026-06-08 20:32:03.040 DEBUG testcase.TC_6.4_1                        - 2: t.addProperty("css", EQUALS, sel)
2026-06-08 20:32:03.040 DEBUG testcase.TC_6.4_1                        - 3: return t
2026-06-08 20:32:03.338 DEBUG testcase.TC_6.4_1                        - 14: click(css("form[action='Ordine'] .checkout-btn"))
2026-06-08 20:32:03.339 DEBUG testcase.TC_6.4_1                        - 1: t = new com.kms.katalon.core.testobject.TestObject(sel)
2026-06-08 20:32:03.339 DEBUG testcase.TC_6.4_1                        - 2: t.addProperty("css", EQUALS, sel)
2026-06-08 20:32:03.339 DEBUG testcase.TC_6.4_1                        - 3: return t
2026-06-08 20:32:03.643 DEBUG testcase.TC_6.4_1                        - 15: delay(3)
2026-06-08 20:32:06.657 DEBUG testcase.TC_6.4_1                        - 16: click(css("form[action='fattura'] button"))
2026-06-08 20:32:06.657 DEBUG testcase.TC_6.4_1                        - 1: t = new com.kms.katalon.core.testobject.TestObject(sel)
2026-06-08 20:32:06.657 DEBUG testcase.TC_6.4_1                        - 2: t.addProperty("css", EQUALS, sel)
2026-06-08 20:32:06.657 DEBUG testcase.TC_6.4_1                        - 3: return t
2026-06-08 20:32:07.802 DEBUG testcase.TC_6.4_1                        - 17: delay(3)
2026-06-08 20:32:10.806 DEBUG testcase.TC_6.4_1                        - 18: takeScreenshot()
2026-06-08 20:32:11.104 DEBUG testcase.TC_6.4_1                        - 19: verifyTextNotPresent("(?i)Si.*verificato un errore", true, CONTINUE_ON_FAILURE)
2026-06-08 20:32:11.361 DEBUG testcase.TC_6.4_1                        - 20: closeBrowser()
2026-06-08 20:32:11.552 INFO  c.k.katalon.core.main.TestCaseExecutor   - END Test Cases/Ordine/TC_6.4_1
2026-06-08 20:32:11.574 INFO  c.k.katalon.core.main.TestSuiteExecutor  - --------------------
2026-06-08 20:32:11.574 INFO  c.k.katalon.core.main.TestSuiteExecutor  - END Test Suites/Ordine
2026-06-08 20:32:11.574 INFO  c.k.katalon.core.main.TestSuiteExecutor  - ====================
