2026-06-03 16:23:28.560 INFO  c.k.k.c.l.logback.LogbackConfigurator    - Logback default configuration initialized from: C:\Users\gianf\.katalon\packages\KS-11.2.0\configuration\org.eclipse.osgi\151\0\.cp\resources\logback\logback-execution.xml
2026-06-03 16:23:28.563 INFO  c.k.k.c.l.logback.LogbackConfigurator    - Logback custom configuration initialized from: C:\Users\gianf\Documents\Vaporant-IGES\StorageSession\testing\katalon\Vaporant-Baseline\Include\config\log.properties
2026-06-03 16:23:29.067 INFO  c.k.katalon.core.main.TestSuiteExecutor  - START Test Suites/Carrello
2026-06-03 16:23:29.125 INFO  c.k.katalon.core.main.TestSuiteExecutor  - userFullName = Gianfranco Barba
2026-06-03 16:23:29.125 INFO  c.k.katalon.core.main.TestSuiteExecutor  - projectName = Vaporant-Baseline
2026-06-03 16:23:29.126 INFO  c.k.katalon.core.main.TestSuiteExecutor  - hostName = gianf - Gianfranco
2026-06-03 16:23:29.126 INFO  c.k.katalon.core.main.TestSuiteExecutor  - os = Windows 11 64bit
2026-06-03 16:23:29.126 INFO  c.k.katalon.core.main.TestSuiteExecutor  - hostAddress = 26.38.161.220
2026-06-03 16:23:29.127 INFO  c.k.katalon.core.main.TestSuiteExecutor  - katalonVersion = 11.2.0.0
2026-06-03 16:23:29.224 INFO  c.k.katalon.core.main.TestCaseExecutor   - --------------------
2026-06-03 16:23:29.224 INFO  c.k.katalon.core.main.TestCaseExecutor   - START Test Cases/Carrello/TC_5.1_1
2026-06-03 16:23:29.430 DEBUG testcase.TC_5.1_1                        - 1: openBrowser("")
2026-06-03 16:23:29.669 INFO  c.k.k.core.webui.driver.DriverFactory    - Starting 'Chrome' driver
2026-06-03 16:23:29.712 INFO  c.k.k.core.webui.driver.DriverFactory    - Action delay is set to 0 milliseconds
2026-06-03 16:23:31.194 INFO  c.k.k.core.webui.driver.DriverFactory    - sessionId = cb22f869974c698d49db755de52d1bc5
2026-06-03 16:23:31.198 INFO  c.k.k.core.webui.driver.DriverFactory    - browser = Chrome 148.0.7778.179
2026-06-03 16:23:31.199 INFO  c.k.k.core.webui.driver.DriverFactory    - platform = Windows 11
2026-06-03 16:23:31.199 INFO  c.k.k.core.webui.driver.DriverFactory    - seleniumVersion = 4.39.0
2026-06-03 16:23:31.204 INFO  c.k.k.core.webui.driver.DriverFactory    - proxyInformation = ProxyInformation { proxyOption=NO_PROXY, proxyServerType=HTTP, username=, password=********, proxyServerAddress=, proxyServerPort=0, executionList="", isApplyToDesiredCapabilities=true }
2026-06-03 16:23:31.238 DEBUG testcase.TC_5.1_1                        - 2: navigateToUrl(base + "cart?action=addC&id=2")
2026-06-03 16:23:32.534 DEBUG testcase.TC_5.1_1                        - 3: navigateToUrl(base + "CartView.jsp")
2026-06-03 16:23:32.572 DEBUG testcase.TC_5.1_1                        - 4: takeScreenshot()
2026-06-03 16:23:33.112 DEBUG testcase.TC_5.1_1                        - 5: verifyTextPresent("kiwi", false)
2026-06-03 16:23:33.368 DEBUG testcase.TC_5.1_1                        - 6: verifyTextPresent("79.99", false)
2026-06-03 16:23:33.620 DEBUG testcase.TC_5.1_1                        - 7: closeBrowser()
2026-06-03 16:23:33.758 INFO  c.k.katalon.core.main.TestCaseExecutor   - END Test Cases/Carrello/TC_5.1_1
2026-06-03 16:23:33.761 INFO  c.k.katalon.core.main.TestCaseExecutor   - --------------------
2026-06-03 16:23:33.761 INFO  c.k.katalon.core.main.TestCaseExecutor   - START Test Cases/Carrello/TC_5.1_2
2026-06-03 16:23:33.788 DEBUG testcase.TC_5.1_2                        - 1: openBrowser("")
2026-06-03 16:23:33.789 INFO  c.k.k.core.webui.driver.DriverFactory    - Starting 'Chrome' driver
2026-06-03 16:23:33.791 INFO  c.k.k.core.webui.driver.DriverFactory    - Action delay is set to 0 milliseconds
2026-06-03 16:23:34.492 ERROR c.k.k.core.keyword.internal.KeywordMain  - ❌ Unable to open browser with url: '' (Root cause: com.kms.katalon.core.exception.StepFailedException: Unable to open browser with url: ''
	at com.kms.katalon.core.webui.keyword.internal.WebUIKeywordMain.stepFailed(WebUIKeywordMain.groovy:177)
	at com.kms.katalon.core.webui.keyword.internal.WebUIKeywordMain.runKeyword(WebUIKeywordMain.groovy:49)
	at com.kms.katalon.core.webui.keyword.builtin.OpenBrowserKeyword.openBrowser(OpenBrowserKeyword.groovy:69)
	at com.kms.katalon.core.webui.keyword.builtin.OpenBrowserKeyword.execute(OpenBrowserKeyword.groovy:41)
	at com.kms.katalon.core.keyword.internal.KeywordExecutor.executeKeywordForPlatform(KeywordExecutor.groovy:103)
	at com.kms.katalon.core.webui.keyword.WebUiBuiltInKeywords.openBrowser(WebUiBuiltInKeywords.groovy:63)
	at TC_5.1_2.run(TC_5.1_2:5)
	at com.kms.katalon.core.main.ScriptEngine.run(ScriptEngine.java:203)
	at com.kms.katalon.core.main.ScriptEngine.runScriptAsRawText(ScriptEngine.java:115)
	at com.kms.katalon.core.main.TestCaseExecutor.runScript(TestCaseExecutor.java:506)
	at com.kms.katalon.core.main.TestCaseExecutor.doExecute(TestCaseExecutor.java:497)
	at com.kms.katalon.core.main.TestCaseExecutor.processExecutionPhase(TestCaseExecutor.java:476)
	at com.kms.katalon.core.main.TestCaseExecutor.accessMainPhase(TestCaseExecutor.java:468)
	at com.kms.katalon.core.main.TestCaseExecutor.execute(TestCaseExecutor.java:334)
	at com.kms.katalon.core.common.CommonExecutor.accessTestCaseMainPhase(CommonExecutor.java:71)
	at com.kms.katalon.core.main.TestSuiteExecutor.accessTestSuiteMainPhase(TestSuiteExecutor.java:153)
	at com.kms.katalon.core.main.TestSuiteExecutor.execute(TestSuiteExecutor.java:110)
	at com.kms.katalon.core.main.TestCaseMain.startTestSuite(TestCaseMain.java:206)
	at S0603_1.run(S0603_1.groovy:40)
	at java.base/jdk.internal.reflect.DirectMethodHandleAccessor.invoke(DirectMethodHandleAccessor.java:103)
Caused by: org.openqa.selenium.SessionNotCreatedException: Could not start a new session. Response code 500. Message: session not created
from disconnected: unable to connect to renderer 
Host info: host: 'GIANFRANCO', ip: '26.38.161.220'
Build info: version: '4.39.0', revision: '126f156aee'
System info: os.name: 'Windows 11', os.arch: 'amd64', os.version: '10.0', java.version: '21.0.9'
Driver info: com.kms.katalon.selenium.driver.CChromeDriver
Command: [null, newSession {capabilities=[Capabilities {browserName: chrome, goog:chromeOptions: {args: [disable-features=DisableLoa...], extensions: []}, unhandledPromptBehavior: {alert: ignore, beforeUnload: ignore, confirm: ignore, default: ignore, file: ignore, prompt: ignore}, webSocketUrl: true}]}]
	at org.openqa.selenium.remote.ProtocolHandshake.createSession(ProtocolHandshake.java:114)
	at org.openqa.selenium.remote.ProtocolHandshake.createSession(ProtocolHandshake.java:75)
	at org.openqa.selenium.remote.ProtocolHandshake.createSession(ProtocolHandshake.java:61)
	at org.openqa.selenium.remote.HttpCommandExecutor.execute(HttpCommandExecutor.java:187)
	at org.openqa.selenium.remote.service.DriverCommandExecutor.invokeExecute(DriverCommandExecutor.java:216)
	at org.openqa.selenium.remote.service.DriverCommandExecutor.execute(DriverCommandExecutor.java:174)
	at org.openqa.selenium.remote.RemoteWebDriver.execute(RemoteWebDriver.java:561)
	at org.openqa.selenium.remote.RemoteWebDriver.startSession(RemoteWebDriver.java:250)
	at org.openqa.selenium.remote.RemoteWebDriver.<init>(RemoteWebDriver.java:178)
	at org.openqa.selenium.chromium.ChromiumDriver.<init>(ChromiumDriver.java:109)
	at org.openqa.selenium.chrome.ChromeDriver.<init>(ChromeDriver.java:88)
	at org.openqa.selenium.chrome.ChromeDriver.<init>(ChromeDriver.java:83)
	at org.openqa.selenium.chrome.ChromeDriver.<init>(ChromeDriver.java:72)
	at com.kms.katalon.selenium.driver.CChromeDriver.<init>(CChromeDriver.java:15)
	at com.kms.katalon.core.webui.driver.chrome.ChromeDriverBuilder.createDriver(ChromeDriverBuilder.java:60)
	at com.kms.katalon.core.webui.driver.AbstractDriverBuilder.build(AbstractDriverBuilder.java:53)
	at com.kms.katalon.core.webui.driver.DriverFactory.startNewBrowser(DriverFactory.java:248)
	at com.kms.katalon.core.webui.driver.DriverFactory.openWebDriver(DriverFactory.java:147)
	at com.kms.katalon.core.webui.keyword.builtin.OpenBrowserKeyword$_openBrowser_closure1.doCall(OpenBrowserKeyword.groovy:48)
	at com.kms.katalon.core.webui.keyword.builtin.OpenBrowserKeyword$_openBrowser_closure1.call(OpenBrowserKeyword.groovy)
	at com.kms.katalon.core.webui.keyword.internal.WebUIKeywordMain.runKeyword(WebUIKeywordMain.groovy:41)
	at com.kms.katalon.core.webui.keyword.builtin.OpenBrowserKeyword.openBrowser(OpenBrowserKeyword.groovy:69)
	at com.kms.katalon.core.webui.keyword.builtin.OpenBrowserKeyword.execute(OpenBrowserKeyword.groovy:41)
	at com.kms.katalon.core.keyword.internal.KeywordExecutor.executeKeywordForPlatform(KeywordExecutor.groovy:103)
	at com.kms.katalon.core.webui.keyword.WebUiBuiltInKeywords.openBrowser(WebUiBuiltInKeywords.groovy:63)
	at Script1780477834854.run(Script1780477834854.groovy:5)
	... 13 more
)
2026-06-03 16:23:34.496 ERROR c.k.katalon.core.main.TestCaseExecutor   - ❌ Test Cases/Carrello/TC_5.1_2 FAILED.
Reason:
com.kms.katalon.core.exception.StepFailedException: Unable to open browser with url: ''
	at com.kms.katalon.core.webui.keyword.internal.WebUIKeywordMain.stepFailed(WebUIKeywordMain.groovy:177)
	at com.kms.katalon.core.webui.keyword.internal.WebUIKeywordMain.runKeyword(WebUIKeywordMain.groovy:49)
	at com.kms.katalon.core.webui.keyword.builtin.OpenBrowserKeyword.openBrowser(OpenBrowserKeyword.groovy:69)
	at com.kms.katalon.core.webui.keyword.builtin.OpenBrowserKeyword.execute(OpenBrowserKeyword.groovy:41)
	at com.kms.katalon.core.keyword.internal.KeywordExecutor.executeKeywordForPlatform(KeywordExecutor.groovy:103)
	at com.kms.katalon.core.webui.keyword.WebUiBuiltInKeywords.openBrowser(WebUiBuiltInKeywords.groovy:63)
	at TC_5.1_2.run(TC_5.1_2:5)
	at com.kms.katalon.core.main.ScriptEngine.run(ScriptEngine.java:203)
	at com.kms.katalon.core.main.ScriptEngine.runScriptAsRawText(ScriptEngine.java:115)
	at com.kms.katalon.core.main.TestCaseExecutor.runScript(TestCaseExecutor.java:506)
	at com.kms.katalon.core.main.TestCaseExecutor.doExecute(TestCaseExecutor.java:497)
	at com.kms.katalon.core.main.TestCaseExecutor.processExecutionPhase(TestCaseExecutor.java:476)
	at com.kms.katalon.core.main.TestCaseExecutor.accessMainPhase(TestCaseExecutor.java:468)
	at com.kms.katalon.core.main.TestCaseExecutor.execute(TestCaseExecutor.java:334)
	at com.kms.katalon.core.common.CommonExecutor.accessTestCaseMainPhase(CommonExecutor.java:71)
	at com.kms.katalon.core.main.TestSuiteExecutor.accessTestSuiteMainPhase(TestSuiteExecutor.java:153)
	at com.kms.katalon.core.main.TestSuiteExecutor.execute(TestSuiteExecutor.java:110)
	at com.kms.katalon.core.main.TestCaseMain.startTestSuite(TestCaseMain.java:206)
	at S0603_1.run(S0603_1.groovy:40)
	at java.base/jdk.internal.reflect.DirectMethodHandleAccessor.invoke(DirectMethodHandleAccessor.java:103)
Caused by: org.openqa.selenium.SessionNotCreatedException: Could not start a new session. Response code 500. Message: session not created
from disconnected: unable to connect to renderer 
Host info: host: 'GIANFRANCO', ip: '26.38.161.220'
Build info: version: '4.39.0', revision: '126f156aee'
System info: os.name: 'Windows 11', os.arch: 'amd64', os.version: '10.0', java.version: '21.0.9'
Driver info: com.kms.katalon.selenium.driver.CChromeDriver
Command: [null, newSession {capabilities=[Capabilities {browserName: chrome, goog:chromeOptions: {args: [disable-features=DisableLoa...], extensions: []}, unhandledPromptBehavior: {alert: ignore, beforeUnload: ignore, confirm: ignore, default: ignore, file: ignore, prompt: ignore}, webSocketUrl: true}]}]
	at org.openqa.selenium.remote.ProtocolHandshake.createSession(ProtocolHandshake.java:114)
	at org.openqa.selenium.remote.ProtocolHandshake.createSession(ProtocolHandshake.java:75)
	at org.openqa.selenium.remote.ProtocolHandshake.createSession(ProtocolHandshake.java:61)
	at org.openqa.selenium.remote.HttpCommandExecutor.execute(HttpCommandExecutor.java:187)
	at org.openqa.selenium.remote.service.DriverCommandExecutor.invokeExecute(DriverCommandExecutor.java:216)
	at org.openqa.selenium.remote.service.DriverCommandExecutor.execute(DriverCommandExecutor.java:174)
	at org.openqa.selenium.remote.RemoteWebDriver.execute(RemoteWebDriver.java:561)
	at org.openqa.selenium.remote.RemoteWebDriver.startSession(RemoteWebDriver.java:250)
	at org.openqa.selenium.remote.RemoteWebDriver.<init>(RemoteWebDriver.java:178)
	at org.openqa.selenium.chromium.ChromiumDriver.<init>(ChromiumDriver.java:109)
	at org.openqa.selenium.chrome.ChromeDriver.<init>(ChromeDriver.java:88)
	at org.openqa.selenium.chrome.ChromeDriver.<init>(ChromeDriver.java:83)
	at org.openqa.selenium.chrome.ChromeDriver.<init>(ChromeDriver.java:72)
	at com.kms.katalon.selenium.driver.CChromeDriver.<init>(CChromeDriver.java:15)
	at com.kms.katalon.core.webui.driver.chrome.ChromeDriverBuilder.createDriver(ChromeDriverBuilder.java:60)
	at com.kms.katalon.core.webui.driver.AbstractDriverBuilder.build(AbstractDriverBuilder.java:53)
	at com.kms.katalon.core.webui.driver.DriverFactory.startNewBrowser(DriverFactory.java:248)
	at com.kms.katalon.core.webui.driver.DriverFactory.openWebDriver(DriverFactory.java:147)
	at com.kms.katalon.core.webui.keyword.builtin.OpenBrowserKeyword$_openBrowser_closure1.doCall(OpenBrowserKeyword.groovy:48)
	at com.kms.katalon.core.webui.keyword.builtin.OpenBrowserKeyword$_openBrowser_closure1.call(OpenBrowserKeyword.groovy)
	at com.kms.katalon.core.webui.keyword.internal.WebUIKeywordMain.runKeyword(WebUIKeywordMain.groovy:41)
	... 18 more

2026-06-03 16:23:34.497 INFO  c.k.katalon.core.main.TestCaseExecutor   - END Test Cases/Carrello/TC_5.1_2
2026-06-03 16:23:34.499 INFO  c.k.katalon.core.main.TestCaseExecutor   - --------------------
2026-06-03 16:23:34.500 INFO  c.k.katalon.core.main.TestCaseExecutor   - START Test Cases/Carrello/TC_5.1_2 - Retry attempt 1
2026-06-03 16:23:34.506 DEBUG testcase.TC_5.1_2                        - 1: openBrowser("")
2026-06-03 16:23:34.507 INFO  c.k.k.core.webui.driver.DriverFactory    - Starting 'Chrome' driver
2026-06-03 16:23:34.509 INFO  c.k.k.core.webui.driver.DriverFactory    - Action delay is set to 0 milliseconds
2026-06-03 16:23:35.276 INFO  c.k.k.core.webui.driver.DriverFactory    - sessionId = 92a4e38939bd26535d2dbccf875d6b7b
2026-06-03 16:23:35.276 INFO  c.k.k.core.webui.driver.DriverFactory    - browser = Chrome 148.0.7778.179
2026-06-03 16:23:35.277 INFO  c.k.k.core.webui.driver.DriverFactory    - platform = Windows 11
2026-06-03 16:23:35.277 INFO  c.k.k.core.webui.driver.DriverFactory    - seleniumVersion = 4.39.0
2026-06-03 16:23:35.278 INFO  c.k.k.core.webui.driver.DriverFactory    - proxyInformation = ProxyInformation { proxyOption=NO_PROXY, proxyServerType=HTTP, username=, password=********, proxyServerAddress=, proxyServerPort=0, executionList="", isApplyToDesiredCapabilities=true }
2026-06-03 16:23:35.292 DEBUG testcase.TC_5.1_2                        - 2: navigateToUrl(base + "CartView.jsp")
2026-06-03 16:23:37.040 DEBUG testcase.TC_5.1_2                        - 3: takeScreenshot()
2026-06-03 16:23:37.324 DEBUG testcase.TC_5.1_2                        - 4: verifyTextPresent("0.00", false)
2026-06-03 16:23:37.585 DEBUG testcase.TC_5.1_2                        - 5: closeBrowser()
2026-06-03 16:23:37.796 INFO  c.k.katalon.core.main.TestCaseExecutor   - END Test Cases/Carrello/TC_5.1_2
2026-06-03 16:23:37.799 INFO  c.k.katalon.core.main.TestCaseExecutor   - --------------------
2026-06-03 16:23:37.799 INFO  c.k.katalon.core.main.TestCaseExecutor   - START Test Cases/Carrello/TC_5.2_1
2026-06-03 16:23:37.828 DEBUG testcase.TC_5.2_1                        - 1: openBrowser("")
2026-06-03 16:23:37.830 INFO  c.k.k.core.webui.driver.DriverFactory    - Starting 'Chrome' driver
2026-06-03 16:23:37.832 INFO  c.k.k.core.webui.driver.DriverFactory    - Action delay is set to 0 milliseconds
2026-06-03 16:23:38.403 INFO  c.k.k.core.webui.driver.DriverFactory    - sessionId = 60ed90b3f5c76016dadbccea0eaecc85
2026-06-03 16:23:38.404 INFO  c.k.k.core.webui.driver.DriverFactory    - browser = Chrome 148.0.7778.179
2026-06-03 16:23:38.404 INFO  c.k.k.core.webui.driver.DriverFactory    - platform = Windows 11
2026-06-03 16:23:38.405 INFO  c.k.k.core.webui.driver.DriverFactory    - seleniumVersion = 4.39.0
2026-06-03 16:23:38.406 INFO  c.k.k.core.webui.driver.DriverFactory    - proxyInformation = ProxyInformation { proxyOption=NO_PROXY, proxyServerType=HTTP, username=, password=********, proxyServerAddress=, proxyServerPort=0, executionList="", isApplyToDesiredCapabilities=true }
2026-06-03 16:23:38.418 DEBUG testcase.TC_5.2_1                        - 2: navigateToUrl(base + "cart?action=addC&id=2")
2026-06-03 16:23:39.310 DEBUG testcase.TC_5.2_1                        - 3: navigateToUrl(base + "CartView.jsp")
2026-06-03 16:23:39.394 DEBUG testcase.TC_5.2_1                        - 4: takeScreenshot()
2026-06-03 16:23:39.899 DEBUG testcase.TC_5.2_1                        - 5: verifyTextPresent("kiwi", false)
2026-06-03 16:23:40.150 DEBUG testcase.TC_5.2_1                        - 6: closeBrowser()
2026-06-03 16:23:40.298 INFO  c.k.katalon.core.main.TestCaseExecutor   - END Test Cases/Carrello/TC_5.2_1
2026-06-03 16:23:40.300 INFO  c.k.katalon.core.main.TestCaseExecutor   - --------------------
2026-06-03 16:23:40.300 INFO  c.k.katalon.core.main.TestCaseExecutor   - START Test Cases/Carrello/TC_5.2_2
2026-06-03 16:23:40.326 DEBUG testcase.TC_5.2_2                        - 1: openBrowser("")
2026-06-03 16:23:40.327 INFO  c.k.k.core.webui.driver.DriverFactory    - Starting 'Chrome' driver
2026-06-03 16:23:40.329 INFO  c.k.k.core.webui.driver.DriverFactory    - Action delay is set to 0 milliseconds
2026-06-03 16:23:41.077 INFO  c.k.k.core.webui.driver.DriverFactory    - sessionId = cdae81e9d75b44676f7cd34d798b2891
2026-06-03 16:23:41.078 INFO  c.k.k.core.webui.driver.DriverFactory    - browser = Chrome 148.0.7778.179
2026-06-03 16:23:41.078 INFO  c.k.k.core.webui.driver.DriverFactory    - platform = Windows 11
2026-06-03 16:23:41.078 INFO  c.k.k.core.webui.driver.DriverFactory    - seleniumVersion = 4.39.0
2026-06-03 16:23:41.078 INFO  c.k.k.core.webui.driver.DriverFactory    - proxyInformation = ProxyInformation { proxyOption=NO_PROXY, proxyServerType=HTTP, username=, password=********, proxyServerAddress=, proxyServerPort=0, executionList="", isApplyToDesiredCapabilities=true }
2026-06-03 16:23:41.089 DEBUG testcase.TC_5.2_2                        - 2: navigateToUrl(base + "cart?action=addC&id=2")
2026-06-03 16:23:41.965 DEBUG testcase.TC_5.2_2                        - 3: navigateToUrl(base + "cart?action=addC&id=2")
2026-06-03 16:23:42.013 DEBUG testcase.TC_5.2_2                        - 4: navigateToUrl(base + "CartView.jsp")
2026-06-03 16:23:42.039 DEBUG testcase.TC_5.2_2                        - 5: takeScreenshot()
2026-06-03 16:23:42.520 DEBUG testcase.TC_5.2_2                        - 6: verifyTextPresent("kiwi", false)
2026-06-03 16:23:42.760 DEBUG testcase.TC_5.2_2                        - 7: closeBrowser()
2026-06-03 16:23:42.918 INFO  c.k.katalon.core.main.TestCaseExecutor   - END Test Cases/Carrello/TC_5.2_2
2026-06-03 16:23:42.922 INFO  c.k.katalon.core.main.TestCaseExecutor   - --------------------
2026-06-03 16:23:42.922 INFO  c.k.katalon.core.main.TestCaseExecutor   - START Test Cases/Carrello/TC_5.2_3
2026-06-03 16:23:42.970 DEBUG testcase.TC_5.2_3                        - 1: openBrowser("")
2026-06-03 16:23:42.971 INFO  c.k.k.core.webui.driver.DriverFactory    - Starting 'Chrome' driver
2026-06-03 16:23:42.973 INFO  c.k.k.core.webui.driver.DriverFactory    - Action delay is set to 0 milliseconds
2026-06-03 16:23:43.676 INFO  c.k.k.core.webui.driver.DriverFactory    - sessionId = 709b6a5985634255a6888c5f3b2826e7
2026-06-03 16:23:43.676 INFO  c.k.k.core.webui.driver.DriverFactory    - browser = Chrome 148.0.7778.179
2026-06-03 16:23:43.678 INFO  c.k.k.core.webui.driver.DriverFactory    - platform = Windows 11
2026-06-03 16:23:43.678 INFO  c.k.k.core.webui.driver.DriverFactory    - seleniumVersion = 4.39.0
2026-06-03 16:23:43.678 INFO  c.k.k.core.webui.driver.DriverFactory    - proxyInformation = ProxyInformation { proxyOption=NO_PROXY, proxyServerType=HTTP, username=, password=********, proxyServerAddress=, proxyServerPort=0, executionList="", isApplyToDesiredCapabilities=true }
2026-06-03 16:23:43.689 DEBUG testcase.TC_5.2_3                        - 2: for ([i = 0, i < 6, (i++)])
2026-06-03 16:23:43.690 DEBUG testcase.TC_5.2_3                        - 1: navigateToUrl(base + "cart?action=addC&id=3")
2026-06-03 16:23:45.458 DEBUG testcase.TC_5.2_3                        - 1: navigateToUrl(base + "cart?action=addC&id=3")
2026-06-03 16:23:45.502 DEBUG testcase.TC_5.2_3                        - 1: navigateToUrl(base + "cart?action=addC&id=3")
2026-06-03 16:23:45.539 DEBUG testcase.TC_5.2_3                        - 1: navigateToUrl(base + "cart?action=addC&id=3")
2026-06-03 16:23:45.575 DEBUG testcase.TC_5.2_3                        - 1: navigateToUrl(base + "cart?action=addC&id=3")
2026-06-03 16:23:45.628 DEBUG testcase.TC_5.2_3                        - 1: navigateToUrl(base + "cart?action=addC&id=3")
2026-06-03 16:23:45.665 DEBUG testcase.TC_5.2_3                        - 3: navigateToUrl(base + "CartView.jsp")
2026-06-03 16:23:45.697 DEBUG testcase.TC_5.2_3                        - 4: takeScreenshot()
2026-06-03 16:23:46.184 DEBUG testcase.TC_5.2_3                        - 5: verifyTextPresent("voopoo", false)
2026-06-03 16:23:46.438 DEBUG testcase.TC_5.2_3                        - 6: closeBrowser()
2026-06-03 16:23:46.613 INFO  c.k.katalon.core.main.TestCaseExecutor   - END Test Cases/Carrello/TC_5.2_3
2026-06-03 16:23:46.615 INFO  c.k.katalon.core.main.TestCaseExecutor   - --------------------
2026-06-03 16:23:46.615 INFO  c.k.katalon.core.main.TestCaseExecutor   - START Test Cases/Carrello/TC_5.2_4
2026-06-03 16:23:46.648 DEBUG testcase.TC_5.2_4                        - 1: openBrowser("")
2026-06-03 16:23:46.649 INFO  c.k.k.core.webui.driver.DriverFactory    - Starting 'Chrome' driver
2026-06-03 16:23:46.651 INFO  c.k.k.core.webui.driver.DriverFactory    - Action delay is set to 0 milliseconds
2026-06-03 16:23:47.230 INFO  c.k.k.core.webui.driver.DriverFactory    - sessionId = 64f354b739f3a9134a46dba4f9fb48c8
2026-06-03 16:23:47.230 INFO  c.k.k.core.webui.driver.DriverFactory    - browser = Chrome 148.0.7778.179
2026-06-03 16:23:47.230 INFO  c.k.k.core.webui.driver.DriverFactory    - platform = Windows 11
2026-06-03 16:23:47.233 INFO  c.k.k.core.webui.driver.DriverFactory    - seleniumVersion = 4.39.0
2026-06-03 16:23:47.233 INFO  c.k.k.core.webui.driver.DriverFactory    - proxyInformation = ProxyInformation { proxyOption=NO_PROXY, proxyServerType=HTTP, username=, password=********, proxyServerAddress=, proxyServerPort=0, executionList="", isApplyToDesiredCapabilities=true }
2026-06-03 16:23:47.245 DEBUG testcase.TC_5.2_4                        - 2: navigateToUrl(base + "cart?action=addC&id=999")
2026-06-03 16:23:48.097 DEBUG testcase.TC_5.2_4                        - 3: navigateToUrl(base + "CartView.jsp")
2026-06-03 16:23:48.614 DEBUG testcase.TC_5.2_4                        - 4: takeScreenshot()
2026-06-03 16:23:48.988 DEBUG testcase.TC_5.2_4                        - 5: markWarning("Robustezza: verificare se e' stato aggiunto un prodotto \"vuoto\" (bean di default) al carrello.")
2026-06-03 16:23:48.991 WARN  com.kms.katalon.core.util.KeywordUtil    - Robustezza: verificare se e' stato aggiunto un prodotto "vuoto" (bean di default) al carrello.
2026-06-03 16:23:48.991 DEBUG testcase.TC_5.2_4                        - 6: closeBrowser()
2026-06-03 16:23:49.129 INFO  c.k.katalon.core.main.TestCaseExecutor   - END Test Cases/Carrello/TC_5.2_4
2026-06-03 16:23:49.132 INFO  c.k.katalon.core.main.TestCaseExecutor   - --------------------
2026-06-03 16:23:49.132 INFO  c.k.katalon.core.main.TestCaseExecutor   - START Test Cases/Carrello/TC_5.3_1
2026-06-03 16:23:49.161 DEBUG testcase.TC_5.3_1                        - 1: openBrowser("")
2026-06-03 16:23:49.162 INFO  c.k.k.core.webui.driver.DriverFactory    - Starting 'Chrome' driver
2026-06-03 16:23:49.163 INFO  c.k.k.core.webui.driver.DriverFactory    - Action delay is set to 0 milliseconds
2026-06-03 16:23:49.833 INFO  c.k.k.core.webui.driver.DriverFactory    - sessionId = 4f1f6c72a856b4d23b272d0841f6bf19
2026-06-03 16:23:49.833 INFO  c.k.k.core.webui.driver.DriverFactory    - browser = Chrome 148.0.7778.179
2026-06-03 16:23:49.833 INFO  c.k.k.core.webui.driver.DriverFactory    - platform = Windows 11
2026-06-03 16:23:49.833 INFO  c.k.k.core.webui.driver.DriverFactory    - seleniumVersion = 4.39.0
2026-06-03 16:23:49.833 INFO  c.k.k.core.webui.driver.DriverFactory    - proxyInformation = ProxyInformation { proxyOption=NO_PROXY, proxyServerType=HTTP, username=, password=********, proxyServerAddress=, proxyServerPort=0, executionList="", isApplyToDesiredCapabilities=true }
2026-06-03 16:23:49.842 DEBUG testcase.TC_5.3_1                        - 2: navigateToUrl(base + "cart?action=addC&id=2")
2026-06-03 16:23:50.659 DEBUG testcase.TC_5.3_1                        - 3: navigateToUrl(base + "cart?action=deleteC&id=2")
2026-06-03 16:23:50.698 DEBUG testcase.TC_5.3_1                        - 4: navigateToUrl(base + "CartView.jsp")
2026-06-03 16:23:50.727 DEBUG testcase.TC_5.3_1                        - 5: takeScreenshot()
2026-06-03 16:23:51.225 DEBUG testcase.TC_5.3_1                        - 6: verifyTextNotPresent("kiwi", false)
2026-06-03 16:23:51.471 DEBUG testcase.TC_5.3_1                        - 7: closeBrowser()
2026-06-03 16:23:51.583 INFO  c.k.katalon.core.main.TestCaseExecutor   - END Test Cases/Carrello/TC_5.3_1
2026-06-03 16:23:51.588 INFO  c.k.katalon.core.main.TestCaseExecutor   - --------------------
2026-06-03 16:23:51.588 INFO  c.k.katalon.core.main.TestCaseExecutor   - START Test Cases/Carrello/TC_5.3_2
2026-06-03 16:23:51.614 DEBUG testcase.TC_5.3_2                        - 1: openBrowser("")
2026-06-03 16:23:51.616 INFO  c.k.k.core.webui.driver.DriverFactory    - Starting 'Chrome' driver
2026-06-03 16:23:51.617 INFO  c.k.k.core.webui.driver.DriverFactory    - Action delay is set to 0 milliseconds
2026-06-03 16:23:52.362 INFO  c.k.k.core.webui.driver.DriverFactory    - sessionId = aa59ee80d16bfb328e43eb6fd864e2d4
2026-06-03 16:23:52.362 INFO  c.k.k.core.webui.driver.DriverFactory    - browser = Chrome 148.0.7778.179
2026-06-03 16:23:52.362 INFO  c.k.k.core.webui.driver.DriverFactory    - platform = Windows 11
2026-06-03 16:23:52.362 INFO  c.k.k.core.webui.driver.DriverFactory    - seleniumVersion = 4.39.0
2026-06-03 16:23:52.362 INFO  c.k.k.core.webui.driver.DriverFactory    - proxyInformation = ProxyInformation { proxyOption=NO_PROXY, proxyServerType=HTTP, username=, password=********, proxyServerAddress=, proxyServerPort=0, executionList="", isApplyToDesiredCapabilities=true }
2026-06-03 16:23:52.376 DEBUG testcase.TC_5.3_2                        - 2: navigateToUrl(base + "cart?action=addC&id=2")
2026-06-03 16:23:53.760 DEBUG testcase.TC_5.3_2                        - 3: navigateToUrl(base + "cart?action=deleteC&id=3")
2026-06-03 16:23:53.801 DEBUG testcase.TC_5.3_2                        - 4: navigateToUrl(base + "CartView.jsp")
2026-06-03 16:23:53.827 DEBUG testcase.TC_5.3_2                        - 5: takeScreenshot()
2026-06-03 16:23:54.331 DEBUG testcase.TC_5.3_2                        - 6: verifyTextPresent("kiwi", false)
2026-06-03 16:23:54.570 DEBUG testcase.TC_5.3_2                        - 7: closeBrowser()
2026-06-03 16:23:54.733 INFO  c.k.katalon.core.main.TestCaseExecutor   - END Test Cases/Carrello/TC_5.3_2
2026-06-03 16:23:54.737 INFO  c.k.katalon.core.main.TestCaseExecutor   - --------------------
2026-06-03 16:23:54.737 INFO  c.k.katalon.core.main.TestCaseExecutor   - START Test Cases/Carrello/TC_5.4_1
2026-06-03 16:23:54.764 DEBUG testcase.TC_5.4_1                        - 1: openBrowser("")
2026-06-03 16:23:54.766 INFO  c.k.k.core.webui.driver.DriverFactory    - Starting 'Chrome' driver
2026-06-03 16:23:54.767 INFO  c.k.k.core.webui.driver.DriverFactory    - Action delay is set to 0 milliseconds
2026-06-03 16:23:55.750 INFO  c.k.k.core.webui.driver.DriverFactory    - sessionId = 9348b39e6ae094e0dd20765138ccae32
2026-06-03 16:23:55.751 INFO  c.k.k.core.webui.driver.DriverFactory    - browser = Chrome 148.0.7778.179
2026-06-03 16:23:55.751 INFO  c.k.k.core.webui.driver.DriverFactory    - platform = Windows 11
2026-06-03 16:23:55.751 INFO  c.k.k.core.webui.driver.DriverFactory    - seleniumVersion = 4.39.0
2026-06-03 16:23:55.751 INFO  c.k.k.core.webui.driver.DriverFactory    - proxyInformation = ProxyInformation { proxyOption=NO_PROXY, proxyServerType=HTTP, username=, password=********, proxyServerAddress=, proxyServerPort=0, executionList="", isApplyToDesiredCapabilities=true }
2026-06-03 16:23:55.760 DEBUG testcase.TC_5.4_1                        - 2: navigateToUrl(base + "cart?action=addC&id=2")
2026-06-03 16:24:00.839 DEBUG testcase.TC_5.4_1                        - 3: navigateToUrl(base + "cart?action=aggiorna&id=2&quantita=3")
2026-06-03 16:24:00.891 DEBUG testcase.TC_5.4_1                        - 4: navigateToUrl(base + "CartView.jsp")
2026-06-03 16:24:00.915 DEBUG testcase.TC_5.4_1                        - 5: takeScreenshot()
2026-06-03 16:24:01.404 DEBUG testcase.TC_5.4_1                        - 6: verifyTextPresent("239.97", false)
2026-06-03 16:24:01.647 DEBUG testcase.TC_5.4_1                        - 7: closeBrowser()
2026-06-03 16:24:01.829 INFO  c.k.katalon.core.main.TestCaseExecutor   - END Test Cases/Carrello/TC_5.4_1
2026-06-03 16:24:01.832 INFO  c.k.katalon.core.main.TestCaseExecutor   - --------------------
2026-06-03 16:24:01.832 INFO  c.k.katalon.core.main.TestCaseExecutor   - START Test Cases/Carrello/TC_5.4_2
2026-06-03 16:24:01.849 DEBUG testcase.TC_5.4_2                        - 1: markWarning("Caso manuale: nel carrello impostare quantita=0 e cliccare Aggiorna. Atteso: il browser blocca l'invio (min=1).")
2026-06-03 16:24:01.849 WARN  com.kms.katalon.core.util.KeywordUtil    - Caso manuale: nel carrello impostare quantita=0 e cliccare Aggiorna. Atteso: il browser blocca l'invio (min=1).
2026-06-03 16:24:01.850 INFO  c.k.katalon.core.main.TestCaseExecutor   - END Test Cases/Carrello/TC_5.4_2
2026-06-03 16:24:01.852 INFO  c.k.katalon.core.main.TestCaseExecutor   - --------------------
2026-06-03 16:24:01.852 INFO  c.k.katalon.core.main.TestCaseExecutor   - START Test Cases/Carrello/TC_5.4_3
2026-06-03 16:24:01.868 DEBUG testcase.TC_5.4_3                        - 1: markWarning("Caso manuale: nel carrello impostare quantita=30 (stock 25) e cliccare Aggiorna. Atteso: il browser blocca l'invio (max=25). Robustezza: il server non valida la disponibilita'.")
2026-06-03 16:24:01.869 WARN  com.kms.katalon.core.util.KeywordUtil    - Caso manuale: nel carrello impostare quantita=30 (stock 25) e cliccare Aggiorna. Atteso: il browser blocca l'invio (max=25). Robustezza: il server non valida la disponibilita'.
2026-06-03 16:24:01.870 INFO  c.k.katalon.core.main.TestCaseExecutor   - END Test Cases/Carrello/TC_5.4_3
2026-06-03 16:24:01.871 INFO  c.k.katalon.core.main.TestCaseExecutor   - --------------------
2026-06-03 16:24:01.871 INFO  c.k.katalon.core.main.TestCaseExecutor   - START Test Cases/Carrello/TC_5.4_4
2026-06-03 16:24:01.886 DEBUG testcase.TC_5.4_4                        - 1: markWarning("Caso manuale: nel carrello svuotare il campo quantita e cliccare Aggiorna. Atteso: il browser blocca l'invio (required).")
2026-06-03 16:24:01.889 WARN  com.kms.katalon.core.util.KeywordUtil    - Caso manuale: nel carrello svuotare il campo quantita e cliccare Aggiorna. Atteso: il browser blocca l'invio (required).
2026-06-03 16:24:01.889 INFO  c.k.katalon.core.main.TestCaseExecutor   - END Test Cases/Carrello/TC_5.4_4
2026-06-03 16:24:01.891 INFO  c.k.katalon.core.main.TestCaseExecutor   - --------------------
2026-06-03 16:24:01.891 INFO  c.k.katalon.core.main.TestCaseExecutor   - START Test Cases/Carrello/TC_5.4_5
2026-06-03 16:24:01.908 DEBUG testcase.TC_5.4_5                        - 1: markWarning("Caso manuale: nel carrello inserire quantita=abc e cliccare Aggiorna. Atteso: il browser blocca l'invio (type=number).")
2026-06-03 16:24:01.909 WARN  com.kms.katalon.core.util.KeywordUtil    - Caso manuale: nel carrello inserire quantita=abc e cliccare Aggiorna. Atteso: il browser blocca l'invio (type=number).
2026-06-03 16:24:01.910 INFO  c.k.katalon.core.main.TestCaseExecutor   - END Test Cases/Carrello/TC_5.4_5
2026-06-03 16:24:01.927 INFO  c.k.katalon.core.main.TestSuiteExecutor  - --------------------
2026-06-03 16:24:01.927 INFO  c.k.katalon.core.main.TestSuiteExecutor  - END Test Suites/Carrello
2026-06-03 16:24:01.927 INFO  c.k.katalon.core.main.TestSuiteExecutor  - ====================
