2026-06-08 20:30:14.237 INFO  c.k.k.c.l.logback.LogbackConfigurator    - Logback default configuration initialized from: C:\Users\gianf\.katalon\packages\KS-11.2.0\configuration\org.eclipse.osgi\151\0\.cp\resources\logback\logback-execution.xml
2026-06-08 20:30:14.239 INFO  c.k.k.c.l.logback.LogbackConfigurator    - Logback custom configuration initialized from: C:\Users\gianf\Documents\Vaporant-IGES\StorageSession\testing\katalon\Vaporant-Baseline\Include\config\log.properties
2026-06-08 20:30:15.093 INFO  c.k.katalon.core.main.TestSuiteExecutor  - START Test Suites/Prodotti
2026-06-08 20:30:15.162 INFO  c.k.katalon.core.main.TestSuiteExecutor  - userFullName = Gianfranco Barba
2026-06-08 20:30:15.163 INFO  c.k.katalon.core.main.TestSuiteExecutor  - projectName = Vaporant-Baseline
2026-06-08 20:30:15.163 INFO  c.k.katalon.core.main.TestSuiteExecutor  - hostName = gianf - Gianfranco
2026-06-08 20:30:15.164 INFO  c.k.katalon.core.main.TestSuiteExecutor  - os = Windows 11 64bit
2026-06-08 20:30:15.164 INFO  c.k.katalon.core.main.TestSuiteExecutor  - hostAddress = 26.38.161.220
2026-06-08 20:30:15.165 INFO  c.k.katalon.core.main.TestSuiteExecutor  - katalonVersion = 11.2.0.0
2026-06-08 20:30:15.270 INFO  c.k.katalon.core.main.TestCaseExecutor   - --------------------
2026-06-08 20:30:15.270 INFO  c.k.katalon.core.main.TestCaseExecutor   - START Test Cases/Prodotti/TC_7.1_1
2026-06-08 20:30:15.530 INFO  com.kms.katalon.core.util.KeywordUtil    - Seed ripristinato prima di: Test Cases/Prodotti/TC_7.1_1
2026-06-08 20:30:15.593 DEBUG testcase.TC_7.1_1                        - 1: openBrowser("")
2026-06-08 20:30:15.874 INFO  c.k.k.core.webui.driver.DriverFactory    - Starting 'Chrome' driver
2026-06-08 20:30:15.922 INFO  c.k.k.core.webui.driver.DriverFactory    - Action delay is set to 0 milliseconds
2026-06-08 20:30:17.400 INFO  c.k.k.core.webui.driver.DriverFactory    - sessionId = 628731eba234949e5fb07d188c6c2aca
2026-06-08 20:30:17.401 INFO  c.k.k.core.webui.driver.DriverFactory    - browser = Chrome 148.0.7778.179
2026-06-08 20:30:17.401 INFO  c.k.k.core.webui.driver.DriverFactory    - platform = Windows 11
2026-06-08 20:30:17.402 INFO  c.k.k.core.webui.driver.DriverFactory    - seleniumVersion = 4.39.0
2026-06-08 20:30:17.408 INFO  c.k.k.core.webui.driver.DriverFactory    - proxyInformation = ProxyInformation { proxyOption=NO_PROXY, proxyServerType=HTTP, username=, password=********, proxyServerAddress=, proxyServerPort=0, executionList="", isApplyToDesiredCapabilities=true }
2026-06-08 20:30:17.442 DEBUG testcase.TC_7.1_1                        - 2: navigateToUrl(base + "loginForm.jsp")
2026-06-08 20:30:17.891 DEBUG testcase.TC_7.1_1                        - 3: setText(css("#email"), "g.barba14@studenti.unisa.it")
2026-06-08 20:30:17.893 DEBUG testcase.TC_7.1_1                        - 1: t = new com.kms.katalon.core.testobject.TestObject(sel)
2026-06-08 20:30:17.901 DEBUG testcase.TC_7.1_1                        - 2: t.addProperty("css", EQUALS, sel)
2026-06-08 20:30:17.910 DEBUG testcase.TC_7.1_1                        - 3: return t
2026-06-08 20:30:18.617 DEBUG testcase.TC_7.1_1                        - 4: setText(css("#password"), "ABC123.")
2026-06-08 20:30:18.618 DEBUG testcase.TC_7.1_1                        - 1: t = new com.kms.katalon.core.testobject.TestObject(sel)
2026-06-08 20:30:18.619 DEBUG testcase.TC_7.1_1                        - 2: t.addProperty("css", EQUALS, sel)
2026-06-08 20:30:18.620 DEBUG testcase.TC_7.1_1                        - 3: return t
2026-06-08 20:30:19.222 DEBUG testcase.TC_7.1_1                        - 5: click(css("#submit"))
2026-06-08 20:30:19.223 DEBUG testcase.TC_7.1_1                        - 1: t = new com.kms.katalon.core.testobject.TestObject(sel)
2026-06-08 20:30:19.223 DEBUG testcase.TC_7.1_1                        - 2: t.addProperty("css", EQUALS, sel)
2026-06-08 20:30:19.223 DEBUG testcase.TC_7.1_1                        - 3: return t
2026-06-08 20:30:19.539 DEBUG testcase.TC_7.1_1                        - 6: delay(2)
2026-06-08 20:30:21.577 DEBUG testcase.TC_7.1_1                        - 7: navigateToUrl(base + "product")
2026-06-08 20:30:21.656 DEBUG testcase.TC_7.1_1                        - 8: delay(2)
2026-06-08 20:30:23.661 DEBUG testcase.TC_7.1_1                        - 9: setText(css("[name='name']"), "Test Pod")
2026-06-08 20:30:23.663 DEBUG testcase.TC_7.1_1                        - 1: t = new com.kms.katalon.core.testobject.TestObject(sel)
2026-06-08 20:30:23.665 DEBUG testcase.TC_7.1_1                        - 2: t.addProperty("css", EQUALS, sel)
2026-06-08 20:30:23.666 DEBUG testcase.TC_7.1_1                        - 3: return t
2026-06-08 20:30:24.303 DEBUG testcase.TC_7.1_1                        - 10: setText(css("[name='description']"), "Pod di prova")
2026-06-08 20:30:24.303 DEBUG testcase.TC_7.1_1                        - 1: t = new com.kms.katalon.core.testobject.TestObject(sel)
2026-06-08 20:30:24.305 DEBUG testcase.TC_7.1_1                        - 2: t.addProperty("css", EQUALS, sel)
2026-06-08 20:30:24.305 DEBUG testcase.TC_7.1_1                        - 3: return t
2026-06-08 20:30:24.884 DEBUG testcase.TC_7.1_1                        - 11: setText(css("[name='tipo']"), "Svapo")
2026-06-08 20:30:24.885 DEBUG testcase.TC_7.1_1                        - 1: t = new com.kms.katalon.core.testobject.TestObject(sel)
2026-06-08 20:30:24.885 DEBUG testcase.TC_7.1_1                        - 2: t.addProperty("css", EQUALS, sel)
2026-06-08 20:30:24.885 DEBUG testcase.TC_7.1_1                        - 3: return t
2026-06-08 20:30:25.453 DEBUG testcase.TC_7.1_1                        - 12: setText(css("[name='colore']"), "Nero")
2026-06-08 20:30:25.454 DEBUG testcase.TC_7.1_1                        - 1: t = new com.kms.katalon.core.testobject.TestObject(sel)
2026-06-08 20:30:25.454 DEBUG testcase.TC_7.1_1                        - 2: t.addProperty("css", EQUALS, sel)
2026-06-08 20:30:25.455 DEBUG testcase.TC_7.1_1                        - 3: return t
2026-06-08 20:30:26.042 DEBUG testcase.TC_7.1_1                        - 13: executeJavaScript("document.querySelector(\"[name='price']\").value='30.00'", null)
2026-06-08 20:30:26.054 DEBUG testcase.TC_7.1_1                        - 14: executeJavaScript("document.querySelector(\"[name='quantity']\").value='10'", null)
2026-06-08 20:30:26.059 DEBUG testcase.TC_7.1_1                        - 15: click(css("input[value='Aggiungi']"))
2026-06-08 20:30:26.060 DEBUG testcase.TC_7.1_1                        - 1: t = new com.kms.katalon.core.testobject.TestObject(sel)
2026-06-08 20:30:26.060 DEBUG testcase.TC_7.1_1                        - 2: t.addProperty("css", EQUALS, sel)
2026-06-08 20:30:26.060 DEBUG testcase.TC_7.1_1                        - 3: return t
2026-06-08 20:30:26.368 DEBUG testcase.TC_7.1_1                        - 16: delay(2)
2026-06-08 20:30:28.376 DEBUG testcase.TC_7.1_1                        - 17: takeScreenshot()
2026-06-08 20:30:28.847 DEBUG testcase.TC_7.1_1                        - 18: verifyTextPresent("(?i)Test Pod", true)
2026-06-08 20:30:29.102 DEBUG testcase.TC_7.1_1                        - 19: closeBrowser()
2026-06-08 20:30:29.234 INFO  c.k.katalon.core.main.TestCaseExecutor   - END Test Cases/Prodotti/TC_7.1_1
2026-06-08 20:30:29.238 INFO  c.k.katalon.core.main.TestCaseExecutor   - --------------------
2026-06-08 20:30:29.238 INFO  c.k.katalon.core.main.TestCaseExecutor   - START Test Cases/Prodotti/TC_7.1_2
2026-06-08 20:30:29.321 INFO  com.kms.katalon.core.util.KeywordUtil    - Seed ripristinato prima di: Test Cases/Prodotti/TC_7.1_2
2026-06-08 20:30:29.368 DEBUG testcase.TC_7.1_2                        - 1: openBrowser("")
2026-06-08 20:30:29.369 INFO  c.k.k.core.webui.driver.DriverFactory    - Starting 'Chrome' driver
2026-06-08 20:30:29.370 INFO  c.k.k.core.webui.driver.DriverFactory    - Action delay is set to 0 milliseconds
2026-06-08 20:30:30.145 INFO  c.k.k.core.webui.driver.DriverFactory    - sessionId = 766f445833e25a4f57c74d6db0ef99c8
2026-06-08 20:30:30.146 INFO  c.k.k.core.webui.driver.DriverFactory    - browser = Chrome 148.0.7778.179
2026-06-08 20:30:30.146 INFO  c.k.k.core.webui.driver.DriverFactory    - platform = Windows 11
2026-06-08 20:30:30.146 INFO  c.k.k.core.webui.driver.DriverFactory    - seleniumVersion = 4.39.0
2026-06-08 20:30:30.146 INFO  c.k.k.core.webui.driver.DriverFactory    - proxyInformation = ProxyInformation { proxyOption=NO_PROXY, proxyServerType=HTTP, username=, password=********, proxyServerAddress=, proxyServerPort=0, executionList="", isApplyToDesiredCapabilities=true }
2026-06-08 20:30:30.162 DEBUG testcase.TC_7.1_2                        - 2: navigateToUrl(base + "loginForm.jsp")
2026-06-08 20:30:30.485 DEBUG testcase.TC_7.1_2                        - 3: setText(css("#email"), "g.barba14@studenti.unisa.it")
2026-06-08 20:30:30.488 DEBUG testcase.TC_7.1_2                        - 1: t = new com.kms.katalon.core.testobject.TestObject(sel)
2026-06-08 20:30:30.489 DEBUG testcase.TC_7.1_2                        - 2: t.addProperty("css", EQUALS, sel)
2026-06-08 20:30:30.490 DEBUG testcase.TC_7.1_2                        - 3: return t
2026-06-08 20:30:31.178 DEBUG testcase.TC_7.1_2                        - 4: setText(css("#password"), "ABC123.")
2026-06-08 20:30:31.179 DEBUG testcase.TC_7.1_2                        - 1: t = new com.kms.katalon.core.testobject.TestObject(sel)
2026-06-08 20:30:31.179 DEBUG testcase.TC_7.1_2                        - 2: t.addProperty("css", EQUALS, sel)
2026-06-08 20:30:31.179 DEBUG testcase.TC_7.1_2                        - 3: return t
2026-06-08 20:30:31.723 DEBUG testcase.TC_7.1_2                        - 5: click(css("#submit"))
2026-06-08 20:30:31.725 DEBUG testcase.TC_7.1_2                        - 1: t = new com.kms.katalon.core.testobject.TestObject(sel)
2026-06-08 20:30:31.725 DEBUG testcase.TC_7.1_2                        - 2: t.addProperty("css", EQUALS, sel)
2026-06-08 20:30:31.725 DEBUG testcase.TC_7.1_2                        - 3: return t
2026-06-08 20:30:32.029 DEBUG testcase.TC_7.1_2                        - 6: delay(2)
2026-06-08 20:30:34.041 DEBUG testcase.TC_7.1_2                        - 7: navigateToUrl(base + "product")
2026-06-08 20:30:34.102 DEBUG testcase.TC_7.1_2                        - 8: delay(2)
2026-06-08 20:30:36.117 DEBUG testcase.TC_7.1_2                        - 9: setText(css("[name='description']"), "Pod di prova")
2026-06-08 20:30:36.120 DEBUG testcase.TC_7.1_2                        - 1: t = new com.kms.katalon.core.testobject.TestObject(sel)
2026-06-08 20:30:36.122 DEBUG testcase.TC_7.1_2                        - 2: t.addProperty("css", EQUALS, sel)
2026-06-08 20:30:36.123 DEBUG testcase.TC_7.1_2                        - 3: return t
2026-06-08 20:30:36.727 DEBUG testcase.TC_7.1_2                        - 10: setText(css("[name='tipo']"), "Svapo")
2026-06-08 20:30:36.728 DEBUG testcase.TC_7.1_2                        - 1: t = new com.kms.katalon.core.testobject.TestObject(sel)
2026-06-08 20:30:36.728 DEBUG testcase.TC_7.1_2                        - 2: t.addProperty("css", EQUALS, sel)
2026-06-08 20:30:36.729 DEBUG testcase.TC_7.1_2                        - 3: return t
2026-06-08 20:30:37.319 DEBUG testcase.TC_7.1_2                        - 11: setText(css("[name='colore']"), "Nero")
2026-06-08 20:30:37.320 DEBUG testcase.TC_7.1_2                        - 1: t = new com.kms.katalon.core.testobject.TestObject(sel)
2026-06-08 20:30:37.320 DEBUG testcase.TC_7.1_2                        - 2: t.addProperty("css", EQUALS, sel)
2026-06-08 20:30:37.321 DEBUG testcase.TC_7.1_2                        - 3: return t
2026-06-08 20:30:37.904 DEBUG testcase.TC_7.1_2                        - 12: executeJavaScript("document.querySelector(\"[name='price']\").value='30.00'", null)
2026-06-08 20:30:37.912 DEBUG testcase.TC_7.1_2                        - 13: executeJavaScript("document.querySelector(\"[name='quantity']\").value='10'", null)
2026-06-08 20:30:37.919 DEBUG testcase.TC_7.1_2                        - 14: valid = executeJavaScript("return document.querySelector(\"[name='name']\").checkValidity()", null)
2026-06-08 20:30:37.925 DEBUG testcase.TC_7.1_2                        - 15: verifyEqual(valid, false)
2026-06-08 20:30:37.935 DEBUG testcase.TC_7.1_2                        - 16: click(css("input[value='Aggiungi']"))
2026-06-08 20:30:37.935 DEBUG testcase.TC_7.1_2                        - 1: t = new com.kms.katalon.core.testobject.TestObject(sel)
2026-06-08 20:30:37.935 DEBUG testcase.TC_7.1_2                        - 2: t.addProperty("css", EQUALS, sel)
2026-06-08 20:30:37.937 DEBUG testcase.TC_7.1_2                        - 3: return t
2026-06-08 20:30:38.223 DEBUG testcase.TC_7.1_2                        - 17: delay(1)
2026-06-08 20:30:39.237 DEBUG testcase.TC_7.1_2                        - 18: takeScreenshot()
2026-06-08 20:30:39.644 DEBUG testcase.TC_7.1_2                        - 19: verifyElementPresent(css("input[value='Aggiungi']"), 5)
2026-06-08 20:30:39.645 DEBUG testcase.TC_7.1_2                        - 1: t = new com.kms.katalon.core.testobject.TestObject(sel)
2026-06-08 20:30:39.646 DEBUG testcase.TC_7.1_2                        - 2: t.addProperty("css", EQUALS, sel)
2026-06-08 20:30:39.646 DEBUG testcase.TC_7.1_2                        - 3: return t
2026-06-08 20:30:39.899 DEBUG testcase.TC_7.1_2                        - 20: closeBrowser()
2026-06-08 20:30:40.064 INFO  c.k.katalon.core.main.TestCaseExecutor   - END Test Cases/Prodotti/TC_7.1_2
2026-06-08 20:30:40.067 INFO  c.k.katalon.core.main.TestCaseExecutor   - --------------------
2026-06-08 20:30:40.067 INFO  c.k.katalon.core.main.TestCaseExecutor   - START Test Cases/Prodotti/TC_7.1_3
2026-06-08 20:30:40.142 INFO  com.kms.katalon.core.util.KeywordUtil    - Seed ripristinato prima di: Test Cases/Prodotti/TC_7.1_3
2026-06-08 20:30:40.205 DEBUG testcase.TC_7.1_3                        - 1: openBrowser("")
2026-06-08 20:30:40.206 INFO  c.k.k.core.webui.driver.DriverFactory    - Starting 'Chrome' driver
2026-06-08 20:30:40.207 INFO  c.k.k.core.webui.driver.DriverFactory    - Action delay is set to 0 milliseconds
2026-06-08 20:30:41.001 INFO  c.k.k.core.webui.driver.DriverFactory    - sessionId = b51f65175c12d44f38c71a3c0c752b33
2026-06-08 20:30:41.001 INFO  c.k.k.core.webui.driver.DriverFactory    - browser = Chrome 148.0.7778.179
2026-06-08 20:30:41.002 INFO  c.k.k.core.webui.driver.DriverFactory    - platform = Windows 11
2026-06-08 20:30:41.002 INFO  c.k.k.core.webui.driver.DriverFactory    - seleniumVersion = 4.39.0
2026-06-08 20:30:41.002 INFO  c.k.k.core.webui.driver.DriverFactory    - proxyInformation = ProxyInformation { proxyOption=NO_PROXY, proxyServerType=HTTP, username=, password=********, proxyServerAddress=, proxyServerPort=0, executionList="", isApplyToDesiredCapabilities=true }
2026-06-08 20:30:41.013 DEBUG testcase.TC_7.1_3                        - 2: navigateToUrl(base + "loginForm.jsp")
2026-06-08 20:30:41.339 DEBUG testcase.TC_7.1_3                        - 3: setText(css("#email"), "g.barba14@studenti.unisa.it")
2026-06-08 20:30:41.339 DEBUG testcase.TC_7.1_3                        - 1: t = new com.kms.katalon.core.testobject.TestObject(sel)
2026-06-08 20:30:41.341 DEBUG testcase.TC_7.1_3                        - 2: t.addProperty("css", EQUALS, sel)
2026-06-08 20:30:41.342 DEBUG testcase.TC_7.1_3                        - 3: return t
2026-06-08 20:30:42.015 DEBUG testcase.TC_7.1_3                        - 4: setText(css("#password"), "ABC123.")
2026-06-08 20:30:42.015 DEBUG testcase.TC_7.1_3                        - 1: t = new com.kms.katalon.core.testobject.TestObject(sel)
2026-06-08 20:30:42.015 DEBUG testcase.TC_7.1_3                        - 2: t.addProperty("css", EQUALS, sel)
2026-06-08 20:30:42.016 DEBUG testcase.TC_7.1_3                        - 3: return t
2026-06-08 20:30:42.528 DEBUG testcase.TC_7.1_3                        - 5: click(css("#submit"))
2026-06-08 20:30:42.528 DEBUG testcase.TC_7.1_3                        - 1: t = new com.kms.katalon.core.testobject.TestObject(sel)
2026-06-08 20:30:42.528 DEBUG testcase.TC_7.1_3                        - 2: t.addProperty("css", EQUALS, sel)
2026-06-08 20:30:42.528 DEBUG testcase.TC_7.1_3                        - 3: return t
2026-06-08 20:30:42.833 DEBUG testcase.TC_7.1_3                        - 6: delay(2)
2026-06-08 20:30:44.848 DEBUG testcase.TC_7.1_3                        - 7: navigateToUrl(base + "product")
2026-06-08 20:30:44.939 DEBUG testcase.TC_7.1_3                        - 8: delay(2)
2026-06-08 20:30:46.944 DEBUG testcase.TC_7.1_3                        - 9: setText(css("[name='name']"), "   ")
2026-06-08 20:30:46.946 DEBUG testcase.TC_7.1_3                        - 1: t = new com.kms.katalon.core.testobject.TestObject(sel)
2026-06-08 20:30:46.946 DEBUG testcase.TC_7.1_3                        - 2: t.addProperty("css", EQUALS, sel)
2026-06-08 20:30:46.947 DEBUG testcase.TC_7.1_3                        - 3: return t
2026-06-08 20:30:47.524 DEBUG testcase.TC_7.1_3                        - 10: setText(css("[name='description']"), "Pod di prova")
2026-06-08 20:30:47.525 DEBUG testcase.TC_7.1_3                        - 1: t = new com.kms.katalon.core.testobject.TestObject(sel)
2026-06-08 20:30:47.525 DEBUG testcase.TC_7.1_3                        - 2: t.addProperty("css", EQUALS, sel)
2026-06-08 20:30:47.525 DEBUG testcase.TC_7.1_3                        - 3: return t
2026-06-08 20:30:48.086 DEBUG testcase.TC_7.1_3                        - 11: setText(css("[name='tipo']"), "Svapo")
2026-06-08 20:30:48.087 DEBUG testcase.TC_7.1_3                        - 1: t = new com.kms.katalon.core.testobject.TestObject(sel)
2026-06-08 20:30:48.087 DEBUG testcase.TC_7.1_3                        - 2: t.addProperty("css", EQUALS, sel)
2026-06-08 20:30:48.088 DEBUG testcase.TC_7.1_3                        - 3: return t
2026-06-08 20:30:48.652 DEBUG testcase.TC_7.1_3                        - 12: setText(css("[name='colore']"), "Nero")
2026-06-08 20:30:48.652 DEBUG testcase.TC_7.1_3                        - 1: t = new com.kms.katalon.core.testobject.TestObject(sel)
2026-06-08 20:30:48.653 DEBUG testcase.TC_7.1_3                        - 2: t.addProperty("css", EQUALS, sel)
2026-06-08 20:30:48.653 DEBUG testcase.TC_7.1_3                        - 3: return t
2026-06-08 20:30:49.222 DEBUG testcase.TC_7.1_3                        - 13: executeJavaScript("document.querySelector(\"[name='price']\").value='30.00'", null)
2026-06-08 20:30:49.226 DEBUG testcase.TC_7.1_3                        - 14: executeJavaScript("document.querySelector(\"[name='quantity']\").value='10'", null)
2026-06-08 20:30:49.230 DEBUG testcase.TC_7.1_3                        - 15: click(css("input[value='Aggiungi']"))
2026-06-08 20:30:49.231 DEBUG testcase.TC_7.1_3                        - 1: t = new com.kms.katalon.core.testobject.TestObject(sel)
2026-06-08 20:30:49.231 DEBUG testcase.TC_7.1_3                        - 2: t.addProperty("css", EQUALS, sel)
2026-06-08 20:30:49.231 DEBUG testcase.TC_7.1_3                        - 3: return t
2026-06-08 20:30:49.536 DEBUG testcase.TC_7.1_3                        - 16: delay(2)
2026-06-08 20:30:51.552 DEBUG testcase.TC_7.1_3                        - 17: takeScreenshot()
2026-06-08 20:30:52.022 DEBUG testcase.TC_7.1_3                        - 18: count = executeJavaScript("return document.querySelectorAll('.splide__slide').length", null)
2026-06-08 20:30:52.032 DEBUG testcase.TC_7.1_3                        - 19: verifyEqual(count, 4, CONTINUE_ON_FAILURE)
2026-06-08 20:30:52.061 ERROR c.k.k.core.keyword.internal.KeywordMain  - ❌ Unable to verify equal between actual object '21' and expected object '4' (Root cause: com.kms.katalon.core.exception.StepFailedException: Actual object '21' and expected object '4' are not equal
	at com.kms.katalon.core.keyword.builtin.VerifyEqualKeyword$_verifyEqual_closure1.doCall(VerifyEqualKeyword.groovy:58)
	at com.kms.katalon.core.keyword.builtin.VerifyEqualKeyword$_verifyEqual_closure1.call(VerifyEqualKeyword.groovy)
	at com.kms.katalon.core.keyword.internal.KeywordMain.runKeyword(KeywordMain.groovy:75)
	at com.kms.katalon.core.keyword.builtin.VerifyEqualKeyword.verifyEqual(VerifyEqualKeyword.groovy:63)
	at com.kms.katalon.core.keyword.builtin.VerifyEqualKeyword.execute(VerifyEqualKeyword.groovy:44)
	at com.kms.katalon.core.keyword.internal.KeywordExecutor.executeKeywordForPlatform(KeywordExecutor.groovy:103)
	at com.kms.katalon.core.keyword.BuiltinKeywords.verifyEqual(BuiltinKeywords.groovy:115)
	at java.base/jdk.internal.reflect.DirectMethodHandleAccessor.invoke(DirectMethodHandleAccessor.java:103)
	at Script178070070103.run(Script178070070103.groovy:37)
	at com.kms.katalon.core.main.ScriptEngine.run(ScriptEngine.java:203)
	at com.kms.katalon.core.main.ScriptEngine.runScriptAsRawText(ScriptEngine.java:115)
	at com.kms.katalon.core.main.TestCaseExecutor.runScript(TestCaseExecutor.java:506)
	at com.kms.katalon.core.main.TestCaseExecutor.doExecute(TestCaseExecutor.java:497)
	at com.kms.katalon.core.main.TestCaseExecutor.processExecutionPhase(TestCaseExecutor.java:476)
	at com.kms.katalon.core.main.TestCaseExecutor.accessMainPhase(TestCaseExecutor.java:468)
	at com.kms.katalon.core.main.TestCaseExecutor.execute(TestCaseExecutor.java:334)
	at com.kms.katalon.core.common.CommonExecutor.accessTestCaseMainPhase(CommonExecutor.java:71)
	at com.kms.katalon.core.main.TestSuiteExecutor.accessTestSuiteMainPhase(TestSuiteExecutor.java:153)
	at com.kms.katalon.core.main.TestSuiteExecutor.execute(TestSuiteExecutor.java:110)
	at com.kms.katalon.core.main.TestCaseMain.startTestSuite(TestCaseMain.java:206)
	at S0608_10.run(S0608_10.groovy:40)
	at java.base/jdk.internal.reflect.DirectMethodHandleAccessor.invoke(DirectMethodHandleAccessor.java:103)
)
2026-06-08 20:30:52.063 DEBUG testcase.TC_7.1_3                        - 20: closeBrowser()
2026-06-08 20:30:52.185 ERROR c.k.katalon.core.main.TestCaseExecutor   - ❌ Test Cases/Prodotti/TC_7.1_3 FAILED.
Reason:
com.kms.katalon.core.exception.StepFailedException: Unable to verify equal between actual object '21' and expected object '4' (Root cause: com.kms.katalon.core.exception.StepFailedException: Actual object '21' and expected object '4' are not equal
	at com.kms.katalon.core.keyword.builtin.VerifyEqualKeyword$_verifyEqual_closure1.doCall(VerifyEqualKeyword.groovy:58)
	at com.kms.katalon.core.keyword.builtin.VerifyEqualKeyword$_verifyEqual_closure1.call(VerifyEqualKeyword.groovy)
	at com.kms.katalon.core.keyword.internal.KeywordMain.runKeyword(KeywordMain.groovy:75)
	at com.kms.katalon.core.keyword.builtin.VerifyEqualKeyword.verifyEqual(VerifyEqualKeyword.groovy:63)
	at com.kms.katalon.core.keyword.builtin.VerifyEqualKeyword.execute(VerifyEqualKeyword.groovy:44)
	at com.kms.katalon.core.keyword.internal.KeywordExecutor.executeKeywordForPlatform(KeywordExecutor.groovy:103)
	at com.kms.katalon.core.keyword.BuiltinKeywords.verifyEqual(BuiltinKeywords.groovy:115)
	at java.base/jdk.internal.reflect.DirectMethodHandleAccessor.invoke(DirectMethodHandleAccessor.java:103)
	at Script178070070103.run(Script178070070103.groovy:37)
	at com.kms.katalon.core.main.ScriptEngine.run(ScriptEngine.java:203)
	at com.kms.katalon.core.main.ScriptEngine.runScriptAsRawText(ScriptEngine.java:115)
	at com.kms.katalon.core.main.TestCaseExecutor.runScript(TestCaseExecutor.java:506)
	at com.kms.katalon.core.main.TestCaseExecutor.doExecute(TestCaseExecutor.java:497)
	at com.kms.katalon.core.main.TestCaseExecutor.processExecutionPhase(TestCaseExecutor.java:476)
	at com.kms.katalon.core.main.TestCaseExecutor.accessMainPhase(TestCaseExecutor.java:468)
	at com.kms.katalon.core.main.TestCaseExecutor.execute(TestCaseExecutor.java:334)
	at com.kms.katalon.core.common.CommonExecutor.accessTestCaseMainPhase(CommonExecutor.java:71)
	at com.kms.katalon.core.main.TestSuiteExecutor.accessTestSuiteMainPhase(TestSuiteExecutor.java:153)
	at com.kms.katalon.core.main.TestSuiteExecutor.execute(TestSuiteExecutor.java:110)
	at com.kms.katalon.core.main.TestCaseMain.startTestSuite(TestCaseMain.java:206)
	at S0608_10.run(S0608_10.groovy:40)
	at java.base/jdk.internal.reflect.DirectMethodHandleAccessor.invoke(DirectMethodHandleAccessor.java:103)
)
	at com.kms.katalon.core.keyword.internal.KeywordMain.stepFailed(KeywordMain.groovy:39)
	at com.kms.katalon.core.keyword.internal.KeywordMain.stepFailed(KeywordMain.groovy)
	at com.kms.katalon.core.keyword.internal.KeywordMain.runKeyword(KeywordMain.groovy:77)
	at com.kms.katalon.core.keyword.builtin.VerifyEqualKeyword.verifyEqual(VerifyEqualKeyword.groovy:63)
	at com.kms.katalon.core.keyword.builtin.VerifyEqualKeyword.execute(VerifyEqualKeyword.groovy:44)
	at com.kms.katalon.core.keyword.internal.KeywordExecutor.executeKeywordForPlatform(KeywordExecutor.groovy:103)
	at com.kms.katalon.core.keyword.BuiltinKeywords.verifyEqual(BuiltinKeywords.groovy:115)
	at java.base/jdk.internal.reflect.DirectMethodHandleAccessor.invoke(DirectMethodHandleAccessor.java:103)
	at Script178070070103.run(Script178070070103.groovy:37)
	at com.kms.katalon.core.main.ScriptEngine.run(ScriptEngine.java:203)
	at com.kms.katalon.core.main.ScriptEngine.runScriptAsRawText(ScriptEngine.java:115)
	at com.kms.katalon.core.main.TestCaseExecutor.runScript(TestCaseExecutor.java:506)
	at com.kms.katalon.core.main.TestCaseExecutor.doExecute(TestCaseExecutor.java:497)
	at com.kms.katalon.core.main.TestCaseExecutor.processExecutionPhase(TestCaseExecutor.java:476)
	at com.kms.katalon.core.main.TestCaseExecutor.accessMainPhase(TestCaseExecutor.java:468)
	at com.kms.katalon.core.main.TestCaseExecutor.execute(TestCaseExecutor.java:334)
	at com.kms.katalon.core.common.CommonExecutor.accessTestCaseMainPhase(CommonExecutor.java:71)
	at com.kms.katalon.core.main.TestSuiteExecutor.accessTestSuiteMainPhase(TestSuiteExecutor.java:153)
	at com.kms.katalon.core.main.TestSuiteExecutor.execute(TestSuiteExecutor.java:110)
	at com.kms.katalon.core.main.TestCaseMain.startTestSuite(TestCaseMain.java:206)
	at S0608_10.run(S0608_10.groovy:40)
	at java.base/jdk.internal.reflect.DirectMethodHandleAccessor.invoke(DirectMethodHandleAccessor.java:103)
Caused by: com.kms.katalon.core.exception.StepFailedException: Actual object '21' and expected object '4' are not equal
	at com.kms.katalon.core.keyword.builtin.VerifyEqualKeyword$_verifyEqual_closure1.doCall(VerifyEqualKeyword.groovy:58)
	at com.kms.katalon.core.keyword.builtin.VerifyEqualKeyword$_verifyEqual_closure1.call(VerifyEqualKeyword.groovy)
	at com.kms.katalon.core.keyword.internal.KeywordMain.runKeyword(KeywordMain.groovy:75)
	... 19 more

2026-06-08 20:30:52.186 INFO  c.k.katalon.core.main.TestCaseExecutor   - END Test Cases/Prodotti/TC_7.1_3
2026-06-08 20:30:52.189 INFO  c.k.katalon.core.main.TestCaseExecutor   - --------------------
2026-06-08 20:30:52.189 INFO  c.k.katalon.core.main.TestCaseExecutor   - START Test Cases/Prodotti/TC_7.1_4
2026-06-08 20:30:52.284 INFO  com.kms.katalon.core.util.KeywordUtil    - Seed ripristinato prima di: Test Cases/Prodotti/TC_7.1_4
2026-06-08 20:30:52.353 DEBUG testcase.TC_7.1_4                        - 1: openBrowser("")
2026-06-08 20:30:52.355 INFO  c.k.k.core.webui.driver.DriverFactory    - Starting 'Chrome' driver
2026-06-08 20:30:52.355 INFO  c.k.k.core.webui.driver.DriverFactory    - Action delay is set to 0 milliseconds
2026-06-08 20:30:53.142 INFO  c.k.k.core.webui.driver.DriverFactory    - sessionId = 666c1448e3f49a9c29e399f47ff299ed
2026-06-08 20:30:53.143 INFO  c.k.k.core.webui.driver.DriverFactory    - browser = Chrome 148.0.7778.179
2026-06-08 20:30:53.143 INFO  c.k.k.core.webui.driver.DriverFactory    - platform = Windows 11
2026-06-08 20:30:53.143 INFO  c.k.k.core.webui.driver.DriverFactory    - seleniumVersion = 4.39.0
2026-06-08 20:30:53.143 INFO  c.k.k.core.webui.driver.DriverFactory    - proxyInformation = ProxyInformation { proxyOption=NO_PROXY, proxyServerType=HTTP, username=, password=********, proxyServerAddress=, proxyServerPort=0, executionList="", isApplyToDesiredCapabilities=true }
2026-06-08 20:30:53.152 DEBUG testcase.TC_7.1_4                        - 2: navigateToUrl(base + "loginForm.jsp")
2026-06-08 20:30:53.482 DEBUG testcase.TC_7.1_4                        - 3: setText(css("#email"), "g.barba14@studenti.unisa.it")
2026-06-08 20:30:53.483 DEBUG testcase.TC_7.1_4                        - 1: t = new com.kms.katalon.core.testobject.TestObject(sel)
2026-06-08 20:30:53.484 DEBUG testcase.TC_7.1_4                        - 2: t.addProperty("css", EQUALS, sel)
2026-06-08 20:30:53.484 DEBUG testcase.TC_7.1_4                        - 3: return t
2026-06-08 20:30:54.159 DEBUG testcase.TC_7.1_4                        - 4: setText(css("#password"), "ABC123.")
2026-06-08 20:30:54.160 DEBUG testcase.TC_7.1_4                        - 1: t = new com.kms.katalon.core.testobject.TestObject(sel)
2026-06-08 20:30:54.161 DEBUG testcase.TC_7.1_4                        - 2: t.addProperty("css", EQUALS, sel)
2026-06-08 20:30:54.161 DEBUG testcase.TC_7.1_4                        - 3: return t
2026-06-08 20:30:54.721 DEBUG testcase.TC_7.1_4                        - 5: click(css("#submit"))
2026-06-08 20:30:54.722 DEBUG testcase.TC_7.1_4                        - 1: t = new com.kms.katalon.core.testobject.TestObject(sel)
2026-06-08 20:30:54.722 DEBUG testcase.TC_7.1_4                        - 2: t.addProperty("css", EQUALS, sel)
2026-06-08 20:30:54.723 DEBUG testcase.TC_7.1_4                        - 3: return t
2026-06-08 20:30:55.047 DEBUG testcase.TC_7.1_4                        - 6: delay(2)
2026-06-08 20:30:57.057 DEBUG testcase.TC_7.1_4                        - 7: navigateToUrl(base + "product")
2026-06-08 20:30:57.117 DEBUG testcase.TC_7.1_4                        - 8: delay(2)
2026-06-08 20:30:59.127 DEBUG testcase.TC_7.1_4                        - 9: setText(css("[name='name']"), "Test Pod")
2026-06-08 20:30:59.128 DEBUG testcase.TC_7.1_4                        - 1: t = new com.kms.katalon.core.testobject.TestObject(sel)
2026-06-08 20:30:59.130 DEBUG testcase.TC_7.1_4                        - 2: t.addProperty("css", EQUALS, sel)
2026-06-08 20:30:59.130 DEBUG testcase.TC_7.1_4                        - 3: return t
2026-06-08 20:30:59.697 DEBUG testcase.TC_7.1_4                        - 10: setText(css("[name='tipo']"), "Svapo")
2026-06-08 20:30:59.698 DEBUG testcase.TC_7.1_4                        - 1: t = new com.kms.katalon.core.testobject.TestObject(sel)
2026-06-08 20:30:59.698 DEBUG testcase.TC_7.1_4                        - 2: t.addProperty("css", EQUALS, sel)
2026-06-08 20:30:59.698 DEBUG testcase.TC_7.1_4                        - 3: return t
2026-06-08 20:31:00.237 DEBUG testcase.TC_7.1_4                        - 11: setText(css("[name='colore']"), "Nero")
2026-06-08 20:31:00.237 DEBUG testcase.TC_7.1_4                        - 1: t = new com.kms.katalon.core.testobject.TestObject(sel)
2026-06-08 20:31:00.238 DEBUG testcase.TC_7.1_4                        - 2: t.addProperty("css", EQUALS, sel)
2026-06-08 20:31:00.238 DEBUG testcase.TC_7.1_4                        - 3: return t
2026-06-08 20:31:00.781 DEBUG testcase.TC_7.1_4                        - 12: executeJavaScript("document.querySelector(\"[name='price']\").value='30.00'", null)
2026-06-08 20:31:00.786 DEBUG testcase.TC_7.1_4                        - 13: executeJavaScript("document.querySelector(\"[name='quantity']\").value='10'", null)
2026-06-08 20:31:00.792 DEBUG testcase.TC_7.1_4                        - 14: valid = executeJavaScript("return document.querySelector(\"[name='description']\").checkValidity()", null)
2026-06-08 20:31:00.797 DEBUG testcase.TC_7.1_4                        - 15: verifyEqual(valid, false)
2026-06-08 20:31:00.798 DEBUG testcase.TC_7.1_4                        - 16: click(css("input[value='Aggiungi']"))
2026-06-08 20:31:00.798 DEBUG testcase.TC_7.1_4                        - 1: t = new com.kms.katalon.core.testobject.TestObject(sel)
2026-06-08 20:31:00.799 DEBUG testcase.TC_7.1_4                        - 2: t.addProperty("css", EQUALS, sel)
2026-06-08 20:31:00.799 DEBUG testcase.TC_7.1_4                        - 3: return t
2026-06-08 20:31:01.088 DEBUG testcase.TC_7.1_4                        - 17: delay(1)
2026-06-08 20:31:02.096 DEBUG testcase.TC_7.1_4                        - 18: takeScreenshot()
2026-06-08 20:31:02.452 DEBUG testcase.TC_7.1_4                        - 19: verifyElementPresent(css("input[value='Aggiungi']"), 5)
2026-06-08 20:31:02.453 DEBUG testcase.TC_7.1_4                        - 1: t = new com.kms.katalon.core.testobject.TestObject(sel)
2026-06-08 20:31:02.453 DEBUG testcase.TC_7.1_4                        - 2: t.addProperty("css", EQUALS, sel)
2026-06-08 20:31:02.453 DEBUG testcase.TC_7.1_4                        - 3: return t
2026-06-08 20:31:02.675 DEBUG testcase.TC_7.1_4                        - 20: closeBrowser()
2026-06-08 20:31:02.802 INFO  c.k.katalon.core.main.TestCaseExecutor   - END Test Cases/Prodotti/TC_7.1_4
2026-06-08 20:31:02.805 INFO  c.k.katalon.core.main.TestCaseExecutor   - --------------------
2026-06-08 20:31:02.805 INFO  c.k.katalon.core.main.TestCaseExecutor   - START Test Cases/Prodotti/TC_7.1_5
2026-06-08 20:31:02.904 INFO  com.kms.katalon.core.util.KeywordUtil    - Seed ripristinato prima di: Test Cases/Prodotti/TC_7.1_5
2026-06-08 20:31:02.999 DEBUG testcase.TC_7.1_5                        - 1: openBrowser("")
2026-06-08 20:31:03.000 INFO  c.k.k.core.webui.driver.DriverFactory    - Starting 'Chrome' driver
2026-06-08 20:31:03.000 INFO  c.k.k.core.webui.driver.DriverFactory    - Action delay is set to 0 milliseconds
2026-06-08 20:31:03.751 INFO  c.k.k.core.webui.driver.DriverFactory    - sessionId = f06c8c8bb8c32c3f02a7b705173310a6
2026-06-08 20:31:03.752 INFO  c.k.k.core.webui.driver.DriverFactory    - browser = Chrome 148.0.7778.179
2026-06-08 20:31:03.752 INFO  c.k.k.core.webui.driver.DriverFactory    - platform = Windows 11
2026-06-08 20:31:03.752 INFO  c.k.k.core.webui.driver.DriverFactory    - seleniumVersion = 4.39.0
2026-06-08 20:31:03.752 INFO  c.k.k.core.webui.driver.DriverFactory    - proxyInformation = ProxyInformation { proxyOption=NO_PROXY, proxyServerType=HTTP, username=, password=********, proxyServerAddress=, proxyServerPort=0, executionList="", isApplyToDesiredCapabilities=true }
2026-06-08 20:31:03.763 DEBUG testcase.TC_7.1_5                        - 2: navigateToUrl(base + "loginForm.jsp")
2026-06-08 20:31:04.076 DEBUG testcase.TC_7.1_5                        - 3: setText(css("#email"), "g.barba14@studenti.unisa.it")
2026-06-08 20:31:04.077 DEBUG testcase.TC_7.1_5                        - 1: t = new com.kms.katalon.core.testobject.TestObject(sel)
2026-06-08 20:31:04.077 DEBUG testcase.TC_7.1_5                        - 2: t.addProperty("css", EQUALS, sel)
2026-06-08 20:31:04.078 DEBUG testcase.TC_7.1_5                        - 3: return t
2026-06-08 20:31:04.747 DEBUG testcase.TC_7.1_5                        - 4: setText(css("#password"), "ABC123.")
2026-06-08 20:31:04.748 DEBUG testcase.TC_7.1_5                        - 1: t = new com.kms.katalon.core.testobject.TestObject(sel)
2026-06-08 20:31:04.748 DEBUG testcase.TC_7.1_5                        - 2: t.addProperty("css", EQUALS, sel)
2026-06-08 20:31:04.749 DEBUG testcase.TC_7.1_5                        - 3: return t
2026-06-08 20:31:05.289 DEBUG testcase.TC_7.1_5                        - 5: click(css("#submit"))
2026-06-08 20:31:05.289 DEBUG testcase.TC_7.1_5                        - 1: t = new com.kms.katalon.core.testobject.TestObject(sel)
2026-06-08 20:31:05.289 DEBUG testcase.TC_7.1_5                        - 2: t.addProperty("css", EQUALS, sel)
2026-06-08 20:31:05.290 DEBUG testcase.TC_7.1_5                        - 3: return t
2026-06-08 20:31:05.591 DEBUG testcase.TC_7.1_5                        - 6: delay(2)
2026-06-08 20:31:07.608 DEBUG testcase.TC_7.1_5                        - 7: navigateToUrl(base + "product")
2026-06-08 20:31:07.684 DEBUG testcase.TC_7.1_5                        - 8: delay(2)
2026-06-08 20:31:09.693 DEBUG testcase.TC_7.1_5                        - 9: setText(css("[name='name']"), "Test Pod")
2026-06-08 20:31:09.695 DEBUG testcase.TC_7.1_5                        - 1: t = new com.kms.katalon.core.testobject.TestObject(sel)
2026-06-08 20:31:09.696 DEBUG testcase.TC_7.1_5                        - 2: t.addProperty("css", EQUALS, sel)
2026-06-08 20:31:09.696 DEBUG testcase.TC_7.1_5                        - 3: return t
2026-06-08 20:31:10.272 DEBUG testcase.TC_7.1_5                        - 10: setText(css("[name='description']"), "Pod di prova")
2026-06-08 20:31:10.272 DEBUG testcase.TC_7.1_5                        - 1: t = new com.kms.katalon.core.testobject.TestObject(sel)
2026-06-08 20:31:10.272 DEBUG testcase.TC_7.1_5                        - 2: t.addProperty("css", EQUALS, sel)
2026-06-08 20:31:10.272 DEBUG testcase.TC_7.1_5                        - 3: return t
2026-06-08 20:31:10.842 DEBUG testcase.TC_7.1_5                        - 11: setText(css("[name='tipo']"), "Svapo")
2026-06-08 20:31:10.843 DEBUG testcase.TC_7.1_5                        - 1: t = new com.kms.katalon.core.testobject.TestObject(sel)
2026-06-08 20:31:10.843 DEBUG testcase.TC_7.1_5                        - 2: t.addProperty("css", EQUALS, sel)
2026-06-08 20:31:10.843 DEBUG testcase.TC_7.1_5                        - 3: return t
2026-06-08 20:31:11.393 DEBUG testcase.TC_7.1_5                        - 12: setText(css("[name='colore']"), "Nero")
2026-06-08 20:31:11.393 DEBUG testcase.TC_7.1_5                        - 1: t = new com.kms.katalon.core.testobject.TestObject(sel)
2026-06-08 20:31:11.393 DEBUG testcase.TC_7.1_5                        - 2: t.addProperty("css", EQUALS, sel)
2026-06-08 20:31:11.394 DEBUG testcase.TC_7.1_5                        - 3: return t
2026-06-08 20:31:11.936 DEBUG testcase.TC_7.1_5                        - 13: executeJavaScript("document.querySelector(\"[name='price']\").value='-5'", null)
2026-06-08 20:31:11.942 DEBUG testcase.TC_7.1_5                        - 14: executeJavaScript("document.querySelector(\"[name='quantity']\").value='10'", null)
2026-06-08 20:31:11.947 DEBUG testcase.TC_7.1_5                        - 15: valid = executeJavaScript("return document.querySelector(\"[name='price']\").checkValidity()", null)
2026-06-08 20:31:11.952 DEBUG testcase.TC_7.1_5                        - 16: verifyEqual(valid, false)
2026-06-08 20:31:11.953 DEBUG testcase.TC_7.1_5                        - 17: click(css("input[value='Aggiungi']"))
2026-06-08 20:31:11.953 DEBUG testcase.TC_7.1_5                        - 1: t = new com.kms.katalon.core.testobject.TestObject(sel)
2026-06-08 20:31:11.953 DEBUG testcase.TC_7.1_5                        - 2: t.addProperty("css", EQUALS, sel)
2026-06-08 20:31:11.953 DEBUG testcase.TC_7.1_5                        - 3: return t
2026-06-08 20:31:12.236 DEBUG testcase.TC_7.1_5                        - 18: delay(1)
2026-06-08 20:31:13.252 DEBUG testcase.TC_7.1_5                        - 19: takeScreenshot()
2026-06-08 20:31:13.623 DEBUG testcase.TC_7.1_5                        - 20: verifyElementPresent(css("input[value='Aggiungi']"), 5)
2026-06-08 20:31:13.624 DEBUG testcase.TC_7.1_5                        - 1: t = new com.kms.katalon.core.testobject.TestObject(sel)
2026-06-08 20:31:13.624 DEBUG testcase.TC_7.1_5                        - 2: t.addProperty("css", EQUALS, sel)
2026-06-08 20:31:13.624 DEBUG testcase.TC_7.1_5                        - 3: return t
2026-06-08 20:31:13.852 DEBUG testcase.TC_7.1_5                        - 21: closeBrowser()
2026-06-08 20:31:14.015 INFO  c.k.katalon.core.main.TestCaseExecutor   - END Test Cases/Prodotti/TC_7.1_5
2026-06-08 20:31:14.019 INFO  c.k.katalon.core.main.TestCaseExecutor   - --------------------
2026-06-08 20:31:14.019 INFO  c.k.katalon.core.main.TestCaseExecutor   - START Test Cases/Prodotti/TC_7.1_6
2026-06-08 20:31:14.101 INFO  com.kms.katalon.core.util.KeywordUtil    - Seed ripristinato prima di: Test Cases/Prodotti/TC_7.1_6
2026-06-08 20:31:14.191 DEBUG testcase.TC_7.1_6                        - 1: openBrowser("")
2026-06-08 20:31:14.191 INFO  c.k.k.core.webui.driver.DriverFactory    - Starting 'Chrome' driver
2026-06-08 20:31:14.192 INFO  c.k.k.core.webui.driver.DriverFactory    - Action delay is set to 0 milliseconds
2026-06-08 20:31:14.882 INFO  c.k.k.core.webui.driver.DriverFactory    - sessionId = a30ca06977c11a6754fe96f3ad5f93bc
2026-06-08 20:31:14.882 INFO  c.k.k.core.webui.driver.DriverFactory    - browser = Chrome 148.0.7778.179
2026-06-08 20:31:14.882 INFO  c.k.k.core.webui.driver.DriverFactory    - platform = Windows 11
2026-06-08 20:31:14.882 INFO  c.k.k.core.webui.driver.DriverFactory    - seleniumVersion = 4.39.0
2026-06-08 20:31:14.882 INFO  c.k.k.core.webui.driver.DriverFactory    - proxyInformation = ProxyInformation { proxyOption=NO_PROXY, proxyServerType=HTTP, username=, password=********, proxyServerAddress=, proxyServerPort=0, executionList="", isApplyToDesiredCapabilities=true }
2026-06-08 20:31:14.889 DEBUG testcase.TC_7.1_6                        - 2: navigateToUrl(base + "loginForm.jsp")
2026-06-08 20:31:15.297 DEBUG testcase.TC_7.1_6                        - 3: setText(css("#email"), "g.barba14@studenti.unisa.it")
2026-06-08 20:31:15.298 DEBUG testcase.TC_7.1_6                        - 1: t = new com.kms.katalon.core.testobject.TestObject(sel)
2026-06-08 20:31:15.299 DEBUG testcase.TC_7.1_6                        - 2: t.addProperty("css", EQUALS, sel)
2026-06-08 20:31:15.300 DEBUG testcase.TC_7.1_6                        - 3: return t
2026-06-08 20:31:15.864 DEBUG testcase.TC_7.1_6                        - 4: setText(css("#password"), "ABC123.")
2026-06-08 20:31:15.865 DEBUG testcase.TC_7.1_6                        - 1: t = new com.kms.katalon.core.testobject.TestObject(sel)
2026-06-08 20:31:15.865 DEBUG testcase.TC_7.1_6                        - 2: t.addProperty("css", EQUALS, sel)
2026-06-08 20:31:15.865 DEBUG testcase.TC_7.1_6                        - 3: return t
2026-06-08 20:31:16.409 DEBUG testcase.TC_7.1_6                        - 5: click(css("#submit"))
2026-06-08 20:31:16.411 DEBUG testcase.TC_7.1_6                        - 1: t = new com.kms.katalon.core.testobject.TestObject(sel)
2026-06-08 20:31:16.411 DEBUG testcase.TC_7.1_6                        - 2: t.addProperty("css", EQUALS, sel)
2026-06-08 20:31:16.411 DEBUG testcase.TC_7.1_6                        - 3: return t
2026-06-08 20:31:16.709 DEBUG testcase.TC_7.1_6                        - 6: delay(2)
2026-06-08 20:31:18.715 DEBUG testcase.TC_7.1_6                        - 7: navigateToUrl(base + "product")
2026-06-08 20:31:18.799 DEBUG testcase.TC_7.1_6                        - 8: delay(2)
2026-06-08 20:31:20.813 DEBUG testcase.TC_7.1_6                        - 9: setText(css("[name='name']"), "Test Pod")
2026-06-08 20:31:20.813 DEBUG testcase.TC_7.1_6                        - 1: t = new com.kms.katalon.core.testobject.TestObject(sel)
2026-06-08 20:31:20.815 DEBUG testcase.TC_7.1_6                        - 2: t.addProperty("css", EQUALS, sel)
2026-06-08 20:31:20.816 DEBUG testcase.TC_7.1_6                        - 3: return t
2026-06-08 20:31:21.442 DEBUG testcase.TC_7.1_6                        - 10: setText(css("[name='description']"), "Pod di prova")
2026-06-08 20:31:21.442 DEBUG testcase.TC_7.1_6                        - 1: t = new com.kms.katalon.core.testobject.TestObject(sel)
2026-06-08 20:31:21.443 DEBUG testcase.TC_7.1_6                        - 2: t.addProperty("css", EQUALS, sel)
2026-06-08 20:31:21.443 DEBUG testcase.TC_7.1_6                        - 3: return t
2026-06-08 20:31:22.047 DEBUG testcase.TC_7.1_6                        - 11: setText(css("[name='tipo']"), "Svapo")
2026-06-08 20:31:22.047 DEBUG testcase.TC_7.1_6                        - 1: t = new com.kms.katalon.core.testobject.TestObject(sel)
2026-06-08 20:31:22.048 DEBUG testcase.TC_7.1_6                        - 2: t.addProperty("css", EQUALS, sel)
2026-06-08 20:31:22.048 DEBUG testcase.TC_7.1_6                        - 3: return t
2026-06-08 20:31:22.625 DEBUG testcase.TC_7.1_6                        - 12: setText(css("[name='colore']"), "Nero")
2026-06-08 20:31:22.626 DEBUG testcase.TC_7.1_6                        - 1: t = new com.kms.katalon.core.testobject.TestObject(sel)
2026-06-08 20:31:22.626 DEBUG testcase.TC_7.1_6                        - 2: t.addProperty("css", EQUALS, sel)
2026-06-08 20:31:22.626 DEBUG testcase.TC_7.1_6                        - 3: return t
2026-06-08 20:31:23.175 DEBUG testcase.TC_7.1_6                        - 13: executeJavaScript("document.querySelector(\"[name='price']\").value=''", null)
2026-06-08 20:31:23.180 DEBUG testcase.TC_7.1_6                        - 14: executeJavaScript("document.querySelector(\"[name='quantity']\").value='10'", null)
2026-06-08 20:31:23.186 DEBUG testcase.TC_7.1_6                        - 15: valid = executeJavaScript("return document.querySelector(\"[name='price']\").checkValidity()", null)
2026-06-08 20:31:23.190 DEBUG testcase.TC_7.1_6                        - 16: verifyEqual(valid, false)
2026-06-08 20:31:23.191 DEBUG testcase.TC_7.1_6                        - 17: click(css("input[value='Aggiungi']"))
2026-06-08 20:31:23.192 DEBUG testcase.TC_7.1_6                        - 1: t = new com.kms.katalon.core.testobject.TestObject(sel)
2026-06-08 20:31:23.192 DEBUG testcase.TC_7.1_6                        - 2: t.addProperty("css", EQUALS, sel)
2026-06-08 20:31:23.192 DEBUG testcase.TC_7.1_6                        - 3: return t
2026-06-08 20:31:23.491 DEBUG testcase.TC_7.1_6                        - 18: delay(1)
2026-06-08 20:31:24.502 DEBUG testcase.TC_7.1_6                        - 19: takeScreenshot()
2026-06-08 20:31:24.903 DEBUG testcase.TC_7.1_6                        - 20: verifyElementPresent(css("input[value='Aggiungi']"), 5)
2026-06-08 20:31:24.904 DEBUG testcase.TC_7.1_6                        - 1: t = new com.kms.katalon.core.testobject.TestObject(sel)
2026-06-08 20:31:24.906 DEBUG testcase.TC_7.1_6                        - 2: t.addProperty("css", EQUALS, sel)
2026-06-08 20:31:24.906 DEBUG testcase.TC_7.1_6                        - 3: return t
2026-06-08 20:31:25.135 DEBUG testcase.TC_7.1_6                        - 21: closeBrowser()
2026-06-08 20:31:25.311 INFO  c.k.katalon.core.main.TestCaseExecutor   - END Test Cases/Prodotti/TC_7.1_6
2026-06-08 20:31:25.315 INFO  c.k.katalon.core.main.TestCaseExecutor   - --------------------
2026-06-08 20:31:25.315 INFO  c.k.katalon.core.main.TestCaseExecutor   - START Test Cases/Prodotti/TC_7.1_7
2026-06-08 20:31:25.395 INFO  com.kms.katalon.core.util.KeywordUtil    - Seed ripristinato prima di: Test Cases/Prodotti/TC_7.1_7
2026-06-08 20:31:25.455 DEBUG testcase.TC_7.1_7                        - 1: openBrowser("")
2026-06-08 20:31:25.456 INFO  c.k.k.core.webui.driver.DriverFactory    - Starting 'Chrome' driver
2026-06-08 20:31:25.457 INFO  c.k.k.core.webui.driver.DriverFactory    - Action delay is set to 0 milliseconds
2026-06-08 20:31:26.238 INFO  c.k.k.core.webui.driver.DriverFactory    - sessionId = f41bc490111996313d0f1e3ff25e950e
2026-06-08 20:31:26.238 INFO  c.k.k.core.webui.driver.DriverFactory    - browser = Chrome 148.0.7778.179
2026-06-08 20:31:26.238 INFO  c.k.k.core.webui.driver.DriverFactory    - platform = Windows 11
2026-06-08 20:31:26.238 INFO  c.k.k.core.webui.driver.DriverFactory    - seleniumVersion = 4.39.0
2026-06-08 20:31:26.239 INFO  c.k.k.core.webui.driver.DriverFactory    - proxyInformation = ProxyInformation { proxyOption=NO_PROXY, proxyServerType=HTTP, username=, password=********, proxyServerAddress=, proxyServerPort=0, executionList="", isApplyToDesiredCapabilities=true }
2026-06-08 20:31:26.249 DEBUG testcase.TC_7.1_7                        - 2: navigateToUrl(base + "loginForm.jsp")
2026-06-08 20:31:26.554 DEBUG testcase.TC_7.1_7                        - 3: setText(css("#email"), "g.barba14@studenti.unisa.it")
2026-06-08 20:31:26.555 DEBUG testcase.TC_7.1_7                        - 1: t = new com.kms.katalon.core.testobject.TestObject(sel)
2026-06-08 20:31:26.555 DEBUG testcase.TC_7.1_7                        - 2: t.addProperty("css", EQUALS, sel)
2026-06-08 20:31:26.556 DEBUG testcase.TC_7.1_7                        - 3: return t
2026-06-08 20:31:27.237 DEBUG testcase.TC_7.1_7                        - 4: setText(css("#password"), "ABC123.")
2026-06-08 20:31:27.238 DEBUG testcase.TC_7.1_7                        - 1: t = new com.kms.katalon.core.testobject.TestObject(sel)
2026-06-08 20:31:27.238 DEBUG testcase.TC_7.1_7                        - 2: t.addProperty("css", EQUALS, sel)
2026-06-08 20:31:27.238 DEBUG testcase.TC_7.1_7                        - 3: return t
2026-06-08 20:31:27.777 DEBUG testcase.TC_7.1_7                        - 5: click(css("#submit"))
2026-06-08 20:31:27.777 DEBUG testcase.TC_7.1_7                        - 1: t = new com.kms.katalon.core.testobject.TestObject(sel)
2026-06-08 20:31:27.777 DEBUG testcase.TC_7.1_7                        - 2: t.addProperty("css", EQUALS, sel)
2026-06-08 20:31:27.777 DEBUG testcase.TC_7.1_7                        - 3: return t
2026-06-08 20:31:28.070 DEBUG testcase.TC_7.1_7                        - 6: delay(2)
2026-06-08 20:31:30.074 DEBUG testcase.TC_7.1_7                        - 7: navigateToUrl(base + "product")
2026-06-08 20:31:30.144 DEBUG testcase.TC_7.1_7                        - 8: delay(2)
2026-06-08 20:31:32.159 DEBUG testcase.TC_7.1_7                        - 9: setText(css("[name='name']"), "Test Pod")
2026-06-08 20:31:32.160 DEBUG testcase.TC_7.1_7                        - 1: t = new com.kms.katalon.core.testobject.TestObject(sel)
2026-06-08 20:31:32.162 DEBUG testcase.TC_7.1_7                        - 2: t.addProperty("css", EQUALS, sel)
2026-06-08 20:31:32.162 DEBUG testcase.TC_7.1_7                        - 3: return t
2026-06-08 20:31:32.744 DEBUG testcase.TC_7.1_7                        - 10: setText(css("[name='description']"), "Pod di prova")
2026-06-08 20:31:32.744 DEBUG testcase.TC_7.1_7                        - 1: t = new com.kms.katalon.core.testobject.TestObject(sel)
2026-06-08 20:31:32.744 DEBUG testcase.TC_7.1_7                        - 2: t.addProperty("css", EQUALS, sel)
2026-06-08 20:31:32.744 DEBUG testcase.TC_7.1_7                        - 3: return t
2026-06-08 20:31:33.277 DEBUG testcase.TC_7.1_7                        - 11: setText(css("[name='tipo']"), "Svapo")
2026-06-08 20:31:33.277 DEBUG testcase.TC_7.1_7                        - 1: t = new com.kms.katalon.core.testobject.TestObject(sel)
2026-06-08 20:31:33.277 DEBUG testcase.TC_7.1_7                        - 2: t.addProperty("css", EQUALS, sel)
2026-06-08 20:31:33.278 DEBUG testcase.TC_7.1_7                        - 3: return t
2026-06-08 20:31:33.805 DEBUG testcase.TC_7.1_7                        - 12: setText(css("[name='colore']"), "Nero")
2026-06-08 20:31:33.806 DEBUG testcase.TC_7.1_7                        - 1: t = new com.kms.katalon.core.testobject.TestObject(sel)
2026-06-08 20:31:33.806 DEBUG testcase.TC_7.1_7                        - 2: t.addProperty("css", EQUALS, sel)
2026-06-08 20:31:33.806 DEBUG testcase.TC_7.1_7                        - 3: return t
2026-06-08 20:31:34.365 DEBUG testcase.TC_7.1_7                        - 13: executeJavaScript("document.querySelector(\"[name='price']\").value='30.00'", null)
2026-06-08 20:31:34.370 DEBUG testcase.TC_7.1_7                        - 14: executeJavaScript("document.querySelector(\"[name='quantity']\").value='0'", null)
2026-06-08 20:31:34.373 DEBUG testcase.TC_7.1_7                        - 15: valid = executeJavaScript("return document.querySelector(\"[name='quantity']\").checkValidity()", null)
2026-06-08 20:31:34.377 DEBUG testcase.TC_7.1_7                        - 16: verifyEqual(valid, false)
2026-06-08 20:31:34.378 DEBUG testcase.TC_7.1_7                        - 17: click(css("input[value='Aggiungi']"))
2026-06-08 20:31:34.378 DEBUG testcase.TC_7.1_7                        - 1: t = new com.kms.katalon.core.testobject.TestObject(sel)
2026-06-08 20:31:34.378 DEBUG testcase.TC_7.1_7                        - 2: t.addProperty("css", EQUALS, sel)
2026-06-08 20:31:34.378 DEBUG testcase.TC_7.1_7                        - 3: return t
2026-06-08 20:31:34.676 DEBUG testcase.TC_7.1_7                        - 18: delay(1)
2026-06-08 20:31:35.683 DEBUG testcase.TC_7.1_7                        - 19: takeScreenshot()
2026-06-08 20:31:36.038 DEBUG testcase.TC_7.1_7                        - 20: verifyElementPresent(css("input[value='Aggiungi']"), 5)
2026-06-08 20:31:36.038 DEBUG testcase.TC_7.1_7                        - 1: t = new com.kms.katalon.core.testobject.TestObject(sel)
2026-06-08 20:31:36.039 DEBUG testcase.TC_7.1_7                        - 2: t.addProperty("css", EQUALS, sel)
2026-06-08 20:31:36.039 DEBUG testcase.TC_7.1_7                        - 3: return t
2026-06-08 20:31:36.265 DEBUG testcase.TC_7.1_7                        - 21: closeBrowser()
2026-06-08 20:31:36.444 INFO  c.k.katalon.core.main.TestCaseExecutor   - END Test Cases/Prodotti/TC_7.1_7
2026-06-08 20:31:36.447 INFO  c.k.katalon.core.main.TestCaseExecutor   - --------------------
2026-06-08 20:31:36.447 INFO  c.k.katalon.core.main.TestCaseExecutor   - START Test Cases/Prodotti/TC_7.1_8
2026-06-08 20:31:36.516 INFO  com.kms.katalon.core.util.KeywordUtil    - Seed ripristinato prima di: Test Cases/Prodotti/TC_7.1_8
2026-06-08 20:31:36.554 DEBUG testcase.TC_7.1_8                        - 1: openBrowser("")
2026-06-08 20:31:36.555 INFO  c.k.k.core.webui.driver.DriverFactory    - Starting 'Chrome' driver
2026-06-08 20:31:36.555 INFO  c.k.k.core.webui.driver.DriverFactory    - Action delay is set to 0 milliseconds
2026-06-08 20:31:37.235 INFO  c.k.k.core.webui.driver.DriverFactory    - sessionId = 9ad86149c5a0b7a3e8eb16690f707a9a
2026-06-08 20:31:37.236 INFO  c.k.k.core.webui.driver.DriverFactory    - browser = Chrome 148.0.7778.179
2026-06-08 20:31:37.236 INFO  c.k.k.core.webui.driver.DriverFactory    - platform = Windows 11
2026-06-08 20:31:37.236 INFO  c.k.k.core.webui.driver.DriverFactory    - seleniumVersion = 4.39.0
2026-06-08 20:31:37.236 INFO  c.k.k.core.webui.driver.DriverFactory    - proxyInformation = ProxyInformation { proxyOption=NO_PROXY, proxyServerType=HTTP, username=, password=********, proxyServerAddress=, proxyServerPort=0, executionList="", isApplyToDesiredCapabilities=true }
2026-06-08 20:31:37.245 DEBUG testcase.TC_7.1_8                        - 2: navigateToUrl(base + "loginForm.jsp")
2026-06-08 20:31:37.646 DEBUG testcase.TC_7.1_8                        - 3: setText(css("#email"), "g.barba14@studenti.unisa.it")
2026-06-08 20:31:37.647 DEBUG testcase.TC_7.1_8                        - 1: t = new com.kms.katalon.core.testobject.TestObject(sel)
2026-06-08 20:31:37.647 DEBUG testcase.TC_7.1_8                        - 2: t.addProperty("css", EQUALS, sel)
2026-06-08 20:31:37.647 DEBUG testcase.TC_7.1_8                        - 3: return t
2026-06-08 20:31:38.295 DEBUG testcase.TC_7.1_8                        - 4: setText(css("#password"), "ABC123.")
2026-06-08 20:31:38.295 DEBUG testcase.TC_7.1_8                        - 1: t = new com.kms.katalon.core.testobject.TestObject(sel)
2026-06-08 20:31:38.296 DEBUG testcase.TC_7.1_8                        - 2: t.addProperty("css", EQUALS, sel)
2026-06-08 20:31:38.296 DEBUG testcase.TC_7.1_8                        - 3: return t
2026-06-08 20:31:38.823 DEBUG testcase.TC_7.1_8                        - 5: click(css("#submit"))
2026-06-08 20:31:38.823 DEBUG testcase.TC_7.1_8                        - 1: t = new com.kms.katalon.core.testobject.TestObject(sel)
2026-06-08 20:31:38.823 DEBUG testcase.TC_7.1_8                        - 2: t.addProperty("css", EQUALS, sel)
2026-06-08 20:31:38.823 DEBUG testcase.TC_7.1_8                        - 3: return t
2026-06-08 20:31:39.105 DEBUG testcase.TC_7.1_8                        - 6: delay(2)
2026-06-08 20:31:41.108 DEBUG testcase.TC_7.1_8                        - 7: navigateToUrl(base + "product")
2026-06-08 20:31:41.174 DEBUG testcase.TC_7.1_8                        - 8: delay(2)
2026-06-08 20:31:43.181 DEBUG testcase.TC_7.1_8                        - 9: setText(css("[name='name']"), "Test Pod")
2026-06-08 20:31:43.182 DEBUG testcase.TC_7.1_8                        - 1: t = new com.kms.katalon.core.testobject.TestObject(sel)
2026-06-08 20:31:43.182 DEBUG testcase.TC_7.1_8                        - 2: t.addProperty("css", EQUALS, sel)
2026-06-08 20:31:43.182 DEBUG testcase.TC_7.1_8                        - 3: return t
2026-06-08 20:31:43.750 DEBUG testcase.TC_7.1_8                        - 10: setText(css("[name='description']"), "Pod di prova")
2026-06-08 20:31:43.750 DEBUG testcase.TC_7.1_8                        - 1: t = new com.kms.katalon.core.testobject.TestObject(sel)
2026-06-08 20:31:43.750 DEBUG testcase.TC_7.1_8                        - 2: t.addProperty("css", EQUALS, sel)
2026-06-08 20:31:43.750 DEBUG testcase.TC_7.1_8                        - 3: return t
2026-06-08 20:31:44.302 DEBUG testcase.TC_7.1_8                        - 11: setText(css("[name='tipo']"), "Svapo")
2026-06-08 20:31:44.302 DEBUG testcase.TC_7.1_8                        - 1: t = new com.kms.katalon.core.testobject.TestObject(sel)
2026-06-08 20:31:44.304 DEBUG testcase.TC_7.1_8                        - 2: t.addProperty("css", EQUALS, sel)
2026-06-08 20:31:44.304 DEBUG testcase.TC_7.1_8                        - 3: return t
2026-06-08 20:31:44.883 DEBUG testcase.TC_7.1_8                        - 12: setText(css("[name='colore']"), "Nero")
2026-06-08 20:31:44.883 DEBUG testcase.TC_7.1_8                        - 1: t = new com.kms.katalon.core.testobject.TestObject(sel)
2026-06-08 20:31:44.883 DEBUG testcase.TC_7.1_8                        - 2: t.addProperty("css", EQUALS, sel)
2026-06-08 20:31:44.883 DEBUG testcase.TC_7.1_8                        - 3: return t
2026-06-08 20:31:45.446 DEBUG testcase.TC_7.1_8                        - 13: executeJavaScript("document.querySelector(\"[name='price']\").value='30.00'", null)
2026-06-08 20:31:45.450 DEBUG testcase.TC_7.1_8                        - 14: executeJavaScript("document.querySelector(\"[name='quantity']\").value=''", null)
2026-06-08 20:31:45.455 DEBUG testcase.TC_7.1_8                        - 15: valid = executeJavaScript("return document.querySelector(\"[name='quantity']\").checkValidity()", null)
2026-06-08 20:31:45.458 DEBUG testcase.TC_7.1_8                        - 16: verifyEqual(valid, false)
2026-06-08 20:31:45.459 DEBUG testcase.TC_7.1_8                        - 17: click(css("input[value='Aggiungi']"))
2026-06-08 20:31:45.459 DEBUG testcase.TC_7.1_8                        - 1: t = new com.kms.katalon.core.testobject.TestObject(sel)
2026-06-08 20:31:45.460 DEBUG testcase.TC_7.1_8                        - 2: t.addProperty("css", EQUALS, sel)
2026-06-08 20:31:45.460 DEBUG testcase.TC_7.1_8                        - 3: return t
2026-06-08 20:31:45.733 DEBUG testcase.TC_7.1_8                        - 18: delay(1)
2026-06-08 20:31:46.746 DEBUG testcase.TC_7.1_8                        - 19: takeScreenshot()
2026-06-08 20:31:47.094 DEBUG testcase.TC_7.1_8                        - 20: verifyElementPresent(css("input[value='Aggiungi']"), 5)
2026-06-08 20:31:47.095 DEBUG testcase.TC_7.1_8                        - 1: t = new com.kms.katalon.core.testobject.TestObject(sel)
2026-06-08 20:31:47.095 DEBUG testcase.TC_7.1_8                        - 2: t.addProperty("css", EQUALS, sel)
2026-06-08 20:31:47.095 DEBUG testcase.TC_7.1_8                        - 3: return t
2026-06-08 20:31:47.324 DEBUG testcase.TC_7.1_8                        - 21: closeBrowser()
2026-06-08 20:31:47.482 INFO  c.k.katalon.core.main.TestCaseExecutor   - END Test Cases/Prodotti/TC_7.1_8
2026-06-08 20:31:47.484 INFO  c.k.katalon.core.main.TestCaseExecutor   - --------------------
2026-06-08 20:31:47.484 INFO  c.k.katalon.core.main.TestCaseExecutor   - START Test Cases/Prodotti/TC_7.1_9
2026-06-08 20:31:47.551 INFO  com.kms.katalon.core.util.KeywordUtil    - Seed ripristinato prima di: Test Cases/Prodotti/TC_7.1_9
2026-06-08 20:31:47.583 DEBUG testcase.TC_7.1_9                        - 1: openBrowser("")
2026-06-08 20:31:47.584 INFO  c.k.k.core.webui.driver.DriverFactory    - Starting 'Chrome' driver
2026-06-08 20:31:47.585 INFO  c.k.k.core.webui.driver.DriverFactory    - Action delay is set to 0 milliseconds
2026-06-08 20:31:48.307 INFO  c.k.k.core.webui.driver.DriverFactory    - sessionId = 22701b17a6a9b8426f1c29f104c8166e
2026-06-08 20:31:48.308 INFO  c.k.k.core.webui.driver.DriverFactory    - browser = Chrome 148.0.7778.179
2026-06-08 20:31:48.308 INFO  c.k.k.core.webui.driver.DriverFactory    - platform = Windows 11
2026-06-08 20:31:48.308 INFO  c.k.k.core.webui.driver.DriverFactory    - seleniumVersion = 4.39.0
2026-06-08 20:31:48.308 INFO  c.k.k.core.webui.driver.DriverFactory    - proxyInformation = ProxyInformation { proxyOption=NO_PROXY, proxyServerType=HTTP, username=, password=********, proxyServerAddress=, proxyServerPort=0, executionList="", isApplyToDesiredCapabilities=true }
2026-06-08 20:31:48.315 DEBUG testcase.TC_7.1_9                        - 2: navigateToUrl(base + "loginForm.jsp")
2026-06-08 20:31:48.618 DEBUG testcase.TC_7.1_9                        - 3: setText(css("#email"), "t.mansi@studenti.unisa.it")
2026-06-08 20:31:48.619 DEBUG testcase.TC_7.1_9                        - 1: t = new com.kms.katalon.core.testobject.TestObject(sel)
2026-06-08 20:31:48.619 DEBUG testcase.TC_7.1_9                        - 2: t.addProperty("css", EQUALS, sel)
2026-06-08 20:31:48.621 DEBUG testcase.TC_7.1_9                        - 3: return t
2026-06-08 20:31:49.302 DEBUG testcase.TC_7.1_9                        - 4: setText(css("#password"), "321CBA.")
2026-06-08 20:31:49.302 DEBUG testcase.TC_7.1_9                        - 1: t = new com.kms.katalon.core.testobject.TestObject(sel)
2026-06-08 20:31:49.302 DEBUG testcase.TC_7.1_9                        - 2: t.addProperty("css", EQUALS, sel)
2026-06-08 20:31:49.302 DEBUG testcase.TC_7.1_9                        - 3: return t
2026-06-08 20:31:49.838 DEBUG testcase.TC_7.1_9                        - 5: click(css("#submit"))
2026-06-08 20:31:49.839 DEBUG testcase.TC_7.1_9                        - 1: t = new com.kms.katalon.core.testobject.TestObject(sel)
2026-06-08 20:31:49.839 DEBUG testcase.TC_7.1_9                        - 2: t.addProperty("css", EQUALS, sel)
2026-06-08 20:31:49.839 DEBUG testcase.TC_7.1_9                        - 3: return t
2026-06-08 20:31:50.121 DEBUG testcase.TC_7.1_9                        - 6: delay(2)
2026-06-08 20:31:52.135 DEBUG testcase.TC_7.1_9                        - 7: navigateToUrl(base + "ProductViewAdmin.jsp")
2026-06-08 20:31:52.283 DEBUG testcase.TC_7.1_9                        - 8: delay(2)
2026-06-08 20:31:54.297 DEBUG testcase.TC_7.1_9                        - 9: takeScreenshot()
2026-06-08 20:31:54.580 DEBUG testcase.TC_7.1_9                        - 10: verifyTextPresent("(?i)Accesso negato", true)
2026-06-08 20:31:54.811 DEBUG testcase.TC_7.1_9                        - 11: closeBrowser()
2026-06-08 20:31:54.997 INFO  c.k.katalon.core.main.TestCaseExecutor   - END Test Cases/Prodotti/TC_7.1_9
2026-06-08 20:31:54.999 INFO  c.k.katalon.core.main.TestCaseExecutor   - --------------------
2026-06-08 20:31:55.000 INFO  c.k.katalon.core.main.TestCaseExecutor   - START Test Cases/Prodotti/TC_7.2_1
2026-06-08 20:31:55.082 INFO  com.kms.katalon.core.util.KeywordUtil    - Seed ripristinato prima di: Test Cases/Prodotti/TC_7.2_1
2026-06-08 20:31:55.136 DEBUG testcase.TC_7.2_1                        - 1: openBrowser("")
2026-06-08 20:31:55.136 INFO  c.k.k.core.webui.driver.DriverFactory    - Starting 'Chrome' driver
2026-06-08 20:31:55.137 INFO  c.k.k.core.webui.driver.DriverFactory    - Action delay is set to 0 milliseconds
2026-06-08 20:31:55.893 INFO  c.k.k.core.webui.driver.DriverFactory    - sessionId = 7e44e1bd7fe0863a7a0a97719a9f2975
2026-06-08 20:31:55.894 INFO  c.k.k.core.webui.driver.DriverFactory    - browser = Chrome 148.0.7778.179
2026-06-08 20:31:55.894 INFO  c.k.k.core.webui.driver.DriverFactory    - platform = Windows 11
2026-06-08 20:31:55.894 INFO  c.k.k.core.webui.driver.DriverFactory    - seleniumVersion = 4.39.0
2026-06-08 20:31:55.894 INFO  c.k.k.core.webui.driver.DriverFactory    - proxyInformation = ProxyInformation { proxyOption=NO_PROXY, proxyServerType=HTTP, username=, password=********, proxyServerAddress=, proxyServerPort=0, executionList="", isApplyToDesiredCapabilities=true }
2026-06-08 20:31:55.903 DEBUG testcase.TC_7.2_1                        - 2: navigateToUrl(base + "loginForm.jsp")
2026-06-08 20:31:56.268 DEBUG testcase.TC_7.2_1                        - 3: setText(css("#email"), "g.barba14@studenti.unisa.it")
2026-06-08 20:31:56.269 DEBUG testcase.TC_7.2_1                        - 1: t = new com.kms.katalon.core.testobject.TestObject(sel)
2026-06-08 20:31:56.269 DEBUG testcase.TC_7.2_1                        - 2: t.addProperty("css", EQUALS, sel)
2026-06-08 20:31:56.270 DEBUG testcase.TC_7.2_1                        - 3: return t
2026-06-08 20:31:56.844 DEBUG testcase.TC_7.2_1                        - 4: setText(css("#password"), "ABC123.")
2026-06-08 20:31:56.845 DEBUG testcase.TC_7.2_1                        - 1: t = new com.kms.katalon.core.testobject.TestObject(sel)
2026-06-08 20:31:56.846 DEBUG testcase.TC_7.2_1                        - 2: t.addProperty("css", EQUALS, sel)
2026-06-08 20:31:56.846 DEBUG testcase.TC_7.2_1                        - 3: return t
2026-06-08 20:31:57.384 DEBUG testcase.TC_7.2_1                        - 5: click(css("#submit"))
2026-06-08 20:31:57.385 DEBUG testcase.TC_7.2_1                        - 1: t = new com.kms.katalon.core.testobject.TestObject(sel)
2026-06-08 20:31:57.385 DEBUG testcase.TC_7.2_1                        - 2: t.addProperty("css", EQUALS, sel)
2026-06-08 20:31:57.385 DEBUG testcase.TC_7.2_1                        - 3: return t
2026-06-08 20:31:59.050 DEBUG testcase.TC_7.2_1                        - 6: delay(2)
2026-06-08 20:32:01.058 DEBUG testcase.TC_7.2_1                        - 7: navigateToUrl(base + "product?action=delete&id=4")
2026-06-08 20:32:01.143 DEBUG testcase.TC_7.2_1                        - 8: delay(2)
2026-06-08 20:32:03.153 DEBUG testcase.TC_7.2_1                        - 9: takeScreenshot()
2026-06-08 20:32:03.648 DEBUG testcase.TC_7.2_1                        - 10: verifyTextNotPresent("(?i)smok nord", true)
2026-06-08 20:32:03.914 DEBUG testcase.TC_7.2_1                        - 11: closeBrowser()
2026-06-08 20:32:04.060 INFO  c.k.katalon.core.main.TestCaseExecutor   - END Test Cases/Prodotti/TC_7.2_1
2026-06-08 20:32:04.063 INFO  c.k.katalon.core.main.TestCaseExecutor   - --------------------
2026-06-08 20:32:04.063 INFO  c.k.katalon.core.main.TestCaseExecutor   - START Test Cases/Prodotti/TC_7.2_2
2026-06-08 20:32:04.135 INFO  com.kms.katalon.core.util.KeywordUtil    - Seed ripristinato prima di: Test Cases/Prodotti/TC_7.2_2
2026-06-08 20:32:04.168 DEBUG testcase.TC_7.2_2                        - 1: openBrowser("")
2026-06-08 20:32:04.169 INFO  c.k.k.core.webui.driver.DriverFactory    - Starting 'Chrome' driver
2026-06-08 20:32:04.169 INFO  c.k.k.core.webui.driver.DriverFactory    - Action delay is set to 0 milliseconds
2026-06-08 20:32:04.869 INFO  c.k.k.core.webui.driver.DriverFactory    - sessionId = 8d23e250175ab293d14e9106ef358ace
2026-06-08 20:32:04.869 INFO  c.k.k.core.webui.driver.DriverFactory    - browser = Chrome 148.0.7778.179
2026-06-08 20:32:04.869 INFO  c.k.k.core.webui.driver.DriverFactory    - platform = Windows 11
2026-06-08 20:32:04.869 INFO  c.k.k.core.webui.driver.DriverFactory    - seleniumVersion = 4.39.0
2026-06-08 20:32:04.869 INFO  c.k.k.core.webui.driver.DriverFactory    - proxyInformation = ProxyInformation { proxyOption=NO_PROXY, proxyServerType=HTTP, username=, password=********, proxyServerAddress=, proxyServerPort=0, executionList="", isApplyToDesiredCapabilities=true }
2026-06-08 20:32:04.880 DEBUG testcase.TC_7.2_2                        - 2: navigateToUrl(base + "loginForm.jsp")
2026-06-08 20:32:05.217 DEBUG testcase.TC_7.2_2                        - 3: setText(css("#email"), "g.barba14@studenti.unisa.it")
2026-06-08 20:32:05.217 DEBUG testcase.TC_7.2_2                        - 1: t = new com.kms.katalon.core.testobject.TestObject(sel)
2026-06-08 20:32:05.218 DEBUG testcase.TC_7.2_2                        - 2: t.addProperty("css", EQUALS, sel)
2026-06-08 20:32:05.218 DEBUG testcase.TC_7.2_2                        - 3: return t
2026-06-08 20:32:05.780 DEBUG testcase.TC_7.2_2                        - 4: setText(css("#password"), "ABC123.")
2026-06-08 20:32:05.781 DEBUG testcase.TC_7.2_2                        - 1: t = new com.kms.katalon.core.testobject.TestObject(sel)
2026-06-08 20:32:05.781 DEBUG testcase.TC_7.2_2                        - 2: t.addProperty("css", EQUALS, sel)
2026-06-08 20:32:05.781 DEBUG testcase.TC_7.2_2                        - 3: return t
2026-06-08 20:32:06.301 DEBUG testcase.TC_7.2_2                        - 5: click(css("#submit"))
2026-06-08 20:32:06.301 DEBUG testcase.TC_7.2_2                        - 1: t = new com.kms.katalon.core.testobject.TestObject(sel)
2026-06-08 20:32:06.302 DEBUG testcase.TC_7.2_2                        - 2: t.addProperty("css", EQUALS, sel)
2026-06-08 20:32:06.302 DEBUG testcase.TC_7.2_2                        - 3: return t
2026-06-08 20:32:06.599 DEBUG testcase.TC_7.2_2                        - 6: delay(2)
2026-06-08 20:32:08.612 DEBUG testcase.TC_7.2_2                        - 7: navigateToUrl(base + "product?action=delete&id=999")
2026-06-08 20:32:08.781 DEBUG testcase.TC_7.2_2                        - 8: delay(2)
2026-06-08 20:32:10.788 DEBUG testcase.TC_7.2_2                        - 9: takeScreenshot()
2026-06-08 20:32:11.251 DEBUG testcase.TC_7.2_2                        - 10: verifyTextPresent("(?i)kiwi", true)
2026-06-08 20:32:11.499 DEBUG testcase.TC_7.2_2                        - 11: closeBrowser()
2026-06-08 20:32:11.629 INFO  c.k.katalon.core.main.TestCaseExecutor   - END Test Cases/Prodotti/TC_7.2_2
2026-06-08 20:32:11.632 INFO  c.k.katalon.core.main.TestCaseExecutor   - --------------------
2026-06-08 20:32:11.632 INFO  c.k.katalon.core.main.TestCaseExecutor   - START Test Cases/Prodotti/TC_7.2_3
2026-06-08 20:32:11.715 INFO  com.kms.katalon.core.util.KeywordUtil    - Seed ripristinato prima di: Test Cases/Prodotti/TC_7.2_3
2026-06-08 20:32:11.764 DEBUG testcase.TC_7.2_3                        - 1: openBrowser("")
2026-06-08 20:32:11.764 INFO  c.k.k.core.webui.driver.DriverFactory    - Starting 'Chrome' driver
2026-06-08 20:32:11.765 INFO  c.k.k.core.webui.driver.DriverFactory    - Action delay is set to 0 milliseconds
2026-06-08 20:32:12.545 INFO  c.k.k.core.webui.driver.DriverFactory    - sessionId = 87f1aebb8dbab9cf16776f4afcdd2ac6
2026-06-08 20:32:12.546 INFO  c.k.k.core.webui.driver.DriverFactory    - browser = Chrome 148.0.7778.179
2026-06-08 20:32:12.546 INFO  c.k.k.core.webui.driver.DriverFactory    - platform = Windows 11
2026-06-08 20:32:12.546 INFO  c.k.k.core.webui.driver.DriverFactory    - seleniumVersion = 4.39.0
2026-06-08 20:32:12.546 INFO  c.k.k.core.webui.driver.DriverFactory    - proxyInformation = ProxyInformation { proxyOption=NO_PROXY, proxyServerType=HTTP, username=, password=********, proxyServerAddress=, proxyServerPort=0, executionList="", isApplyToDesiredCapabilities=true }
2026-06-08 20:32:12.557 DEBUG testcase.TC_7.2_3                        - 2: navigateToUrl(base + "loginForm.jsp")
2026-06-08 20:32:12.892 DEBUG testcase.TC_7.2_3                        - 3: setText(css("#email"), "g.barba14@studenti.unisa.it")
2026-06-08 20:32:12.892 DEBUG testcase.TC_7.2_3                        - 1: t = new com.kms.katalon.core.testobject.TestObject(sel)
2026-06-08 20:32:12.893 DEBUG testcase.TC_7.2_3                        - 2: t.addProperty("css", EQUALS, sel)
2026-06-08 20:32:12.894 DEBUG testcase.TC_7.2_3                        - 3: return t
2026-06-08 20:32:13.582 DEBUG testcase.TC_7.2_3                        - 4: setText(css("#password"), "ABC123.")
2026-06-08 20:32:13.582 DEBUG testcase.TC_7.2_3                        - 1: t = new com.kms.katalon.core.testobject.TestObject(sel)
2026-06-08 20:32:13.583 DEBUG testcase.TC_7.2_3                        - 2: t.addProperty("css", EQUALS, sel)
2026-06-08 20:32:13.583 DEBUG testcase.TC_7.2_3                        - 3: return t
2026-06-08 20:32:14.116 DEBUG testcase.TC_7.2_3                        - 5: click(css("#submit"))
2026-06-08 20:32:14.116 DEBUG testcase.TC_7.2_3                        - 1: t = new com.kms.katalon.core.testobject.TestObject(sel)
2026-06-08 20:32:14.116 DEBUG testcase.TC_7.2_3                        - 2: t.addProperty("css", EQUALS, sel)
2026-06-08 20:32:14.117 DEBUG testcase.TC_7.2_3                        - 3: return t
2026-06-08 20:32:14.424 DEBUG testcase.TC_7.2_3                        - 6: delay(2)
2026-06-08 20:32:16.439 DEBUG testcase.TC_7.2_3                        - 7: navigateToUrl(base + "product?action=delete&id=2")
2026-06-08 20:32:16.562 DEBUG testcase.TC_7.2_3                        - 8: delay(2)
2026-06-08 20:32:18.575 DEBUG testcase.TC_7.2_3                        - 9: takeScreenshot()
2026-06-08 20:32:19.071 DEBUG testcase.TC_7.2_3                        - 10: verifyTextPresent("(?i)kiwi", true, CONTINUE_ON_FAILURE)
2026-06-08 20:32:19.337 DEBUG testcase.TC_7.2_3                        - 11: closeBrowser()
2026-06-08 20:32:19.495 INFO  c.k.katalon.core.main.TestCaseExecutor   - END Test Cases/Prodotti/TC_7.2_3
2026-06-08 20:32:19.498 INFO  c.k.katalon.core.main.TestCaseExecutor   - --------------------
2026-06-08 20:32:19.498 INFO  c.k.katalon.core.main.TestCaseExecutor   - START Test Cases/Prodotti/TC_7.2_4
2026-06-08 20:32:29.671 ERROR com.kms.katalon.core.util.KeywordUtil    - ❌ Fixture reset seed fallita (exit=1): mysql: [Warning] Using a password on the command line interface can be insecure.
ERROR 1205 (HY000) at line 24: Lock wait timeout exceeded; try restarting transaction

2026-06-08 20:32:29.715 DEBUG testcase.TC_7.2_4                        - 1: openBrowser("")
2026-06-08 20:32:29.716 INFO  c.k.k.core.webui.driver.DriverFactory    - Starting 'Chrome' driver
2026-06-08 20:32:29.717 INFO  c.k.k.core.webui.driver.DriverFactory    - Action delay is set to 0 milliseconds
2026-06-08 20:32:30.388 INFO  c.k.k.core.webui.driver.DriverFactory    - sessionId = 466f133e64ad9461b272b33eefcc5566
2026-06-08 20:32:30.388 INFO  c.k.k.core.webui.driver.DriverFactory    - browser = Chrome 148.0.7778.179
2026-06-08 20:32:30.388 INFO  c.k.k.core.webui.driver.DriverFactory    - platform = Windows 11
2026-06-08 20:32:30.388 INFO  c.k.k.core.webui.driver.DriverFactory    - seleniumVersion = 4.39.0
2026-06-08 20:32:30.388 INFO  c.k.k.core.webui.driver.DriverFactory    - proxyInformation = ProxyInformation { proxyOption=NO_PROXY, proxyServerType=HTTP, username=, password=********, proxyServerAddress=, proxyServerPort=0, executionList="", isApplyToDesiredCapabilities=true }
2026-06-08 20:32:30.395 DEBUG testcase.TC_7.2_4                        - 2: navigateToUrl(base + "loginForm.jsp")
2026-06-08 20:32:30.744 DEBUG testcase.TC_7.2_4                        - 3: setText(css("#email"), "t.mansi@studenti.unisa.it")
2026-06-08 20:32:30.745 DEBUG testcase.TC_7.2_4                        - 1: t = new com.kms.katalon.core.testobject.TestObject(sel)
2026-06-08 20:32:30.746 DEBUG testcase.TC_7.2_4                        - 2: t.addProperty("css", EQUALS, sel)
2026-06-08 20:32:30.748 DEBUG testcase.TC_7.2_4                        - 3: return t
2026-06-08 20:32:31.309 DEBUG testcase.TC_7.2_4                        - 4: setText(css("#password"), "321CBA.")
2026-06-08 20:32:31.309 DEBUG testcase.TC_7.2_4                        - 1: t = new com.kms.katalon.core.testobject.TestObject(sel)
2026-06-08 20:32:31.310 DEBUG testcase.TC_7.2_4                        - 2: t.addProperty("css", EQUALS, sel)
2026-06-08 20:32:31.310 DEBUG testcase.TC_7.2_4                        - 3: return t
2026-06-08 20:32:31.854 DEBUG testcase.TC_7.2_4                        - 5: click(css("#submit"))
2026-06-08 20:32:31.854 DEBUG testcase.TC_7.2_4                        - 1: t = new com.kms.katalon.core.testobject.TestObject(sel)
2026-06-08 20:32:31.854 DEBUG testcase.TC_7.2_4                        - 2: t.addProperty("css", EQUALS, sel)
2026-06-08 20:32:31.854 DEBUG testcase.TC_7.2_4                        - 3: return t
2026-06-08 20:32:32.144 DEBUG testcase.TC_7.2_4                        - 6: delay(2)
2026-06-08 20:32:34.150 DEBUG testcase.TC_7.2_4                        - 7: navigateToUrl(base + "product?action=delete&id=4")
2026-06-08 20:32:34.226 DEBUG testcase.TC_7.2_4                        - 8: delay(2)
2026-06-08 20:32:36.235 DEBUG testcase.TC_7.2_4                        - 9: takeScreenshot()
2026-06-08 20:32:36.676 DEBUG testcase.TC_7.2_4                        - 10: verifyTextPresent("(?i)Accesso negato", true, CONTINUE_ON_FAILURE)
2026-06-08 20:32:36.948 ERROR c.k.k.core.keyword.internal.KeywordMain  - ❌ Text '(?i)Accesso negato' is not present on page  using regular expression (Root cause: com.kms.katalon.core.exception.StepFailedException: Text '(?i)Accesso negato' is not present on page  using regular expression
	at com.kms.katalon.core.webui.keyword.internal.WebUIKeywordMain.stepFailed(WebUIKeywordMain.groovy:177)
	at com.kms.katalon.core.webui.keyword.builtin.VerifyTextPresentKeyword$_verifyTextPresent_closure1.doCall(VerifyTextPresentKeyword.groovy:79)
	at com.kms.katalon.core.webui.keyword.builtin.VerifyTextPresentKeyword$_verifyTextPresent_closure1.call(VerifyTextPresentKeyword.groovy)
	at com.kms.katalon.core.webui.keyword.internal.WebUIKeywordMain.runKeyword(WebUIKeywordMain.groovy:41)
	at com.kms.katalon.core.webui.keyword.builtin.VerifyTextPresentKeyword.verifyTextPresent(VerifyTextPresentKeyword.groovy:83)
	at com.kms.katalon.core.webui.keyword.builtin.VerifyTextPresentKeyword.execute(VerifyTextPresentKeyword.groovy:68)
	at com.kms.katalon.core.keyword.internal.KeywordExecutor.executeKeywordForPlatform(KeywordExecutor.groovy:103)
	at com.kms.katalon.core.webui.keyword.WebUiBuiltInKeywords.verifyTextPresent(WebUiBuiltInKeywords.groovy:1809)
	at Script178070070204.run(Script178070070204.groovy:29)
	at com.kms.katalon.core.main.ScriptEngine.run(ScriptEngine.java:203)
	at com.kms.katalon.core.main.ScriptEngine.runScriptAsRawText(ScriptEngine.java:115)
	at com.kms.katalon.core.main.TestCaseExecutor.runScript(TestCaseExecutor.java:506)
	at com.kms.katalon.core.main.TestCaseExecutor.doExecute(TestCaseExecutor.java:497)
	at com.kms.katalon.core.main.TestCaseExecutor.processExecutionPhase(TestCaseExecutor.java:476)
	at com.kms.katalon.core.main.TestCaseExecutor.accessMainPhase(TestCaseExecutor.java:468)
	at com.kms.katalon.core.main.TestCaseExecutor.execute(TestCaseExecutor.java:334)
	at com.kms.katalon.core.common.CommonExecutor.accessTestCaseMainPhase(CommonExecutor.java:71)
	at com.kms.katalon.core.main.TestSuiteExecutor.accessTestSuiteMainPhase(TestSuiteExecutor.java:153)
	at com.kms.katalon.core.main.TestSuiteExecutor.execute(TestSuiteExecutor.java:110)
	at com.kms.katalon.core.main.TestCaseMain.startTestSuite(TestCaseMain.java:206)
	at S0608_10.run(S0608_10.groovy:40)
	at java.base/jdk.internal.reflect.DirectMethodHandleAccessor.invoke(DirectMethodHandleAccessor.java:103)
)
2026-06-08 20:32:36.948 DEBUG testcase.TC_7.2_4                        - 11: closeBrowser()
2026-06-08 20:32:37.136 ERROR c.k.katalon.core.main.TestCaseExecutor   - ❌ Test Cases/Prodotti/TC_7.2_4 FAILED.
Reason:
com.kms.katalon.core.exception.StepFailedException: Text '(?i)Accesso negato' is not present on page  using regular expression (Root cause: com.kms.katalon.core.exception.StepFailedException: Text '(?i)Accesso negato' is not present on page  using regular expression
	at com.kms.katalon.core.webui.keyword.internal.WebUIKeywordMain.stepFailed(WebUIKeywordMain.groovy:177)
	at com.kms.katalon.core.webui.keyword.builtin.VerifyTextPresentKeyword$_verifyTextPresent_closure1.doCall(VerifyTextPresentKeyword.groovy:79)
	at com.kms.katalon.core.webui.keyword.builtin.VerifyTextPresentKeyword$_verifyTextPresent_closure1.call(VerifyTextPresentKeyword.groovy)
	at com.kms.katalon.core.webui.keyword.internal.WebUIKeywordMain.runKeyword(WebUIKeywordMain.groovy:41)
	at com.kms.katalon.core.webui.keyword.builtin.VerifyTextPresentKeyword.verifyTextPresent(VerifyTextPresentKeyword.groovy:83)
	at com.kms.katalon.core.webui.keyword.builtin.VerifyTextPresentKeyword.execute(VerifyTextPresentKeyword.groovy:68)
	at com.kms.katalon.core.keyword.internal.KeywordExecutor.executeKeywordForPlatform(KeywordExecutor.groovy:103)
	at com.kms.katalon.core.webui.keyword.WebUiBuiltInKeywords.verifyTextPresent(WebUiBuiltInKeywords.groovy:1809)
	at Script178070070204.run(Script178070070204.groovy:29)
	at com.kms.katalon.core.main.ScriptEngine.run(ScriptEngine.java:203)
	at com.kms.katalon.core.main.ScriptEngine.runScriptAsRawText(ScriptEngine.java:115)
	at com.kms.katalon.core.main.TestCaseExecutor.runScript(TestCaseExecutor.java:506)
	at com.kms.katalon.core.main.TestCaseExecutor.doExecute(TestCaseExecutor.java:497)
	at com.kms.katalon.core.main.TestCaseExecutor.processExecutionPhase(TestCaseExecutor.java:476)
	at com.kms.katalon.core.main.TestCaseExecutor.accessMainPhase(TestCaseExecutor.java:468)
	at com.kms.katalon.core.main.TestCaseExecutor.execute(TestCaseExecutor.java:334)
	at com.kms.katalon.core.common.CommonExecutor.accessTestCaseMainPhase(CommonExecutor.java:71)
	at com.kms.katalon.core.main.TestSuiteExecutor.accessTestSuiteMainPhase(TestSuiteExecutor.java:153)
	at com.kms.katalon.core.main.TestSuiteExecutor.execute(TestSuiteExecutor.java:110)
	at com.kms.katalon.core.main.TestCaseMain.startTestSuite(TestCaseMain.java:206)
	at S0608_10.run(S0608_10.groovy:40)
	at java.base/jdk.internal.reflect.DirectMethodHandleAccessor.invoke(DirectMethodHandleAccessor.java:103)
)
	at com.kms.katalon.core.keyword.internal.KeywordMain.stepFailed(KeywordMain.groovy:39)
	at com.kms.katalon.core.webui.keyword.internal.WebUIKeywordMain.stepFailed(WebUIKeywordMain.groovy:177)
	at com.kms.katalon.core.webui.keyword.builtin.VerifyTextPresentKeyword$_verifyTextPresent_closure1.doCall(VerifyTextPresentKeyword.groovy:79)
	at com.kms.katalon.core.webui.keyword.builtin.VerifyTextPresentKeyword$_verifyTextPresent_closure1.call(VerifyTextPresentKeyword.groovy)
	at com.kms.katalon.core.webui.keyword.internal.WebUIKeywordMain.runKeyword(WebUIKeywordMain.groovy:41)
	at com.kms.katalon.core.webui.keyword.builtin.VerifyTextPresentKeyword.verifyTextPresent(VerifyTextPresentKeyword.groovy:83)
	at com.kms.katalon.core.webui.keyword.builtin.VerifyTextPresentKeyword.execute(VerifyTextPresentKeyword.groovy:68)
	at com.kms.katalon.core.keyword.internal.KeywordExecutor.executeKeywordForPlatform(KeywordExecutor.groovy:103)
	at com.kms.katalon.core.webui.keyword.WebUiBuiltInKeywords.verifyTextPresent(WebUiBuiltInKeywords.groovy:1809)
	at Script178070070204.run(Script178070070204.groovy:29)
	at com.kms.katalon.core.main.ScriptEngine.run(ScriptEngine.java:203)
	at com.kms.katalon.core.main.ScriptEngine.runScriptAsRawText(ScriptEngine.java:115)
	at com.kms.katalon.core.main.TestCaseExecutor.runScript(TestCaseExecutor.java:506)
	at com.kms.katalon.core.main.TestCaseExecutor.doExecute(TestCaseExecutor.java:497)
	at com.kms.katalon.core.main.TestCaseExecutor.processExecutionPhase(TestCaseExecutor.java:476)
	at com.kms.katalon.core.main.TestCaseExecutor.accessMainPhase(TestCaseExecutor.java:468)
	at com.kms.katalon.core.main.TestCaseExecutor.execute(TestCaseExecutor.java:334)
	at com.kms.katalon.core.common.CommonExecutor.accessTestCaseMainPhase(CommonExecutor.java:71)
	at com.kms.katalon.core.main.TestSuiteExecutor.accessTestSuiteMainPhase(TestSuiteExecutor.java:153)
	at com.kms.katalon.core.main.TestSuiteExecutor.execute(TestSuiteExecutor.java:110)
	at com.kms.katalon.core.main.TestCaseMain.startTestSuite(TestCaseMain.java:206)
	at S0608_10.run(S0608_10.groovy:40)
	at java.base/jdk.internal.reflect.DirectMethodHandleAccessor.invoke(DirectMethodHandleAccessor.java:103)
Caused by: com.kms.katalon.core.exception.StepFailedException: Text '(?i)Accesso negato' is not present on page  using regular expression
	... 22 more

2026-06-08 20:32:37.137 INFO  c.k.katalon.core.main.TestCaseExecutor   - END Test Cases/Prodotti/TC_7.2_4
2026-06-08 20:32:37.156 INFO  c.k.katalon.core.main.TestSuiteExecutor  - --------------------
2026-06-08 20:32:37.156 INFO  c.k.katalon.core.main.TestSuiteExecutor  - END Test Suites/Prodotti
2026-06-08 20:32:37.156 INFO  c.k.katalon.core.main.TestSuiteExecutor  - ====================
