2026-06-06 13:03:23.551 INFO  c.k.k.c.l.logback.LogbackConfigurator    - Logback default configuration initialized from: C:\Users\gianf\.katalon\packages\KS-11.2.0\configuration\org.eclipse.osgi\151\0\.cp\resources\logback\logback-execution.xml
2026-06-06 13:03:23.554 INFO  c.k.k.c.l.logback.LogbackConfigurator    - Logback custom configuration initialized from: C:\Users\gianf\Documents\Vaporant-IGES\StorageSession\testing\katalon\Vaporant-Baseline\Include\config\log.properties
2026-06-06 13:03:24.045 INFO  c.k.katalon.core.main.TestSuiteExecutor  - START Test Suites/Registrazione
2026-06-06 13:03:24.109 INFO  c.k.katalon.core.main.TestSuiteExecutor  - userFullName = Gianfranco Barba
2026-06-06 13:03:24.110 INFO  c.k.katalon.core.main.TestSuiteExecutor  - projectName = Vaporant-Baseline
2026-06-06 13:03:24.110 INFO  c.k.katalon.core.main.TestSuiteExecutor  - hostName = gianf - Gianfranco
2026-06-06 13:03:24.111 INFO  c.k.katalon.core.main.TestSuiteExecutor  - os = Windows 11 64bit
2026-06-06 13:03:24.111 INFO  c.k.katalon.core.main.TestSuiteExecutor  - hostAddress = 26.38.161.220
2026-06-06 13:03:24.112 INFO  c.k.katalon.core.main.TestSuiteExecutor  - katalonVersion = 11.2.0.0
2026-06-06 13:03:24.215 INFO  c.k.katalon.core.main.TestCaseExecutor   - --------------------
2026-06-06 13:03:24.215 INFO  c.k.katalon.core.main.TestCaseExecutor   - START Test Cases/Registrazione/TC_2.1_1
2026-06-06 13:03:24.508 DEBUG testcase.TC_2.1_1                        - 1: openBrowser("")
2026-06-06 13:03:24.755 INFO  c.k.k.core.webui.driver.DriverFactory    - Starting 'Chrome' driver
2026-06-06 13:03:24.804 INFO  c.k.k.core.webui.driver.DriverFactory    - Action delay is set to 0 milliseconds
2026-06-06 13:03:26.582 INFO  c.k.k.core.webui.driver.DriverFactory    - sessionId = e286c0b1e8d65aaec84b044b90793782
2026-06-06 13:03:26.583 INFO  c.k.k.core.webui.driver.DriverFactory    - browser = Chrome 148.0.7778.179
2026-06-06 13:03:26.583 INFO  c.k.k.core.webui.driver.DriverFactory    - platform = Windows 11
2026-06-06 13:03:26.583 INFO  c.k.k.core.webui.driver.DriverFactory    - seleniumVersion = 4.39.0
2026-06-06 13:03:26.587 INFO  c.k.k.core.webui.driver.DriverFactory    - proxyInformation = ProxyInformation { proxyOption=NO_PROXY, proxyServerType=HTTP, username=, password=********, proxyServerAddress=, proxyServerPort=0, executionList="", isApplyToDesiredCapabilities=true }
2026-06-06 13:03:26.615 DEBUG testcase.TC_2.1_1                        - 2: navigateToUrl(base + "SignForm.jsp")
2026-06-06 13:03:27.177 DEBUG testcase.TC_2.1_1                        - 3: executeJavaScript("document.getElementById('nome').value='Mario';" + "document.getElementById('cognome').value='Rossi';" + "document.getElementById('data_nascita').value='2000-05-15';" + "document.getElementById('codice_fiscale').value='RSSMRA00E15F839X';" + "document.getElementById('telefono').value='3331234567';" + "document.getElementById('email').value='mario.rossi@example.com';" + "document.getElementById('password').value='Password1';", null)
2026-06-06 13:03:27.207 DEBUG testcase.TC_2.1_1                        - 4: takeScreenshot()
2026-06-06 13:03:27.791 DEBUG testcase.TC_2.1_1                        - 5: click(css("#submit"))
2026-06-06 13:03:27.792 DEBUG testcase.TC_2.1_1                        - 1: t = new com.kms.katalon.core.testobject.TestObject(sel)
2026-06-06 13:03:27.801 DEBUG testcase.TC_2.1_1                        - 2: t.addProperty("css", EQUALS, sel)
2026-06-06 13:03:27.809 DEBUG testcase.TC_2.1_1                        - 3: return t
2026-06-06 13:03:28.543 DEBUG testcase.TC_2.1_1                        - 6: delay(2)
2026-06-06 13:03:30.570 DEBUG testcase.TC_2.1_1                        - 7: takeScreenshot()
2026-06-06 13:03:31.110 DEBUG testcase.TC_2.1_1                        - 8: verifyTextPresent("Non hai un account", false, CONTINUE_ON_FAILURE)
2026-06-06 13:03:31.382 ERROR c.k.k.core.keyword.internal.KeywordMain  - ❌ Text 'Non hai un account' is not present on page  (Root cause: com.kms.katalon.core.exception.StepFailedException: Text 'Non hai un account' is not present on page 
	at com.kms.katalon.core.webui.keyword.internal.WebUIKeywordMain.stepFailed(WebUIKeywordMain.groovy:177)
	at com.kms.katalon.core.webui.keyword.builtin.VerifyTextPresentKeyword$_verifyTextPresent_closure1.doCall(VerifyTextPresentKeyword.groovy:79)
	at com.kms.katalon.core.webui.keyword.builtin.VerifyTextPresentKeyword$_verifyTextPresent_closure1.call(VerifyTextPresentKeyword.groovy)
	at com.kms.katalon.core.webui.keyword.internal.WebUIKeywordMain.runKeyword(WebUIKeywordMain.groovy:41)
	at com.kms.katalon.core.webui.keyword.builtin.VerifyTextPresentKeyword.verifyTextPresent(VerifyTextPresentKeyword.groovy:83)
	at com.kms.katalon.core.webui.keyword.builtin.VerifyTextPresentKeyword.execute(VerifyTextPresentKeyword.groovy:68)
	at com.kms.katalon.core.keyword.internal.KeywordExecutor.executeKeywordForPlatform(KeywordExecutor.groovy:103)
	at com.kms.katalon.core.webui.keyword.WebUiBuiltInKeywords.verifyTextPresent(WebUiBuiltInKeywords.groovy:1809)
	at TC_2.1_1.run(TC_2.1_1:33)
	at com.kms.katalon.core.main.ScriptEngine.run(ScriptEngine.java:203)
	at com.kms.katalon.core.main.ScriptEngine.runScriptAsRawText(ScriptEngine.java:115)
	at com.kms.katalon.core.main.TestCaseExecutor.runScript(TestCaseExecutor.java:506)
	at com.kms.katalon.core.main.TestCaseExecutor.doExecute(TestCaseExecutor.java:497)
	at com.kms.katalon.core.main.TestCaseExecutor.processExecutionPhase(TestCaseExecutor.java:476)
	at com.kms.katalon.core.main.TestCaseExecutor.accessMainPhase(TestCaseExecutor.java:468)
	at com.kms.katalon.core.main.TestCaseExecutor.execute(TestCaseExecutor.java:334)
	at com.kms.katalon.core.common.CommonExecutor.accessTestCaseMainPhase(CommonExecutor.java:71)
	at com.kms.katalon.core.main.TestSuiteExecutor.accessTestSuiteMainPhase(TestSuiteExecutor.java:153)
	at com.kms.katalon.core.main.TestSuiteExecutor.execute(TestSuiteExecutor.java:110)
	at com.kms.katalon.core.main.TestCaseMain.startTestSuite(TestCaseMain.java:206)
	at S0606_0.run(S0606_0.groovy:40)
	at java.base/jdk.internal.reflect.DirectMethodHandleAccessor.invoke(DirectMethodHandleAccessor.java:103)
)
2026-06-06 13:03:31.385 DEBUG testcase.TC_2.1_1                        - 9: closeBrowser()
2026-06-06 13:03:31.518 ERROR c.k.katalon.core.main.TestCaseExecutor   - ❌ Test Cases/Registrazione/TC_2.1_1 FAILED.
Reason:
com.kms.katalon.core.exception.StepFailedException: Text 'Non hai un account' is not present on page  (Root cause: com.kms.katalon.core.exception.StepFailedException: Text 'Non hai un account' is not present on page 
	at com.kms.katalon.core.webui.keyword.internal.WebUIKeywordMain.stepFailed(WebUIKeywordMain.groovy:177)
	at com.kms.katalon.core.webui.keyword.builtin.VerifyTextPresentKeyword$_verifyTextPresent_closure1.doCall(VerifyTextPresentKeyword.groovy:79)
	at com.kms.katalon.core.webui.keyword.builtin.VerifyTextPresentKeyword$_verifyTextPresent_closure1.call(VerifyTextPresentKeyword.groovy)
	at com.kms.katalon.core.webui.keyword.internal.WebUIKeywordMain.runKeyword(WebUIKeywordMain.groovy:41)
	at com.kms.katalon.core.webui.keyword.builtin.VerifyTextPresentKeyword.verifyTextPresent(VerifyTextPresentKeyword.groovy:83)
	at com.kms.katalon.core.webui.keyword.builtin.VerifyTextPresentKeyword.execute(VerifyTextPresentKeyword.groovy:68)
	at com.kms.katalon.core.keyword.internal.KeywordExecutor.executeKeywordForPlatform(KeywordExecutor.groovy:103)
	at com.kms.katalon.core.webui.keyword.WebUiBuiltInKeywords.verifyTextPresent(WebUiBuiltInKeywords.groovy:1809)
	at TC_2.1_1.run(TC_2.1_1:33)
	at com.kms.katalon.core.main.ScriptEngine.run(ScriptEngine.java:203)
	at com.kms.katalon.core.main.ScriptEngine.runScriptAsRawText(ScriptEngine.java:115)
	at com.kms.katalon.core.main.TestCaseExecutor.runScript(TestCaseExecutor.java:506)
	at com.kms.katalon.core.main.TestCaseExecutor.doExecute(TestCaseExecutor.java:497)
	at com.kms.katalon.core.main.TestCaseExecutor.processExecutionPhase(TestCaseExecutor.java:476)
	at com.kms.katalon.core.main.TestCaseExecutor.accessMainPhase(TestCaseExecutor.java:468)
	at com.kms.katalon.core.main.TestCaseExecutor.execute(TestCaseExecutor.java:334)
	at com.kms.katalon.core.common.CommonExecutor.accessTestCaseMainPhase(CommonExecutor.java:71)
	at com.kms.katalon.core.main.TestSuiteExecutor.accessTestSuiteMainPhase(TestSuiteExecutor.java:153)
	at com.kms.katalon.core.main.TestSuiteExecutor.execute(TestSuiteExecutor.java:110)
	at com.kms.katalon.core.main.TestCaseMain.startTestSuite(TestCaseMain.java:206)
	at S0606_0.run(S0606_0.groovy:40)
	at java.base/jdk.internal.reflect.DirectMethodHandleAccessor.invoke(DirectMethodHandleAccessor.java:103)
)
	at com.kms.katalon.core.keyword.internal.KeywordMain.stepFailed(KeywordMain.groovy:39)
	at com.kms.katalon.core.webui.keyword.internal.WebUIKeywordMain.stepFailed(WebUIKeywordMain.groovy:177)
	at com.kms.katalon.core.webui.keyword.builtin.VerifyTextPresentKeyword$_verifyTextPresent_closure1.doCall(VerifyTextPresentKeyword.groovy:79)
	at com.kms.katalon.core.webui.keyword.builtin.VerifyTextPresentKeyword$_verifyTextPresent_closure1.call(VerifyTextPresentKeyword.groovy)
	at com.kms.katalon.core.webui.keyword.internal.WebUIKeywordMain.runKeyword(WebUIKeywordMain.groovy:41)
	at com.kms.katalon.core.webui.keyword.builtin.VerifyTextPresentKeyword.verifyTextPresent(VerifyTextPresentKeyword.groovy:83)
	at com.kms.katalon.core.webui.keyword.builtin.VerifyTextPresentKeyword.execute(VerifyTextPresentKeyword.groovy:68)
	at com.kms.katalon.core.keyword.internal.KeywordExecutor.executeKeywordForPlatform(KeywordExecutor.groovy:103)
	at com.kms.katalon.core.webui.keyword.WebUiBuiltInKeywords.verifyTextPresent(WebUiBuiltInKeywords.groovy:1809)
	at TC_2.1_1.run(TC_2.1_1:33)
	at com.kms.katalon.core.main.ScriptEngine.run(ScriptEngine.java:203)
	at com.kms.katalon.core.main.ScriptEngine.runScriptAsRawText(ScriptEngine.java:115)
	at com.kms.katalon.core.main.TestCaseExecutor.runScript(TestCaseExecutor.java:506)
	at com.kms.katalon.core.main.TestCaseExecutor.doExecute(TestCaseExecutor.java:497)
	at com.kms.katalon.core.main.TestCaseExecutor.processExecutionPhase(TestCaseExecutor.java:476)
	at com.kms.katalon.core.main.TestCaseExecutor.accessMainPhase(TestCaseExecutor.java:468)
	at com.kms.katalon.core.main.TestCaseExecutor.execute(TestCaseExecutor.java:334)
	at com.kms.katalon.core.common.CommonExecutor.accessTestCaseMainPhase(CommonExecutor.java:71)
	at com.kms.katalon.core.main.TestSuiteExecutor.accessTestSuiteMainPhase(TestSuiteExecutor.java:153)
	at com.kms.katalon.core.main.TestSuiteExecutor.execute(TestSuiteExecutor.java:110)
	at com.kms.katalon.core.main.TestCaseMain.startTestSuite(TestCaseMain.java:206)
	at S0606_0.run(S0606_0.groovy:40)
	at java.base/jdk.internal.reflect.DirectMethodHandleAccessor.invoke(DirectMethodHandleAccessor.java:103)
Caused by: com.kms.katalon.core.exception.StepFailedException: Text 'Non hai un account' is not present on page 
	... 22 more

2026-06-06 13:03:31.521 INFO  c.k.katalon.core.main.TestCaseExecutor   - END Test Cases/Registrazione/TC_2.1_1
2026-06-06 13:03:31.527 INFO  c.k.katalon.core.main.TestCaseExecutor   - --------------------
2026-06-06 13:03:31.527 INFO  c.k.katalon.core.main.TestCaseExecutor   - START Test Cases/Registrazione/TC_2.1_1 - Retry attempt 1
2026-06-06 13:03:31.542 DEBUG testcase.TC_2.1_1                        - 1: openBrowser("")
2026-06-06 13:03:31.544 INFO  c.k.k.core.webui.driver.DriverFactory    - Starting 'Chrome' driver
2026-06-06 13:03:31.546 INFO  c.k.k.core.webui.driver.DriverFactory    - Action delay is set to 0 milliseconds
2026-06-06 13:03:32.360 INFO  c.k.k.core.webui.driver.DriverFactory    - sessionId = 318f9da3a904acb95f6d327447865a10
2026-06-06 13:03:32.360 INFO  c.k.k.core.webui.driver.DriverFactory    - browser = Chrome 148.0.7778.179
2026-06-06 13:03:32.361 INFO  c.k.k.core.webui.driver.DriverFactory    - platform = Windows 11
2026-06-06 13:03:32.361 INFO  c.k.k.core.webui.driver.DriverFactory    - seleniumVersion = 4.39.0
2026-06-06 13:03:32.362 INFO  c.k.k.core.webui.driver.DriverFactory    - proxyInformation = ProxyInformation { proxyOption=NO_PROXY, proxyServerType=HTTP, username=, password=********, proxyServerAddress=, proxyServerPort=0, executionList="", isApplyToDesiredCapabilities=true }
2026-06-06 13:03:32.380 DEBUG testcase.TC_2.1_1                        - 2: navigateToUrl(base + "SignForm.jsp")
2026-06-06 13:03:32.720 DEBUG testcase.TC_2.1_1                        - 3: executeJavaScript("document.getElementById('nome').value='Mario';" + "document.getElementById('cognome').value='Rossi';" + "document.getElementById('data_nascita').value='2000-05-15';" + "document.getElementById('codice_fiscale').value='RSSMRA00E15F839X';" + "document.getElementById('telefono').value='3331234567';" + "document.getElementById('email').value='mario.rossi@example.com';" + "document.getElementById('password').value='Password1';", null)
2026-06-06 13:03:32.732 DEBUG testcase.TC_2.1_1                        - 4: takeScreenshot()
2026-06-06 13:03:33.256 DEBUG testcase.TC_2.1_1                        - 5: click(css("#submit"))
2026-06-06 13:03:33.257 DEBUG testcase.TC_2.1_1                        - 1: t = new com.kms.katalon.core.testobject.TestObject(sel)
2026-06-06 13:03:33.257 DEBUG testcase.TC_2.1_1                        - 2: t.addProperty("css", EQUALS, sel)
2026-06-06 13:03:33.257 DEBUG testcase.TC_2.1_1                        - 3: return t
2026-06-06 13:03:33.592 DEBUG testcase.TC_2.1_1                        - 6: delay(2)
2026-06-06 13:03:35.598 DEBUG testcase.TC_2.1_1                        - 7: takeScreenshot()
2026-06-06 13:03:36.108 DEBUG testcase.TC_2.1_1                        - 8: verifyTextPresent("Non hai un account", false, CONTINUE_ON_FAILURE)
2026-06-06 13:03:36.349 ERROR c.k.k.core.keyword.internal.KeywordMain  - ❌ Text 'Non hai un account' is not present on page  (Root cause: com.kms.katalon.core.exception.StepFailedException: Text 'Non hai un account' is not present on page 
	at com.kms.katalon.core.webui.keyword.internal.WebUIKeywordMain.stepFailed(WebUIKeywordMain.groovy:177)
	at com.kms.katalon.core.webui.keyword.builtin.VerifyTextPresentKeyword$_verifyTextPresent_closure1.doCall(VerifyTextPresentKeyword.groovy:79)
	at com.kms.katalon.core.webui.keyword.builtin.VerifyTextPresentKeyword$_verifyTextPresent_closure1.call(VerifyTextPresentKeyword.groovy)
	at com.kms.katalon.core.webui.keyword.internal.WebUIKeywordMain.runKeyword(WebUIKeywordMain.groovy:41)
	at com.kms.katalon.core.webui.keyword.builtin.VerifyTextPresentKeyword.verifyTextPresent(VerifyTextPresentKeyword.groovy:83)
	at com.kms.katalon.core.webui.keyword.builtin.VerifyTextPresentKeyword.execute(VerifyTextPresentKeyword.groovy:68)
	at com.kms.katalon.core.keyword.internal.KeywordExecutor.executeKeywordForPlatform(KeywordExecutor.groovy:103)
	at com.kms.katalon.core.webui.keyword.WebUiBuiltInKeywords.verifyTextPresent(WebUiBuiltInKeywords.groovy:1809)
	at TC_2.1_1.run(TC_2.1_1:33)
	at com.kms.katalon.core.main.ScriptEngine.run(ScriptEngine.java:203)
	at com.kms.katalon.core.main.ScriptEngine.runScriptAsRawText(ScriptEngine.java:115)
	at com.kms.katalon.core.main.TestCaseExecutor.runScript(TestCaseExecutor.java:506)
	at com.kms.katalon.core.main.TestCaseExecutor.doExecute(TestCaseExecutor.java:497)
	at com.kms.katalon.core.main.TestCaseExecutor.processExecutionPhase(TestCaseExecutor.java:476)
	at com.kms.katalon.core.main.TestCaseExecutor.accessMainPhase(TestCaseExecutor.java:468)
	at com.kms.katalon.core.main.TestCaseExecutor.execute(TestCaseExecutor.java:334)
	at com.kms.katalon.core.main.TestCaseExecutor.execute(TestCaseExecutor.java:426)
	at com.kms.katalon.core.common.CommonExecutor.accessTestCaseMainPhase(CommonExecutor.java:71)
	at com.kms.katalon.core.main.TestSuiteExecutor.accessTestSuiteMainPhase(TestSuiteExecutor.java:153)
	at com.kms.katalon.core.main.TestSuiteExecutor.execute(TestSuiteExecutor.java:110)
	at com.kms.katalon.core.main.TestCaseMain.startTestSuite(TestCaseMain.java:206)
	at S0606_0.run(S0606_0.groovy:40)
	at java.base/jdk.internal.reflect.DirectMethodHandleAccessor.invoke(DirectMethodHandleAccessor.java:103)
)
2026-06-06 13:03:36.349 DEBUG testcase.TC_2.1_1                        - 9: closeBrowser()
2026-06-06 13:03:36.513 ERROR c.k.katalon.core.main.TestCaseExecutor   - ❌ Test Cases/Registrazione/TC_2.1_1 FAILED.
Reason:
com.kms.katalon.core.exception.StepFailedException: Text 'Non hai un account' is not present on page  (Root cause: com.kms.katalon.core.exception.StepFailedException: Text 'Non hai un account' is not present on page 
	at com.kms.katalon.core.webui.keyword.internal.WebUIKeywordMain.stepFailed(WebUIKeywordMain.groovy:177)
	at com.kms.katalon.core.webui.keyword.builtin.VerifyTextPresentKeyword$_verifyTextPresent_closure1.doCall(VerifyTextPresentKeyword.groovy:79)
	at com.kms.katalon.core.webui.keyword.builtin.VerifyTextPresentKeyword$_verifyTextPresent_closure1.call(VerifyTextPresentKeyword.groovy)
	at com.kms.katalon.core.webui.keyword.internal.WebUIKeywordMain.runKeyword(WebUIKeywordMain.groovy:41)
	at com.kms.katalon.core.webui.keyword.builtin.VerifyTextPresentKeyword.verifyTextPresent(VerifyTextPresentKeyword.groovy:83)
	at com.kms.katalon.core.webui.keyword.builtin.VerifyTextPresentKeyword.execute(VerifyTextPresentKeyword.groovy:68)
	at com.kms.katalon.core.keyword.internal.KeywordExecutor.executeKeywordForPlatform(KeywordExecutor.groovy:103)
	at com.kms.katalon.core.webui.keyword.WebUiBuiltInKeywords.verifyTextPresent(WebUiBuiltInKeywords.groovy:1809)
	at TC_2.1_1.run(TC_2.1_1:33)
	at com.kms.katalon.core.main.ScriptEngine.run(ScriptEngine.java:203)
	at com.kms.katalon.core.main.ScriptEngine.runScriptAsRawText(ScriptEngine.java:115)
	at com.kms.katalon.core.main.TestCaseExecutor.runScript(TestCaseExecutor.java:506)
	at com.kms.katalon.core.main.TestCaseExecutor.doExecute(TestCaseExecutor.java:497)
	at com.kms.katalon.core.main.TestCaseExecutor.processExecutionPhase(TestCaseExecutor.java:476)
	at com.kms.katalon.core.main.TestCaseExecutor.accessMainPhase(TestCaseExecutor.java:468)
	at com.kms.katalon.core.main.TestCaseExecutor.execute(TestCaseExecutor.java:334)
	at com.kms.katalon.core.main.TestCaseExecutor.execute(TestCaseExecutor.java:426)
	at com.kms.katalon.core.common.CommonExecutor.accessTestCaseMainPhase(CommonExecutor.java:71)
	at com.kms.katalon.core.main.TestSuiteExecutor.accessTestSuiteMainPhase(TestSuiteExecutor.java:153)
	at com.kms.katalon.core.main.TestSuiteExecutor.execute(TestSuiteExecutor.java:110)
	at com.kms.katalon.core.main.TestCaseMain.startTestSuite(TestCaseMain.java:206)
	at S0606_0.run(S0606_0.groovy:40)
	at java.base/jdk.internal.reflect.DirectMethodHandleAccessor.invoke(DirectMethodHandleAccessor.java:103)
)
	at com.kms.katalon.core.keyword.internal.KeywordMain.stepFailed(KeywordMain.groovy:39)
	at com.kms.katalon.core.webui.keyword.internal.WebUIKeywordMain.stepFailed(WebUIKeywordMain.groovy:177)
	at com.kms.katalon.core.webui.keyword.builtin.VerifyTextPresentKeyword$_verifyTextPresent_closure1.doCall(VerifyTextPresentKeyword.groovy:79)
	at com.kms.katalon.core.webui.keyword.builtin.VerifyTextPresentKeyword$_verifyTextPresent_closure1.call(VerifyTextPresentKeyword.groovy)
	at com.kms.katalon.core.webui.keyword.internal.WebUIKeywordMain.runKeyword(WebUIKeywordMain.groovy:41)
	at com.kms.katalon.core.webui.keyword.builtin.VerifyTextPresentKeyword.verifyTextPresent(VerifyTextPresentKeyword.groovy:83)
	at com.kms.katalon.core.webui.keyword.builtin.VerifyTextPresentKeyword.execute(VerifyTextPresentKeyword.groovy:68)
	at com.kms.katalon.core.keyword.internal.KeywordExecutor.executeKeywordForPlatform(KeywordExecutor.groovy:103)
	at com.kms.katalon.core.webui.keyword.WebUiBuiltInKeywords.verifyTextPresent(WebUiBuiltInKeywords.groovy:1809)
	at TC_2.1_1.run(TC_2.1_1:33)
	at com.kms.katalon.core.main.ScriptEngine.run(ScriptEngine.java:203)
	at com.kms.katalon.core.main.ScriptEngine.runScriptAsRawText(ScriptEngine.java:115)
	at com.kms.katalon.core.main.TestCaseExecutor.runScript(TestCaseExecutor.java:506)
	at com.kms.katalon.core.main.TestCaseExecutor.doExecute(TestCaseExecutor.java:497)
	at com.kms.katalon.core.main.TestCaseExecutor.processExecutionPhase(TestCaseExecutor.java:476)
	at com.kms.katalon.core.main.TestCaseExecutor.accessMainPhase(TestCaseExecutor.java:468)
	at com.kms.katalon.core.main.TestCaseExecutor.execute(TestCaseExecutor.java:334)
	at com.kms.katalon.core.main.TestCaseExecutor.execute(TestCaseExecutor.java:426)
	at com.kms.katalon.core.common.CommonExecutor.accessTestCaseMainPhase(CommonExecutor.java:71)
	at com.kms.katalon.core.main.TestSuiteExecutor.accessTestSuiteMainPhase(TestSuiteExecutor.java:153)
	at com.kms.katalon.core.main.TestSuiteExecutor.execute(TestSuiteExecutor.java:110)
	at com.kms.katalon.core.main.TestCaseMain.startTestSuite(TestCaseMain.java:206)
	at S0606_0.run(S0606_0.groovy:40)
	at java.base/jdk.internal.reflect.DirectMethodHandleAccessor.invoke(DirectMethodHandleAccessor.java:103)
Caused by: com.kms.katalon.core.exception.StepFailedException: Text 'Non hai un account' is not present on page 
	... 23 more

2026-06-06 13:03:36.516 INFO  c.k.katalon.core.main.TestCaseExecutor   - END Test Cases/Registrazione/TC_2.1_1
2026-06-06 13:03:36.519 INFO  c.k.katalon.core.main.TestCaseExecutor   - --------------------
2026-06-06 13:03:36.519 INFO  c.k.katalon.core.main.TestCaseExecutor   - START Test Cases/Registrazione/TC_2.1_1 - Retry attempt 2
2026-06-06 13:03:36.528 DEBUG testcase.TC_2.1_1                        - 1: openBrowser("")
2026-06-06 13:03:36.529 INFO  c.k.k.core.webui.driver.DriverFactory    - Starting 'Chrome' driver
2026-06-06 13:03:36.531 INFO  c.k.k.core.webui.driver.DriverFactory    - Action delay is set to 0 milliseconds
2026-06-06 13:03:37.326 INFO  c.k.k.core.webui.driver.DriverFactory    - sessionId = 1443378073da0631c506f0f545230485
2026-06-06 13:03:37.326 INFO  c.k.k.core.webui.driver.DriverFactory    - browser = Chrome 148.0.7778.179
2026-06-06 13:03:37.327 INFO  c.k.k.core.webui.driver.DriverFactory    - platform = Windows 11
2026-06-06 13:03:37.327 INFO  c.k.k.core.webui.driver.DriverFactory    - seleniumVersion = 4.39.0
2026-06-06 13:03:37.327 INFO  c.k.k.core.webui.driver.DriverFactory    - proxyInformation = ProxyInformation { proxyOption=NO_PROXY, proxyServerType=HTTP, username=, password=********, proxyServerAddress=, proxyServerPort=0, executionList="", isApplyToDesiredCapabilities=true }
2026-06-06 13:03:37.344 DEBUG testcase.TC_2.1_1                        - 2: navigateToUrl(base + "SignForm.jsp")
2026-06-06 13:03:37.690 DEBUG testcase.TC_2.1_1                        - 3: executeJavaScript("document.getElementById('nome').value='Mario';" + "document.getElementById('cognome').value='Rossi';" + "document.getElementById('data_nascita').value='2000-05-15';" + "document.getElementById('codice_fiscale').value='RSSMRA00E15F839X';" + "document.getElementById('telefono').value='3331234567';" + "document.getElementById('email').value='mario.rossi@example.com';" + "document.getElementById('password').value='Password1';", null)
2026-06-06 13:03:37.702 DEBUG testcase.TC_2.1_1                        - 4: takeScreenshot()
2026-06-06 13:03:38.221 DEBUG testcase.TC_2.1_1                        - 5: click(css("#submit"))
2026-06-06 13:03:38.222 DEBUG testcase.TC_2.1_1                        - 1: t = new com.kms.katalon.core.testobject.TestObject(sel)
2026-06-06 13:03:38.223 DEBUG testcase.TC_2.1_1                        - 2: t.addProperty("css", EQUALS, sel)
2026-06-06 13:03:38.223 DEBUG testcase.TC_2.1_1                        - 3: return t
2026-06-06 13:03:38.554 DEBUG testcase.TC_2.1_1                        - 6: delay(2)
2026-06-06 13:03:40.563 DEBUG testcase.TC_2.1_1                        - 7: takeScreenshot()
2026-06-06 13:03:41.103 DEBUG testcase.TC_2.1_1                        - 8: verifyTextPresent("Non hai un account", false, CONTINUE_ON_FAILURE)
2026-06-06 13:03:41.357 ERROR c.k.k.core.keyword.internal.KeywordMain  - ❌ Text 'Non hai un account' is not present on page  (Root cause: com.kms.katalon.core.exception.StepFailedException: Text 'Non hai un account' is not present on page 
	at com.kms.katalon.core.webui.keyword.internal.WebUIKeywordMain.stepFailed(WebUIKeywordMain.groovy:177)
	at com.kms.katalon.core.webui.keyword.builtin.VerifyTextPresentKeyword$_verifyTextPresent_closure1.doCall(VerifyTextPresentKeyword.groovy:79)
	at com.kms.katalon.core.webui.keyword.builtin.VerifyTextPresentKeyword$_verifyTextPresent_closure1.call(VerifyTextPresentKeyword.groovy)
	at com.kms.katalon.core.webui.keyword.internal.WebUIKeywordMain.runKeyword(WebUIKeywordMain.groovy:41)
	at com.kms.katalon.core.webui.keyword.builtin.VerifyTextPresentKeyword.verifyTextPresent(VerifyTextPresentKeyword.groovy:83)
	at com.kms.katalon.core.webui.keyword.builtin.VerifyTextPresentKeyword.execute(VerifyTextPresentKeyword.groovy:68)
	at com.kms.katalon.core.keyword.internal.KeywordExecutor.executeKeywordForPlatform(KeywordExecutor.groovy:103)
	at com.kms.katalon.core.webui.keyword.WebUiBuiltInKeywords.verifyTextPresent(WebUiBuiltInKeywords.groovy:1809)
	at TC_2.1_1.run(TC_2.1_1:33)
	at com.kms.katalon.core.main.ScriptEngine.run(ScriptEngine.java:203)
	at com.kms.katalon.core.main.ScriptEngine.runScriptAsRawText(ScriptEngine.java:115)
	at com.kms.katalon.core.main.TestCaseExecutor.runScript(TestCaseExecutor.java:506)
	at com.kms.katalon.core.main.TestCaseExecutor.doExecute(TestCaseExecutor.java:497)
	at com.kms.katalon.core.main.TestCaseExecutor.processExecutionPhase(TestCaseExecutor.java:476)
	at com.kms.katalon.core.main.TestCaseExecutor.accessMainPhase(TestCaseExecutor.java:468)
	at com.kms.katalon.core.main.TestCaseExecutor.execute(TestCaseExecutor.java:334)
	at com.kms.katalon.core.main.TestCaseExecutor.execute(TestCaseExecutor.java:426)
	at com.kms.katalon.core.main.TestCaseExecutor.execute(TestCaseExecutor.java:426)
	at com.kms.katalon.core.common.CommonExecutor.accessTestCaseMainPhase(CommonExecutor.java:71)
	at com.kms.katalon.core.main.TestSuiteExecutor.accessTestSuiteMainPhase(TestSuiteExecutor.java:153)
	at com.kms.katalon.core.main.TestSuiteExecutor.execute(TestSuiteExecutor.java:110)
	at com.kms.katalon.core.main.TestCaseMain.startTestSuite(TestCaseMain.java:206)
	at S0606_0.run(S0606_0.groovy:40)
	at java.base/jdk.internal.reflect.DirectMethodHandleAccessor.invoke(DirectMethodHandleAccessor.java:103)
)
2026-06-06 13:03:41.358 DEBUG testcase.TC_2.1_1                        - 9: closeBrowser()
2026-06-06 13:03:41.496 ERROR c.k.katalon.core.main.TestCaseExecutor   - ❌ Test Cases/Registrazione/TC_2.1_1 FAILED.
Reason:
com.kms.katalon.core.exception.StepFailedException: Text 'Non hai un account' is not present on page  (Root cause: com.kms.katalon.core.exception.StepFailedException: Text 'Non hai un account' is not present on page 
	at com.kms.katalon.core.webui.keyword.internal.WebUIKeywordMain.stepFailed(WebUIKeywordMain.groovy:177)
	at com.kms.katalon.core.webui.keyword.builtin.VerifyTextPresentKeyword$_verifyTextPresent_closure1.doCall(VerifyTextPresentKeyword.groovy:79)
	at com.kms.katalon.core.webui.keyword.builtin.VerifyTextPresentKeyword$_verifyTextPresent_closure1.call(VerifyTextPresentKeyword.groovy)
	at com.kms.katalon.core.webui.keyword.internal.WebUIKeywordMain.runKeyword(WebUIKeywordMain.groovy:41)
	at com.kms.katalon.core.webui.keyword.builtin.VerifyTextPresentKeyword.verifyTextPresent(VerifyTextPresentKeyword.groovy:83)
	at com.kms.katalon.core.webui.keyword.builtin.VerifyTextPresentKeyword.execute(VerifyTextPresentKeyword.groovy:68)
	at com.kms.katalon.core.keyword.internal.KeywordExecutor.executeKeywordForPlatform(KeywordExecutor.groovy:103)
	at com.kms.katalon.core.webui.keyword.WebUiBuiltInKeywords.verifyTextPresent(WebUiBuiltInKeywords.groovy:1809)
	at TC_2.1_1.run(TC_2.1_1:33)
	at com.kms.katalon.core.main.ScriptEngine.run(ScriptEngine.java:203)
	at com.kms.katalon.core.main.ScriptEngine.runScriptAsRawText(ScriptEngine.java:115)
	at com.kms.katalon.core.main.TestCaseExecutor.runScript(TestCaseExecutor.java:506)
	at com.kms.katalon.core.main.TestCaseExecutor.doExecute(TestCaseExecutor.java:497)
	at com.kms.katalon.core.main.TestCaseExecutor.processExecutionPhase(TestCaseExecutor.java:476)
	at com.kms.katalon.core.main.TestCaseExecutor.accessMainPhase(TestCaseExecutor.java:468)
	at com.kms.katalon.core.main.TestCaseExecutor.execute(TestCaseExecutor.java:334)
	at com.kms.katalon.core.main.TestCaseExecutor.execute(TestCaseExecutor.java:426)
	at com.kms.katalon.core.main.TestCaseExecutor.execute(TestCaseExecutor.java:426)
	at com.kms.katalon.core.common.CommonExecutor.accessTestCaseMainPhase(CommonExecutor.java:71)
	at com.kms.katalon.core.main.TestSuiteExecutor.accessTestSuiteMainPhase(TestSuiteExecutor.java:153)
	at com.kms.katalon.core.main.TestSuiteExecutor.execute(TestSuiteExecutor.java:110)
	at com.kms.katalon.core.main.TestCaseMain.startTestSuite(TestCaseMain.java:206)
	at S0606_0.run(S0606_0.groovy:40)
	at java.base/jdk.internal.reflect.DirectMethodHandleAccessor.invoke(DirectMethodHandleAccessor.java:103)
)
	at com.kms.katalon.core.keyword.internal.KeywordMain.stepFailed(KeywordMain.groovy:39)
	at com.kms.katalon.core.webui.keyword.internal.WebUIKeywordMain.stepFailed(WebUIKeywordMain.groovy:177)
	at com.kms.katalon.core.webui.keyword.builtin.VerifyTextPresentKeyword$_verifyTextPresent_closure1.doCall(VerifyTextPresentKeyword.groovy:79)
	at com.kms.katalon.core.webui.keyword.builtin.VerifyTextPresentKeyword$_verifyTextPresent_closure1.call(VerifyTextPresentKeyword.groovy)
	at com.kms.katalon.core.webui.keyword.internal.WebUIKeywordMain.runKeyword(WebUIKeywordMain.groovy:41)
	at com.kms.katalon.core.webui.keyword.builtin.VerifyTextPresentKeyword.verifyTextPresent(VerifyTextPresentKeyword.groovy:83)
	at com.kms.katalon.core.webui.keyword.builtin.VerifyTextPresentKeyword.execute(VerifyTextPresentKeyword.groovy:68)
	at com.kms.katalon.core.keyword.internal.KeywordExecutor.executeKeywordForPlatform(KeywordExecutor.groovy:103)
	at com.kms.katalon.core.webui.keyword.WebUiBuiltInKeywords.verifyTextPresent(WebUiBuiltInKeywords.groovy:1809)
	at TC_2.1_1.run(TC_2.1_1:33)
	at com.kms.katalon.core.main.ScriptEngine.run(ScriptEngine.java:203)
	at com.kms.katalon.core.main.ScriptEngine.runScriptAsRawText(ScriptEngine.java:115)
	at com.kms.katalon.core.main.TestCaseExecutor.runScript(TestCaseExecutor.java:506)
	at com.kms.katalon.core.main.TestCaseExecutor.doExecute(TestCaseExecutor.java:497)
	at com.kms.katalon.core.main.TestCaseExecutor.processExecutionPhase(TestCaseExecutor.java:476)
	at com.kms.katalon.core.main.TestCaseExecutor.accessMainPhase(TestCaseExecutor.java:468)
	at com.kms.katalon.core.main.TestCaseExecutor.execute(TestCaseExecutor.java:334)
	at com.kms.katalon.core.main.TestCaseExecutor.execute(TestCaseExecutor.java:426)
	at com.kms.katalon.core.main.TestCaseExecutor.execute(TestCaseExecutor.java:426)
	at com.kms.katalon.core.common.CommonExecutor.accessTestCaseMainPhase(CommonExecutor.java:71)
	at com.kms.katalon.core.main.TestSuiteExecutor.accessTestSuiteMainPhase(TestSuiteExecutor.java:153)
	at com.kms.katalon.core.main.TestSuiteExecutor.execute(TestSuiteExecutor.java:110)
	at com.kms.katalon.core.main.TestCaseMain.startTestSuite(TestCaseMain.java:206)
	at S0606_0.run(S0606_0.groovy:40)
	at java.base/jdk.internal.reflect.DirectMethodHandleAccessor.invoke(DirectMethodHandleAccessor.java:103)
Caused by: com.kms.katalon.core.exception.StepFailedException: Text 'Non hai un account' is not present on page 
	... 24 more

2026-06-06 13:03:41.499 INFO  c.k.katalon.core.main.TestCaseExecutor   - END Test Cases/Registrazione/TC_2.1_1
2026-06-06 13:03:41.501 INFO  c.k.katalon.core.main.TestCaseExecutor   - --------------------
2026-06-06 13:03:41.501 INFO  c.k.katalon.core.main.TestCaseExecutor   - START Test Cases/Registrazione/TC_2.1_1 - Retry attempt 3
2026-06-06 13:03:41.510 DEBUG testcase.TC_2.1_1                        - 1: openBrowser("")
2026-06-06 13:03:41.512 INFO  c.k.k.core.webui.driver.DriverFactory    - Starting 'Chrome' driver
2026-06-06 13:03:41.514 INFO  c.k.k.core.webui.driver.DriverFactory    - Action delay is set to 0 milliseconds
2026-06-06 13:03:42.299 INFO  c.k.k.core.webui.driver.DriverFactory    - sessionId = 15760301797a848b0ae82081d5602f07
2026-06-06 13:03:42.299 INFO  c.k.k.core.webui.driver.DriverFactory    - browser = Chrome 148.0.7778.179
2026-06-06 13:03:42.299 INFO  c.k.k.core.webui.driver.DriverFactory    - platform = Windows 11
2026-06-06 13:03:42.299 INFO  c.k.k.core.webui.driver.DriverFactory    - seleniumVersion = 4.39.0
2026-06-06 13:03:42.301 INFO  c.k.k.core.webui.driver.DriverFactory    - proxyInformation = ProxyInformation { proxyOption=NO_PROXY, proxyServerType=HTTP, username=, password=********, proxyServerAddress=, proxyServerPort=0, executionList="", isApplyToDesiredCapabilities=true }
2026-06-06 13:03:42.309 DEBUG testcase.TC_2.1_1                        - 2: navigateToUrl(base + "SignForm.jsp")
2026-06-06 13:03:43.037 DEBUG testcase.TC_2.1_1                        - 3: executeJavaScript("document.getElementById('nome').value='Mario';" + "document.getElementById('cognome').value='Rossi';" + "document.getElementById('data_nascita').value='2000-05-15';" + "document.getElementById('codice_fiscale').value='RSSMRA00E15F839X';" + "document.getElementById('telefono').value='3331234567';" + "document.getElementById('email').value='mario.rossi@example.com';" + "document.getElementById('password').value='Password1';", null)
2026-06-06 13:03:43.053 DEBUG testcase.TC_2.1_1                        - 4: takeScreenshot()
2026-06-06 13:03:43.619 DEBUG testcase.TC_2.1_1                        - 5: click(css("#submit"))
2026-06-06 13:03:43.620 DEBUG testcase.TC_2.1_1                        - 1: t = new com.kms.katalon.core.testobject.TestObject(sel)
2026-06-06 13:03:43.620 DEBUG testcase.TC_2.1_1                        - 2: t.addProperty("css", EQUALS, sel)
2026-06-06 13:03:43.620 DEBUG testcase.TC_2.1_1                        - 3: return t
2026-06-06 13:03:43.940 DEBUG testcase.TC_2.1_1                        - 6: delay(2)
2026-06-06 13:03:45.948 DEBUG testcase.TC_2.1_1                        - 7: takeScreenshot()
2026-06-06 13:03:46.494 DEBUG testcase.TC_2.1_1                        - 8: verifyTextPresent("Non hai un account", false, CONTINUE_ON_FAILURE)
2026-06-06 13:03:46.757 ERROR c.k.k.core.keyword.internal.KeywordMain  - ❌ Text 'Non hai un account' is not present on page  (Root cause: com.kms.katalon.core.exception.StepFailedException: Text 'Non hai un account' is not present on page 
	at com.kms.katalon.core.webui.keyword.internal.WebUIKeywordMain.stepFailed(WebUIKeywordMain.groovy:177)
	at com.kms.katalon.core.webui.keyword.builtin.VerifyTextPresentKeyword$_verifyTextPresent_closure1.doCall(VerifyTextPresentKeyword.groovy:79)
	at com.kms.katalon.core.webui.keyword.builtin.VerifyTextPresentKeyword$_verifyTextPresent_closure1.call(VerifyTextPresentKeyword.groovy)
	at com.kms.katalon.core.webui.keyword.internal.WebUIKeywordMain.runKeyword(WebUIKeywordMain.groovy:41)
	at com.kms.katalon.core.webui.keyword.builtin.VerifyTextPresentKeyword.verifyTextPresent(VerifyTextPresentKeyword.groovy:83)
	at com.kms.katalon.core.webui.keyword.builtin.VerifyTextPresentKeyword.execute(VerifyTextPresentKeyword.groovy:68)
	at com.kms.katalon.core.keyword.internal.KeywordExecutor.executeKeywordForPlatform(KeywordExecutor.groovy:103)
	at com.kms.katalon.core.webui.keyword.WebUiBuiltInKeywords.verifyTextPresent(WebUiBuiltInKeywords.groovy:1809)
	at TC_2.1_1.run(TC_2.1_1:33)
	at com.kms.katalon.core.main.ScriptEngine.run(ScriptEngine.java:203)
	at com.kms.katalon.core.main.ScriptEngine.runScriptAsRawText(ScriptEngine.java:115)
	at com.kms.katalon.core.main.TestCaseExecutor.runScript(TestCaseExecutor.java:506)
	at com.kms.katalon.core.main.TestCaseExecutor.doExecute(TestCaseExecutor.java:497)
	at com.kms.katalon.core.main.TestCaseExecutor.processExecutionPhase(TestCaseExecutor.java:476)
	at com.kms.katalon.core.main.TestCaseExecutor.accessMainPhase(TestCaseExecutor.java:468)
	at com.kms.katalon.core.main.TestCaseExecutor.execute(TestCaseExecutor.java:334)
	at com.kms.katalon.core.main.TestCaseExecutor.execute(TestCaseExecutor.java:426)
	at com.kms.katalon.core.main.TestCaseExecutor.execute(TestCaseExecutor.java:426)
	at com.kms.katalon.core.main.TestCaseExecutor.execute(TestCaseExecutor.java:426)
	at com.kms.katalon.core.common.CommonExecutor.accessTestCaseMainPhase(CommonExecutor.java:71)
	at com.kms.katalon.core.main.TestSuiteExecutor.accessTestSuiteMainPhase(TestSuiteExecutor.java:153)
	at com.kms.katalon.core.main.TestSuiteExecutor.execute(TestSuiteExecutor.java:110)
	at com.kms.katalon.core.main.TestCaseMain.startTestSuite(TestCaseMain.java:206)
	at S0606_0.run(S0606_0.groovy:40)
	at java.base/jdk.internal.reflect.DirectMethodHandleAccessor.invoke(DirectMethodHandleAccessor.java:103)
)
2026-06-06 13:03:46.758 DEBUG testcase.TC_2.1_1                        - 9: closeBrowser()
2026-06-06 13:03:46.901 ERROR c.k.katalon.core.main.TestCaseExecutor   - ❌ Test Cases/Registrazione/TC_2.1_1 FAILED.
Reason:
com.kms.katalon.core.exception.StepFailedException: Text 'Non hai un account' is not present on page  (Root cause: com.kms.katalon.core.exception.StepFailedException: Text 'Non hai un account' is not present on page 
	at com.kms.katalon.core.webui.keyword.internal.WebUIKeywordMain.stepFailed(WebUIKeywordMain.groovy:177)
	at com.kms.katalon.core.webui.keyword.builtin.VerifyTextPresentKeyword$_verifyTextPresent_closure1.doCall(VerifyTextPresentKeyword.groovy:79)
	at com.kms.katalon.core.webui.keyword.builtin.VerifyTextPresentKeyword$_verifyTextPresent_closure1.call(VerifyTextPresentKeyword.groovy)
	at com.kms.katalon.core.webui.keyword.internal.WebUIKeywordMain.runKeyword(WebUIKeywordMain.groovy:41)
	at com.kms.katalon.core.webui.keyword.builtin.VerifyTextPresentKeyword.verifyTextPresent(VerifyTextPresentKeyword.groovy:83)
	at com.kms.katalon.core.webui.keyword.builtin.VerifyTextPresentKeyword.execute(VerifyTextPresentKeyword.groovy:68)
	at com.kms.katalon.core.keyword.internal.KeywordExecutor.executeKeywordForPlatform(KeywordExecutor.groovy:103)
	at com.kms.katalon.core.webui.keyword.WebUiBuiltInKeywords.verifyTextPresent(WebUiBuiltInKeywords.groovy:1809)
	at TC_2.1_1.run(TC_2.1_1:33)
	at com.kms.katalon.core.main.ScriptEngine.run(ScriptEngine.java:203)
	at com.kms.katalon.core.main.ScriptEngine.runScriptAsRawText(ScriptEngine.java:115)
	at com.kms.katalon.core.main.TestCaseExecutor.runScript(TestCaseExecutor.java:506)
	at com.kms.katalon.core.main.TestCaseExecutor.doExecute(TestCaseExecutor.java:497)
	at com.kms.katalon.core.main.TestCaseExecutor.processExecutionPhase(TestCaseExecutor.java:476)
	at com.kms.katalon.core.main.TestCaseExecutor.accessMainPhase(TestCaseExecutor.java:468)
	at com.kms.katalon.core.main.TestCaseExecutor.execute(TestCaseExecutor.java:334)
	at com.kms.katalon.core.main.TestCaseExecutor.execute(TestCaseExecutor.java:426)
	at com.kms.katalon.core.main.TestCaseExecutor.execute(TestCaseExecutor.java:426)
	at com.kms.katalon.core.main.TestCaseExecutor.execute(TestCaseExecutor.java:426)
	at com.kms.katalon.core.common.CommonExecutor.accessTestCaseMainPhase(CommonExecutor.java:71)
	at com.kms.katalon.core.main.TestSuiteExecutor.accessTestSuiteMainPhase(TestSuiteExecutor.java:153)
	at com.kms.katalon.core.main.TestSuiteExecutor.execute(TestSuiteExecutor.java:110)
	at com.kms.katalon.core.main.TestCaseMain.startTestSuite(TestCaseMain.java:206)
	at S0606_0.run(S0606_0.groovy:40)
	at java.base/jdk.internal.reflect.DirectMethodHandleAccessor.invoke(DirectMethodHandleAccessor.java:103)
)
	at com.kms.katalon.core.keyword.internal.KeywordMain.stepFailed(KeywordMain.groovy:39)
	at com.kms.katalon.core.webui.keyword.internal.WebUIKeywordMain.stepFailed(WebUIKeywordMain.groovy:177)
	at com.kms.katalon.core.webui.keyword.builtin.VerifyTextPresentKeyword$_verifyTextPresent_closure1.doCall(VerifyTextPresentKeyword.groovy:79)
	at com.kms.katalon.core.webui.keyword.builtin.VerifyTextPresentKeyword$_verifyTextPresent_closure1.call(VerifyTextPresentKeyword.groovy)
	at com.kms.katalon.core.webui.keyword.internal.WebUIKeywordMain.runKeyword(WebUIKeywordMain.groovy:41)
	at com.kms.katalon.core.webui.keyword.builtin.VerifyTextPresentKeyword.verifyTextPresent(VerifyTextPresentKeyword.groovy:83)
	at com.kms.katalon.core.webui.keyword.builtin.VerifyTextPresentKeyword.execute(VerifyTextPresentKeyword.groovy:68)
	at com.kms.katalon.core.keyword.internal.KeywordExecutor.executeKeywordForPlatform(KeywordExecutor.groovy:103)
	at com.kms.katalon.core.webui.keyword.WebUiBuiltInKeywords.verifyTextPresent(WebUiBuiltInKeywords.groovy:1809)
	at TC_2.1_1.run(TC_2.1_1:33)
	at com.kms.katalon.core.main.ScriptEngine.run(ScriptEngine.java:203)
	at com.kms.katalon.core.main.ScriptEngine.runScriptAsRawText(ScriptEngine.java:115)
	at com.kms.katalon.core.main.TestCaseExecutor.runScript(TestCaseExecutor.java:506)
	at com.kms.katalon.core.main.TestCaseExecutor.doExecute(TestCaseExecutor.java:497)
	at com.kms.katalon.core.main.TestCaseExecutor.processExecutionPhase(TestCaseExecutor.java:476)
	at com.kms.katalon.core.main.TestCaseExecutor.accessMainPhase(TestCaseExecutor.java:468)
	at com.kms.katalon.core.main.TestCaseExecutor.execute(TestCaseExecutor.java:334)
	at com.kms.katalon.core.main.TestCaseExecutor.execute(TestCaseExecutor.java:426)
	at com.kms.katalon.core.main.TestCaseExecutor.execute(TestCaseExecutor.java:426)
	at com.kms.katalon.core.main.TestCaseExecutor.execute(TestCaseExecutor.java:426)
	at com.kms.katalon.core.common.CommonExecutor.accessTestCaseMainPhase(CommonExecutor.java:71)
	at com.kms.katalon.core.main.TestSuiteExecutor.accessTestSuiteMainPhase(TestSuiteExecutor.java:153)
	at com.kms.katalon.core.main.TestSuiteExecutor.execute(TestSuiteExecutor.java:110)
	at com.kms.katalon.core.main.TestCaseMain.startTestSuite(TestCaseMain.java:206)
	at S0606_0.run(S0606_0.groovy:40)
	at java.base/jdk.internal.reflect.DirectMethodHandleAccessor.invoke(DirectMethodHandleAccessor.java:103)
Caused by: com.kms.katalon.core.exception.StepFailedException: Text 'Non hai un account' is not present on page 
	... 25 more

2026-06-06 13:03:46.902 INFO  c.k.katalon.core.main.TestCaseExecutor   - END Test Cases/Registrazione/TC_2.1_1
2026-06-06 13:03:46.904 INFO  c.k.katalon.core.main.TestCaseExecutor   - --------------------
2026-06-06 13:03:46.904 INFO  c.k.katalon.core.main.TestCaseExecutor   - START Test Cases/Registrazione/TC_2.1_2
2026-06-06 13:03:46.923 DEBUG testcase.TC_2.1_2                        - 1: markWarning("Caso manuale: in SignForm.jsp compilare tutti i campi coi valori di riferimento (Cognome=Rossi, Data=2000-05-15, CF=RSSMRA00E15F839X, Telefono=3331234567, Email=mario.rossi@example.com, Password=Password1) lasciando Nome VUOTO, poi cliccare Registrati. Atteso: il browser blocca l'invio (campo obbligatorio).")
2026-06-06 13:03:46.927 WARN  com.kms.katalon.core.util.KeywordUtil    - Caso manuale: in SignForm.jsp compilare tutti i campi coi valori di riferimento (Cognome=Rossi, Data=2000-05-15, CF=RSSMRA00E15F839X, Telefono=3331234567, Email=mario.rossi@example.com, Password=Password1) lasciando Nome VUOTO, poi cliccare Registrati. Atteso: il browser blocca l'invio (campo obbligatorio).
2026-06-06 13:03:46.928 INFO  c.k.katalon.core.main.TestCaseExecutor   - END Test Cases/Registrazione/TC_2.1_2
2026-06-06 13:03:46.930 INFO  c.k.katalon.core.main.TestCaseExecutor   - --------------------
2026-06-06 13:03:46.930 INFO  c.k.katalon.core.main.TestCaseExecutor   - START Test Cases/Registrazione/TC_2.1_3
2026-06-06 13:03:46.956 DEBUG testcase.TC_2.1_3                        - 1: markWarning("Caso manuale: in SignForm.jsp compilare tutti i campi coi valori di riferimento (Nome=Mario, Data=2000-05-15, CF=RSSMRA00E15F839X, Telefono=3331234567, Email=mario.rossi@example.com, Password=Password1) lasciando Cognome VUOTO, poi cliccare Registrati. Atteso: il browser blocca l'invio (campo obbligatorio).")
2026-06-06 13:03:46.957 WARN  com.kms.katalon.core.util.KeywordUtil    - Caso manuale: in SignForm.jsp compilare tutti i campi coi valori di riferimento (Nome=Mario, Data=2000-05-15, CF=RSSMRA00E15F839X, Telefono=3331234567, Email=mario.rossi@example.com, Password=Password1) lasciando Cognome VUOTO, poi cliccare Registrati. Atteso: il browser blocca l'invio (campo obbligatorio).
2026-06-06 13:03:46.958 INFO  c.k.katalon.core.main.TestCaseExecutor   - END Test Cases/Registrazione/TC_2.1_3
2026-06-06 13:03:46.962 INFO  c.k.katalon.core.main.TestCaseExecutor   - --------------------
2026-06-06 13:03:46.962 INFO  c.k.katalon.core.main.TestCaseExecutor   - START Test Cases/Registrazione/TC_2.1_4
2026-06-06 13:03:46.979 DEBUG testcase.TC_2.1_4                        - 1: markWarning("Caso manuale: in SignForm.jsp compilare tutti i campi coi valori di riferimento (Nome=Mario, Cognome=Rossi, CF=RSSMRA00E15F839X, Telefono=3331234567, Email=mario.rossi@example.com, Password=Password1) lasciando Data di Nascita VUOTA, poi cliccare Registrati. Atteso: il browser blocca l'invio (campo obbligatorio).")
2026-06-06 13:03:46.980 WARN  com.kms.katalon.core.util.KeywordUtil    - Caso manuale: in SignForm.jsp compilare tutti i campi coi valori di riferimento (Nome=Mario, Cognome=Rossi, CF=RSSMRA00E15F839X, Telefono=3331234567, Email=mario.rossi@example.com, Password=Password1) lasciando Data di Nascita VUOTA, poi cliccare Registrati. Atteso: il browser blocca l'invio (campo obbligatorio).
2026-06-06 13:03:46.981 INFO  c.k.katalon.core.main.TestCaseExecutor   - END Test Cases/Registrazione/TC_2.1_4
2026-06-06 13:03:46.984 INFO  c.k.katalon.core.main.TestCaseExecutor   - --------------------
2026-06-06 13:03:46.984 INFO  c.k.katalon.core.main.TestCaseExecutor   - START Test Cases/Registrazione/TC_2.1_5
2026-06-06 13:03:47.002 DEBUG testcase.TC_2.1_5                        - 1: markWarning("Caso manuale: in SignForm.jsp compilare tutti i campi coi valori di riferimento (Nome=Mario, Cognome=Rossi, Data=2000-05-15, Telefono=3331234567, Email=mario.rossi@example.com, Password=Password1) lasciando Codice Fiscale VUOTO, poi cliccare Registrati. Atteso: il browser blocca l'invio (campo obbligatorio).")
2026-06-06 13:03:47.002 WARN  com.kms.katalon.core.util.KeywordUtil    - Caso manuale: in SignForm.jsp compilare tutti i campi coi valori di riferimento (Nome=Mario, Cognome=Rossi, Data=2000-05-15, Telefono=3331234567, Email=mario.rossi@example.com, Password=Password1) lasciando Codice Fiscale VUOTO, poi cliccare Registrati. Atteso: il browser blocca l'invio (campo obbligatorio).
2026-06-06 13:03:47.003 INFO  c.k.katalon.core.main.TestCaseExecutor   - END Test Cases/Registrazione/TC_2.1_5
2026-06-06 13:03:47.005 INFO  c.k.katalon.core.main.TestCaseExecutor   - --------------------
2026-06-06 13:03:47.005 INFO  c.k.katalon.core.main.TestCaseExecutor   - START Test Cases/Registrazione/TC_2.1_6
2026-06-06 13:03:47.027 DEBUG testcase.TC_2.1_6                        - 1: markWarning("Caso manuale: in SignForm.jsp compilare tutti i campi coi valori di riferimento (Nome=Mario, Cognome=Rossi, Data=2000-05-15, CF=RSSMRA00E15F839X, Email=mario.rossi@example.com, Password=Password1) lasciando Telefono VUOTO, poi cliccare Registrati. Atteso: il browser blocca l'invio (campo obbligatorio).")
2026-06-06 13:03:47.028 WARN  com.kms.katalon.core.util.KeywordUtil    - Caso manuale: in SignForm.jsp compilare tutti i campi coi valori di riferimento (Nome=Mario, Cognome=Rossi, Data=2000-05-15, CF=RSSMRA00E15F839X, Email=mario.rossi@example.com, Password=Password1) lasciando Telefono VUOTO, poi cliccare Registrati. Atteso: il browser blocca l'invio (campo obbligatorio).
2026-06-06 13:03:47.030 INFO  c.k.katalon.core.main.TestCaseExecutor   - END Test Cases/Registrazione/TC_2.1_6
2026-06-06 13:03:47.033 INFO  c.k.katalon.core.main.TestCaseExecutor   - --------------------
2026-06-06 13:03:47.033 INFO  c.k.katalon.core.main.TestCaseExecutor   - START Test Cases/Registrazione/TC_2.1_7
2026-06-06 13:03:47.052 DEBUG testcase.TC_2.1_7                        - 1: markWarning("Caso manuale: in SignForm.jsp compilare tutti i campi coi valori di riferimento (Nome=Mario, Cognome=Rossi, Data=2000-05-15, CF=RSSMRA00E15F839X, Telefono=3331234567, Password=Password1) lasciando Email VUOTA, poi cliccare Registrati. Atteso: il browser blocca l'invio (campo obbligatorio).")
2026-06-06 13:03:47.053 WARN  com.kms.katalon.core.util.KeywordUtil    - Caso manuale: in SignForm.jsp compilare tutti i campi coi valori di riferimento (Nome=Mario, Cognome=Rossi, Data=2000-05-15, CF=RSSMRA00E15F839X, Telefono=3331234567, Password=Password1) lasciando Email VUOTA, poi cliccare Registrati. Atteso: il browser blocca l'invio (campo obbligatorio).
2026-06-06 13:03:47.055 INFO  c.k.katalon.core.main.TestCaseExecutor   - END Test Cases/Registrazione/TC_2.1_7
2026-06-06 13:03:47.056 INFO  c.k.katalon.core.main.TestCaseExecutor   - --------------------
2026-06-06 13:03:47.056 INFO  c.k.katalon.core.main.TestCaseExecutor   - START Test Cases/Registrazione/TC_2.1_8
2026-06-06 13:03:47.076 DEBUG testcase.TC_2.1_8                        - 1: markWarning("Caso manuale: in SignForm.jsp compilare tutti i campi coi valori di riferimento (Nome=Mario, Cognome=Rossi, Data=2000-05-15, CF=RSSMRA00E15F839X, Telefono=3331234567, Email=mario.rossi@example.com) lasciando Password VUOTA, poi cliccare Registrati. Atteso: il browser blocca l'invio (campo obbligatorio).")
2026-06-06 13:03:47.077 WARN  com.kms.katalon.core.util.KeywordUtil    - Caso manuale: in SignForm.jsp compilare tutti i campi coi valori di riferimento (Nome=Mario, Cognome=Rossi, Data=2000-05-15, CF=RSSMRA00E15F839X, Telefono=3331234567, Email=mario.rossi@example.com) lasciando Password VUOTA, poi cliccare Registrati. Atteso: il browser blocca l'invio (campo obbligatorio).
2026-06-06 13:03:47.077 INFO  c.k.katalon.core.main.TestCaseExecutor   - END Test Cases/Registrazione/TC_2.1_8
2026-06-06 13:03:47.080 INFO  c.k.katalon.core.main.TestCaseExecutor   - --------------------
2026-06-06 13:03:47.080 INFO  c.k.katalon.core.main.TestCaseExecutor   - START Test Cases/Registrazione/TC_2.1_9
2026-06-06 13:03:47.136 DEBUG testcase.TC_2.1_9                        - 1: openBrowser("")
2026-06-06 13:03:47.137 INFO  c.k.k.core.webui.driver.DriverFactory    - Starting 'Chrome' driver
2026-06-06 13:03:47.138 INFO  c.k.k.core.webui.driver.DriverFactory    - Action delay is set to 0 milliseconds
2026-06-06 13:03:47.926 INFO  c.k.k.core.webui.driver.DriverFactory    - sessionId = e9b5de8fdf6fe692646bda2b5245edcc
2026-06-06 13:03:47.926 INFO  c.k.k.core.webui.driver.DriverFactory    - browser = Chrome 148.0.7778.179
2026-06-06 13:03:47.926 INFO  c.k.k.core.webui.driver.DriverFactory    - platform = Windows 11
2026-06-06 13:03:47.927 INFO  c.k.k.core.webui.driver.DriverFactory    - seleniumVersion = 4.39.0
2026-06-06 13:03:47.927 INFO  c.k.k.core.webui.driver.DriverFactory    - proxyInformation = ProxyInformation { proxyOption=NO_PROXY, proxyServerType=HTTP, username=, password=********, proxyServerAddress=, proxyServerPort=0, executionList="", isApplyToDesiredCapabilities=true }
2026-06-06 13:03:47.942 DEBUG testcase.TC_2.1_9                        - 2: navigateToUrl(base + "SignForm.jsp")
2026-06-06 13:03:48.352 DEBUG testcase.TC_2.1_9                        - 3: executeJavaScript("document.getElementById('nome').value='   ';" + "document.getElementById('cognome').value='Rossi';" + "document.getElementById('data_nascita').value='2000-05-15';" + "document.getElementById('codice_fiscale').value='RSSMRA00E15F839X';" + "document.getElementById('telefono').value='3331234567';" + "document.getElementById('email').value='mario.rossi@example.com';" + "document.getElementById('password').value='Password1';", null)
2026-06-06 13:03:48.363 DEBUG testcase.TC_2.1_9                        - 4: takeScreenshot()
2026-06-06 13:03:48.881 DEBUG testcase.TC_2.1_9                        - 5: click(css("#submit"))
2026-06-06 13:03:48.883 DEBUG testcase.TC_2.1_9                        - 1: t = new com.kms.katalon.core.testobject.TestObject(sel)
2026-06-06 13:03:48.885 DEBUG testcase.TC_2.1_9                        - 2: t.addProperty("css", EQUALS, sel)
2026-06-06 13:03:48.886 DEBUG testcase.TC_2.1_9                        - 3: return t
2026-06-06 13:03:49.218 DEBUG testcase.TC_2.1_9                        - 6: delay(2)
2026-06-06 13:03:51.226 DEBUG testcase.TC_2.1_9                        - 7: takeScreenshot()
2026-06-06 13:03:51.735 DEBUG testcase.TC_2.1_9                        - 8: markWarning("Nome di soli spazi: interpretare lo screenshot (loginForm = accettato/incident, SignForm = rifiutato). Eseguire su DB con email/CF di riferimento nuovi.")
2026-06-06 13:03:51.737 WARN  com.kms.katalon.core.util.KeywordUtil    - Nome di soli spazi: interpretare lo screenshot (loginForm = accettato/incident, SignForm = rifiutato). Eseguire su DB con email/CF di riferimento nuovi.
2026-06-06 13:03:51.737 DEBUG testcase.TC_2.1_9                        - 9: closeBrowser()
2026-06-06 13:03:51.930 INFO  c.k.katalon.core.main.TestCaseExecutor   - END Test Cases/Registrazione/TC_2.1_9
2026-06-06 13:03:51.931 INFO  c.k.katalon.core.main.TestCaseExecutor   - --------------------
2026-06-06 13:03:51.932 INFO  c.k.katalon.core.main.TestCaseExecutor   - START Test Cases/Registrazione/TC_2.1_10
2026-06-06 13:03:52.010 DEBUG testcase.TC_2.1_10                       - 1: openBrowser("")
2026-06-06 13:03:52.011 INFO  c.k.k.core.webui.driver.DriverFactory    - Starting 'Chrome' driver
2026-06-06 13:03:52.012 INFO  c.k.k.core.webui.driver.DriverFactory    - Action delay is set to 0 milliseconds
2026-06-06 13:03:52.767 INFO  c.k.k.core.webui.driver.DriverFactory    - sessionId = 87a87c3b349e056fd02f43b6afc6e33e
2026-06-06 13:03:52.767 INFO  c.k.k.core.webui.driver.DriverFactory    - browser = Chrome 148.0.7778.179
2026-06-06 13:03:52.767 INFO  c.k.k.core.webui.driver.DriverFactory    - platform = Windows 11
2026-06-06 13:03:52.767 INFO  c.k.k.core.webui.driver.DriverFactory    - seleniumVersion = 4.39.0
2026-06-06 13:03:52.767 INFO  c.k.k.core.webui.driver.DriverFactory    - proxyInformation = ProxyInformation { proxyOption=NO_PROXY, proxyServerType=HTTP, username=, password=********, proxyServerAddress=, proxyServerPort=0, executionList="", isApplyToDesiredCapabilities=true }
2026-06-06 13:03:52.778 DEBUG testcase.TC_2.1_10                       - 2: navigateToUrl(base + "SignForm.jsp")
2026-06-06 13:03:53.463 DEBUG testcase.TC_2.1_10                       - 3: executeJavaScript("document.getElementById('nome').value='Mario';" + "document.getElementById('cognome').value='   ';" + "document.getElementById('data_nascita').value='2000-05-15';" + "document.getElementById('codice_fiscale').value='RSSMRA00E15F839X';" + "document.getElementById('telefono').value='3331234567';" + "document.getElementById('email').value='mario.rossi@example.com';" + "document.getElementById('password').value='Password1';", null)
2026-06-06 13:03:53.477 DEBUG testcase.TC_2.1_10                       - 4: takeScreenshot()
2026-06-06 13:03:54.008 DEBUG testcase.TC_2.1_10                       - 5: click(css("#submit"))
2026-06-06 13:03:54.009 DEBUG testcase.TC_2.1_10                       - 1: t = new com.kms.katalon.core.testobject.TestObject(sel)
2026-06-06 13:03:54.010 DEBUG testcase.TC_2.1_10                       - 2: t.addProperty("css", EQUALS, sel)
2026-06-06 13:03:54.011 DEBUG testcase.TC_2.1_10                       - 3: return t
2026-06-06 13:03:54.333 DEBUG testcase.TC_2.1_10                       - 6: delay(2)
2026-06-06 13:03:56.339 DEBUG testcase.TC_2.1_10                       - 7: takeScreenshot()
2026-06-06 13:03:56.855 DEBUG testcase.TC_2.1_10                       - 8: markWarning("Cognome di soli spazi: interpretare lo screenshot (loginForm = accettato/incident, SignForm = rifiutato). Eseguire su DB con email/CF di riferimento nuovi.")
2026-06-06 13:03:56.856 WARN  com.kms.katalon.core.util.KeywordUtil    - Cognome di soli spazi: interpretare lo screenshot (loginForm = accettato/incident, SignForm = rifiutato). Eseguire su DB con email/CF di riferimento nuovi.
2026-06-06 13:03:56.856 DEBUG testcase.TC_2.1_10                       - 9: closeBrowser()
2026-06-06 13:03:56.995 INFO  c.k.katalon.core.main.TestCaseExecutor   - END Test Cases/Registrazione/TC_2.1_10
2026-06-06 13:03:56.998 INFO  c.k.katalon.core.main.TestCaseExecutor   - --------------------
2026-06-06 13:03:56.998 INFO  c.k.katalon.core.main.TestCaseExecutor   - START Test Cases/Registrazione/TC_2.1_11
2026-06-06 13:03:57.062 DEBUG testcase.TC_2.1_11                       - 1: openBrowser("")
2026-06-06 13:03:57.063 INFO  c.k.k.core.webui.driver.DriverFactory    - Starting 'Chrome' driver
2026-06-06 13:03:57.064 INFO  c.k.k.core.webui.driver.DriverFactory    - Action delay is set to 0 milliseconds
2026-06-06 13:03:57.851 INFO  c.k.k.core.webui.driver.DriverFactory    - sessionId = 351f54b53712ea3261a2d6c8ff185b48
2026-06-06 13:03:57.852 INFO  c.k.k.core.webui.driver.DriverFactory    - browser = Chrome 148.0.7778.179
2026-06-06 13:03:57.852 INFO  c.k.k.core.webui.driver.DriverFactory    - platform = Windows 11
2026-06-06 13:03:57.852 INFO  c.k.k.core.webui.driver.DriverFactory    - seleniumVersion = 4.39.0
2026-06-06 13:03:57.853 INFO  c.k.k.core.webui.driver.DriverFactory    - proxyInformation = ProxyInformation { proxyOption=NO_PROXY, proxyServerType=HTTP, username=, password=********, proxyServerAddress=, proxyServerPort=0, executionList="", isApplyToDesiredCapabilities=true }
2026-06-06 13:03:57.862 DEBUG testcase.TC_2.1_11                       - 2: navigateToUrl(base + "SignForm.jsp")
2026-06-06 13:04:01.766 DEBUG testcase.TC_2.1_11                       - 3: executeJavaScript("document.getElementById('nome').value='Mario';" + "document.getElementById('cognome').value='Rossi';" + "document.getElementById('data_nascita').value='2000-05-15';" + "document.getElementById('codice_fiscale').value='                ';" + "document.getElementById('telefono').value='3331234567';" + "document.getElementById('email').value='mario.rossi@example.com';" + "document.getElementById('password').value='Password1';", null)
2026-06-06 13:04:01.782 DEBUG testcase.TC_2.1_11                       - 4: takeScreenshot()
2026-06-06 13:04:02.326 DEBUG testcase.TC_2.1_11                       - 5: click(css("#submit"))
2026-06-06 13:04:02.327 DEBUG testcase.TC_2.1_11                       - 1: t = new com.kms.katalon.core.testobject.TestObject(sel)
2026-06-06 13:04:02.327 DEBUG testcase.TC_2.1_11                       - 2: t.addProperty("css", EQUALS, sel)
2026-06-06 13:04:02.328 DEBUG testcase.TC_2.1_11                       - 3: return t
2026-06-06 13:04:02.649 DEBUG testcase.TC_2.1_11                       - 6: delay(2)
2026-06-06 13:04:04.658 DEBUG testcase.TC_2.1_11                       - 7: takeScreenshot()
2026-06-06 13:04:05.240 DEBUG testcase.TC_2.1_11                       - 8: markWarning("Codice Fiscale di soli spazi: interpretare lo screenshot (loginForm = accettato/incident, SignForm = rifiutato). Eseguire su DB con email/CF di riferimento nuovi.")
2026-06-06 13:04:05.241 WARN  com.kms.katalon.core.util.KeywordUtil    - Codice Fiscale di soli spazi: interpretare lo screenshot (loginForm = accettato/incident, SignForm = rifiutato). Eseguire su DB con email/CF di riferimento nuovi.
2026-06-06 13:04:05.241 DEBUG testcase.TC_2.1_11                       - 9: closeBrowser()
2026-06-06 13:04:05.425 INFO  c.k.katalon.core.main.TestCaseExecutor   - END Test Cases/Registrazione/TC_2.1_11
2026-06-06 13:04:05.426 INFO  c.k.katalon.core.main.TestCaseExecutor   - --------------------
2026-06-06 13:04:05.426 INFO  c.k.katalon.core.main.TestCaseExecutor   - START Test Cases/Registrazione/TC_2.1_12
2026-06-06 13:04:05.469 DEBUG testcase.TC_2.1_12                       - 1: openBrowser("")
2026-06-06 13:04:05.471 INFO  c.k.k.core.webui.driver.DriverFactory    - Starting 'Chrome' driver
2026-06-06 13:04:05.472 INFO  c.k.k.core.webui.driver.DriverFactory    - Action delay is set to 0 milliseconds
2026-06-06 13:04:06.257 INFO  c.k.k.core.webui.driver.DriverFactory    - sessionId = 9dc96acd5b2ad46910a953255f3274d5
2026-06-06 13:04:06.257 INFO  c.k.k.core.webui.driver.DriverFactory    - browser = Chrome 148.0.7778.179
2026-06-06 13:04:06.257 INFO  c.k.k.core.webui.driver.DriverFactory    - platform = Windows 11
2026-06-06 13:04:06.257 INFO  c.k.k.core.webui.driver.DriverFactory    - seleniumVersion = 4.39.0
2026-06-06 13:04:06.258 INFO  c.k.k.core.webui.driver.DriverFactory    - proxyInformation = ProxyInformation { proxyOption=NO_PROXY, proxyServerType=HTTP, username=, password=********, proxyServerAddress=, proxyServerPort=0, executionList="", isApplyToDesiredCapabilities=true }
2026-06-06 13:04:06.269 DEBUG testcase.TC_2.1_12                       - 2: navigateToUrl(base + "SignForm.jsp")
2026-06-06 13:04:06.593 DEBUG testcase.TC_2.1_12                       - 3: executeJavaScript("document.getElementById('nome').value='Mario';" + "document.getElementById('cognome').value='Rossi';" + "document.getElementById('data_nascita').value='2000-05-15';" + "document.getElementById('codice_fiscale').value='RSSMRA00E15F839X';" + "document.getElementById('telefono').value='   ';" + "document.getElementById('email').value='mario.rossi@example.com';" + "document.getElementById('password').value='Password1';", null)
2026-06-06 13:04:06.623 DEBUG testcase.TC_2.1_12                       - 4: takeScreenshot()
2026-06-06 13:04:07.162 DEBUG testcase.TC_2.1_12                       - 5: click(css("#submit"))
2026-06-06 13:04:07.163 DEBUG testcase.TC_2.1_12                       - 1: t = new com.kms.katalon.core.testobject.TestObject(sel)
2026-06-06 13:04:07.164 DEBUG testcase.TC_2.1_12                       - 2: t.addProperty("css", EQUALS, sel)
2026-06-06 13:04:07.165 DEBUG testcase.TC_2.1_12                       - 3: return t
2026-06-06 13:04:07.485 DEBUG testcase.TC_2.1_12                       - 6: delay(2)
2026-06-06 13:04:09.493 DEBUG testcase.TC_2.1_12                       - 7: takeScreenshot()
2026-06-06 13:04:10.007 DEBUG testcase.TC_2.1_12                       - 8: markWarning("Telefono di soli spazi: interpretare lo screenshot (loginForm = accettato/incident, SignForm = rifiutato). Eseguire su DB con email/CF di riferimento nuovi.")
2026-06-06 13:04:10.007 WARN  com.kms.katalon.core.util.KeywordUtil    - Telefono di soli spazi: interpretare lo screenshot (loginForm = accettato/incident, SignForm = rifiutato). Eseguire su DB con email/CF di riferimento nuovi.
2026-06-06 13:04:10.007 DEBUG testcase.TC_2.1_12                       - 9: closeBrowser()
2026-06-06 13:04:10.180 INFO  c.k.katalon.core.main.TestCaseExecutor   - END Test Cases/Registrazione/TC_2.1_12
2026-06-06 13:04:10.182 INFO  c.k.katalon.core.main.TestCaseExecutor   - --------------------
2026-06-06 13:04:10.182 INFO  c.k.katalon.core.main.TestCaseExecutor   - START Test Cases/Registrazione/TC_2.1_13
2026-06-06 13:04:10.228 DEBUG testcase.TC_2.1_13                       - 1: openBrowser("")
2026-06-06 13:04:10.229 INFO  c.k.k.core.webui.driver.DriverFactory    - Starting 'Chrome' driver
2026-06-06 13:04:10.230 INFO  c.k.k.core.webui.driver.DriverFactory    - Action delay is set to 0 milliseconds
2026-06-06 13:04:11.014 INFO  c.k.k.core.webui.driver.DriverFactory    - sessionId = 3a50a24419c8f6965533e964b1d94b97
2026-06-06 13:04:11.014 INFO  c.k.k.core.webui.driver.DriverFactory    - browser = Chrome 148.0.7778.179
2026-06-06 13:04:11.014 INFO  c.k.k.core.webui.driver.DriverFactory    - platform = Windows 11
2026-06-06 13:04:11.014 INFO  c.k.k.core.webui.driver.DriverFactory    - seleniumVersion = 4.39.0
2026-06-06 13:04:11.014 INFO  c.k.k.core.webui.driver.DriverFactory    - proxyInformation = ProxyInformation { proxyOption=NO_PROXY, proxyServerType=HTTP, username=, password=********, proxyServerAddress=, proxyServerPort=0, executionList="", isApplyToDesiredCapabilities=true }
2026-06-06 13:04:11.022 DEBUG testcase.TC_2.1_13                       - 2: navigateToUrl(base + "SignForm.jsp")
2026-06-06 13:04:11.355 DEBUG testcase.TC_2.1_13                       - 3: executeJavaScript("document.getElementById('nome').value='Mario';" + "document.getElementById('cognome').value='Rossi';" + "document.getElementById('data_nascita').value='2000-05-15';" + "document.getElementById('codice_fiscale').value='RSSMRA00E15F839X';" + "document.getElementById('telefono').value='3331234567';" + "document.getElementById('email').value='mario.rossi@example.com';" + "document.getElementById('password').value='   ';", null)
2026-06-06 13:04:11.376 DEBUG testcase.TC_2.1_13                       - 4: takeScreenshot()
2026-06-06 13:04:12.016 DEBUG testcase.TC_2.1_13                       - 5: click(css("#submit"))
2026-06-06 13:04:12.018 DEBUG testcase.TC_2.1_13                       - 1: t = new com.kms.katalon.core.testobject.TestObject(sel)
2026-06-06 13:04:12.018 DEBUG testcase.TC_2.1_13                       - 2: t.addProperty("css", EQUALS, sel)
2026-06-06 13:04:12.018 DEBUG testcase.TC_2.1_13                       - 3: return t
2026-06-06 13:04:12.352 DEBUG testcase.TC_2.1_13                       - 6: delay(2)
2026-06-06 13:04:14.357 DEBUG testcase.TC_2.1_13                       - 7: takeScreenshot()
2026-06-06 13:04:14.870 DEBUG testcase.TC_2.1_13                       - 8: markWarning("Password di soli spazi: interpretare lo screenshot (loginForm = accettato/incident, SignForm = rifiutato). Eseguire su DB con email/CF di riferimento nuovi.")
2026-06-06 13:04:14.870 WARN  com.kms.katalon.core.util.KeywordUtil    - Password di soli spazi: interpretare lo screenshot (loginForm = accettato/incident, SignForm = rifiutato). Eseguire su DB con email/CF di riferimento nuovi.
2026-06-06 13:04:14.871 DEBUG testcase.TC_2.1_13                       - 9: closeBrowser()
2026-06-06 13:04:15.029 INFO  c.k.katalon.core.main.TestCaseExecutor   - END Test Cases/Registrazione/TC_2.1_13
2026-06-06 13:04:15.032 INFO  c.k.katalon.core.main.TestCaseExecutor   - --------------------
2026-06-06 13:04:15.032 INFO  c.k.katalon.core.main.TestCaseExecutor   - START Test Cases/Registrazione/TC_2.1_14
2026-06-06 13:04:15.053 DEBUG testcase.TC_2.1_14                       - 1: markWarning("Caso manuale: in SignForm.jsp compilare tutti i campi coi valori di riferimento (Nome=Mario, Cognome=Rossi, Data=2000-05-15, CF=RSSMRA00E15F839X, Telefono=3331234567, Password=Password1) e Email = mario.rossi.example.com (senza @), poi cliccare Registrati. Atteso: il browser blocca l'invio (formato email non valido, type=email).")
2026-06-06 13:04:15.054 WARN  com.kms.katalon.core.util.KeywordUtil    - Caso manuale: in SignForm.jsp compilare tutti i campi coi valori di riferimento (Nome=Mario, Cognome=Rossi, Data=2000-05-15, CF=RSSMRA00E15F839X, Telefono=3331234567, Password=Password1) e Email = mario.rossi.example.com (senza @), poi cliccare Registrati. Atteso: il browser blocca l'invio (formato email non valido, type=email).
2026-06-06 13:04:15.054 INFO  c.k.katalon.core.main.TestCaseExecutor   - END Test Cases/Registrazione/TC_2.1_14
2026-06-06 13:04:15.056 INFO  c.k.katalon.core.main.TestCaseExecutor   - --------------------
2026-06-06 13:04:15.056 INFO  c.k.katalon.core.main.TestCaseExecutor   - START Test Cases/Registrazione/TC_2.1_15
2026-06-06 13:04:15.113 DEBUG testcase.TC_2.1_15                       - 1: openBrowser("")
2026-06-06 13:04:15.114 INFO  c.k.k.core.webui.driver.DriverFactory    - Starting 'Chrome' driver
2026-06-06 13:04:15.115 INFO  c.k.k.core.webui.driver.DriverFactory    - Action delay is set to 0 milliseconds
2026-06-06 13:04:15.883 INFO  c.k.k.core.webui.driver.DriverFactory    - sessionId = 5ba10a6b838910b557c21fac674cd36b
2026-06-06 13:04:15.883 INFO  c.k.k.core.webui.driver.DriverFactory    - browser = Chrome 148.0.7778.179
2026-06-06 13:04:15.884 INFO  c.k.k.core.webui.driver.DriverFactory    - platform = Windows 11
2026-06-06 13:04:15.885 INFO  c.k.k.core.webui.driver.DriverFactory    - seleniumVersion = 4.39.0
2026-06-06 13:04:15.885 INFO  c.k.k.core.webui.driver.DriverFactory    - proxyInformation = ProxyInformation { proxyOption=NO_PROXY, proxyServerType=HTTP, username=, password=********, proxyServerAddress=, proxyServerPort=0, executionList="", isApplyToDesiredCapabilities=true }
2026-06-06 13:04:15.895 DEBUG testcase.TC_2.1_15                       - 2: navigateToUrl(base + "SignForm.jsp")
2026-06-06 13:04:16.214 DEBUG testcase.TC_2.1_15                       - 3: executeJavaScript("document.getElementById('nome').value='Mario';" + "document.getElementById('cognome').value='Rossi';" + "document.getElementById('data_nascita').value='2000-05-15';" + "document.getElementById('codice_fiscale').value='RSSMRA00E15F839X';" + "document.getElementById('telefono').value='3331234567';" + "document.getElementById('email').value='t.mansi@studenti.unisa.it';" + "document.getElementById('password').value='Password1';", null)
2026-06-06 13:04:16.226 DEBUG testcase.TC_2.1_15                       - 4: takeScreenshot()
2026-06-06 13:04:16.839 DEBUG testcase.TC_2.1_15                       - 5: click(css("#submit"))
2026-06-06 13:04:16.840 DEBUG testcase.TC_2.1_15                       - 1: t = new com.kms.katalon.core.testobject.TestObject(sel)
2026-06-06 13:04:16.840 DEBUG testcase.TC_2.1_15                       - 2: t.addProperty("css", EQUALS, sel)
2026-06-06 13:04:16.841 DEBUG testcase.TC_2.1_15                       - 3: return t
2026-06-06 13:04:17.164 DEBUG testcase.TC_2.1_15                       - 6: delay(2)
2026-06-06 13:04:19.170 DEBUG testcase.TC_2.1_15                       - 7: takeScreenshot()
2026-06-06 13:04:19.722 DEBUG testcase.TC_2.1_15                       - 8: verifyTextNotPresent("Non hai un account", false)
2026-06-06 13:04:19.992 DEBUG testcase.TC_2.1_15                       - 9: closeBrowser()
2026-06-06 13:04:20.148 INFO  c.k.katalon.core.main.TestCaseExecutor   - END Test Cases/Registrazione/TC_2.1_15
2026-06-06 13:04:20.151 INFO  c.k.katalon.core.main.TestCaseExecutor   - --------------------
2026-06-06 13:04:20.152 INFO  c.k.katalon.core.main.TestCaseExecutor   - START Test Cases/Registrazione/TC_2.1_16
2026-06-06 13:04:20.195 DEBUG testcase.TC_2.1_16                       - 1: openBrowser("")
2026-06-06 13:04:20.196 INFO  c.k.k.core.webui.driver.DriverFactory    - Starting 'Chrome' driver
2026-06-06 13:04:20.197 INFO  c.k.k.core.webui.driver.DriverFactory    - Action delay is set to 0 milliseconds
2026-06-06 13:04:20.979 INFO  c.k.k.core.webui.driver.DriverFactory    - sessionId = 3fea2cdcfe408c79208eda3e767b7ed1
2026-06-06 13:04:20.979 INFO  c.k.k.core.webui.driver.DriverFactory    - browser = Chrome 148.0.7778.179
2026-06-06 13:04:20.979 INFO  c.k.k.core.webui.driver.DriverFactory    - platform = Windows 11
2026-06-06 13:04:20.979 INFO  c.k.k.core.webui.driver.DriverFactory    - seleniumVersion = 4.39.0
2026-06-06 13:04:20.979 INFO  c.k.k.core.webui.driver.DriverFactory    - proxyInformation = ProxyInformation { proxyOption=NO_PROXY, proxyServerType=HTTP, username=, password=********, proxyServerAddress=, proxyServerPort=0, executionList="", isApplyToDesiredCapabilities=true }
2026-06-06 13:04:20.991 DEBUG testcase.TC_2.1_16                       - 2: navigateToUrl(base + "SignForm.jsp")
2026-06-06 13:04:21.318 DEBUG testcase.TC_2.1_16                       - 3: executeJavaScript("document.getElementById('nome').value='Mario';" + "document.getElementById('cognome').value='Rossi';" + "document.getElementById('data_nascita').value='2000-05-15';" + "document.getElementById('codice_fiscale').value='BRBGFR02B15A508B';" + "document.getElementById('telefono').value='3331234567';" + "document.getElementById('email').value='mario.rossi@example.com';" + "document.getElementById('password').value='Password1';", null)
2026-06-06 13:04:21.328 DEBUG testcase.TC_2.1_16                       - 4: takeScreenshot()
2026-06-06 13:04:21.929 DEBUG testcase.TC_2.1_16                       - 5: click(css("#submit"))
2026-06-06 13:04:21.929 DEBUG testcase.TC_2.1_16                       - 1: t = new com.kms.katalon.core.testobject.TestObject(sel)
2026-06-06 13:04:21.929 DEBUG testcase.TC_2.1_16                       - 2: t.addProperty("css", EQUALS, sel)
2026-06-06 13:04:21.930 DEBUG testcase.TC_2.1_16                       - 3: return t
2026-06-06 13:04:22.275 DEBUG testcase.TC_2.1_16                       - 6: delay(2)
2026-06-06 13:04:24.287 DEBUG testcase.TC_2.1_16                       - 7: takeScreenshot()
2026-06-06 13:04:24.801 DEBUG testcase.TC_2.1_16                       - 8: verifyTextNotPresent("Non hai un account", false)
2026-06-06 13:04:25.055 DEBUG testcase.TC_2.1_16                       - 9: closeBrowser()
2026-06-06 13:04:25.223 INFO  c.k.katalon.core.main.TestCaseExecutor   - END Test Cases/Registrazione/TC_2.1_16
2026-06-06 13:04:25.225 INFO  c.k.katalon.core.main.TestCaseExecutor   - --------------------
2026-06-06 13:04:25.225 INFO  c.k.katalon.core.main.TestCaseExecutor   - START Test Cases/Registrazione/TC_2.1_17
2026-06-06 13:04:25.278 DEBUG testcase.TC_2.1_17                       - 1: openBrowser("")
2026-06-06 13:04:25.279 INFO  c.k.k.core.webui.driver.DriverFactory    - Starting 'Chrome' driver
2026-06-06 13:04:25.281 INFO  c.k.k.core.webui.driver.DriverFactory    - Action delay is set to 0 milliseconds
2026-06-06 13:04:26.072 INFO  c.k.k.core.webui.driver.DriverFactory    - sessionId = 7dd494caa38e529163e47d320114a4dd
2026-06-06 13:04:26.073 INFO  c.k.k.core.webui.driver.DriverFactory    - browser = Chrome 148.0.7778.179
2026-06-06 13:04:26.073 INFO  c.k.k.core.webui.driver.DriverFactory    - platform = Windows 11
2026-06-06 13:04:26.073 INFO  c.k.k.core.webui.driver.DriverFactory    - seleniumVersion = 4.39.0
2026-06-06 13:04:26.073 INFO  c.k.k.core.webui.driver.DriverFactory    - proxyInformation = ProxyInformation { proxyOption=NO_PROXY, proxyServerType=HTTP, username=, password=********, proxyServerAddress=, proxyServerPort=0, executionList="", isApplyToDesiredCapabilities=true }
2026-06-06 13:04:26.081 DEBUG testcase.TC_2.1_17                       - 2: navigateToUrl(base + "SignForm.jsp")
2026-06-06 13:04:26.409 DEBUG testcase.TC_2.1_17                       - 3: executeJavaScript("document.getElementById('nome').value='Mario';" + "document.getElementById('cognome').value='Rossi';" + "document.getElementById('data_nascita').value='2000-05-15';" + "document.getElementById('codice_fiscale').value='RSSMRA00E15F839';" + "document.getElementById('telefono').value='3331234567';" + "document.getElementById('email').value='mario.rossi@example.com';" + "document.getElementById('password').value='Password1';", null)
2026-06-06 13:04:26.439 DEBUG testcase.TC_2.1_17                       - 4: takeScreenshot()
2026-06-06 13:04:26.979 DEBUG testcase.TC_2.1_17                       - 5: click(css("#submit"))
2026-06-06 13:04:26.980 DEBUG testcase.TC_2.1_17                       - 1: t = new com.kms.katalon.core.testobject.TestObject(sel)
2026-06-06 13:04:26.981 DEBUG testcase.TC_2.1_17                       - 2: t.addProperty("css", EQUALS, sel)
2026-06-06 13:04:26.981 DEBUG testcase.TC_2.1_17                       - 3: return t
2026-06-06 13:04:27.311 DEBUG testcase.TC_2.1_17                       - 6: delay(2)
2026-06-06 13:04:29.324 DEBUG testcase.TC_2.1_17                       - 7: takeScreenshot()
2026-06-06 13:04:29.849 DEBUG testcase.TC_2.1_17                       - 8: markWarning("CF di 15 caratteri (BVA CHAR(16)): interpretare lo screenshot (loginForm = accettato/incident, SignForm = rifiutato). Eseguire su DB con email/CF di riferimento nuovi.")
2026-06-06 13:04:29.849 WARN  com.kms.katalon.core.util.KeywordUtil    - CF di 15 caratteri (BVA CHAR(16)): interpretare lo screenshot (loginForm = accettato/incident, SignForm = rifiutato). Eseguire su DB con email/CF di riferimento nuovi.
2026-06-06 13:04:29.853 DEBUG testcase.TC_2.1_17                       - 9: closeBrowser()
2026-06-06 13:04:29.992 INFO  c.k.katalon.core.main.TestCaseExecutor   - END Test Cases/Registrazione/TC_2.1_17
2026-06-06 13:04:29.994 INFO  c.k.katalon.core.main.TestCaseExecutor   - --------------------
2026-06-06 13:04:29.994 INFO  c.k.katalon.core.main.TestCaseExecutor   - START Test Cases/Registrazione/TC_2.1_18
2026-06-06 13:04:30.048 DEBUG testcase.TC_2.1_18                       - 1: openBrowser("")
2026-06-06 13:04:30.049 INFO  c.k.k.core.webui.driver.DriverFactory    - Starting 'Chrome' driver
2026-06-06 13:04:30.051 INFO  c.k.k.core.webui.driver.DriverFactory    - Action delay is set to 0 milliseconds
2026-06-06 13:04:30.809 INFO  c.k.k.core.webui.driver.DriverFactory    - sessionId = 5477ba13e3ee766e8e667e1be61f3ff4
2026-06-06 13:04:30.809 INFO  c.k.k.core.webui.driver.DriverFactory    - browser = Chrome 148.0.7778.179
2026-06-06 13:04:30.809 INFO  c.k.k.core.webui.driver.DriverFactory    - platform = Windows 11
2026-06-06 13:04:30.809 INFO  c.k.k.core.webui.driver.DriverFactory    - seleniumVersion = 4.39.0
2026-06-06 13:04:30.811 INFO  c.k.k.core.webui.driver.DriverFactory    - proxyInformation = ProxyInformation { proxyOption=NO_PROXY, proxyServerType=HTTP, username=, password=********, proxyServerAddress=, proxyServerPort=0, executionList="", isApplyToDesiredCapabilities=true }
2026-06-06 13:04:30.821 DEBUG testcase.TC_2.1_18                       - 2: navigateToUrl(base + "SignForm.jsp")
2026-06-06 13:04:31.155 DEBUG testcase.TC_2.1_18                       - 3: executeJavaScript("document.getElementById('nome').value='Mario';" + "document.getElementById('cognome').value='Rossi';" + "document.getElementById('data_nascita').value='2000-05-15';" + "document.getElementById('codice_fiscale').value='RSSMRA00E15F839XY';" + "document.getElementById('telefono').value='3331234567';" + "document.getElementById('email').value='mario.rossi@example.com';" + "document.getElementById('password').value='Password1';", null)
2026-06-06 13:04:31.168 DEBUG testcase.TC_2.1_18                       - 4: takeScreenshot()
2026-06-06 13:04:31.792 DEBUG testcase.TC_2.1_18                       - 5: click(css("#submit"))
2026-06-06 13:04:31.793 DEBUG testcase.TC_2.1_18                       - 1: t = new com.kms.katalon.core.testobject.TestObject(sel)
2026-06-06 13:04:31.794 DEBUG testcase.TC_2.1_18                       - 2: t.addProperty("css", EQUALS, sel)
2026-06-06 13:04:31.794 DEBUG testcase.TC_2.1_18                       - 3: return t
2026-06-06 13:04:32.112 DEBUG testcase.TC_2.1_18                       - 6: delay(2)
2026-06-06 13:04:34.122 DEBUG testcase.TC_2.1_18                       - 7: takeScreenshot()
2026-06-06 13:04:34.620 DEBUG testcase.TC_2.1_18                       - 8: markWarning("CF di 17 caratteri (BVA CHAR(16)): interpretare lo screenshot (loginForm = accettato/troncato/incident, SignForm = rifiutato). Eseguire su DB con email/CF di riferimento nuovi.")
2026-06-06 13:04:34.620 WARN  com.kms.katalon.core.util.KeywordUtil    - CF di 17 caratteri (BVA CHAR(16)): interpretare lo screenshot (loginForm = accettato/troncato/incident, SignForm = rifiutato). Eseguire su DB con email/CF di riferimento nuovi.
2026-06-06 13:04:34.621 DEBUG testcase.TC_2.1_18                       - 9: closeBrowser()
2026-06-06 13:04:34.806 INFO  c.k.katalon.core.main.TestCaseExecutor   - END Test Cases/Registrazione/TC_2.1_18
2026-06-06 13:04:34.826 INFO  c.k.katalon.core.main.TestSuiteExecutor  - --------------------
2026-06-06 13:04:34.826 INFO  c.k.katalon.core.main.TestSuiteExecutor  - END Test Suites/Registrazione
2026-06-06 13:04:34.826 INFO  c.k.katalon.core.main.TestSuiteExecutor  - ====================
