2026-06-03 17:08:39.255 INFO  c.k.k.c.l.logback.LogbackConfigurator    - Logback default configuration initialized from: C:\Users\gianf\.katalon\packages\KS-11.2.0\configuration\org.eclipse.osgi\151\0\.cp\resources\logback\logback-execution.xml
2026-06-03 17:08:39.257 INFO  c.k.k.c.l.logback.LogbackConfigurator    - Logback custom configuration initialized from: C:\Users\gianf\Documents\Vaporant-IGES\StorageSession\testing\katalon\Vaporant-Baseline\Include\config\log.properties
2026-06-03 17:08:39.745 INFO  c.k.katalon.core.main.TestSuiteExecutor  - START Test Suites/Catalogo
2026-06-03 17:08:39.809 INFO  c.k.katalon.core.main.TestSuiteExecutor  - userFullName = Gianfranco Barba
2026-06-03 17:08:39.810 INFO  c.k.katalon.core.main.TestSuiteExecutor  - projectName = Vaporant-Baseline
2026-06-03 17:08:39.810 INFO  c.k.katalon.core.main.TestSuiteExecutor  - hostName = gianf - Gianfranco
2026-06-03 17:08:39.810 INFO  c.k.katalon.core.main.TestSuiteExecutor  - os = Windows 11 64bit
2026-06-03 17:08:39.810 INFO  c.k.katalon.core.main.TestSuiteExecutor  - hostAddress = 26.38.161.220
2026-06-03 17:08:39.811 INFO  c.k.katalon.core.main.TestSuiteExecutor  - katalonVersion = 11.2.0.0
2026-06-03 17:08:39.903 INFO  c.k.katalon.core.main.TestCaseExecutor   - --------------------
2026-06-03 17:08:39.903 INFO  c.k.katalon.core.main.TestCaseExecutor   - START Test Cases/Catalogo/TC_4.1_1
2026-06-03 17:08:40.119 DEBUG testcase.TC_4.1_1                        - 1: openBrowser("")
2026-06-03 17:08:40.323 INFO  c.k.k.core.webui.driver.DriverFactory    - Starting 'Chrome' driver
2026-06-03 17:08:40.356 INFO  c.k.k.core.webui.driver.DriverFactory    - Action delay is set to 0 milliseconds
2026-06-03 17:08:41.921 INFO  c.k.k.core.webui.driver.DriverFactory    - sessionId = a9b5c0ebbf49b16aa4bb8e5c57cbbccd
2026-06-03 17:08:41.922 INFO  c.k.k.core.webui.driver.DriverFactory    - browser = Chrome 148.0.7778.179
2026-06-03 17:08:41.922 INFO  c.k.k.core.webui.driver.DriverFactory    - platform = Windows 11
2026-06-03 17:08:41.922 INFO  c.k.k.core.webui.driver.DriverFactory    - seleniumVersion = 4.39.0
2026-06-03 17:08:41.928 INFO  c.k.k.core.webui.driver.DriverFactory    - proxyInformation = ProxyInformation { proxyOption=NO_PROXY, proxyServerType=HTTP, username=, password=********, proxyServerAddress=, proxyServerPort=0, executionList="", isApplyToDesiredCapabilities=true }
2026-06-03 17:08:41.959 DEBUG testcase.TC_4.1_1                        - 2: navigateToUrl(base + "ProductView.jsp")
2026-06-03 17:08:42.878 DEBUG testcase.TC_4.1_1                        - 3: takeScreenshot()
2026-06-03 17:08:43.368 DEBUG testcase.TC_4.1_1                        - 4: verifyTextPresent("SCOPRI I NOSTRI PRODOTTI", false)
2026-06-03 17:08:43.637 DEBUG testcase.TC_4.1_1                        - 5: closeBrowser()
2026-06-03 17:08:43.872 INFO  c.k.katalon.core.main.TestCaseExecutor   - END Test Cases/Catalogo/TC_4.1_1
2026-06-03 17:08:43.876 INFO  c.k.katalon.core.main.TestCaseExecutor   - --------------------
2026-06-03 17:08:43.876 INFO  c.k.katalon.core.main.TestCaseExecutor   - START Test Cases/Catalogo/TC_4.1_2
2026-06-03 17:08:43.896 DEBUG testcase.TC_4.1_2                        - 1: markWarning("Caso manuale: richiede catalogo vuoto (DB svuotato). Non eseguibile al baseline as-delivered.")
2026-06-03 17:08:43.900 WARN  com.kms.katalon.core.util.KeywordUtil    - Caso manuale: richiede catalogo vuoto (DB svuotato). Non eseguibile al baseline as-delivered.
2026-06-03 17:08:43.901 INFO  c.k.katalon.core.main.TestCaseExecutor   - END Test Cases/Catalogo/TC_4.1_2
2026-06-03 17:08:43.903 INFO  c.k.katalon.core.main.TestCaseExecutor   - --------------------
2026-06-03 17:08:43.903 INFO  c.k.katalon.core.main.TestCaseExecutor   - START Test Cases/Catalogo/TC_4.2_1
2026-06-03 17:08:43.935 DEBUG testcase.TC_4.2_1                        - 1: openBrowser("")
2026-06-03 17:08:43.937 INFO  c.k.k.core.webui.driver.DriverFactory    - Starting 'Chrome' driver
2026-06-03 17:08:43.938 INFO  c.k.k.core.webui.driver.DriverFactory    - Action delay is set to 0 milliseconds
2026-06-03 17:08:49.788 ERROR c.k.k.core.keyword.internal.KeywordMain  - ❌ Unable to open browser with url: '' (Root cause: com.kms.katalon.core.exception.StepFailedException: Unable to open browser with url: ''
	at com.kms.katalon.core.webui.keyword.internal.WebUIKeywordMain.stepFailed(WebUIKeywordMain.groovy:177)
	at com.kms.katalon.core.webui.keyword.internal.WebUIKeywordMain.runKeyword(WebUIKeywordMain.groovy:49)
	at com.kms.katalon.core.webui.keyword.builtin.OpenBrowserKeyword.openBrowser(OpenBrowserKeyword.groovy:69)
	at com.kms.katalon.core.webui.keyword.builtin.OpenBrowserKeyword.execute(OpenBrowserKeyword.groovy:41)
	at com.kms.katalon.core.keyword.internal.KeywordExecutor.executeKeywordForPlatform(KeywordExecutor.groovy:103)
	at com.kms.katalon.core.webui.keyword.WebUiBuiltInKeywords.openBrowser(WebUiBuiltInKeywords.groovy:63)
	at TC_4.2_1.run(TC_4.2_1:7)
	at com.kms.katalon.core.main.ScriptEngine.run(ScriptEngine.java:203)
	at com.kms.katalon.core.main.ScriptEngine.runScriptAsRawText(ScriptEngine.java:115)
	at com.kms.katalon.core.main.TestCaseExecutor.runScript(TestCaseExecutor.java:506)
	at com.kms.katalon.core.main.TestCaseExecutor.doExecute(TestCaseExecutor.java:497)
	at com.kms.katalon.core.main.TestCaseExecutor.processExecutionPhase(TestCaseExecutor.java:476)
	at com.kms.katalon.core.main.TestCaseExecutor.accessMainPhase(TestCaseExecutor.java:468)
	at com.kms.katalon.core.main.TestCaseExecutor.execute(TestCaseExecutor.java:334)
	at com.kms.katalon.core.common.CommonExecutor.accessTestCaseMainPhase(CommonExecutor.java:71)
	at com.kms.katalon.core.main.TestSuiteExecutor.accessTestSuiteMainPhase(TestSuiteExecutor.java:153)
	at com.kms.katalon.core.main.TestSuiteExecutor.execute(TestSuiteExecutor.java:110)
	at com.kms.katalon.core.main.TestCaseMain.startTestSuite(TestCaseMain.java:206)
	at S0603_2.run(S0603_2.groovy:40)
	at java.base/jdk.internal.reflect.DirectMethodHandleAccessor.invoke(DirectMethodHandleAccessor.java:103)
Caused by: org.openqa.selenium.SessionNotCreatedException: Could not start a new session. Response code 500. Message: session not created
from disconnected: unable to connect to renderer 
Host info: host: 'GIANFRANCO', ip: '26.38.161.220'
Build info: version: '4.39.0', revision: '126f156aee'
System info: os.name: 'Windows 11', os.arch: 'amd64', os.version: '10.0', java.version: '21.0.9'
Driver info: com.kms.katalon.selenium.driver.CChromeDriver
Command: [null, newSession {capabilities=[Capabilities {browserName: chrome, goog:chromeOptions: {args: [disable-features=DisableLoa...], extensions: []}, unhandledPromptBehavior: {alert: ignore, beforeUnload: ignore, confirm: ignore, default: ignore, file: ignore, prompt: ignore}, webSocketUrl: true}]}]
	at org.openqa.selenium.remote.ProtocolHandshake.createSession(ProtocolHandshake.java:114)
	at org.openqa.selenium.remote.ProtocolHandshake.createSession(ProtocolHandshake.java:75)
	at org.openqa.selenium.remote.ProtocolHandshake.createSession(ProtocolHandshake.java:61)
	at org.openqa.selenium.remote.HttpCommandExecutor.execute(HttpCommandExecutor.java:187)
	at org.openqa.selenium.remote.service.DriverCommandExecutor.invokeExecute(DriverCommandExecutor.java:216)
	at org.openqa.selenium.remote.service.DriverCommandExecutor.execute(DriverCommandExecutor.java:174)
	at org.openqa.selenium.remote.RemoteWebDriver.execute(RemoteWebDriver.java:561)
	at org.openqa.selenium.remote.RemoteWebDriver.startSession(RemoteWebDriver.java:250)
	at org.openqa.selenium.remote.RemoteWebDriver.<init>(RemoteWebDriver.java:178)
	at org.openqa.selenium.chromium.ChromiumDriver.<init>(ChromiumDriver.java:109)
	at org.openqa.selenium.chrome.ChromeDriver.<init>(ChromeDriver.java:88)
	at org.openqa.selenium.chrome.ChromeDriver.<init>(ChromeDriver.java:83)
	at org.openqa.selenium.chrome.ChromeDriver.<init>(ChromeDriver.java:72)
	at com.kms.katalon.selenium.driver.CChromeDriver.<init>(CChromeDriver.java:15)
	at com.kms.katalon.core.webui.driver.chrome.ChromeDriverBuilder.createDriver(ChromeDriverBuilder.java:60)
	at com.kms.katalon.core.webui.driver.AbstractDriverBuilder.build(AbstractDriverBuilder.java:53)
	at com.kms.katalon.core.webui.driver.DriverFactory.startNewBrowser(DriverFactory.java:248)
	at com.kms.katalon.core.webui.driver.DriverFactory.openWebDriver(DriverFactory.java:147)
	at com.kms.katalon.core.webui.keyword.builtin.OpenBrowserKeyword$_openBrowser_closure1.doCall(OpenBrowserKeyword.groovy:48)
	at com.kms.katalon.core.webui.keyword.builtin.OpenBrowserKeyword$_openBrowser_closure1.call(OpenBrowserKeyword.groovy)
	at com.kms.katalon.core.webui.keyword.internal.WebUIKeywordMain.runKeyword(WebUIKeywordMain.groovy:41)
	at com.kms.katalon.core.webui.keyword.builtin.OpenBrowserKeyword.openBrowser(OpenBrowserKeyword.groovy:69)
	at com.kms.katalon.core.webui.keyword.builtin.OpenBrowserKeyword.execute(OpenBrowserKeyword.groovy:41)
	at com.kms.katalon.core.keyword.internal.KeywordExecutor.executeKeywordForPlatform(KeywordExecutor.groovy:103)
	at com.kms.katalon.core.webui.keyword.WebUiBuiltInKeywords.openBrowser(WebUiBuiltInKeywords.groovy:63)
	at Script1780477238583.run(Script1780477238583.groovy:7)
	... 13 more
)
2026-06-03 17:08:49.791 ERROR c.k.katalon.core.main.TestCaseExecutor   - ❌ Test Cases/Catalogo/TC_4.2_1 FAILED.
Reason:
com.kms.katalon.core.exception.StepFailedException: Unable to open browser with url: ''
	at com.kms.katalon.core.webui.keyword.internal.WebUIKeywordMain.stepFailed(WebUIKeywordMain.groovy:177)
	at com.kms.katalon.core.webui.keyword.internal.WebUIKeywordMain.runKeyword(WebUIKeywordMain.groovy:49)
	at com.kms.katalon.core.webui.keyword.builtin.OpenBrowserKeyword.openBrowser(OpenBrowserKeyword.groovy:69)
	at com.kms.katalon.core.webui.keyword.builtin.OpenBrowserKeyword.execute(OpenBrowserKeyword.groovy:41)
	at com.kms.katalon.core.keyword.internal.KeywordExecutor.executeKeywordForPlatform(KeywordExecutor.groovy:103)
	at com.kms.katalon.core.webui.keyword.WebUiBuiltInKeywords.openBrowser(WebUiBuiltInKeywords.groovy:63)
	at TC_4.2_1.run(TC_4.2_1:7)
	at com.kms.katalon.core.main.ScriptEngine.run(ScriptEngine.java:203)
	at com.kms.katalon.core.main.ScriptEngine.runScriptAsRawText(ScriptEngine.java:115)
	at com.kms.katalon.core.main.TestCaseExecutor.runScript(TestCaseExecutor.java:506)
	at com.kms.katalon.core.main.TestCaseExecutor.doExecute(TestCaseExecutor.java:497)
	at com.kms.katalon.core.main.TestCaseExecutor.processExecutionPhase(TestCaseExecutor.java:476)
	at com.kms.katalon.core.main.TestCaseExecutor.accessMainPhase(TestCaseExecutor.java:468)
	at com.kms.katalon.core.main.TestCaseExecutor.execute(TestCaseExecutor.java:334)
	at com.kms.katalon.core.common.CommonExecutor.accessTestCaseMainPhase(CommonExecutor.java:71)
	at com.kms.katalon.core.main.TestSuiteExecutor.accessTestSuiteMainPhase(TestSuiteExecutor.java:153)
	at com.kms.katalon.core.main.TestSuiteExecutor.execute(TestSuiteExecutor.java:110)
	at com.kms.katalon.core.main.TestCaseMain.startTestSuite(TestCaseMain.java:206)
	at S0603_2.run(S0603_2.groovy:40)
	at java.base/jdk.internal.reflect.DirectMethodHandleAccessor.invoke(DirectMethodHandleAccessor.java:103)
Caused by: org.openqa.selenium.SessionNotCreatedException: Could not start a new session. Response code 500. Message: session not created
from disconnected: unable to connect to renderer 
Host info: host: 'GIANFRANCO', ip: '26.38.161.220'
Build info: version: '4.39.0', revision: '126f156aee'
System info: os.name: 'Windows 11', os.arch: 'amd64', os.version: '10.0', java.version: '21.0.9'
Driver info: com.kms.katalon.selenium.driver.CChromeDriver
Command: [null, newSession {capabilities=[Capabilities {browserName: chrome, goog:chromeOptions: {args: [disable-features=DisableLoa...], extensions: []}, unhandledPromptBehavior: {alert: ignore, beforeUnload: ignore, confirm: ignore, default: ignore, file: ignore, prompt: ignore}, webSocketUrl: true}]}]
	at org.openqa.selenium.remote.ProtocolHandshake.createSession(ProtocolHandshake.java:114)
	at org.openqa.selenium.remote.ProtocolHandshake.createSession(ProtocolHandshake.java:75)
	at org.openqa.selenium.remote.ProtocolHandshake.createSession(ProtocolHandshake.java:61)
	at org.openqa.selenium.remote.HttpCommandExecutor.execute(HttpCommandExecutor.java:187)
	at org.openqa.selenium.remote.service.DriverCommandExecutor.invokeExecute(DriverCommandExecutor.java:216)
	at org.openqa.selenium.remote.service.DriverCommandExecutor.execute(DriverCommandExecutor.java:174)
	at org.openqa.selenium.remote.RemoteWebDriver.execute(RemoteWebDriver.java:561)
	at org.openqa.selenium.remote.RemoteWebDriver.startSession(RemoteWebDriver.java:250)
	at org.openqa.selenium.remote.RemoteWebDriver.<init>(RemoteWebDriver.java:178)
	at org.openqa.selenium.chromium.ChromiumDriver.<init>(ChromiumDriver.java:109)
	at org.openqa.selenium.chrome.ChromeDriver.<init>(ChromeDriver.java:88)
	at org.openqa.selenium.chrome.ChromeDriver.<init>(ChromeDriver.java:83)
	at org.openqa.selenium.chrome.ChromeDriver.<init>(ChromeDriver.java:72)
	at com.kms.katalon.selenium.driver.CChromeDriver.<init>(CChromeDriver.java:15)
	at com.kms.katalon.core.webui.driver.chrome.ChromeDriverBuilder.createDriver(ChromeDriverBuilder.java:60)
	at com.kms.katalon.core.webui.driver.AbstractDriverBuilder.build(AbstractDriverBuilder.java:53)
	at com.kms.katalon.core.webui.driver.DriverFactory.startNewBrowser(DriverFactory.java:248)
	at com.kms.katalon.core.webui.driver.DriverFactory.openWebDriver(DriverFactory.java:147)
	at com.kms.katalon.core.webui.keyword.builtin.OpenBrowserKeyword$_openBrowser_closure1.doCall(OpenBrowserKeyword.groovy:48)
	at com.kms.katalon.core.webui.keyword.builtin.OpenBrowserKeyword$_openBrowser_closure1.call(OpenBrowserKeyword.groovy)
	at com.kms.katalon.core.webui.keyword.internal.WebUIKeywordMain.runKeyword(WebUIKeywordMain.groovy:41)
	... 18 more

2026-06-03 17:08:49.793 INFO  c.k.katalon.core.main.TestCaseExecutor   - END Test Cases/Catalogo/TC_4.2_1
2026-06-03 17:08:49.796 INFO  c.k.katalon.core.main.TestCaseExecutor   - --------------------
2026-06-03 17:08:49.796 INFO  c.k.katalon.core.main.TestCaseExecutor   - START Test Cases/Catalogo/TC_4.2_1 - Retry attempt 1
2026-06-03 17:08:49.804 DEBUG testcase.TC_4.2_1                        - 1: openBrowser("")
2026-06-03 17:08:49.805 INFO  c.k.k.core.webui.driver.DriverFactory    - Starting 'Chrome' driver
2026-06-03 17:08:49.807 INFO  c.k.k.core.webui.driver.DriverFactory    - Action delay is set to 0 milliseconds
2026-06-03 17:08:50.613 INFO  c.k.k.core.webui.driver.DriverFactory    - sessionId = 59477635ba32c4b9d80cdf38164d66c1
2026-06-03 17:08:50.614 INFO  c.k.k.core.webui.driver.DriverFactory    - browser = Chrome 148.0.7778.179
2026-06-03 17:08:50.614 INFO  c.k.k.core.webui.driver.DriverFactory    - platform = Windows 11
2026-06-03 17:08:50.614 INFO  c.k.k.core.webui.driver.DriverFactory    - seleniumVersion = 4.39.0
2026-06-03 17:08:50.615 INFO  c.k.k.core.webui.driver.DriverFactory    - proxyInformation = ProxyInformation { proxyOption=NO_PROXY, proxyServerType=HTTP, username=, password=********, proxyServerAddress=, proxyServerPort=0, executionList="", isApplyToDesiredCapabilities=true }
2026-06-03 17:08:50.635 DEBUG testcase.TC_4.2_1                        - 2: navigateToUrl(base + "ProductView.jsp")
2026-06-03 17:08:51.385 DEBUG testcase.TC_4.2_1                        - 3: navigateToUrl(base + "product?sort=nome")
2026-06-03 17:08:51.597 DEBUG testcase.TC_4.2_1                        - 4: takeScreenshot()
2026-06-03 17:08:52.271 DEBUG testcase.TC_4.2_1                        - 5: verifyTextPresent("SCOPRI I NOSTRI PRODOTTI", false)
2026-06-03 17:08:52.526 DEBUG testcase.TC_4.2_1                        - 6: closeBrowser()
2026-06-03 17:08:52.663 INFO  c.k.katalon.core.main.TestCaseExecutor   - END Test Cases/Catalogo/TC_4.2_1
2026-06-03 17:08:52.666 INFO  c.k.katalon.core.main.TestCaseExecutor   - --------------------
2026-06-03 17:08:52.666 INFO  c.k.katalon.core.main.TestCaseExecutor   - START Test Cases/Catalogo/TC_4.2_2
2026-06-03 17:08:52.696 DEBUG testcase.TC_4.2_2                        - 1: openBrowser("")
2026-06-03 17:08:52.698 INFO  c.k.k.core.webui.driver.DriverFactory    - Starting 'Chrome' driver
2026-06-03 17:08:52.699 INFO  c.k.k.core.webui.driver.DriverFactory    - Action delay is set to 0 milliseconds
2026-06-03 17:08:53.497 INFO  c.k.k.core.webui.driver.DriverFactory    - sessionId = 3e90d6ca6fac52d54aec3e0ee003b9d2
2026-06-03 17:08:53.497 INFO  c.k.k.core.webui.driver.DriverFactory    - browser = Chrome 148.0.7778.179
2026-06-03 17:08:53.498 INFO  c.k.k.core.webui.driver.DriverFactory    - platform = Windows 11
2026-06-03 17:08:53.498 INFO  c.k.k.core.webui.driver.DriverFactory    - seleniumVersion = 4.39.0
2026-06-03 17:08:53.499 INFO  c.k.k.core.webui.driver.DriverFactory    - proxyInformation = ProxyInformation { proxyOption=NO_PROXY, proxyServerType=HTTP, username=, password=********, proxyServerAddress=, proxyServerPort=0, executionList="", isApplyToDesiredCapabilities=true }
2026-06-03 17:08:53.515 DEBUG testcase.TC_4.2_2                        - 2: navigateToUrl(base + "ProductView.jsp")
2026-06-03 17:09:23.847 DEBUG testcase.TC_4.2_2                        - 3: navigateToUrl(base + "product?sort=prezzoAttuale")
2026-06-03 17:09:24.860 DEBUG testcase.TC_4.2_2                        - 4: takeScreenshot()
2026-06-03 17:09:25.312 DEBUG testcase.TC_4.2_2                        - 5: verifyTextPresent("SCOPRI I NOSTRI PRODOTTI", false)
2026-06-03 17:09:25.614 DEBUG testcase.TC_4.2_2                        - 6: closeBrowser()
2026-06-03 17:09:25.782 INFO  c.k.katalon.core.main.TestCaseExecutor   - END Test Cases/Catalogo/TC_4.2_2
2026-06-03 17:09:25.785 INFO  c.k.katalon.core.main.TestCaseExecutor   - --------------------
2026-06-03 17:09:25.785 INFO  c.k.katalon.core.main.TestCaseExecutor   - START Test Cases/Catalogo/TC_4.2_3
2026-06-03 17:09:25.810 DEBUG testcase.TC_4.2_3                        - 1: openBrowser("")
2026-06-03 17:09:25.811 INFO  c.k.k.core.webui.driver.DriverFactory    - Starting 'Chrome' driver
2026-06-03 17:09:25.813 INFO  c.k.k.core.webui.driver.DriverFactory    - Action delay is set to 0 milliseconds
2026-06-03 17:09:26.576 INFO  c.k.k.core.webui.driver.DriverFactory    - sessionId = ed8253ad718fb68f87534a5b07fb378b
2026-06-03 17:09:26.577 INFO  c.k.k.core.webui.driver.DriverFactory    - browser = Chrome 148.0.7778.179
2026-06-03 17:09:26.577 INFO  c.k.k.core.webui.driver.DriverFactory    - platform = Windows 11
2026-06-03 17:09:26.578 INFO  c.k.k.core.webui.driver.DriverFactory    - seleniumVersion = 4.39.0
2026-06-03 17:09:26.579 INFO  c.k.k.core.webui.driver.DriverFactory    - proxyInformation = ProxyInformation { proxyOption=NO_PROXY, proxyServerType=HTTP, username=, password=********, proxyServerAddress=, proxyServerPort=0, executionList="", isApplyToDesiredCapabilities=true }
2026-06-03 17:09:26.591 DEBUG testcase.TC_4.2_3                        - 2: navigateToUrl(base + "ProductView.jsp")
2026-06-03 17:09:27.837 DEBUG testcase.TC_4.2_3                        - 3: navigateToUrl(base + "product")
2026-06-03 17:09:27.976 DEBUG testcase.TC_4.2_3                        - 4: takeScreenshot()
2026-06-03 17:09:28.508 DEBUG testcase.TC_4.2_3                        - 5: verifyTextPresent("SCOPRI I NOSTRI PRODOTTI", false)
2026-06-03 17:09:28.749 DEBUG testcase.TC_4.2_3                        - 6: closeBrowser()
2026-06-03 17:09:28.895 INFO  c.k.katalon.core.main.TestCaseExecutor   - END Test Cases/Catalogo/TC_4.2_3
2026-06-03 17:09:28.897 INFO  c.k.katalon.core.main.TestCaseExecutor   - --------------------
2026-06-03 17:09:28.897 INFO  c.k.katalon.core.main.TestCaseExecutor   - START Test Cases/Catalogo/TC_4.2_4
2026-06-03 17:09:28.930 DEBUG testcase.TC_4.2_4                        - 1: openBrowser("")
2026-06-03 17:09:28.931 INFO  c.k.k.core.webui.driver.DriverFactory    - Starting 'Chrome' driver
2026-06-03 17:09:28.932 INFO  c.k.k.core.webui.driver.DriverFactory    - Action delay is set to 0 milliseconds
2026-06-03 17:09:29.691 INFO  c.k.k.core.webui.driver.DriverFactory    - sessionId = cad8fc2bbb35eab70996fc6fe7bed19b
2026-06-03 17:09:29.692 INFO  c.k.k.core.webui.driver.DriverFactory    - browser = Chrome 148.0.7778.179
2026-06-03 17:09:29.692 INFO  c.k.k.core.webui.driver.DriverFactory    - platform = Windows 11
2026-06-03 17:09:29.692 INFO  c.k.k.core.webui.driver.DriverFactory    - seleniumVersion = 4.39.0
2026-06-03 17:09:29.693 INFO  c.k.k.core.webui.driver.DriverFactory    - proxyInformation = ProxyInformation { proxyOption=NO_PROXY, proxyServerType=HTTP, username=, password=********, proxyServerAddress=, proxyServerPort=0, executionList="", isApplyToDesiredCapabilities=true }
2026-06-03 17:09:29.702 DEBUG testcase.TC_4.2_4                        - 2: navigateToUrl(base + "ProductView.jsp")
2026-06-03 17:09:30.408 DEBUG testcase.TC_4.2_4                        - 3: navigateToUrl(base + "product?sort=colonna_inesistente")
2026-06-03 17:09:30.503 DEBUG testcase.TC_4.2_4                        - 4: takeScreenshot()
2026-06-03 17:09:31.132 DEBUG testcase.TC_4.2_4                        - 5: markWarning("Sort con colonna inesistente: SQLException inghiottita, sort ignorato. Interpretare lo screenshot (robustezza/CR_02).")
2026-06-03 17:09:31.133 WARN  com.kms.katalon.core.util.KeywordUtil    - Sort con colonna inesistente: SQLException inghiottita, sort ignorato. Interpretare lo screenshot (robustezza/CR_02).
2026-06-03 17:09:31.134 DEBUG testcase.TC_4.2_4                        - 6: closeBrowser()
2026-06-03 17:09:31.239 INFO  c.k.katalon.core.main.TestCaseExecutor   - END Test Cases/Catalogo/TC_4.2_4
2026-06-03 17:09:31.243 INFO  c.k.katalon.core.main.TestCaseExecutor   - --------------------
2026-06-03 17:09:31.243 INFO  c.k.katalon.core.main.TestCaseExecutor   - START Test Cases/Catalogo/TC_4.2_5
2026-06-03 17:09:31.275 DEBUG testcase.TC_4.2_5                        - 1: openBrowser("")
2026-06-03 17:09:31.277 INFO  c.k.k.core.webui.driver.DriverFactory    - Starting 'Chrome' driver
2026-06-03 17:09:31.278 INFO  c.k.k.core.webui.driver.DriverFactory    - Action delay is set to 0 milliseconds
2026-06-03 17:09:32.100 INFO  c.k.k.core.webui.driver.DriverFactory    - sessionId = 603310404fc61b176d3fec306c20edaf
2026-06-03 17:09:32.101 INFO  c.k.k.core.webui.driver.DriverFactory    - browser = Chrome 148.0.7778.179
2026-06-03 17:09:32.101 INFO  c.k.k.core.webui.driver.DriverFactory    - platform = Windows 11
2026-06-03 17:09:32.101 INFO  c.k.k.core.webui.driver.DriverFactory    - seleniumVersion = 4.39.0
2026-06-03 17:09:32.101 INFO  c.k.k.core.webui.driver.DriverFactory    - proxyInformation = ProxyInformation { proxyOption=NO_PROXY, proxyServerType=HTTP, username=, password=********, proxyServerAddress=, proxyServerPort=0, executionList="", isApplyToDesiredCapabilities=true }
2026-06-03 17:09:32.112 DEBUG testcase.TC_4.2_5                        - 2: navigateToUrl(base + "product?sort=nome;--")
2026-06-03 17:09:32.163 DEBUG testcase.TC_4.2_5                        - 3: takeScreenshot()
2026-06-03 17:09:32.668 DEBUG testcase.TC_4.2_5                        - 4: markWarning("Verifica sicurezza SQLi: il parametro sort non e' sanificato. Interpretare lo screenshot.")
2026-06-03 17:09:32.669 WARN  com.kms.katalon.core.util.KeywordUtil    - Verifica sicurezza SQLi: il parametro sort non e' sanificato. Interpretare lo screenshot.
2026-06-03 17:09:32.669 DEBUG testcase.TC_4.2_5                        - 5: closeBrowser()
2026-06-03 17:09:32.777 INFO  c.k.katalon.core.main.TestCaseExecutor   - END Test Cases/Catalogo/TC_4.2_5
2026-06-03 17:09:32.780 INFO  c.k.katalon.core.main.TestCaseExecutor   - --------------------
2026-06-03 17:09:32.780 INFO  c.k.katalon.core.main.TestCaseExecutor   - START Test Cases/Catalogo/TC_4.3_1
2026-06-03 17:09:32.810 DEBUG testcase.TC_4.3_1                        - 1: openBrowser("")
2026-06-03 17:09:32.811 INFO  c.k.k.core.webui.driver.DriverFactory    - Starting 'Chrome' driver
2026-06-03 17:09:32.811 INFO  c.k.k.core.webui.driver.DriverFactory    - Action delay is set to 0 milliseconds
2026-06-03 17:09:33.591 INFO  c.k.k.core.webui.driver.DriverFactory    - sessionId = 8678c5ef7ccdc9c1167cc390a02a4baa
2026-06-03 17:09:33.591 INFO  c.k.k.core.webui.driver.DriverFactory    - browser = Chrome 148.0.7778.179
2026-06-03 17:09:33.592 INFO  c.k.k.core.webui.driver.DriverFactory    - platform = Windows 11
2026-06-03 17:09:33.592 INFO  c.k.k.core.webui.driver.DriverFactory    - seleniumVersion = 4.39.0
2026-06-03 17:09:33.592 INFO  c.k.k.core.webui.driver.DriverFactory    - proxyInformation = ProxyInformation { proxyOption=NO_PROXY, proxyServerType=HTTP, username=, password=********, proxyServerAddress=, proxyServerPort=0, executionList="", isApplyToDesiredCapabilities=true }
2026-06-03 17:09:33.607 DEBUG testcase.TC_4.3_1                        - 2: navigateToUrl(base + "details?action=read&id=2")
2026-06-03 17:09:34.817 DEBUG testcase.TC_4.3_1                        - 3: takeScreenshot()
2026-06-03 17:09:35.108 DEBUG testcase.TC_4.3_1                        - 4: verifyTextPresent("(?i)kiwi", true)
2026-06-03 17:09:35.373 DEBUG testcase.TC_4.3_1                        - 5: verifyTextPresent("79.99", false)
2026-06-03 17:09:35.622 DEBUG testcase.TC_4.3_1                        - 6: closeBrowser()
2026-06-03 17:09:35.798 INFO  c.k.katalon.core.main.TestCaseExecutor   - END Test Cases/Catalogo/TC_4.3_1
2026-06-03 17:09:35.800 INFO  c.k.katalon.core.main.TestCaseExecutor   - --------------------
2026-06-03 17:09:35.800 INFO  c.k.katalon.core.main.TestCaseExecutor   - START Test Cases/Catalogo/TC_4.3_2
2026-06-03 17:09:35.831 DEBUG testcase.TC_4.3_2                        - 1: openBrowser("")
2026-06-03 17:09:35.832 INFO  c.k.k.core.webui.driver.DriverFactory    - Starting 'Chrome' driver
2026-06-03 17:09:35.833 INFO  c.k.k.core.webui.driver.DriverFactory    - Action delay is set to 0 milliseconds
2026-06-03 17:09:38.629 ERROR c.k.k.core.keyword.internal.KeywordMain  - ❌ Unable to open browser with url: '' (Root cause: com.kms.katalon.core.exception.StepFailedException: Unable to open browser with url: ''
	at com.kms.katalon.core.webui.keyword.internal.WebUIKeywordMain.stepFailed(WebUIKeywordMain.groovy:177)
	at com.kms.katalon.core.webui.keyword.internal.WebUIKeywordMain.runKeyword(WebUIKeywordMain.groovy:49)
	at com.kms.katalon.core.webui.keyword.builtin.OpenBrowserKeyword.openBrowser(OpenBrowserKeyword.groovy:69)
	at com.kms.katalon.core.webui.keyword.builtin.OpenBrowserKeyword.execute(OpenBrowserKeyword.groovy:41)
	at com.kms.katalon.core.keyword.internal.KeywordExecutor.executeKeywordForPlatform(KeywordExecutor.groovy:103)
	at com.kms.katalon.core.webui.keyword.WebUiBuiltInKeywords.openBrowser(WebUiBuiltInKeywords.groovy:63)
	at TC_4.3_2.run(TC_4.3_2:6)
	at com.kms.katalon.core.main.ScriptEngine.run(ScriptEngine.java:203)
	at com.kms.katalon.core.main.ScriptEngine.runScriptAsRawText(ScriptEngine.java:115)
	at com.kms.katalon.core.main.TestCaseExecutor.runScript(TestCaseExecutor.java:506)
	at com.kms.katalon.core.main.TestCaseExecutor.doExecute(TestCaseExecutor.java:497)
	at com.kms.katalon.core.main.TestCaseExecutor.processExecutionPhase(TestCaseExecutor.java:476)
	at com.kms.katalon.core.main.TestCaseExecutor.accessMainPhase(TestCaseExecutor.java:468)
	at com.kms.katalon.core.main.TestCaseExecutor.execute(TestCaseExecutor.java:334)
	at com.kms.katalon.core.common.CommonExecutor.accessTestCaseMainPhase(CommonExecutor.java:71)
	at com.kms.katalon.core.main.TestSuiteExecutor.accessTestSuiteMainPhase(TestSuiteExecutor.java:153)
	at com.kms.katalon.core.main.TestSuiteExecutor.execute(TestSuiteExecutor.java:110)
	at com.kms.katalon.core.main.TestCaseMain.startTestSuite(TestCaseMain.java:206)
	at S0603_2.run(S0603_2.groovy:40)
	at java.base/jdk.internal.reflect.DirectMethodHandleAccessor.invoke(DirectMethodHandleAccessor.java:103)
Caused by: org.openqa.selenium.SessionNotCreatedException: Could not start a new session. Response code 500. Message: session not created
from disconnected: unable to connect to renderer 
Host info: host: 'GIANFRANCO', ip: '26.38.161.220'
Build info: version: '4.39.0', revision: '126f156aee'
System info: os.name: 'Windows 11', os.arch: 'amd64', os.version: '10.0', java.version: '21.0.9'
Driver info: com.kms.katalon.selenium.driver.CChromeDriver
Command: [null, newSession {capabilities=[Capabilities {browserName: chrome, goog:chromeOptions: {args: [disable-features=DisableLoa...], extensions: []}, unhandledPromptBehavior: {alert: ignore, beforeUnload: ignore, confirm: ignore, default: ignore, file: ignore, prompt: ignore}, webSocketUrl: true}]}]
	at org.openqa.selenium.remote.ProtocolHandshake.createSession(ProtocolHandshake.java:114)
	at org.openqa.selenium.remote.ProtocolHandshake.createSession(ProtocolHandshake.java:75)
	at org.openqa.selenium.remote.ProtocolHandshake.createSession(ProtocolHandshake.java:61)
	at org.openqa.selenium.remote.HttpCommandExecutor.execute(HttpCommandExecutor.java:187)
	at org.openqa.selenium.remote.service.DriverCommandExecutor.invokeExecute(DriverCommandExecutor.java:216)
	at org.openqa.selenium.remote.service.DriverCommandExecutor.execute(DriverCommandExecutor.java:174)
	at org.openqa.selenium.remote.RemoteWebDriver.execute(RemoteWebDriver.java:561)
	at org.openqa.selenium.remote.RemoteWebDriver.startSession(RemoteWebDriver.java:250)
	at org.openqa.selenium.remote.RemoteWebDriver.<init>(RemoteWebDriver.java:178)
	at org.openqa.selenium.chromium.ChromiumDriver.<init>(ChromiumDriver.java:109)
	at org.openqa.selenium.chrome.ChromeDriver.<init>(ChromeDriver.java:88)
	at org.openqa.selenium.chrome.ChromeDriver.<init>(ChromeDriver.java:83)
	at org.openqa.selenium.chrome.ChromeDriver.<init>(ChromeDriver.java:72)
	at com.kms.katalon.selenium.driver.CChromeDriver.<init>(CChromeDriver.java:15)
	at com.kms.katalon.core.webui.driver.chrome.ChromeDriverBuilder.createDriver(ChromeDriverBuilder.java:60)
	at com.kms.katalon.core.webui.driver.AbstractDriverBuilder.build(AbstractDriverBuilder.java:53)
	at com.kms.katalon.core.webui.driver.DriverFactory.startNewBrowser(DriverFactory.java:248)
	at com.kms.katalon.core.webui.driver.DriverFactory.openWebDriver(DriverFactory.java:147)
	at com.kms.katalon.core.webui.keyword.builtin.OpenBrowserKeyword$_openBrowser_closure1.doCall(OpenBrowserKeyword.groovy:48)
	at com.kms.katalon.core.webui.keyword.builtin.OpenBrowserKeyword$_openBrowser_closure1.call(OpenBrowserKeyword.groovy)
	at com.kms.katalon.core.webui.keyword.internal.WebUIKeywordMain.runKeyword(WebUIKeywordMain.groovy:41)
	at com.kms.katalon.core.webui.keyword.builtin.OpenBrowserKeyword.openBrowser(OpenBrowserKeyword.groovy:69)
	at com.kms.katalon.core.webui.keyword.builtin.OpenBrowserKeyword.execute(OpenBrowserKeyword.groovy:41)
	at com.kms.katalon.core.keyword.internal.KeywordExecutor.executeKeywordForPlatform(KeywordExecutor.groovy:103)
	at com.kms.katalon.core.webui.keyword.WebUiBuiltInKeywords.openBrowser(WebUiBuiltInKeywords.groovy:63)
	at Script1780477628935.run(Script1780477628935.groovy:6)
	... 13 more
)
2026-06-03 17:09:38.631 ERROR c.k.katalon.core.main.TestCaseExecutor   - ❌ Test Cases/Catalogo/TC_4.3_2 FAILED.
Reason:
com.kms.katalon.core.exception.StepFailedException: Unable to open browser with url: ''
	at com.kms.katalon.core.webui.keyword.internal.WebUIKeywordMain.stepFailed(WebUIKeywordMain.groovy:177)
	at com.kms.katalon.core.webui.keyword.internal.WebUIKeywordMain.runKeyword(WebUIKeywordMain.groovy:49)
	at com.kms.katalon.core.webui.keyword.builtin.OpenBrowserKeyword.openBrowser(OpenBrowserKeyword.groovy:69)
	at com.kms.katalon.core.webui.keyword.builtin.OpenBrowserKeyword.execute(OpenBrowserKeyword.groovy:41)
	at com.kms.katalon.core.keyword.internal.KeywordExecutor.executeKeywordForPlatform(KeywordExecutor.groovy:103)
	at com.kms.katalon.core.webui.keyword.WebUiBuiltInKeywords.openBrowser(WebUiBuiltInKeywords.groovy:63)
	at TC_4.3_2.run(TC_4.3_2:6)
	at com.kms.katalon.core.main.ScriptEngine.run(ScriptEngine.java:203)
	at com.kms.katalon.core.main.ScriptEngine.runScriptAsRawText(ScriptEngine.java:115)
	at com.kms.katalon.core.main.TestCaseExecutor.runScript(TestCaseExecutor.java:506)
	at com.kms.katalon.core.main.TestCaseExecutor.doExecute(TestCaseExecutor.java:497)
	at com.kms.katalon.core.main.TestCaseExecutor.processExecutionPhase(TestCaseExecutor.java:476)
	at com.kms.katalon.core.main.TestCaseExecutor.accessMainPhase(TestCaseExecutor.java:468)
	at com.kms.katalon.core.main.TestCaseExecutor.execute(TestCaseExecutor.java:334)
	at com.kms.katalon.core.common.CommonExecutor.accessTestCaseMainPhase(CommonExecutor.java:71)
	at com.kms.katalon.core.main.TestSuiteExecutor.accessTestSuiteMainPhase(TestSuiteExecutor.java:153)
	at com.kms.katalon.core.main.TestSuiteExecutor.execute(TestSuiteExecutor.java:110)
	at com.kms.katalon.core.main.TestCaseMain.startTestSuite(TestCaseMain.java:206)
	at S0603_2.run(S0603_2.groovy:40)
	at java.base/jdk.internal.reflect.DirectMethodHandleAccessor.invoke(DirectMethodHandleAccessor.java:103)
Caused by: org.openqa.selenium.SessionNotCreatedException: Could not start a new session. Response code 500. Message: session not created
from disconnected: unable to connect to renderer 
Host info: host: 'GIANFRANCO', ip: '26.38.161.220'
Build info: version: '4.39.0', revision: '126f156aee'
System info: os.name: 'Windows 11', os.arch: 'amd64', os.version: '10.0', java.version: '21.0.9'
Driver info: com.kms.katalon.selenium.driver.CChromeDriver
Command: [null, newSession {capabilities=[Capabilities {browserName: chrome, goog:chromeOptions: {args: [disable-features=DisableLoa...], extensions: []}, unhandledPromptBehavior: {alert: ignore, beforeUnload: ignore, confirm: ignore, default: ignore, file: ignore, prompt: ignore}, webSocketUrl: true}]}]
	at org.openqa.selenium.remote.ProtocolHandshake.createSession(ProtocolHandshake.java:114)
	at org.openqa.selenium.remote.ProtocolHandshake.createSession(ProtocolHandshake.java:75)
	at org.openqa.selenium.remote.ProtocolHandshake.createSession(ProtocolHandshake.java:61)
	at org.openqa.selenium.remote.HttpCommandExecutor.execute(HttpCommandExecutor.java:187)
	at org.openqa.selenium.remote.service.DriverCommandExecutor.invokeExecute(DriverCommandExecutor.java:216)
	at org.openqa.selenium.remote.service.DriverCommandExecutor.execute(DriverCommandExecutor.java:174)
	at org.openqa.selenium.remote.RemoteWebDriver.execute(RemoteWebDriver.java:561)
	at org.openqa.selenium.remote.RemoteWebDriver.startSession(RemoteWebDriver.java:250)
	at org.openqa.selenium.remote.RemoteWebDriver.<init>(RemoteWebDriver.java:178)
	at org.openqa.selenium.chromium.ChromiumDriver.<init>(ChromiumDriver.java:109)
	at org.openqa.selenium.chrome.ChromeDriver.<init>(ChromeDriver.java:88)
	at org.openqa.selenium.chrome.ChromeDriver.<init>(ChromeDriver.java:83)
	at org.openqa.selenium.chrome.ChromeDriver.<init>(ChromeDriver.java:72)
	at com.kms.katalon.selenium.driver.CChromeDriver.<init>(CChromeDriver.java:15)
	at com.kms.katalon.core.webui.driver.chrome.ChromeDriverBuilder.createDriver(ChromeDriverBuilder.java:60)
	at com.kms.katalon.core.webui.driver.AbstractDriverBuilder.build(AbstractDriverBuilder.java:53)
	at com.kms.katalon.core.webui.driver.DriverFactory.startNewBrowser(DriverFactory.java:248)
	at com.kms.katalon.core.webui.driver.DriverFactory.openWebDriver(DriverFactory.java:147)
	at com.kms.katalon.core.webui.keyword.builtin.OpenBrowserKeyword$_openBrowser_closure1.doCall(OpenBrowserKeyword.groovy:48)
	at com.kms.katalon.core.webui.keyword.builtin.OpenBrowserKeyword$_openBrowser_closure1.call(OpenBrowserKeyword.groovy)
	at com.kms.katalon.core.webui.keyword.internal.WebUIKeywordMain.runKeyword(WebUIKeywordMain.groovy:41)
	... 18 more

2026-06-03 17:09:38.633 INFO  c.k.katalon.core.main.TestCaseExecutor   - END Test Cases/Catalogo/TC_4.3_2
2026-06-03 17:09:38.637 INFO  c.k.katalon.core.main.TestCaseExecutor   - --------------------
2026-06-03 17:09:38.637 INFO  c.k.katalon.core.main.TestCaseExecutor   - START Test Cases/Catalogo/TC_4.3_2 - Retry attempt 1
2026-06-03 17:09:38.644 DEBUG testcase.TC_4.3_2                        - 1: openBrowser("")
2026-06-03 17:09:38.645 INFO  c.k.k.core.webui.driver.DriverFactory    - Starting 'Chrome' driver
2026-06-03 17:09:38.646 INFO  c.k.k.core.webui.driver.DriverFactory    - Action delay is set to 0 milliseconds
2026-06-03 17:09:39.233 INFO  c.k.k.core.webui.driver.DriverFactory    - sessionId = eef41f47995beaff0997df31b23eea3e
2026-06-03 17:09:39.234 INFO  c.k.k.core.webui.driver.DriverFactory    - browser = Chrome 148.0.7778.179
2026-06-03 17:09:39.235 INFO  c.k.k.core.webui.driver.DriverFactory    - platform = Windows 11
2026-06-03 17:09:39.235 INFO  c.k.k.core.webui.driver.DriverFactory    - seleniumVersion = 4.39.0
2026-06-03 17:09:39.235 INFO  c.k.k.core.webui.driver.DriverFactory    - proxyInformation = ProxyInformation { proxyOption=NO_PROXY, proxyServerType=HTTP, username=, password=********, proxyServerAddress=, proxyServerPort=0, executionList="", isApplyToDesiredCapabilities=true }
2026-06-03 17:09:39.247 DEBUG testcase.TC_4.3_2                        - 2: navigateToUrl(base + "details?action=read&id=999")
2026-06-03 17:09:40.752 DEBUG testcase.TC_4.3_2                        - 3: takeScreenshot()
2026-06-03 17:09:41.056 DEBUG testcase.TC_4.3_2                        - 4: markWarning("Id inesistente (999): nessun null-check -> mostrato un prodotto di default. Interpretare lo screenshot (robustezza/TIR).")
2026-06-03 17:09:41.056 WARN  com.kms.katalon.core.util.KeywordUtil    - Id inesistente (999): nessun null-check -> mostrato un prodotto di default. Interpretare lo screenshot (robustezza/TIR).
2026-06-03 17:09:41.056 DEBUG testcase.TC_4.3_2                        - 5: closeBrowser()
2026-06-03 17:09:41.166 INFO  c.k.katalon.core.main.TestCaseExecutor   - END Test Cases/Catalogo/TC_4.3_2
2026-06-03 17:09:41.168 INFO  c.k.katalon.core.main.TestCaseExecutor   - --------------------
2026-06-03 17:09:41.168 INFO  c.k.katalon.core.main.TestCaseExecutor   - START Test Cases/Catalogo/TC_4.3_3
2026-06-03 17:09:41.199 DEBUG testcase.TC_4.3_3                        - 1: openBrowser("")
2026-06-03 17:09:41.200 INFO  c.k.k.core.webui.driver.DriverFactory    - Starting 'Chrome' driver
2026-06-03 17:09:41.201 INFO  c.k.k.core.webui.driver.DriverFactory    - Action delay is set to 0 milliseconds
2026-06-03 17:09:44.114 ERROR c.k.k.core.keyword.internal.KeywordMain  - ❌ Unable to open browser with url: '' (Root cause: com.kms.katalon.core.exception.StepFailedException: Unable to open browser with url: ''
	at com.kms.katalon.core.webui.keyword.internal.WebUIKeywordMain.stepFailed(WebUIKeywordMain.groovy:177)
	at com.kms.katalon.core.webui.keyword.internal.WebUIKeywordMain.runKeyword(WebUIKeywordMain.groovy:49)
	at com.kms.katalon.core.webui.keyword.builtin.OpenBrowserKeyword.openBrowser(OpenBrowserKeyword.groovy:69)
	at com.kms.katalon.core.webui.keyword.builtin.OpenBrowserKeyword.execute(OpenBrowserKeyword.groovy:41)
	at com.kms.katalon.core.keyword.internal.KeywordExecutor.executeKeywordForPlatform(KeywordExecutor.groovy:103)
	at com.kms.katalon.core.webui.keyword.WebUiBuiltInKeywords.openBrowser(WebUiBuiltInKeywords.groovy:63)
	at TC_4.3_3.run(TC_4.3_3:6)
	at com.kms.katalon.core.main.ScriptEngine.run(ScriptEngine.java:203)
	at com.kms.katalon.core.main.ScriptEngine.runScriptAsRawText(ScriptEngine.java:115)
	at com.kms.katalon.core.main.TestCaseExecutor.runScript(TestCaseExecutor.java:506)
	at com.kms.katalon.core.main.TestCaseExecutor.doExecute(TestCaseExecutor.java:497)
	at com.kms.katalon.core.main.TestCaseExecutor.processExecutionPhase(TestCaseExecutor.java:476)
	at com.kms.katalon.core.main.TestCaseExecutor.accessMainPhase(TestCaseExecutor.java:468)
	at com.kms.katalon.core.main.TestCaseExecutor.execute(TestCaseExecutor.java:334)
	at com.kms.katalon.core.common.CommonExecutor.accessTestCaseMainPhase(CommonExecutor.java:71)
	at com.kms.katalon.core.main.TestSuiteExecutor.accessTestSuiteMainPhase(TestSuiteExecutor.java:153)
	at com.kms.katalon.core.main.TestSuiteExecutor.execute(TestSuiteExecutor.java:110)
	at com.kms.katalon.core.main.TestCaseMain.startTestSuite(TestCaseMain.java:206)
	at S0603_2.run(S0603_2.groovy:40)
	at java.base/jdk.internal.reflect.DirectMethodHandleAccessor.invoke(DirectMethodHandleAccessor.java:103)
Caused by: org.openqa.selenium.SessionNotCreatedException: Could not start a new session. Response code 500. Message: session not created
from disconnected: unable to connect to renderer 
Host info: host: 'GIANFRANCO', ip: '26.38.161.220'
Build info: version: '4.39.0', revision: '126f156aee'
System info: os.name: 'Windows 11', os.arch: 'amd64', os.version: '10.0', java.version: '21.0.9'
Driver info: com.kms.katalon.selenium.driver.CChromeDriver
Command: [null, newSession {capabilities=[Capabilities {browserName: chrome, goog:chromeOptions: {args: [disable-features=DisableLoa...], extensions: []}, unhandledPromptBehavior: {alert: ignore, beforeUnload: ignore, confirm: ignore, default: ignore, file: ignore, prompt: ignore}, webSocketUrl: true}]}]
	at org.openqa.selenium.remote.ProtocolHandshake.createSession(ProtocolHandshake.java:114)
	at org.openqa.selenium.remote.ProtocolHandshake.createSession(ProtocolHandshake.java:75)
	at org.openqa.selenium.remote.ProtocolHandshake.createSession(ProtocolHandshake.java:61)
	at org.openqa.selenium.remote.HttpCommandExecutor.execute(HttpCommandExecutor.java:187)
	at org.openqa.selenium.remote.service.DriverCommandExecutor.invokeExecute(DriverCommandExecutor.java:216)
	at org.openqa.selenium.remote.service.DriverCommandExecutor.execute(DriverCommandExecutor.java:174)
	at org.openqa.selenium.remote.RemoteWebDriver.execute(RemoteWebDriver.java:561)
	at org.openqa.selenium.remote.RemoteWebDriver.startSession(RemoteWebDriver.java:250)
	at org.openqa.selenium.remote.RemoteWebDriver.<init>(RemoteWebDriver.java:178)
	at org.openqa.selenium.chromium.ChromiumDriver.<init>(ChromiumDriver.java:109)
	at org.openqa.selenium.chrome.ChromeDriver.<init>(ChromeDriver.java:88)
	at org.openqa.selenium.chrome.ChromeDriver.<init>(ChromeDriver.java:83)
	at org.openqa.selenium.chrome.ChromeDriver.<init>(ChromeDriver.java:72)
	at com.kms.katalon.selenium.driver.CChromeDriver.<init>(CChromeDriver.java:15)
	at com.kms.katalon.core.webui.driver.chrome.ChromeDriverBuilder.createDriver(ChromeDriverBuilder.java:60)
	at com.kms.katalon.core.webui.driver.AbstractDriverBuilder.build(AbstractDriverBuilder.java:53)
	at com.kms.katalon.core.webui.driver.DriverFactory.startNewBrowser(DriverFactory.java:248)
	at com.kms.katalon.core.webui.driver.DriverFactory.openWebDriver(DriverFactory.java:147)
	at com.kms.katalon.core.webui.keyword.builtin.OpenBrowserKeyword$_openBrowser_closure1.doCall(OpenBrowserKeyword.groovy:48)
	at com.kms.katalon.core.webui.keyword.builtin.OpenBrowserKeyword$_openBrowser_closure1.call(OpenBrowserKeyword.groovy)
	at com.kms.katalon.core.webui.keyword.internal.WebUIKeywordMain.runKeyword(WebUIKeywordMain.groovy:41)
	at com.kms.katalon.core.webui.keyword.builtin.OpenBrowserKeyword.openBrowser(OpenBrowserKeyword.groovy:69)
	at com.kms.katalon.core.webui.keyword.builtin.OpenBrowserKeyword.execute(OpenBrowserKeyword.groovy:41)
	at com.kms.katalon.core.keyword.internal.KeywordExecutor.executeKeywordForPlatform(KeywordExecutor.groovy:103)
	at com.kms.katalon.core.webui.keyword.WebUiBuiltInKeywords.openBrowser(WebUiBuiltInKeywords.groovy:63)
	at Script1780477645266.run(Script1780477645266.groovy:6)
	... 13 more
)
2026-06-03 17:09:44.114 ERROR c.k.katalon.core.main.TestCaseExecutor   - ❌ Test Cases/Catalogo/TC_4.3_3 FAILED.
Reason:
com.kms.katalon.core.exception.StepFailedException: Unable to open browser with url: ''
	at com.kms.katalon.core.webui.keyword.internal.WebUIKeywordMain.stepFailed(WebUIKeywordMain.groovy:177)
	at com.kms.katalon.core.webui.keyword.internal.WebUIKeywordMain.runKeyword(WebUIKeywordMain.groovy:49)
	at com.kms.katalon.core.webui.keyword.builtin.OpenBrowserKeyword.openBrowser(OpenBrowserKeyword.groovy:69)
	at com.kms.katalon.core.webui.keyword.builtin.OpenBrowserKeyword.execute(OpenBrowserKeyword.groovy:41)
	at com.kms.katalon.core.keyword.internal.KeywordExecutor.executeKeywordForPlatform(KeywordExecutor.groovy:103)
	at com.kms.katalon.core.webui.keyword.WebUiBuiltInKeywords.openBrowser(WebUiBuiltInKeywords.groovy:63)
	at TC_4.3_3.run(TC_4.3_3:6)
	at com.kms.katalon.core.main.ScriptEngine.run(ScriptEngine.java:203)
	at com.kms.katalon.core.main.ScriptEngine.runScriptAsRawText(ScriptEngine.java:115)
	at com.kms.katalon.core.main.TestCaseExecutor.runScript(TestCaseExecutor.java:506)
	at com.kms.katalon.core.main.TestCaseExecutor.doExecute(TestCaseExecutor.java:497)
	at com.kms.katalon.core.main.TestCaseExecutor.processExecutionPhase(TestCaseExecutor.java:476)
	at com.kms.katalon.core.main.TestCaseExecutor.accessMainPhase(TestCaseExecutor.java:468)
	at com.kms.katalon.core.main.TestCaseExecutor.execute(TestCaseExecutor.java:334)
	at com.kms.katalon.core.common.CommonExecutor.accessTestCaseMainPhase(CommonExecutor.java:71)
	at com.kms.katalon.core.main.TestSuiteExecutor.accessTestSuiteMainPhase(TestSuiteExecutor.java:153)
	at com.kms.katalon.core.main.TestSuiteExecutor.execute(TestSuiteExecutor.java:110)
	at com.kms.katalon.core.main.TestCaseMain.startTestSuite(TestCaseMain.java:206)
	at S0603_2.run(S0603_2.groovy:40)
	at java.base/jdk.internal.reflect.DirectMethodHandleAccessor.invoke(DirectMethodHandleAccessor.java:103)
Caused by: org.openqa.selenium.SessionNotCreatedException: Could not start a new session. Response code 500. Message: session not created
from disconnected: unable to connect to renderer 
Host info: host: 'GIANFRANCO', ip: '26.38.161.220'
Build info: version: '4.39.0', revision: '126f156aee'
System info: os.name: 'Windows 11', os.arch: 'amd64', os.version: '10.0', java.version: '21.0.9'
Driver info: com.kms.katalon.selenium.driver.CChromeDriver
Command: [null, newSession {capabilities=[Capabilities {browserName: chrome, goog:chromeOptions: {args: [disable-features=DisableLoa...], extensions: []}, unhandledPromptBehavior: {alert: ignore, beforeUnload: ignore, confirm: ignore, default: ignore, file: ignore, prompt: ignore}, webSocketUrl: true}]}]
	at org.openqa.selenium.remote.ProtocolHandshake.createSession(ProtocolHandshake.java:114)
	at org.openqa.selenium.remote.ProtocolHandshake.createSession(ProtocolHandshake.java:75)
	at org.openqa.selenium.remote.ProtocolHandshake.createSession(ProtocolHandshake.java:61)
	at org.openqa.selenium.remote.HttpCommandExecutor.execute(HttpCommandExecutor.java:187)
	at org.openqa.selenium.remote.service.DriverCommandExecutor.invokeExecute(DriverCommandExecutor.java:216)
	at org.openqa.selenium.remote.service.DriverCommandExecutor.execute(DriverCommandExecutor.java:174)
	at org.openqa.selenium.remote.RemoteWebDriver.execute(RemoteWebDriver.java:561)
	at org.openqa.selenium.remote.RemoteWebDriver.startSession(RemoteWebDriver.java:250)
	at org.openqa.selenium.remote.RemoteWebDriver.<init>(RemoteWebDriver.java:178)
	at org.openqa.selenium.chromium.ChromiumDriver.<init>(ChromiumDriver.java:109)
	at org.openqa.selenium.chrome.ChromeDriver.<init>(ChromeDriver.java:88)
	at org.openqa.selenium.chrome.ChromeDriver.<init>(ChromeDriver.java:83)
	at org.openqa.selenium.chrome.ChromeDriver.<init>(ChromeDriver.java:72)
	at com.kms.katalon.selenium.driver.CChromeDriver.<init>(CChromeDriver.java:15)
	at com.kms.katalon.core.webui.driver.chrome.ChromeDriverBuilder.createDriver(ChromeDriverBuilder.java:60)
	at com.kms.katalon.core.webui.driver.AbstractDriverBuilder.build(AbstractDriverBuilder.java:53)
	at com.kms.katalon.core.webui.driver.DriverFactory.startNewBrowser(DriverFactory.java:248)
	at com.kms.katalon.core.webui.driver.DriverFactory.openWebDriver(DriverFactory.java:147)
	at com.kms.katalon.core.webui.keyword.builtin.OpenBrowserKeyword$_openBrowser_closure1.doCall(OpenBrowserKeyword.groovy:48)
	at com.kms.katalon.core.webui.keyword.builtin.OpenBrowserKeyword$_openBrowser_closure1.call(OpenBrowserKeyword.groovy)
	at com.kms.katalon.core.webui.keyword.internal.WebUIKeywordMain.runKeyword(WebUIKeywordMain.groovy:41)
	... 18 more

2026-06-03 17:09:44.117 INFO  c.k.katalon.core.main.TestCaseExecutor   - END Test Cases/Catalogo/TC_4.3_3
2026-06-03 17:09:44.118 INFO  c.k.katalon.core.main.TestCaseExecutor   - --------------------
2026-06-03 17:09:44.118 INFO  c.k.katalon.core.main.TestCaseExecutor   - START Test Cases/Catalogo/TC_4.3_3 - Retry attempt 1
2026-06-03 17:09:44.123 DEBUG testcase.TC_4.3_3                        - 1: openBrowser("")
2026-06-03 17:09:44.123 INFO  c.k.k.core.webui.driver.DriverFactory    - Starting 'Chrome' driver
2026-06-03 17:09:44.124 INFO  c.k.k.core.webui.driver.DriverFactory    - Action delay is set to 0 milliseconds
2026-06-03 17:09:44.739 INFO  c.k.k.core.webui.driver.DriverFactory    - sessionId = 3d8bb01798363960a3e32de09577bb11
2026-06-03 17:09:44.740 INFO  c.k.k.core.webui.driver.DriverFactory    - browser = Chrome 148.0.7778.179
2026-06-03 17:09:44.740 INFO  c.k.k.core.webui.driver.DriverFactory    - platform = Windows 11
2026-06-03 17:09:44.740 INFO  c.k.k.core.webui.driver.DriverFactory    - seleniumVersion = 4.39.0
2026-06-03 17:09:44.741 INFO  c.k.k.core.webui.driver.DriverFactory    - proxyInformation = ProxyInformation { proxyOption=NO_PROXY, proxyServerType=HTTP, username=, password=********, proxyServerAddress=, proxyServerPort=0, executionList="", isApplyToDesiredCapabilities=true }
2026-06-03 17:09:44.754 DEBUG testcase.TC_4.3_3                        - 2: navigateToUrl(base + "details?action=read&id=abc")
2026-06-03 17:09:45.037 DEBUG testcase.TC_4.3_3                        - 3: takeScreenshot()
2026-06-03 17:09:45.546 DEBUG testcase.TC_4.3_3                        - 4: markWarning("Id non numerico (abc): NumberFormatException -> errore 500. Interpretare lo screenshot (robustezza/TIR).")
2026-06-03 17:09:45.547 WARN  com.kms.katalon.core.util.KeywordUtil    - Id non numerico (abc): NumberFormatException -> errore 500. Interpretare lo screenshot (robustezza/TIR).
2026-06-03 17:09:45.548 DEBUG testcase.TC_4.3_3                        - 5: closeBrowser()
2026-06-03 17:09:45.683 INFO  c.k.katalon.core.main.TestCaseExecutor   - END Test Cases/Catalogo/TC_4.3_3
2026-06-03 17:09:45.686 INFO  c.k.katalon.core.main.TestCaseExecutor   - --------------------
2026-06-03 17:09:45.686 INFO  c.k.katalon.core.main.TestCaseExecutor   - START Test Cases/Catalogo/TC_4.4_1
2026-06-03 17:09:45.745 DEBUG testcase.TC_4.4_1                        - 1: openBrowser("")
2026-06-03 17:09:45.747 INFO  c.k.k.core.webui.driver.DriverFactory    - Starting 'Chrome' driver
2026-06-03 17:09:45.748 INFO  c.k.k.core.webui.driver.DriverFactory    - Action delay is set to 0 milliseconds
2026-06-03 17:09:46.616 INFO  c.k.k.core.webui.driver.DriverFactory    - sessionId = 1e73f1b892d83024eb18a7cc42e6475d
2026-06-03 17:09:46.616 INFO  c.k.k.core.webui.driver.DriverFactory    - browser = Chrome 148.0.7778.179
2026-06-03 17:09:46.616 INFO  c.k.k.core.webui.driver.DriverFactory    - platform = Windows 11
2026-06-03 17:09:46.616 INFO  c.k.k.core.webui.driver.DriverFactory    - seleniumVersion = 4.39.0
2026-06-03 17:09:46.618 INFO  c.k.k.core.webui.driver.DriverFactory    - proxyInformation = ProxyInformation { proxyOption=NO_PROXY, proxyServerType=HTTP, username=, password=********, proxyServerAddress=, proxyServerPort=0, executionList="", isApplyToDesiredCapabilities=true }
2026-06-03 17:09:46.630 DEBUG testcase.TC_4.4_1                        - 2: navigateToUrl(base + "ProductView.jsp")
2026-06-03 17:09:47.187 DEBUG testcase.TC_4.4_1                        - 3: setText(css("#searchInput"), "kiwi")
2026-06-03 17:09:47.188 DEBUG testcase.TC_4.4_1                        - 1: t = new com.kms.katalon.core.testobject.TestObject(sel)
2026-06-03 17:09:47.193 DEBUG testcase.TC_4.4_1                        - 2: t.addProperty("css", EQUALS, sel)
2026-06-03 17:09:47.202 DEBUG testcase.TC_4.4_1                        - 3: return t
2026-06-03 17:09:47.821 DEBUG testcase.TC_4.4_1                        - 4: delay(2)
2026-06-03 17:09:49.853 DEBUG testcase.TC_4.4_1                        - 5: takeScreenshot()
2026-06-03 17:09:50.324 DEBUG testcase.TC_4.4_1                        - 6: verifyTextPresent("kiwi", false)
2026-06-03 17:09:50.619 DEBUG testcase.TC_4.4_1                        - 7: closeBrowser()
2026-06-03 17:09:50.784 INFO  c.k.katalon.core.main.TestCaseExecutor   - END Test Cases/Catalogo/TC_4.4_1
2026-06-03 17:09:50.786 INFO  c.k.katalon.core.main.TestCaseExecutor   - --------------------
2026-06-03 17:09:50.786 INFO  c.k.katalon.core.main.TestCaseExecutor   - START Test Cases/Catalogo/TC_4.4_2
2026-06-03 17:09:50.827 DEBUG testcase.TC_4.4_2                        - 1: openBrowser("")
2026-06-03 17:09:50.828 INFO  c.k.k.core.webui.driver.DriverFactory    - Starting 'Chrome' driver
2026-06-03 17:09:50.829 INFO  c.k.k.core.webui.driver.DriverFactory    - Action delay is set to 0 milliseconds
2026-06-03 17:09:51.493 ERROR c.k.k.core.keyword.internal.KeywordMain  - ❌ Unable to open browser with url: '' (Root cause: com.kms.katalon.core.exception.StepFailedException: Unable to open browser with url: ''
	at com.kms.katalon.core.webui.keyword.internal.WebUIKeywordMain.stepFailed(WebUIKeywordMain.groovy:177)
	at com.kms.katalon.core.webui.keyword.internal.WebUIKeywordMain.runKeyword(WebUIKeywordMain.groovy:49)
	at com.kms.katalon.core.webui.keyword.builtin.OpenBrowserKeyword.openBrowser(OpenBrowserKeyword.groovy:69)
	at com.kms.katalon.core.webui.keyword.builtin.OpenBrowserKeyword.execute(OpenBrowserKeyword.groovy:41)
	at com.kms.katalon.core.keyword.internal.KeywordExecutor.executeKeywordForPlatform(KeywordExecutor.groovy:103)
	at com.kms.katalon.core.webui.keyword.WebUiBuiltInKeywords.openBrowser(WebUiBuiltInKeywords.groovy:63)
	at TC_4.4_2.run(TC_4.4_2:13)
	at com.kms.katalon.core.main.ScriptEngine.run(ScriptEngine.java:203)
	at com.kms.katalon.core.main.ScriptEngine.runScriptAsRawText(ScriptEngine.java:115)
	at com.kms.katalon.core.main.TestCaseExecutor.runScript(TestCaseExecutor.java:506)
	at com.kms.katalon.core.main.TestCaseExecutor.doExecute(TestCaseExecutor.java:497)
	at com.kms.katalon.core.main.TestCaseExecutor.processExecutionPhase(TestCaseExecutor.java:476)
	at com.kms.katalon.core.main.TestCaseExecutor.accessMainPhase(TestCaseExecutor.java:468)
	at com.kms.katalon.core.main.TestCaseExecutor.execute(TestCaseExecutor.java:334)
	at com.kms.katalon.core.common.CommonExecutor.accessTestCaseMainPhase(CommonExecutor.java:71)
	at com.kms.katalon.core.main.TestSuiteExecutor.accessTestSuiteMainPhase(TestSuiteExecutor.java:153)
	at com.kms.katalon.core.main.TestSuiteExecutor.execute(TestSuiteExecutor.java:110)
	at com.kms.katalon.core.main.TestCaseMain.startTestSuite(TestCaseMain.java:206)
	at S0603_2.run(S0603_2.groovy:40)
	at java.base/jdk.internal.reflect.DirectMethodHandleAccessor.invoke(DirectMethodHandleAccessor.java:103)
Caused by: org.openqa.selenium.remote.http.ConnectionFailedException: JdkWebSocket initial request execution error
Build info: version: '4.39.0', revision: '126f156aee'
System info: os.name: 'Windows 11', os.arch: 'amd64', os.version: '10.0', java.version: '21.0.9'
Driver info: driver.version: CChromeDriver
	at org.openqa.selenium.remote.http.jdk.JdkHttpClient.openSocket(JdkHttpClient.java:254)
	at org.openqa.selenium.bidi.Connection.<init>(Connection.java:90)
	at org.openqa.selenium.chromium.ChromiumDriver.createBiDi(ChromiumDriver.java:325)
	at org.openqa.selenium.chromium.ChromiumDriver.<init>(ChromiumDriver.java:132)
	at org.openqa.selenium.chrome.ChromeDriver.<init>(ChromeDriver.java:88)
	at org.openqa.selenium.chrome.ChromeDriver.<init>(ChromeDriver.java:83)
	at org.openqa.selenium.chrome.ChromeDriver.<init>(ChromeDriver.java:72)
	at com.kms.katalon.selenium.driver.CChromeDriver.<init>(CChromeDriver.java:15)
	at com.kms.katalon.core.webui.driver.chrome.ChromeDriverBuilder.createDriver(ChromeDriverBuilder.java:60)
	at com.kms.katalon.core.webui.driver.AbstractDriverBuilder.build(AbstractDriverBuilder.java:53)
	at com.kms.katalon.core.webui.driver.DriverFactory.startNewBrowser(DriverFactory.java:248)
	at com.kms.katalon.core.webui.driver.DriverFactory.openWebDriver(DriverFactory.java:147)
	at com.kms.katalon.core.webui.keyword.builtin.OpenBrowserKeyword$_openBrowser_closure1.doCall(OpenBrowserKeyword.groovy:48)
	at com.kms.katalon.core.webui.keyword.builtin.OpenBrowserKeyword$_openBrowser_closure1.call(OpenBrowserKeyword.groovy)
	at com.kms.katalon.core.webui.keyword.internal.WebUIKeywordMain.runKeyword(WebUIKeywordMain.groovy:41)
	at com.kms.katalon.core.webui.keyword.builtin.OpenBrowserKeyword.openBrowser(OpenBrowserKeyword.groovy:69)
	at com.kms.katalon.core.webui.keyword.builtin.OpenBrowserKeyword.execute(OpenBrowserKeyword.groovy:41)
	at com.kms.katalon.core.keyword.internal.KeywordExecutor.executeKeywordForPlatform(KeywordExecutor.groovy:103)
	at com.kms.katalon.core.webui.keyword.WebUiBuiltInKeywords.openBrowser(WebUiBuiltInKeywords.groovy:63)
	at Script1780477693927.run(Script1780477693927.groovy:13)
	... 13 more
Caused by: java.net.ConnectException: Permission denied: connect
	at java.net.http/jdk.internal.net.http.common.Utils.toConnectException(Utils.java:1065)
	at java.net.http/jdk.internal.net.http.PlainHttpConnection.connectAsync(PlainHttpConnection.java:227)
	at java.net.http/jdk.internal.net.http.Http1Exchange.sendHeadersAsync(Http1Exchange.java:312)
	at java.net.http/jdk.internal.net.http.Exchange.lambda$responseAsyncImpl0$8(Exchange.java:581)
	at java.net.http/jdk.internal.net.http.Exchange.checkFor407(Exchange.java:452)
	at java.net.http/jdk.internal.net.http.Exchange.lambda$responseAsyncImpl0$9(Exchange.java:585)
	at java.net.http/jdk.internal.net.http.Exchange.responseAsyncImpl0(Exchange.java:585)
	at java.net.http/jdk.internal.net.http.Exchange.responseAsyncImpl(Exchange.java:428)
	at java.net.http/jdk.internal.net.http.Exchange.responseAsync(Exchange.java:420)
	at java.net.http/jdk.internal.net.http.MultiExchange.responseAsyncImpl(MultiExchange.java:435)
	at java.net.http/jdk.internal.net.http.MultiExchange.lambda$responseAsyncImpl$7(MultiExchange.java:477)
	at java.net.http/jdk.internal.net.http.MultiExchange.responseAsyncImpl(MultiExchange.java:467)
	at java.net.http/jdk.internal.net.http.MultiExchange.lambda$responseAsync0$2(MultiExchange.java:355)
Caused by: java.net.SocketException: Permission denied: connect
	at java.net.http/jdk.internal.net.http.PlainHttpConnection.lambda$connectAsync$1(PlainHttpConnection.java:210)
	at java.net.http/jdk.internal.net.http.PlainHttpConnection.connectAsync(PlainHttpConnection.java:212)
	... 11 more
)
2026-06-03 17:09:51.495 ERROR c.k.katalon.core.main.TestCaseExecutor   - ❌ Test Cases/Catalogo/TC_4.4_2 FAILED.
Reason:
com.kms.katalon.core.exception.StepFailedException: Unable to open browser with url: ''
	at com.kms.katalon.core.webui.keyword.internal.WebUIKeywordMain.stepFailed(WebUIKeywordMain.groovy:177)
	at com.kms.katalon.core.webui.keyword.internal.WebUIKeywordMain.runKeyword(WebUIKeywordMain.groovy:49)
	at com.kms.katalon.core.webui.keyword.builtin.OpenBrowserKeyword.openBrowser(OpenBrowserKeyword.groovy:69)
	at com.kms.katalon.core.webui.keyword.builtin.OpenBrowserKeyword.execute(OpenBrowserKeyword.groovy:41)
	at com.kms.katalon.core.keyword.internal.KeywordExecutor.executeKeywordForPlatform(KeywordExecutor.groovy:103)
	at com.kms.katalon.core.webui.keyword.WebUiBuiltInKeywords.openBrowser(WebUiBuiltInKeywords.groovy:63)
	at TC_4.4_2.run(TC_4.4_2:13)
	at com.kms.katalon.core.main.ScriptEngine.run(ScriptEngine.java:203)
	at com.kms.katalon.core.main.ScriptEngine.runScriptAsRawText(ScriptEngine.java:115)
	at com.kms.katalon.core.main.TestCaseExecutor.runScript(TestCaseExecutor.java:506)
	at com.kms.katalon.core.main.TestCaseExecutor.doExecute(TestCaseExecutor.java:497)
	at com.kms.katalon.core.main.TestCaseExecutor.processExecutionPhase(TestCaseExecutor.java:476)
	at com.kms.katalon.core.main.TestCaseExecutor.accessMainPhase(TestCaseExecutor.java:468)
	at com.kms.katalon.core.main.TestCaseExecutor.execute(TestCaseExecutor.java:334)
	at com.kms.katalon.core.common.CommonExecutor.accessTestCaseMainPhase(CommonExecutor.java:71)
	at com.kms.katalon.core.main.TestSuiteExecutor.accessTestSuiteMainPhase(TestSuiteExecutor.java:153)
	at com.kms.katalon.core.main.TestSuiteExecutor.execute(TestSuiteExecutor.java:110)
	at com.kms.katalon.core.main.TestCaseMain.startTestSuite(TestCaseMain.java:206)
	at S0603_2.run(S0603_2.groovy:40)
	at java.base/jdk.internal.reflect.DirectMethodHandleAccessor.invoke(DirectMethodHandleAccessor.java:103)
Caused by: org.openqa.selenium.remote.http.ConnectionFailedException: JdkWebSocket initial request execution error
Build info: version: '4.39.0', revision: '126f156aee'
System info: os.name: 'Windows 11', os.arch: 'amd64', os.version: '10.0', java.version: '21.0.9'
Driver info: driver.version: CChromeDriver
	at org.openqa.selenium.remote.http.jdk.JdkHttpClient.openSocket(JdkHttpClient.java:254)
	at org.openqa.selenium.bidi.Connection.<init>(Connection.java:90)
	at org.openqa.selenium.chromium.ChromiumDriver.createBiDi(ChromiumDriver.java:325)
	at org.openqa.selenium.chromium.ChromiumDriver.<init>(ChromiumDriver.java:132)
	at org.openqa.selenium.chrome.ChromeDriver.<init>(ChromeDriver.java:88)
	at org.openqa.selenium.chrome.ChromeDriver.<init>(ChromeDriver.java:83)
	at org.openqa.selenium.chrome.ChromeDriver.<init>(ChromeDriver.java:72)
	at com.kms.katalon.selenium.driver.CChromeDriver.<init>(CChromeDriver.java:15)
	at com.kms.katalon.core.webui.driver.chrome.ChromeDriverBuilder.createDriver(ChromeDriverBuilder.java:60)
	at com.kms.katalon.core.webui.driver.AbstractDriverBuilder.build(AbstractDriverBuilder.java:53)
	at com.kms.katalon.core.webui.driver.DriverFactory.startNewBrowser(DriverFactory.java:248)
	at com.kms.katalon.core.webui.driver.DriverFactory.openWebDriver(DriverFactory.java:147)
	at com.kms.katalon.core.webui.keyword.builtin.OpenBrowserKeyword$_openBrowser_closure1.doCall(OpenBrowserKeyword.groovy:48)
	at com.kms.katalon.core.webui.keyword.builtin.OpenBrowserKeyword$_openBrowser_closure1.call(OpenBrowserKeyword.groovy)
	at com.kms.katalon.core.webui.keyword.internal.WebUIKeywordMain.runKeyword(WebUIKeywordMain.groovy:41)
	at com.kms.katalon.core.webui.keyword.builtin.OpenBrowserKeyword.openBrowser(OpenBrowserKeyword.groovy:69)
	at com.kms.katalon.core.webui.keyword.builtin.OpenBrowserKeyword.execute(OpenBrowserKeyword.groovy:41)
	at com.kms.katalon.core.keyword.internal.KeywordExecutor.executeKeywordForPlatform(KeywordExecutor.groovy:103)
	at com.kms.katalon.core.webui.keyword.WebUiBuiltInKeywords.openBrowser(WebUiBuiltInKeywords.groovy:63)
	at Script1780477693927.run(Script1780477693927.groovy:13)
	... 13 more
Caused by: java.net.ConnectException: Permission denied: connect
	at java.net.http/jdk.internal.net.http.common.Utils.toConnectException(Utils.java:1065)
	at java.net.http/jdk.internal.net.http.PlainHttpConnection.connectAsync(PlainHttpConnection.java:227)
	at java.net.http/jdk.internal.net.http.Http1Exchange.sendHeadersAsync(Http1Exchange.java:312)
	at java.net.http/jdk.internal.net.http.Exchange.lambda$responseAsyncImpl0$8(Exchange.java:581)
	at java.net.http/jdk.internal.net.http.Exchange.checkFor407(Exchange.java:452)
	at java.net.http/jdk.internal.net.http.Exchange.lambda$responseAsyncImpl0$9(Exchange.java:585)
	at java.net.http/jdk.internal.net.http.Exchange.responseAsyncImpl0(Exchange.java:585)
	at java.net.http/jdk.internal.net.http.Exchange.responseAsyncImpl(Exchange.java:428)
	at java.net.http/jdk.internal.net.http.Exchange.responseAsync(Exchange.java:420)
	at java.net.http/jdk.internal.net.http.MultiExchange.responseAsyncImpl(MultiExchange.java:435)
	at java.net.http/jdk.internal.net.http.MultiExchange.lambda$responseAsyncImpl$7(MultiExchange.java:477)
	at java.net.http/jdk.internal.net.http.MultiExchange.responseAsyncImpl(MultiExchange.java:467)
	at java.net.http/jdk.internal.net.http.MultiExchange.lambda$responseAsync0$2(MultiExchange.java:355)
Caused by: java.net.SocketException: Permission denied: connect
	at java.net.http/jdk.internal.net.http.PlainHttpConnection.lambda$connectAsync$1(PlainHttpConnection.java:210)
	at java.net.http/jdk.internal.net.http.PlainHttpConnection.connectAsync(PlainHttpConnection.java:212)
	... 11 more

2026-06-03 17:09:51.496 INFO  c.k.katalon.core.main.TestCaseExecutor   - END Test Cases/Catalogo/TC_4.4_2
2026-06-03 17:09:51.497 INFO  c.k.katalon.core.main.TestCaseExecutor   - --------------------
2026-06-03 17:09:51.497 INFO  c.k.katalon.core.main.TestCaseExecutor   - START Test Cases/Catalogo/TC_4.4_2 - Retry attempt 1
2026-06-03 17:09:51.505 DEBUG testcase.TC_4.4_2                        - 1: openBrowser("")
2026-06-03 17:09:51.507 INFO  c.k.k.core.webui.driver.DriverFactory    - Starting 'Chrome' driver
2026-06-03 17:09:51.508 INFO  c.k.k.core.webui.driver.DriverFactory    - Action delay is set to 0 milliseconds
2026-06-03 17:09:52.437 INFO  c.k.k.core.webui.driver.DriverFactory    - sessionId = 192750b7f0142e864f758e4a3cf982ad
2026-06-03 17:09:52.437 INFO  c.k.k.core.webui.driver.DriverFactory    - browser = Chrome 148.0.7778.179
2026-06-03 17:09:52.437 INFO  c.k.k.core.webui.driver.DriverFactory    - platform = Windows 11
2026-06-03 17:09:52.437 INFO  c.k.k.core.webui.driver.DriverFactory    - seleniumVersion = 4.39.0
2026-06-03 17:09:52.437 INFO  c.k.k.core.webui.driver.DriverFactory    - proxyInformation = ProxyInformation { proxyOption=NO_PROXY, proxyServerType=HTTP, username=, password=********, proxyServerAddress=, proxyServerPort=0, executionList="", isApplyToDesiredCapabilities=true }
2026-06-03 17:09:52.446 DEBUG testcase.TC_4.4_2                        - 2: navigateToUrl(base + "ProductView.jsp")
2026-06-03 17:10:14.651 DEBUG testcase.TC_4.4_2                        - 3: setText(css("#searchInput"), "voo")
2026-06-03 17:10:14.652 DEBUG testcase.TC_4.4_2                        - 1: t = new com.kms.katalon.core.testobject.TestObject(sel)
2026-06-03 17:10:14.652 DEBUG testcase.TC_4.4_2                        - 2: t.addProperty("css", EQUALS, sel)
2026-06-03 17:10:14.655 DEBUG testcase.TC_4.4_2                        - 3: return t
2026-06-03 17:10:15.301 DEBUG testcase.TC_4.4_2                        - 4: delay(2)
2026-06-03 17:10:17.318 DEBUG testcase.TC_4.4_2                        - 5: takeScreenshot()
2026-06-03 17:10:17.764 DEBUG testcase.TC_4.4_2                        - 6: verifyTextPresent("voopoo", false)
2026-06-03 17:10:18.021 DEBUG testcase.TC_4.4_2                        - 7: closeBrowser()
2026-06-03 17:10:18.174 INFO  c.k.katalon.core.main.TestCaseExecutor   - END Test Cases/Catalogo/TC_4.4_2
2026-06-03 17:10:18.177 INFO  c.k.katalon.core.main.TestCaseExecutor   - --------------------
2026-06-03 17:10:18.177 INFO  c.k.katalon.core.main.TestCaseExecutor   - START Test Cases/Catalogo/TC_4.4_3
2026-06-03 17:10:18.225 DEBUG testcase.TC_4.4_3                        - 1: openBrowser("")
2026-06-03 17:10:18.226 INFO  c.k.k.core.webui.driver.DriverFactory    - Starting 'Chrome' driver
2026-06-03 17:10:18.227 INFO  c.k.k.core.webui.driver.DriverFactory    - Action delay is set to 0 milliseconds
2026-06-03 17:10:18.961 INFO  c.k.k.core.webui.driver.DriverFactory    - sessionId = ca49cfec4ac37e6c268a0af53dbdcd7c
2026-06-03 17:10:18.962 INFO  c.k.k.core.webui.driver.DriverFactory    - browser = Chrome 148.0.7778.179
2026-06-03 17:10:18.962 INFO  c.k.k.core.webui.driver.DriverFactory    - platform = Windows 11
2026-06-03 17:10:18.962 INFO  c.k.k.core.webui.driver.DriverFactory    - seleniumVersion = 4.39.0
2026-06-03 17:10:18.963 INFO  c.k.k.core.webui.driver.DriverFactory    - proxyInformation = ProxyInformation { proxyOption=NO_PROXY, proxyServerType=HTTP, username=, password=********, proxyServerAddress=, proxyServerPort=0, executionList="", isApplyToDesiredCapabilities=true }
2026-06-03 17:10:18.971 DEBUG testcase.TC_4.4_3                        - 2: navigateToUrl(base + "ProductView.jsp")
2026-06-03 17:10:21.227 DEBUG testcase.TC_4.4_3                        - 3: setText(css("#searchInput"), "zzz")
2026-06-03 17:10:21.229 DEBUG testcase.TC_4.4_3                        - 1: t = new com.kms.katalon.core.testobject.TestObject(sel)
2026-06-03 17:10:21.230 DEBUG testcase.TC_4.4_3                        - 2: t.addProperty("css", EQUALS, sel)
2026-06-03 17:10:21.230 DEBUG testcase.TC_4.4_3                        - 3: return t
2026-06-03 17:10:21.896 DEBUG testcase.TC_4.4_3                        - 4: delay(2)
2026-06-03 17:10:23.909 DEBUG testcase.TC_4.4_3                        - 5: takeScreenshot()
2026-06-03 17:10:24.372 DEBUG testcase.TC_4.4_3                        - 6: verifyTextPresent("Nessun risultato trovato", false)
2026-06-03 17:10:24.634 DEBUG testcase.TC_4.4_3                        - 7: closeBrowser()
2026-06-03 17:10:24.793 INFO  c.k.katalon.core.main.TestCaseExecutor   - END Test Cases/Catalogo/TC_4.4_3
2026-06-03 17:10:24.795 INFO  c.k.katalon.core.main.TestCaseExecutor   - --------------------
2026-06-03 17:10:24.795 INFO  c.k.katalon.core.main.TestCaseExecutor   - START Test Cases/Catalogo/TC_4.4_4
2026-06-03 17:10:24.839 DEBUG testcase.TC_4.4_4                        - 1: openBrowser("")
2026-06-03 17:10:24.840 INFO  c.k.k.core.webui.driver.DriverFactory    - Starting 'Chrome' driver
2026-06-03 17:10:24.841 INFO  c.k.k.core.webui.driver.DriverFactory    - Action delay is set to 0 milliseconds
2026-06-03 17:10:25.610 INFO  c.k.k.core.webui.driver.DriverFactory    - sessionId = 1d071e9c429e2b69cc8cc9dbe1cd9580
2026-06-03 17:10:25.611 INFO  c.k.k.core.webui.driver.DriverFactory    - browser = Chrome 148.0.7778.179
2026-06-03 17:10:25.611 INFO  c.k.k.core.webui.driver.DriverFactory    - platform = Windows 11
2026-06-03 17:10:25.611 INFO  c.k.k.core.webui.driver.DriverFactory    - seleniumVersion = 4.39.0
2026-06-03 17:10:25.612 INFO  c.k.k.core.webui.driver.DriverFactory    - proxyInformation = ProxyInformation { proxyOption=NO_PROXY, proxyServerType=HTTP, username=, password=********, proxyServerAddress=, proxyServerPort=0, executionList="", isApplyToDesiredCapabilities=true }
2026-06-03 17:10:25.623 DEBUG testcase.TC_4.4_4                        - 2: navigateToUrl(base + "ProductView.jsp")
2026-06-03 17:10:27.628 DEBUG testcase.TC_4.4_4                        - 3: setText(css("#searchInput"), "kiwi")
2026-06-03 17:10:27.629 DEBUG testcase.TC_4.4_4                        - 1: t = new com.kms.katalon.core.testobject.TestObject(sel)
2026-06-03 17:10:27.630 DEBUG testcase.TC_4.4_4                        - 2: t.addProperty("css", EQUALS, sel)
2026-06-03 17:10:27.631 DEBUG testcase.TC_4.4_4                        - 3: return t
2026-06-03 17:10:28.349 DEBUG testcase.TC_4.4_4                        - 4: delay(1)
2026-06-03 17:10:29.354 DEBUG testcase.TC_4.4_4                        - 5: setText(css("#searchInput"), "")
2026-06-03 17:10:29.355 DEBUG testcase.TC_4.4_4                        - 1: t = new com.kms.katalon.core.testobject.TestObject(sel)
2026-06-03 17:10:29.357 DEBUG testcase.TC_4.4_4                        - 2: t.addProperty("css", EQUALS, sel)
2026-06-03 17:10:29.358 DEBUG testcase.TC_4.4_4                        - 3: return t
2026-06-03 17:10:29.948 DEBUG testcase.TC_4.4_4                        - 6: delay(1)
2026-06-03 17:10:30.965 DEBUG testcase.TC_4.4_4                        - 7: takeScreenshot()
2026-06-03 17:10:31.451 DEBUG testcase.TC_4.4_4                        - 8: verifyTextNotPresent("Nessun risultato trovato", false)
2026-06-03 17:10:31.744 DEBUG testcase.TC_4.4_4                        - 9: closeBrowser()
2026-06-03 17:10:31.899 INFO  c.k.katalon.core.main.TestCaseExecutor   - END Test Cases/Catalogo/TC_4.4_4
2026-06-03 17:10:31.922 INFO  c.k.katalon.core.main.TestSuiteExecutor  - --------------------
2026-06-03 17:10:31.922 INFO  c.k.katalon.core.main.TestSuiteExecutor  - END Test Suites/Catalogo
2026-06-03 17:10:31.922 INFO  c.k.katalon.core.main.TestSuiteExecutor  - ====================
