2026-06-08 21:59:14.304 INFO  c.k.k.c.l.logback.LogbackConfigurator    - Logback default configuration initialized from: C:\Users\gianf\.katalon\packages\KS-11.2.0\configuration\org.eclipse.osgi\151\0\.cp\resources\logback\logback-execution.xml
2026-06-08 21:59:14.307 INFO  c.k.k.c.l.logback.LogbackConfigurator    - Logback custom configuration initialized from: C:\Users\gianf\Documents\Vaporant-IGES\StorageSession\testing\katalon\Vaporant-Baseline\Include\config\log.properties
2026-06-08 21:59:15.680 INFO  c.k.katalon.core.main.TestSuiteExecutor  - START Test Suites/Prodotti
2026-06-08 21:59:15.827 INFO  c.k.katalon.core.main.TestSuiteExecutor  - userFullName = Gianfranco Barba
2026-06-08 21:59:15.828 INFO  c.k.katalon.core.main.TestSuiteExecutor  - projectName = Vaporant-Baseline
2026-06-08 21:59:15.828 INFO  c.k.katalon.core.main.TestSuiteExecutor  - hostName = gianf - Gianfranco
2026-06-08 21:59:15.829 INFO  c.k.katalon.core.main.TestSuiteExecutor  - os = Windows 11 64bit
2026-06-08 21:59:15.830 INFO  c.k.katalon.core.main.TestSuiteExecutor  - hostAddress = 26.38.161.220
2026-06-08 21:59:15.831 INFO  c.k.katalon.core.main.TestSuiteExecutor  - katalonVersion = 11.2.0.0
2026-06-08 21:59:16.013 INFO  c.k.katalon.core.main.TestCaseExecutor   - --------------------
2026-06-08 21:59:16.014 INFO  c.k.katalon.core.main.TestCaseExecutor   - START Test Cases/Prodotti/TC_7.1_1
2026-06-08 21:59:16.474 INFO  com.kms.katalon.core.util.KeywordUtil    - Seed ripristinato prima di: Test Cases/Prodotti/TC_7.1_1
2026-06-08 21:59:16.576 DEBUG testcase.TC_7.1_1                        - 1: openBrowser("")
2026-06-08 21:59:16.922 INFO  c.k.k.core.webui.driver.DriverFactory    - Starting 'Chrome' driver
2026-06-08 21:59:16.981 INFO  c.k.k.core.webui.driver.DriverFactory    - Action delay is set to 0 milliseconds
2026-06-08 21:59:21.878 INFO  c.k.k.core.webui.driver.DriverFactory    - sessionId = ddb1123dcb32740f5cab9163025f2589
2026-06-08 21:59:21.879 INFO  c.k.k.core.webui.driver.DriverFactory    - browser = Chrome 148.0.7778.179
2026-06-08 21:59:21.880 INFO  c.k.k.core.webui.driver.DriverFactory    - platform = Windows 11
2026-06-08 21:59:21.881 INFO  c.k.k.core.webui.driver.DriverFactory    - seleniumVersion = 4.39.0
2026-06-08 21:59:21.890 INFO  c.k.k.core.webui.driver.DriverFactory    - proxyInformation = ProxyInformation { proxyOption=NO_PROXY, proxyServerType=HTTP, username=, password=********, proxyServerAddress=, proxyServerPort=0, executionList="", isApplyToDesiredCapabilities=true }
2026-06-08 21:59:21.957 DEBUG testcase.TC_7.1_1                        - 2: navigateToUrl(base + "loginForm.jsp")
2026-06-08 21:59:24.626 DEBUG testcase.TC_7.1_1                        - 3: setText(css("#email"), "g.barba14@studenti.unisa.it")
2026-06-08 21:59:24.629 DEBUG testcase.TC_7.1_1                        - 1: t = new com.kms.katalon.core.testobject.TestObject(sel)
2026-06-08 21:59:24.646 DEBUG testcase.TC_7.1_1                        - 2: t.addProperty("css", EQUALS, sel)
2026-06-08 21:59:24.660 DEBUG testcase.TC_7.1_1                        - 3: return t
2026-06-08 21:59:25.553 DEBUG testcase.TC_7.1_1                        - 4: setText(css("#password"), "ABC123.")
2026-06-08 21:59:25.557 DEBUG testcase.TC_7.1_1                        - 1: t = new com.kms.katalon.core.testobject.TestObject(sel)
2026-06-08 21:59:25.559 DEBUG testcase.TC_7.1_1                        - 2: t.addProperty("css", EQUALS, sel)
2026-06-08 21:59:25.561 DEBUG testcase.TC_7.1_1                        - 3: return t
2026-06-08 21:59:26.311 DEBUG testcase.TC_7.1_1                        - 5: click(css("#submit"))
2026-06-08 21:59:26.314 DEBUG testcase.TC_7.1_1                        - 1: t = new com.kms.katalon.core.testobject.TestObject(sel)
2026-06-08 21:59:26.315 DEBUG testcase.TC_7.1_1                        - 2: t.addProperty("css", EQUALS, sel)
2026-06-08 21:59:26.316 DEBUG testcase.TC_7.1_1                        - 3: return t
2026-06-08 21:59:29.009 DEBUG testcase.TC_7.1_1                        - 6: delay(2)
2026-06-08 21:59:31.073 DEBUG testcase.TC_7.1_1                        - 7: navigateToUrl(base + "product")
2026-06-08 21:59:31.181 DEBUG testcase.TC_7.1_1                        - 8: delay(2)
2026-06-08 21:59:33.189 DEBUG testcase.TC_7.1_1                        - 9: setText(css("[name='name']"), "Test Pod")
2026-06-08 21:59:33.192 DEBUG testcase.TC_7.1_1                        - 1: t = new com.kms.katalon.core.testobject.TestObject(sel)
2026-06-08 21:59:33.194 DEBUG testcase.TC_7.1_1                        - 2: t.addProperty("css", EQUALS, sel)
2026-06-08 21:59:33.195 DEBUG testcase.TC_7.1_1                        - 3: return t
2026-06-08 21:59:33.966 DEBUG testcase.TC_7.1_1                        - 10: setText(css("[name='description']"), "Pod di prova")
2026-06-08 21:59:33.968 DEBUG testcase.TC_7.1_1                        - 1: t = new com.kms.katalon.core.testobject.TestObject(sel)
2026-06-08 21:59:33.969 DEBUG testcase.TC_7.1_1                        - 2: t.addProperty("css", EQUALS, sel)
2026-06-08 21:59:33.971 DEBUG testcase.TC_7.1_1                        - 3: return t
2026-06-08 21:59:34.729 DEBUG testcase.TC_7.1_1                        - 11: setText(css("[name='tipo']"), "Svapo")
2026-06-08 21:59:34.732 DEBUG testcase.TC_7.1_1                        - 1: t = new com.kms.katalon.core.testobject.TestObject(sel)
2026-06-08 21:59:34.733 DEBUG testcase.TC_7.1_1                        - 2: t.addProperty("css", EQUALS, sel)
2026-06-08 21:59:34.734 DEBUG testcase.TC_7.1_1                        - 3: return t
2026-06-08 21:59:35.477 DEBUG testcase.TC_7.1_1                        - 12: setText(css("[name='colore']"), "Nero")
2026-06-08 21:59:35.479 DEBUG testcase.TC_7.1_1                        - 1: t = new com.kms.katalon.core.testobject.TestObject(sel)
2026-06-08 21:59:35.481 DEBUG testcase.TC_7.1_1                        - 2: t.addProperty("css", EQUALS, sel)
2026-06-08 21:59:35.482 DEBUG testcase.TC_7.1_1                        - 3: return t
2026-06-08 21:59:36.231 DEBUG testcase.TC_7.1_1                        - 13: executeJavaScript("document.querySelector(\"[name='price']\").value='30.00'", null)
2026-06-08 21:59:36.266 DEBUG testcase.TC_7.1_1                        - 14: executeJavaScript("document.querySelector(\"[name='quantity']\").value='10'", null)
2026-06-08 21:59:36.285 DEBUG testcase.TC_7.1_1                        - 15: click(css("input[value='Aggiungi']"))
2026-06-08 21:59:36.287 DEBUG testcase.TC_7.1_1                        - 1: t = new com.kms.katalon.core.testobject.TestObject(sel)
2026-06-08 21:59:36.290 DEBUG testcase.TC_7.1_1                        - 2: t.addProperty("css", EQUALS, sel)
2026-06-08 21:59:36.291 DEBUG testcase.TC_7.1_1                        - 3: return t
2026-06-08 21:59:36.755 DEBUG testcase.TC_7.1_1                        - 16: delay(2)
2026-06-08 21:59:38.768 DEBUG testcase.TC_7.1_1                        - 17: takeScreenshot()
2026-06-08 21:59:39.441 DEBUG testcase.TC_7.1_1                        - 18: verifyTextPresent("(?i)Test Pod", true)
2026-06-08 21:59:39.784 DEBUG testcase.TC_7.1_1                        - 19: closeBrowser()
2026-06-08 21:59:40.161 INFO  c.k.katalon.core.main.TestCaseExecutor   - END Test Cases/Prodotti/TC_7.1_1
2026-06-08 21:59:40.166 INFO  c.k.katalon.core.main.TestCaseExecutor   - --------------------
2026-06-08 21:59:40.166 INFO  c.k.katalon.core.main.TestCaseExecutor   - START Test Cases/Prodotti/TC_7.1_2
2026-06-08 21:59:40.311 INFO  com.kms.katalon.core.util.KeywordUtil    - Seed ripristinato prima di: Test Cases/Prodotti/TC_7.1_2
2026-06-08 21:59:40.397 DEBUG testcase.TC_7.1_2                        - 1: openBrowser("")
2026-06-08 21:59:40.399 INFO  c.k.k.core.webui.driver.DriverFactory    - Starting 'Chrome' driver
2026-06-08 21:59:40.401 INFO  c.k.k.core.webui.driver.DriverFactory    - Action delay is set to 0 milliseconds
2026-06-08 21:59:41.480 INFO  c.k.k.core.webui.driver.DriverFactory    - sessionId = 3a9abc678415aab0b974aceca07abc6d
2026-06-08 21:59:41.481 INFO  c.k.k.core.webui.driver.DriverFactory    - browser = Chrome 148.0.7778.179
2026-06-08 21:59:41.482 INFO  c.k.k.core.webui.driver.DriverFactory    - platform = Windows 11
2026-06-08 21:59:41.482 INFO  c.k.k.core.webui.driver.DriverFactory    - seleniumVersion = 4.39.0
2026-06-08 21:59:41.483 INFO  c.k.k.core.webui.driver.DriverFactory    - proxyInformation = ProxyInformation { proxyOption=NO_PROXY, proxyServerType=HTTP, username=, password=********, proxyServerAddress=, proxyServerPort=0, executionList="", isApplyToDesiredCapabilities=true }
2026-06-08 21:59:41.514 DEBUG testcase.TC_7.1_2                        - 2: navigateToUrl(base + "loginForm.jsp")
2026-06-08 21:59:41.860 DEBUG testcase.TC_7.1_2                        - 3: setText(css("#email"), "g.barba14@studenti.unisa.it")
2026-06-08 21:59:41.862 DEBUG testcase.TC_7.1_2                        - 1: t = new com.kms.katalon.core.testobject.TestObject(sel)
2026-06-08 21:59:41.863 DEBUG testcase.TC_7.1_2                        - 2: t.addProperty("css", EQUALS, sel)
2026-06-08 21:59:41.869 DEBUG testcase.TC_7.1_2                        - 3: return t
2026-06-08 21:59:42.675 DEBUG testcase.TC_7.1_2                        - 4: setText(css("#password"), "ABC123.")
2026-06-08 21:59:42.677 DEBUG testcase.TC_7.1_2                        - 1: t = new com.kms.katalon.core.testobject.TestObject(sel)
2026-06-08 21:59:42.678 DEBUG testcase.TC_7.1_2                        - 2: t.addProperty("css", EQUALS, sel)
2026-06-08 21:59:42.680 DEBUG testcase.TC_7.1_2                        - 3: return t
2026-06-08 21:59:43.378 DEBUG testcase.TC_7.1_2                        - 5: click(css("#submit"))
2026-06-08 21:59:43.380 DEBUG testcase.TC_7.1_2                        - 1: t = new com.kms.katalon.core.testobject.TestObject(sel)
2026-06-08 21:59:43.382 DEBUG testcase.TC_7.1_2                        - 2: t.addProperty("css", EQUALS, sel)
2026-06-08 21:59:43.382 DEBUG testcase.TC_7.1_2                        - 3: return t
2026-06-08 21:59:45.140 DEBUG testcase.TC_7.1_2                        - 6: delay(2)
2026-06-08 21:59:47.159 DEBUG testcase.TC_7.1_2                        - 7: navigateToUrl(base + "product")
2026-06-08 21:59:47.884 DEBUG testcase.TC_7.1_2                        - 8: delay(2)
2026-06-08 21:59:49.895 DEBUG testcase.TC_7.1_2                        - 9: setText(css("[name='description']"), "Pod di prova")
2026-06-08 21:59:49.897 DEBUG testcase.TC_7.1_2                        - 1: t = new com.kms.katalon.core.testobject.TestObject(sel)
2026-06-08 21:59:49.898 DEBUG testcase.TC_7.1_2                        - 2: t.addProperty("css", EQUALS, sel)
2026-06-08 21:59:49.900 DEBUG testcase.TC_7.1_2                        - 3: return t
2026-06-08 21:59:50.681 DEBUG testcase.TC_7.1_2                        - 10: setText(css("[name='tipo']"), "Svapo")
2026-06-08 21:59:50.682 DEBUG testcase.TC_7.1_2                        - 1: t = new com.kms.katalon.core.testobject.TestObject(sel)
2026-06-08 21:59:50.682 DEBUG testcase.TC_7.1_2                        - 2: t.addProperty("css", EQUALS, sel)
2026-06-08 21:59:50.683 DEBUG testcase.TC_7.1_2                        - 3: return t
2026-06-08 21:59:51.431 DEBUG testcase.TC_7.1_2                        - 11: setText(css("[name='colore']"), "Nero")
2026-06-08 21:59:51.433 DEBUG testcase.TC_7.1_2                        - 1: t = new com.kms.katalon.core.testobject.TestObject(sel)
2026-06-08 21:59:51.433 DEBUG testcase.TC_7.1_2                        - 2: t.addProperty("css", EQUALS, sel)
2026-06-08 21:59:51.435 DEBUG testcase.TC_7.1_2                        - 3: return t
2026-06-08 21:59:52.154 DEBUG testcase.TC_7.1_2                        - 12: executeJavaScript("document.querySelector(\"[name='price']\").value='30.00'", null)
2026-06-08 21:59:52.171 DEBUG testcase.TC_7.1_2                        - 13: executeJavaScript("document.querySelector(\"[name='quantity']\").value='10'", null)
2026-06-08 21:59:52.182 DEBUG testcase.TC_7.1_2                        - 14: valid = executeJavaScript("return document.querySelector(\"[name='name']\").checkValidity()", null)
2026-06-08 21:59:52.193 DEBUG testcase.TC_7.1_2                        - 15: verifyEqual(valid, false)
2026-06-08 21:59:52.214 DEBUG testcase.TC_7.1_2                        - 16: click(css("input[value='Aggiungi']"))
2026-06-08 21:59:52.215 DEBUG testcase.TC_7.1_2                        - 1: t = new com.kms.katalon.core.testobject.TestObject(sel)
2026-06-08 21:59:52.216 DEBUG testcase.TC_7.1_2                        - 2: t.addProperty("css", EQUALS, sel)
2026-06-08 21:59:52.217 DEBUG testcase.TC_7.1_2                        - 3: return t
2026-06-08 21:59:52.666 DEBUG testcase.TC_7.1_2                        - 17: delay(1)
2026-06-08 21:59:53.680 DEBUG testcase.TC_7.1_2                        - 18: takeScreenshot()
2026-06-08 21:59:54.148 DEBUG testcase.TC_7.1_2                        - 19: verifyElementPresent(css("input[value='Aggiungi']"), 5)
2026-06-08 21:59:54.151 DEBUG testcase.TC_7.1_2                        - 1: t = new com.kms.katalon.core.testobject.TestObject(sel)
2026-06-08 21:59:54.152 DEBUG testcase.TC_7.1_2                        - 2: t.addProperty("css", EQUALS, sel)
2026-06-08 21:59:54.154 DEBUG testcase.TC_7.1_2                        - 3: return t
2026-06-08 21:59:54.412 DEBUG testcase.TC_7.1_2                        - 20: closeBrowser()
2026-06-08 21:59:56.652 INFO  c.k.katalon.core.main.TestCaseExecutor   - END Test Cases/Prodotti/TC_7.1_2
2026-06-08 21:59:56.655 INFO  c.k.katalon.core.main.TestCaseExecutor   - --------------------
2026-06-08 21:59:56.655 INFO  c.k.katalon.core.main.TestCaseExecutor   - START Test Cases/Prodotti/TC_7.1_3
2026-06-08 21:59:56.775 INFO  com.kms.katalon.core.util.KeywordUtil    - Seed ripristinato prima di: Test Cases/Prodotti/TC_7.1_3
2026-06-08 21:59:56.862 DEBUG testcase.TC_7.1_3                        - 1: openBrowser("")
2026-06-08 21:59:56.865 INFO  c.k.k.core.webui.driver.DriverFactory    - Starting 'Chrome' driver
2026-06-08 21:59:56.867 INFO  c.k.k.core.webui.driver.DriverFactory    - Action delay is set to 0 milliseconds
2026-06-08 21:59:57.863 INFO  c.k.k.core.webui.driver.DriverFactory    - sessionId = 1b7b4bf78604224ae878548e513ca181
2026-06-08 21:59:57.864 INFO  c.k.k.core.webui.driver.DriverFactory    - browser = Chrome 148.0.7778.179
2026-06-08 21:59:57.864 INFO  c.k.k.core.webui.driver.DriverFactory    - platform = Windows 11
2026-06-08 21:59:57.865 INFO  c.k.k.core.webui.driver.DriverFactory    - seleniumVersion = 4.39.0
2026-06-08 21:59:57.866 INFO  c.k.k.core.webui.driver.DriverFactory    - proxyInformation = ProxyInformation { proxyOption=NO_PROXY, proxyServerType=HTTP, username=, password=********, proxyServerAddress=, proxyServerPort=0, executionList="", isApplyToDesiredCapabilities=true }
2026-06-08 21:59:57.888 DEBUG testcase.TC_7.1_3                        - 2: navigateToUrl(base + "loginForm.jsp")
2026-06-08 21:59:58.355 DEBUG testcase.TC_7.1_3                        - 3: setText(css("#email"), "g.barba14@studenti.unisa.it")
2026-06-08 21:59:58.357 DEBUG testcase.TC_7.1_3                        - 1: t = new com.kms.katalon.core.testobject.TestObject(sel)
2026-06-08 21:59:58.359 DEBUG testcase.TC_7.1_3                        - 2: t.addProperty("css", EQUALS, sel)
2026-06-08 21:59:58.361 DEBUG testcase.TC_7.1_3                        - 3: return t
2026-06-08 21:59:59.051 DEBUG testcase.TC_7.1_3                        - 4: setText(css("#password"), "ABC123.")
2026-06-08 21:59:59.054 DEBUG testcase.TC_7.1_3                        - 1: t = new com.kms.katalon.core.testobject.TestObject(sel)
2026-06-08 21:59:59.054 DEBUG testcase.TC_7.1_3                        - 2: t.addProperty("css", EQUALS, sel)
2026-06-08 21:59:59.055 DEBUG testcase.TC_7.1_3                        - 3: return t
2026-06-08 21:59:59.748 DEBUG testcase.TC_7.1_3                        - 5: click(css("#submit"))
2026-06-08 21:59:59.749 DEBUG testcase.TC_7.1_3                        - 1: t = new com.kms.katalon.core.testobject.TestObject(sel)
2026-06-08 21:59:59.750 DEBUG testcase.TC_7.1_3                        - 2: t.addProperty("css", EQUALS, sel)
2026-06-08 21:59:59.751 DEBUG testcase.TC_7.1_3                        - 3: return t
2026-06-08 22:00:01.651 DEBUG testcase.TC_7.1_3                        - 6: delay(2)
2026-06-08 22:00:03.669 DEBUG testcase.TC_7.1_3                        - 7: navigateToUrl(base + "product")
2026-06-08 22:00:03.786 DEBUG testcase.TC_7.1_3                        - 8: delay(2)
2026-06-08 22:00:05.790 DEBUG testcase.TC_7.1_3                        - 9: setText(css("[name='name']"), "   ")
2026-06-08 22:00:05.791 DEBUG testcase.TC_7.1_3                        - 1: t = new com.kms.katalon.core.testobject.TestObject(sel)
2026-06-08 22:00:05.793 DEBUG testcase.TC_7.1_3                        - 2: t.addProperty("css", EQUALS, sel)
2026-06-08 22:00:05.794 DEBUG testcase.TC_7.1_3                        - 3: return t
2026-06-08 22:00:06.528 DEBUG testcase.TC_7.1_3                        - 10: setText(css("[name='description']"), "Pod di prova")
2026-06-08 22:00:06.529 DEBUG testcase.TC_7.1_3                        - 1: t = new com.kms.katalon.core.testobject.TestObject(sel)
2026-06-08 22:00:06.529 DEBUG testcase.TC_7.1_3                        - 2: t.addProperty("css", EQUALS, sel)
2026-06-08 22:00:06.530 DEBUG testcase.TC_7.1_3                        - 3: return t
2026-06-08 22:00:07.277 DEBUG testcase.TC_7.1_3                        - 11: setText(css("[name='tipo']"), "Svapo")
2026-06-08 22:00:07.278 DEBUG testcase.TC_7.1_3                        - 1: t = new com.kms.katalon.core.testobject.TestObject(sel)
2026-06-08 22:00:07.279 DEBUG testcase.TC_7.1_3                        - 2: t.addProperty("css", EQUALS, sel)
2026-06-08 22:00:07.280 DEBUG testcase.TC_7.1_3                        - 3: return t
2026-06-08 22:00:08.040 DEBUG testcase.TC_7.1_3                        - 12: setText(css("[name='colore']"), "Nero")
2026-06-08 22:00:08.041 DEBUG testcase.TC_7.1_3                        - 1: t = new com.kms.katalon.core.testobject.TestObject(sel)
2026-06-08 22:00:08.044 DEBUG testcase.TC_7.1_3                        - 2: t.addProperty("css", EQUALS, sel)
2026-06-08 22:00:08.045 DEBUG testcase.TC_7.1_3                        - 3: return t
2026-06-08 22:00:08.837 DEBUG testcase.TC_7.1_3                        - 13: executeJavaScript("document.querySelector(\"[name='price']\").value='30.00'", null)
2026-06-08 22:00:08.848 DEBUG testcase.TC_7.1_3                        - 14: executeJavaScript("document.querySelector(\"[name='quantity']\").value='10'", null)
2026-06-08 22:00:08.856 DEBUG testcase.TC_7.1_3                        - 15: click(css("input[value='Aggiungi']"))
2026-06-08 22:00:08.858 DEBUG testcase.TC_7.1_3                        - 1: t = new com.kms.katalon.core.testobject.TestObject(sel)
2026-06-08 22:00:08.859 DEBUG testcase.TC_7.1_3                        - 2: t.addProperty("css", EQUALS, sel)
2026-06-08 22:00:08.859 DEBUG testcase.TC_7.1_3                        - 3: return t
2026-06-08 22:00:09.304 DEBUG testcase.TC_7.1_3                        - 16: delay(2)
2026-06-08 22:00:11.314 DEBUG testcase.TC_7.1_3                        - 17: takeScreenshot()
2026-06-08 22:00:11.940 DEBUG testcase.TC_7.1_3                        - 18: count = executeJavaScript("return document.querySelectorAll('.splide__slide').length", null)
2026-06-08 22:00:11.954 DEBUG testcase.TC_7.1_3                        - 19: verifyEqual(count, 4, CONTINUE_ON_FAILURE)
2026-06-08 22:00:11.996 ERROR c.k.k.core.keyword.internal.KeywordMain  - ❌ Unable to verify equal between actual object '21' and expected object '4' (Root cause: com.kms.katalon.core.exception.StepFailedException: Actual object '21' and expected object '4' are not equal
	at com.kms.katalon.core.keyword.builtin.VerifyEqualKeyword$_verifyEqual_closure1.doCall(VerifyEqualKeyword.groovy:58)
	at com.kms.katalon.core.keyword.builtin.VerifyEqualKeyword$_verifyEqual_closure1.call(VerifyEqualKeyword.groovy)
	at com.kms.katalon.core.keyword.internal.KeywordMain.runKeyword(KeywordMain.groovy:75)
	at com.kms.katalon.core.keyword.builtin.VerifyEqualKeyword.verifyEqual(VerifyEqualKeyword.groovy:63)
	at com.kms.katalon.core.keyword.builtin.VerifyEqualKeyword.execute(VerifyEqualKeyword.groovy:44)
	at com.kms.katalon.core.keyword.internal.KeywordExecutor.executeKeywordForPlatform(KeywordExecutor.groovy:103)
	at com.kms.katalon.core.keyword.BuiltinKeywords.verifyEqual(BuiltinKeywords.groovy:115)
	at java.base/jdk.internal.reflect.DirectMethodHandleAccessor.invoke(DirectMethodHandleAccessor.java:103)
	at Script178070070103.run(Script178070070103.groovy:37)
	at com.kms.katalon.core.main.ScriptEngine.run(ScriptEngine.java:203)
	at com.kms.katalon.core.main.ScriptEngine.runScriptAsRawText(ScriptEngine.java:115)
	at com.kms.katalon.core.main.TestCaseExecutor.runScript(TestCaseExecutor.java:506)
	at com.kms.katalon.core.main.TestCaseExecutor.doExecute(TestCaseExecutor.java:497)
	at com.kms.katalon.core.main.TestCaseExecutor.processExecutionPhase(TestCaseExecutor.java:476)
	at com.kms.katalon.core.main.TestCaseExecutor.accessMainPhase(TestCaseExecutor.java:468)
	at com.kms.katalon.core.main.TestCaseExecutor.execute(TestCaseExecutor.java:334)
	at com.kms.katalon.core.common.CommonExecutor.accessTestCaseMainPhase(CommonExecutor.java:71)
	at com.kms.katalon.core.main.TestSuiteExecutor.accessTestSuiteMainPhase(TestSuiteExecutor.java:153)
	at com.kms.katalon.core.main.TestSuiteExecutor.execute(TestSuiteExecutor.java:110)
	at com.kms.katalon.core.main.TestCaseMain.startTestSuite(TestCaseMain.java:206)
	at S0608_16.run(S0608_16.groovy:40)
	at java.base/jdk.internal.reflect.DirectMethodHandleAccessor.invoke(DirectMethodHandleAccessor.java:103)
)
2026-06-08 22:00:12.000 DEBUG testcase.TC_7.1_3                        - 20: closeBrowser()
2026-06-08 22:00:12.359 ERROR c.k.katalon.core.main.TestCaseExecutor   - ❌ Test Cases/Prodotti/TC_7.1_3 FAILED.
Reason:
com.kms.katalon.core.exception.StepFailedException: Unable to verify equal between actual object '21' and expected object '4' (Root cause: com.kms.katalon.core.exception.StepFailedException: Actual object '21' and expected object '4' are not equal
	at com.kms.katalon.core.keyword.builtin.VerifyEqualKeyword$_verifyEqual_closure1.doCall(VerifyEqualKeyword.groovy:58)
	at com.kms.katalon.core.keyword.builtin.VerifyEqualKeyword$_verifyEqual_closure1.call(VerifyEqualKeyword.groovy)
	at com.kms.katalon.core.keyword.internal.KeywordMain.runKeyword(KeywordMain.groovy:75)
	at com.kms.katalon.core.keyword.builtin.VerifyEqualKeyword.verifyEqual(VerifyEqualKeyword.groovy:63)
	at com.kms.katalon.core.keyword.builtin.VerifyEqualKeyword.execute(VerifyEqualKeyword.groovy:44)
	at com.kms.katalon.core.keyword.internal.KeywordExecutor.executeKeywordForPlatform(KeywordExecutor.groovy:103)
	at com.kms.katalon.core.keyword.BuiltinKeywords.verifyEqual(BuiltinKeywords.groovy:115)
	at java.base/jdk.internal.reflect.DirectMethodHandleAccessor.invoke(DirectMethodHandleAccessor.java:103)
	at Script178070070103.run(Script178070070103.groovy:37)
	at com.kms.katalon.core.main.ScriptEngine.run(ScriptEngine.java:203)
	at com.kms.katalon.core.main.ScriptEngine.runScriptAsRawText(ScriptEngine.java:115)
	at com.kms.katalon.core.main.TestCaseExecutor.runScript(TestCaseExecutor.java:506)
	at com.kms.katalon.core.main.TestCaseExecutor.doExecute(TestCaseExecutor.java:497)
	at com.kms.katalon.core.main.TestCaseExecutor.processExecutionPhase(TestCaseExecutor.java:476)
	at com.kms.katalon.core.main.TestCaseExecutor.accessMainPhase(TestCaseExecutor.java:468)
	at com.kms.katalon.core.main.TestCaseExecutor.execute(TestCaseExecutor.java:334)
	at com.kms.katalon.core.common.CommonExecutor.accessTestCaseMainPhase(CommonExecutor.java:71)
	at com.kms.katalon.core.main.TestSuiteExecutor.accessTestSuiteMainPhase(TestSuiteExecutor.java:153)
	at com.kms.katalon.core.main.TestSuiteExecutor.execute(TestSuiteExecutor.java:110)
	at com.kms.katalon.core.main.TestCaseMain.startTestSuite(TestCaseMain.java:206)
	at S0608_16.run(S0608_16.groovy:40)
	at java.base/jdk.internal.reflect.DirectMethodHandleAccessor.invoke(DirectMethodHandleAccessor.java:103)
)
	at com.kms.katalon.core.keyword.internal.KeywordMain.stepFailed(KeywordMain.groovy:39)
	at com.kms.katalon.core.keyword.internal.KeywordMain.stepFailed(KeywordMain.groovy)
	at com.kms.katalon.core.keyword.internal.KeywordMain.runKeyword(KeywordMain.groovy:77)
	at com.kms.katalon.core.keyword.builtin.VerifyEqualKeyword.verifyEqual(VerifyEqualKeyword.groovy:63)
	at com.kms.katalon.core.keyword.builtin.VerifyEqualKeyword.execute(VerifyEqualKeyword.groovy:44)
	at com.kms.katalon.core.keyword.internal.KeywordExecutor.executeKeywordForPlatform(KeywordExecutor.groovy:103)
	at com.kms.katalon.core.keyword.BuiltinKeywords.verifyEqual(BuiltinKeywords.groovy:115)
	at java.base/jdk.internal.reflect.DirectMethodHandleAccessor.invoke(DirectMethodHandleAccessor.java:103)
	at Script178070070103.run(Script178070070103.groovy:37)
	at com.kms.katalon.core.main.ScriptEngine.run(ScriptEngine.java:203)
	at com.kms.katalon.core.main.ScriptEngine.runScriptAsRawText(ScriptEngine.java:115)
	at com.kms.katalon.core.main.TestCaseExecutor.runScript(TestCaseExecutor.java:506)
	at com.kms.katalon.core.main.TestCaseExecutor.doExecute(TestCaseExecutor.java:497)
	at com.kms.katalon.core.main.TestCaseExecutor.processExecutionPhase(TestCaseExecutor.java:476)
	at com.kms.katalon.core.main.TestCaseExecutor.accessMainPhase(TestCaseExecutor.java:468)
	at com.kms.katalon.core.main.TestCaseExecutor.execute(TestCaseExecutor.java:334)
	at com.kms.katalon.core.common.CommonExecutor.accessTestCaseMainPhase(CommonExecutor.java:71)
	at com.kms.katalon.core.main.TestSuiteExecutor.accessTestSuiteMainPhase(TestSuiteExecutor.java:153)
	at com.kms.katalon.core.main.TestSuiteExecutor.execute(TestSuiteExecutor.java:110)
	at com.kms.katalon.core.main.TestCaseMain.startTestSuite(TestCaseMain.java:206)
	at S0608_16.run(S0608_16.groovy:40)
	at java.base/jdk.internal.reflect.DirectMethodHandleAccessor.invoke(DirectMethodHandleAccessor.java:103)
Caused by: com.kms.katalon.core.exception.StepFailedException: Actual object '21' and expected object '4' are not equal
	at com.kms.katalon.core.keyword.builtin.VerifyEqualKeyword$_verifyEqual_closure1.doCall(VerifyEqualKeyword.groovy:58)
	at com.kms.katalon.core.keyword.builtin.VerifyEqualKeyword$_verifyEqual_closure1.call(VerifyEqualKeyword.groovy)
	at com.kms.katalon.core.keyword.internal.KeywordMain.runKeyword(KeywordMain.groovy:75)
	... 19 more

2026-06-08 22:00:12.361 INFO  c.k.katalon.core.main.TestCaseExecutor   - END Test Cases/Prodotti/TC_7.1_3
2026-06-08 22:00:12.365 INFO  c.k.katalon.core.main.TestCaseExecutor   - --------------------
2026-06-08 22:00:12.365 INFO  c.k.katalon.core.main.TestCaseExecutor   - START Test Cases/Prodotti/TC_7.1_4
2026-06-08 22:00:12.488 INFO  com.kms.katalon.core.util.KeywordUtil    - Seed ripristinato prima di: Test Cases/Prodotti/TC_7.1_4
2026-06-08 22:00:12.548 DEBUG testcase.TC_7.1_4                        - 1: openBrowser("")
2026-06-08 22:00:12.549 INFO  c.k.k.core.webui.driver.DriverFactory    - Starting 'Chrome' driver
2026-06-08 22:00:12.552 INFO  c.k.k.core.webui.driver.DriverFactory    - Action delay is set to 0 milliseconds
2026-06-08 22:00:13.625 INFO  c.k.k.core.webui.driver.DriverFactory    - sessionId = c5117ed73916afb8b26c01bfcf10700c
2026-06-08 22:00:13.626 INFO  c.k.k.core.webui.driver.DriverFactory    - browser = Chrome 148.0.7778.179
2026-06-08 22:00:13.627 INFO  c.k.k.core.webui.driver.DriverFactory    - platform = Windows 11
2026-06-08 22:00:13.627 INFO  c.k.k.core.webui.driver.DriverFactory    - seleniumVersion = 4.39.0
2026-06-08 22:00:13.628 INFO  c.k.k.core.webui.driver.DriverFactory    - proxyInformation = ProxyInformation { proxyOption=NO_PROXY, proxyServerType=HTTP, username=, password=********, proxyServerAddress=, proxyServerPort=0, executionList="", isApplyToDesiredCapabilities=true }
2026-06-08 22:00:13.647 DEBUG testcase.TC_7.1_4                        - 2: navigateToUrl(base + "loginForm.jsp")
2026-06-08 22:00:14.039 DEBUG testcase.TC_7.1_4                        - 3: setText(css("#email"), "g.barba14@studenti.unisa.it")
2026-06-08 22:00:14.041 DEBUG testcase.TC_7.1_4                        - 1: t = new com.kms.katalon.core.testobject.TestObject(sel)
2026-06-08 22:00:14.042 DEBUG testcase.TC_7.1_4                        - 2: t.addProperty("css", EQUALS, sel)
2026-06-08 22:00:14.045 DEBUG testcase.TC_7.1_4                        - 3: return t
2026-06-08 22:00:14.725 DEBUG testcase.TC_7.1_4                        - 4: setText(css("#password"), "ABC123.")
2026-06-08 22:00:14.727 DEBUG testcase.TC_7.1_4                        - 1: t = new com.kms.katalon.core.testobject.TestObject(sel)
2026-06-08 22:00:14.728 DEBUG testcase.TC_7.1_4                        - 2: t.addProperty("css", EQUALS, sel)
2026-06-08 22:00:14.728 DEBUG testcase.TC_7.1_4                        - 3: return t
2026-06-08 22:00:15.383 DEBUG testcase.TC_7.1_4                        - 5: click(css("#submit"))
2026-06-08 22:00:15.386 DEBUG testcase.TC_7.1_4                        - 1: t = new com.kms.katalon.core.testobject.TestObject(sel)
2026-06-08 22:00:15.387 DEBUG testcase.TC_7.1_4                        - 2: t.addProperty("css", EQUALS, sel)
2026-06-08 22:00:15.388 DEBUG testcase.TC_7.1_4                        - 3: return t
2026-06-08 22:00:15.823 DEBUG testcase.TC_7.1_4                        - 6: delay(2)
2026-06-08 22:00:17.836 DEBUG testcase.TC_7.1_4                        - 7: navigateToUrl(base + "product")
2026-06-08 22:00:17.946 DEBUG testcase.TC_7.1_4                        - 8: delay(2)
2026-06-08 22:00:19.964 DEBUG testcase.TC_7.1_4                        - 9: setText(css("[name='name']"), "Test Pod")
2026-06-08 22:00:19.966 DEBUG testcase.TC_7.1_4                        - 1: t = new com.kms.katalon.core.testobject.TestObject(sel)
2026-06-08 22:00:19.967 DEBUG testcase.TC_7.1_4                        - 2: t.addProperty("css", EQUALS, sel)
2026-06-08 22:00:19.967 DEBUG testcase.TC_7.1_4                        - 3: return t
2026-06-08 22:00:20.731 DEBUG testcase.TC_7.1_4                        - 10: setText(css("[name='tipo']"), "Svapo")
2026-06-08 22:00:20.734 DEBUG testcase.TC_7.1_4                        - 1: t = new com.kms.katalon.core.testobject.TestObject(sel)
2026-06-08 22:00:20.734 DEBUG testcase.TC_7.1_4                        - 2: t.addProperty("css", EQUALS, sel)
2026-06-08 22:00:20.735 DEBUG testcase.TC_7.1_4                        - 3: return t
2026-06-08 22:00:21.498 DEBUG testcase.TC_7.1_4                        - 11: setText(css("[name='colore']"), "Nero")
2026-06-08 22:00:21.500 DEBUG testcase.TC_7.1_4                        - 1: t = new com.kms.katalon.core.testobject.TestObject(sel)
2026-06-08 22:00:21.501 DEBUG testcase.TC_7.1_4                        - 2: t.addProperty("css", EQUALS, sel)
2026-06-08 22:00:21.502 DEBUG testcase.TC_7.1_4                        - 3: return t
2026-06-08 22:00:22.238 DEBUG testcase.TC_7.1_4                        - 12: executeJavaScript("document.querySelector(\"[name='price']\").value='30.00'", null)
2026-06-08 22:00:22.248 DEBUG testcase.TC_7.1_4                        - 13: executeJavaScript("document.querySelector(\"[name='quantity']\").value='10'", null)
2026-06-08 22:00:22.258 DEBUG testcase.TC_7.1_4                        - 14: valid = executeJavaScript("return document.querySelector(\"[name='description']\").checkValidity()", null)
2026-06-08 22:00:22.266 DEBUG testcase.TC_7.1_4                        - 15: verifyEqual(valid, false)
2026-06-08 22:00:22.269 DEBUG testcase.TC_7.1_4                        - 16: click(css("input[value='Aggiungi']"))
2026-06-08 22:00:22.270 DEBUG testcase.TC_7.1_4                        - 1: t = new com.kms.katalon.core.testobject.TestObject(sel)
2026-06-08 22:00:22.271 DEBUG testcase.TC_7.1_4                        - 2: t.addProperty("css", EQUALS, sel)
2026-06-08 22:00:22.271 DEBUG testcase.TC_7.1_4                        - 3: return t
2026-06-08 22:00:22.641 DEBUG testcase.TC_7.1_4                        - 17: delay(1)
2026-06-08 22:00:23.647 DEBUG testcase.TC_7.1_4                        - 18: takeScreenshot()
2026-06-08 22:00:24.109 DEBUG testcase.TC_7.1_4                        - 19: verifyElementPresent(css("input[value='Aggiungi']"), 5)
2026-06-08 22:00:24.110 DEBUG testcase.TC_7.1_4                        - 1: t = new com.kms.katalon.core.testobject.TestObject(sel)
2026-06-08 22:00:24.111 DEBUG testcase.TC_7.1_4                        - 2: t.addProperty("css", EQUALS, sel)
2026-06-08 22:00:24.111 DEBUG testcase.TC_7.1_4                        - 3: return t
2026-06-08 22:00:24.358 DEBUG testcase.TC_7.1_4                        - 20: closeBrowser()
2026-06-08 22:00:24.698 INFO  c.k.katalon.core.main.TestCaseExecutor   - END Test Cases/Prodotti/TC_7.1_4
2026-06-08 22:00:24.701 INFO  c.k.katalon.core.main.TestCaseExecutor   - --------------------
2026-06-08 22:00:24.701 INFO  c.k.katalon.core.main.TestCaseExecutor   - START Test Cases/Prodotti/TC_7.1_5
2026-06-08 22:00:24.808 INFO  com.kms.katalon.core.util.KeywordUtil    - Seed ripristinato prima di: Test Cases/Prodotti/TC_7.1_5
2026-06-08 22:00:24.873 DEBUG testcase.TC_7.1_5                        - 1: openBrowser("")
2026-06-08 22:00:24.874 INFO  c.k.k.core.webui.driver.DriverFactory    - Starting 'Chrome' driver
2026-06-08 22:00:24.875 INFO  c.k.k.core.webui.driver.DriverFactory    - Action delay is set to 0 milliseconds
2026-06-08 22:00:25.934 INFO  c.k.k.core.webui.driver.DriverFactory    - sessionId = 1268cd3ca8edc2d66e90d6852dc4ff16
2026-06-08 22:00:25.935 INFO  c.k.k.core.webui.driver.DriverFactory    - browser = Chrome 148.0.7778.179
2026-06-08 22:00:25.935 INFO  c.k.k.core.webui.driver.DriverFactory    - platform = Windows 11
2026-06-08 22:00:25.935 INFO  c.k.k.core.webui.driver.DriverFactory    - seleniumVersion = 4.39.0
2026-06-08 22:00:25.936 INFO  c.k.k.core.webui.driver.DriverFactory    - proxyInformation = ProxyInformation { proxyOption=NO_PROXY, proxyServerType=HTTP, username=, password=********, proxyServerAddress=, proxyServerPort=0, executionList="", isApplyToDesiredCapabilities=true }
2026-06-08 22:00:25.954 DEBUG testcase.TC_7.1_5                        - 2: navigateToUrl(base + "loginForm.jsp")
2026-06-08 22:00:26.831 DEBUG testcase.TC_7.1_5                        - 3: setText(css("#email"), "g.barba14@studenti.unisa.it")
2026-06-08 22:00:26.832 DEBUG testcase.TC_7.1_5                        - 1: t = new com.kms.katalon.core.testobject.TestObject(sel)
2026-06-08 22:00:26.834 DEBUG testcase.TC_7.1_5                        - 2: t.addProperty("css", EQUALS, sel)
2026-06-08 22:00:26.835 DEBUG testcase.TC_7.1_5                        - 3: return t
2026-06-08 22:00:27.540 DEBUG testcase.TC_7.1_5                        - 4: setText(css("#password"), "ABC123.")
2026-06-08 22:00:27.541 DEBUG testcase.TC_7.1_5                        - 1: t = new com.kms.katalon.core.testobject.TestObject(sel)
2026-06-08 22:00:27.542 DEBUG testcase.TC_7.1_5                        - 2: t.addProperty("css", EQUALS, sel)
2026-06-08 22:00:27.542 DEBUG testcase.TC_7.1_5                        - 3: return t
2026-06-08 22:00:28.220 DEBUG testcase.TC_7.1_5                        - 5: click(css("#submit"))
2026-06-08 22:00:28.221 DEBUG testcase.TC_7.1_5                        - 1: t = new com.kms.katalon.core.testobject.TestObject(sel)
2026-06-08 22:00:28.222 DEBUG testcase.TC_7.1_5                        - 2: t.addProperty("css", EQUALS, sel)
2026-06-08 22:00:28.222 DEBUG testcase.TC_7.1_5                        - 3: return t
2026-06-08 22:00:28.649 DEBUG testcase.TC_7.1_5                        - 6: delay(2)
2026-06-08 22:00:30.654 DEBUG testcase.TC_7.1_5                        - 7: navigateToUrl(base + "product")
2026-06-08 22:00:30.853 DEBUG testcase.TC_7.1_5                        - 8: delay(2)
2026-06-08 22:00:32.868 DEBUG testcase.TC_7.1_5                        - 9: setText(css("[name='name']"), "Test Pod")
2026-06-08 22:00:32.870 DEBUG testcase.TC_7.1_5                        - 1: t = new com.kms.katalon.core.testobject.TestObject(sel)
2026-06-08 22:00:32.870 DEBUG testcase.TC_7.1_5                        - 2: t.addProperty("css", EQUALS, sel)
2026-06-08 22:00:32.871 DEBUG testcase.TC_7.1_5                        - 3: return t
2026-06-08 22:00:33.618 DEBUG testcase.TC_7.1_5                        - 10: setText(css("[name='description']"), "Pod di prova")
2026-06-08 22:00:33.619 DEBUG testcase.TC_7.1_5                        - 1: t = new com.kms.katalon.core.testobject.TestObject(sel)
2026-06-08 22:00:33.620 DEBUG testcase.TC_7.1_5                        - 2: t.addProperty("css", EQUALS, sel)
2026-06-08 22:00:33.621 DEBUG testcase.TC_7.1_5                        - 3: return t
2026-06-08 22:00:34.317 DEBUG testcase.TC_7.1_5                        - 11: setText(css("[name='tipo']"), "Svapo")
2026-06-08 22:00:34.318 DEBUG testcase.TC_7.1_5                        - 1: t = new com.kms.katalon.core.testobject.TestObject(sel)
2026-06-08 22:00:34.318 DEBUG testcase.TC_7.1_5                        - 2: t.addProperty("css", EQUALS, sel)
2026-06-08 22:00:34.319 DEBUG testcase.TC_7.1_5                        - 3: return t
2026-06-08 22:00:35.046 DEBUG testcase.TC_7.1_5                        - 12: setText(css("[name='colore']"), "Nero")
2026-06-08 22:00:35.048 DEBUG testcase.TC_7.1_5                        - 1: t = new com.kms.katalon.core.testobject.TestObject(sel)
2026-06-08 22:00:35.049 DEBUG testcase.TC_7.1_5                        - 2: t.addProperty("css", EQUALS, sel)
2026-06-08 22:00:35.049 DEBUG testcase.TC_7.1_5                        - 3: return t
2026-06-08 22:00:35.774 DEBUG testcase.TC_7.1_5                        - 13: executeJavaScript("document.querySelector(\"[name='price']\").value='-5'", null)
2026-06-08 22:00:35.787 DEBUG testcase.TC_7.1_5                        - 14: executeJavaScript("document.querySelector(\"[name='quantity']\").value='10'", null)
2026-06-08 22:00:35.798 DEBUG testcase.TC_7.1_5                        - 15: valid = executeJavaScript("return document.querySelector(\"[name='price']\").checkValidity()", null)
2026-06-08 22:00:35.809 DEBUG testcase.TC_7.1_5                        - 16: verifyEqual(valid, false)
2026-06-08 22:00:35.813 DEBUG testcase.TC_7.1_5                        - 17: click(css("input[value='Aggiungi']"))
2026-06-08 22:00:35.814 DEBUG testcase.TC_7.1_5                        - 1: t = new com.kms.katalon.core.testobject.TestObject(sel)
2026-06-08 22:00:35.814 DEBUG testcase.TC_7.1_5                        - 2: t.addProperty("css", EQUALS, sel)
2026-06-08 22:00:35.814 DEBUG testcase.TC_7.1_5                        - 3: return t
2026-06-08 22:00:36.218 DEBUG testcase.TC_7.1_5                        - 18: delay(1)
2026-06-08 22:00:37.233 DEBUG testcase.TC_7.1_5                        - 19: takeScreenshot()
2026-06-08 22:00:37.694 DEBUG testcase.TC_7.1_5                        - 20: verifyElementPresent(css("input[value='Aggiungi']"), 5)
2026-06-08 22:00:37.696 DEBUG testcase.TC_7.1_5                        - 1: t = new com.kms.katalon.core.testobject.TestObject(sel)
2026-06-08 22:00:37.697 DEBUG testcase.TC_7.1_5                        - 2: t.addProperty("css", EQUALS, sel)
2026-06-08 22:00:37.697 DEBUG testcase.TC_7.1_5                        - 3: return t
2026-06-08 22:00:37.937 DEBUG testcase.TC_7.1_5                        - 21: closeBrowser()
2026-06-08 22:00:38.446 INFO  c.k.katalon.core.main.TestCaseExecutor   - END Test Cases/Prodotti/TC_7.1_5
2026-06-08 22:00:38.449 INFO  c.k.katalon.core.main.TestCaseExecutor   - --------------------
2026-06-08 22:00:38.449 INFO  c.k.katalon.core.main.TestCaseExecutor   - START Test Cases/Prodotti/TC_7.1_6
2026-06-08 22:00:38.564 INFO  com.kms.katalon.core.util.KeywordUtil    - Seed ripristinato prima di: Test Cases/Prodotti/TC_7.1_6
2026-06-08 22:00:38.630 DEBUG testcase.TC_7.1_6                        - 1: openBrowser("")
2026-06-08 22:00:38.632 INFO  c.k.k.core.webui.driver.DriverFactory    - Starting 'Chrome' driver
2026-06-08 22:00:38.634 INFO  c.k.k.core.webui.driver.DriverFactory    - Action delay is set to 0 milliseconds
2026-06-08 22:00:39.674 INFO  c.k.k.core.webui.driver.DriverFactory    - sessionId = f8c063e8751ea9a189afa53e842dc100
2026-06-08 22:00:39.674 INFO  c.k.k.core.webui.driver.DriverFactory    - browser = Chrome 148.0.7778.179
2026-06-08 22:00:39.675 INFO  c.k.k.core.webui.driver.DriverFactory    - platform = Windows 11
2026-06-08 22:00:39.675 INFO  c.k.k.core.webui.driver.DriverFactory    - seleniumVersion = 4.39.0
2026-06-08 22:00:39.677 INFO  c.k.k.core.webui.driver.DriverFactory    - proxyInformation = ProxyInformation { proxyOption=NO_PROXY, proxyServerType=HTTP, username=, password=********, proxyServerAddress=, proxyServerPort=0, executionList="", isApplyToDesiredCapabilities=true }
2026-06-08 22:00:39.696 DEBUG testcase.TC_7.1_6                        - 2: navigateToUrl(base + "loginForm.jsp")
2026-06-08 22:00:40.041 DEBUG testcase.TC_7.1_6                        - 3: setText(css("#email"), "g.barba14@studenti.unisa.it")
2026-06-08 22:00:40.043 DEBUG testcase.TC_7.1_6                        - 1: t = new com.kms.katalon.core.testobject.TestObject(sel)
2026-06-08 22:00:40.044 DEBUG testcase.TC_7.1_6                        - 2: t.addProperty("css", EQUALS, sel)
2026-06-08 22:00:40.046 DEBUG testcase.TC_7.1_6                        - 3: return t
2026-06-08 22:00:40.830 DEBUG testcase.TC_7.1_6                        - 4: setText(css("#password"), "ABC123.")
2026-06-08 22:00:40.832 DEBUG testcase.TC_7.1_6                        - 1: t = new com.kms.katalon.core.testobject.TestObject(sel)
2026-06-08 22:00:40.832 DEBUG testcase.TC_7.1_6                        - 2: t.addProperty("css", EQUALS, sel)
2026-06-08 22:00:40.832 DEBUG testcase.TC_7.1_6                        - 3: return t
2026-06-08 22:00:41.464 DEBUG testcase.TC_7.1_6                        - 5: click(css("#submit"))
2026-06-08 22:00:41.465 DEBUG testcase.TC_7.1_6                        - 1: t = new com.kms.katalon.core.testobject.TestObject(sel)
2026-06-08 22:00:41.466 DEBUG testcase.TC_7.1_6                        - 2: t.addProperty("css", EQUALS, sel)
2026-06-08 22:00:41.466 DEBUG testcase.TC_7.1_6                        - 3: return t
2026-06-08 22:00:41.884 DEBUG testcase.TC_7.1_6                        - 6: delay(2)
2026-06-08 22:00:43.899 DEBUG testcase.TC_7.1_6                        - 7: navigateToUrl(base + "product")
2026-06-08 22:00:44.229 DEBUG testcase.TC_7.1_6                        - 8: delay(2)
2026-06-08 22:00:46.245 DEBUG testcase.TC_7.1_6                        - 9: setText(css("[name='name']"), "Test Pod")
2026-06-08 22:00:46.247 DEBUG testcase.TC_7.1_6                        - 1: t = new com.kms.katalon.core.testobject.TestObject(sel)
2026-06-08 22:00:46.248 DEBUG testcase.TC_7.1_6                        - 2: t.addProperty("css", EQUALS, sel)
2026-06-08 22:00:46.249 DEBUG testcase.TC_7.1_6                        - 3: return t
2026-06-08 22:00:47.017 DEBUG testcase.TC_7.1_6                        - 10: setText(css("[name='description']"), "Pod di prova")
2026-06-08 22:00:47.018 DEBUG testcase.TC_7.1_6                        - 1: t = new com.kms.katalon.core.testobject.TestObject(sel)
2026-06-08 22:00:47.018 DEBUG testcase.TC_7.1_6                        - 2: t.addProperty("css", EQUALS, sel)
2026-06-08 22:00:47.019 DEBUG testcase.TC_7.1_6                        - 3: return t
2026-06-08 22:00:47.774 DEBUG testcase.TC_7.1_6                        - 11: setText(css("[name='tipo']"), "Svapo")
2026-06-08 22:00:47.775 DEBUG testcase.TC_7.1_6                        - 1: t = new com.kms.katalon.core.testobject.TestObject(sel)
2026-06-08 22:00:47.776 DEBUG testcase.TC_7.1_6                        - 2: t.addProperty("css", EQUALS, sel)
2026-06-08 22:00:47.777 DEBUG testcase.TC_7.1_6                        - 3: return t
2026-06-08 22:00:48.513 DEBUG testcase.TC_7.1_6                        - 12: setText(css("[name='colore']"), "Nero")
2026-06-08 22:00:48.513 DEBUG testcase.TC_7.1_6                        - 1: t = new com.kms.katalon.core.testobject.TestObject(sel)
2026-06-08 22:00:48.514 DEBUG testcase.TC_7.1_6                        - 2: t.addProperty("css", EQUALS, sel)
2026-06-08 22:00:48.514 DEBUG testcase.TC_7.1_6                        - 3: return t
2026-06-08 22:00:49.237 DEBUG testcase.TC_7.1_6                        - 13: executeJavaScript("document.querySelector(\"[name='price']\").value=''", null)
2026-06-08 22:00:49.246 DEBUG testcase.TC_7.1_6                        - 14: executeJavaScript("document.querySelector(\"[name='quantity']\").value='10'", null)
2026-06-08 22:00:49.255 DEBUG testcase.TC_7.1_6                        - 15: valid = executeJavaScript("return document.querySelector(\"[name='price']\").checkValidity()", null)
2026-06-08 22:00:49.263 DEBUG testcase.TC_7.1_6                        - 16: verifyEqual(valid, false)
2026-06-08 22:00:49.266 DEBUG testcase.TC_7.1_6                        - 17: click(css("input[value='Aggiungi']"))
2026-06-08 22:00:49.267 DEBUG testcase.TC_7.1_6                        - 1: t = new com.kms.katalon.core.testobject.TestObject(sel)
2026-06-08 22:00:49.268 DEBUG testcase.TC_7.1_6                        - 2: t.addProperty("css", EQUALS, sel)
2026-06-08 22:00:49.268 DEBUG testcase.TC_7.1_6                        - 3: return t
2026-06-08 22:00:49.661 DEBUG testcase.TC_7.1_6                        - 18: delay(1)
2026-06-08 22:00:50.680 DEBUG testcase.TC_7.1_6                        - 19: takeScreenshot()
2026-06-08 22:00:51.160 DEBUG testcase.TC_7.1_6                        - 20: verifyElementPresent(css("input[value='Aggiungi']"), 5)
2026-06-08 22:00:51.163 DEBUG testcase.TC_7.1_6                        - 1: t = new com.kms.katalon.core.testobject.TestObject(sel)
2026-06-08 22:00:51.164 DEBUG testcase.TC_7.1_6                        - 2: t.addProperty("css", EQUALS, sel)
2026-06-08 22:00:51.164 DEBUG testcase.TC_7.1_6                        - 3: return t
2026-06-08 22:00:51.403 DEBUG testcase.TC_7.1_6                        - 21: closeBrowser()
2026-06-08 22:00:51.902 INFO  c.k.katalon.core.main.TestCaseExecutor   - END Test Cases/Prodotti/TC_7.1_6
2026-06-08 22:00:51.905 INFO  c.k.katalon.core.main.TestCaseExecutor   - --------------------
2026-06-08 22:00:51.905 INFO  c.k.katalon.core.main.TestCaseExecutor   - START Test Cases/Prodotti/TC_7.1_7
2026-06-08 22:00:52.016 INFO  com.kms.katalon.core.util.KeywordUtil    - Seed ripristinato prima di: Test Cases/Prodotti/TC_7.1_7
2026-06-08 22:00:52.078 DEBUG testcase.TC_7.1_7                        - 1: openBrowser("")
2026-06-08 22:00:52.081 INFO  c.k.k.core.webui.driver.DriverFactory    - Starting 'Chrome' driver
2026-06-08 22:00:52.082 INFO  c.k.k.core.webui.driver.DriverFactory    - Action delay is set to 0 milliseconds
2026-06-08 22:00:53.038 INFO  c.k.k.core.webui.driver.DriverFactory    - sessionId = 4fcf5562c239511bb8da15ec3bcdeb7c
2026-06-08 22:00:53.039 INFO  c.k.k.core.webui.driver.DriverFactory    - browser = Chrome 148.0.7778.179
2026-06-08 22:00:53.039 INFO  c.k.k.core.webui.driver.DriverFactory    - platform = Windows 11
2026-06-08 22:00:53.039 INFO  c.k.k.core.webui.driver.DriverFactory    - seleniumVersion = 4.39.0
2026-06-08 22:00:53.040 INFO  c.k.k.core.webui.driver.DriverFactory    - proxyInformation = ProxyInformation { proxyOption=NO_PROXY, proxyServerType=HTTP, username=, password=********, proxyServerAddress=, proxyServerPort=0, executionList="", isApplyToDesiredCapabilities=true }
2026-06-08 22:00:53.056 DEBUG testcase.TC_7.1_7                        - 2: navigateToUrl(base + "loginForm.jsp")
2026-06-08 22:00:54.875 DEBUG testcase.TC_7.1_7                        - 3: setText(css("#email"), "g.barba14@studenti.unisa.it")
2026-06-08 22:00:54.876 DEBUG testcase.TC_7.1_7                        - 1: t = new com.kms.katalon.core.testobject.TestObject(sel)
2026-06-08 22:00:54.877 DEBUG testcase.TC_7.1_7                        - 2: t.addProperty("css", EQUALS, sel)
2026-06-08 22:00:54.878 DEBUG testcase.TC_7.1_7                        - 3: return t
2026-06-08 22:00:55.606 DEBUG testcase.TC_7.1_7                        - 4: setText(css("#password"), "ABC123.")
2026-06-08 22:00:55.608 DEBUG testcase.TC_7.1_7                        - 1: t = new com.kms.katalon.core.testobject.TestObject(sel)
2026-06-08 22:00:55.608 DEBUG testcase.TC_7.1_7                        - 2: t.addProperty("css", EQUALS, sel)
2026-06-08 22:00:55.608 DEBUG testcase.TC_7.1_7                        - 3: return t
2026-06-08 22:00:56.339 DEBUG testcase.TC_7.1_7                        - 5: click(css("#submit"))
2026-06-08 22:00:56.340 DEBUG testcase.TC_7.1_7                        - 1: t = new com.kms.katalon.core.testobject.TestObject(sel)
2026-06-08 22:00:56.341 DEBUG testcase.TC_7.1_7                        - 2: t.addProperty("css", EQUALS, sel)
2026-06-08 22:00:56.341 DEBUG testcase.TC_7.1_7                        - 3: return t
2026-06-08 22:00:56.757 DEBUG testcase.TC_7.1_7                        - 6: delay(2)
2026-06-08 22:00:58.772 DEBUG testcase.TC_7.1_7                        - 7: navigateToUrl(base + "product")
2026-06-08 22:00:58.819 DEBUG testcase.TC_7.1_7                        - 8: delay(2)
2026-06-08 22:01:00.826 DEBUG testcase.TC_7.1_7                        - 9: setText(css("[name='name']"), "Test Pod")
2026-06-08 22:01:00.828 DEBUG testcase.TC_7.1_7                        - 1: t = new com.kms.katalon.core.testobject.TestObject(sel)
2026-06-08 22:01:00.829 DEBUG testcase.TC_7.1_7                        - 2: t.addProperty("css", EQUALS, sel)
2026-06-08 22:01:00.829 DEBUG testcase.TC_7.1_7                        - 3: return t
2026-06-08 22:01:01.600 DEBUG testcase.TC_7.1_7                        - 10: setText(css("[name='description']"), "Pod di prova")
2026-06-08 22:01:01.601 DEBUG testcase.TC_7.1_7                        - 1: t = new com.kms.katalon.core.testobject.TestObject(sel)
2026-06-08 22:01:01.602 DEBUG testcase.TC_7.1_7                        - 2: t.addProperty("css", EQUALS, sel)
2026-06-08 22:01:01.604 DEBUG testcase.TC_7.1_7                        - 3: return t
2026-06-08 22:01:02.330 DEBUG testcase.TC_7.1_7                        - 11: setText(css("[name='tipo']"), "Svapo")
2026-06-08 22:01:02.331 DEBUG testcase.TC_7.1_7                        - 1: t = new com.kms.katalon.core.testobject.TestObject(sel)
2026-06-08 22:01:02.332 DEBUG testcase.TC_7.1_7                        - 2: t.addProperty("css", EQUALS, sel)
2026-06-08 22:01:02.332 DEBUG testcase.TC_7.1_7                        - 3: return t
2026-06-08 22:01:03.056 DEBUG testcase.TC_7.1_7                        - 12: setText(css("[name='colore']"), "Nero")
2026-06-08 22:01:03.057 DEBUG testcase.TC_7.1_7                        - 1: t = new com.kms.katalon.core.testobject.TestObject(sel)
2026-06-08 22:01:03.058 DEBUG testcase.TC_7.1_7                        - 2: t.addProperty("css", EQUALS, sel)
2026-06-08 22:01:03.059 DEBUG testcase.TC_7.1_7                        - 3: return t
2026-06-08 22:01:03.814 DEBUG testcase.TC_7.1_7                        - 13: executeJavaScript("document.querySelector(\"[name='price']\").value='30.00'", null)
2026-06-08 22:01:03.825 DEBUG testcase.TC_7.1_7                        - 14: executeJavaScript("document.querySelector(\"[name='quantity']\").value='0'", null)
2026-06-08 22:01:03.835 DEBUG testcase.TC_7.1_7                        - 15: valid = executeJavaScript("return document.querySelector(\"[name='quantity']\").checkValidity()", null)
2026-06-08 22:01:03.846 DEBUG testcase.TC_7.1_7                        - 16: verifyEqual(valid, false)
2026-06-08 22:01:03.850 DEBUG testcase.TC_7.1_7                        - 17: click(css("input[value='Aggiungi']"))
2026-06-08 22:01:03.851 DEBUG testcase.TC_7.1_7                        - 1: t = new com.kms.katalon.core.testobject.TestObject(sel)
2026-06-08 22:01:03.851 DEBUG testcase.TC_7.1_7                        - 2: t.addProperty("css", EQUALS, sel)
2026-06-08 22:01:03.852 DEBUG testcase.TC_7.1_7                        - 3: return t
2026-06-08 22:01:04.273 DEBUG testcase.TC_7.1_7                        - 18: delay(1)
2026-06-08 22:01:05.286 DEBUG testcase.TC_7.1_7                        - 19: takeScreenshot()
2026-06-08 22:01:05.747 DEBUG testcase.TC_7.1_7                        - 20: verifyElementPresent(css("input[value='Aggiungi']"), 5)
2026-06-08 22:01:05.749 DEBUG testcase.TC_7.1_7                        - 1: t = new com.kms.katalon.core.testobject.TestObject(sel)
2026-06-08 22:01:05.750 DEBUG testcase.TC_7.1_7                        - 2: t.addProperty("css", EQUALS, sel)
2026-06-08 22:01:05.750 DEBUG testcase.TC_7.1_7                        - 3: return t
2026-06-08 22:01:05.985 DEBUG testcase.TC_7.1_7                        - 21: closeBrowser()
2026-06-08 22:01:06.371 INFO  c.k.katalon.core.main.TestCaseExecutor   - END Test Cases/Prodotti/TC_7.1_7
2026-06-08 22:01:06.375 INFO  c.k.katalon.core.main.TestCaseExecutor   - --------------------
2026-06-08 22:01:06.375 INFO  c.k.katalon.core.main.TestCaseExecutor   - START Test Cases/Prodotti/TC_7.1_8
2026-06-08 22:01:06.492 INFO  com.kms.katalon.core.util.KeywordUtil    - Seed ripristinato prima di: Test Cases/Prodotti/TC_7.1_8
2026-06-08 22:01:06.569 DEBUG testcase.TC_7.1_8                        - 1: openBrowser("")
2026-06-08 22:01:06.570 INFO  c.k.k.core.webui.driver.DriverFactory    - Starting 'Chrome' driver
2026-06-08 22:01:06.571 INFO  c.k.k.core.webui.driver.DriverFactory    - Action delay is set to 0 milliseconds
2026-06-08 22:01:07.553 INFO  c.k.k.core.webui.driver.DriverFactory    - sessionId = 2bd505c3f389cd7cd69cbe7e0a4d7721
2026-06-08 22:01:07.554 INFO  c.k.k.core.webui.driver.DriverFactory    - browser = Chrome 148.0.7778.179
2026-06-08 22:01:07.554 INFO  c.k.k.core.webui.driver.DriverFactory    - platform = Windows 11
2026-06-08 22:01:07.554 INFO  c.k.k.core.webui.driver.DriverFactory    - seleniumVersion = 4.39.0
2026-06-08 22:01:07.555 INFO  c.k.k.core.webui.driver.DriverFactory    - proxyInformation = ProxyInformation { proxyOption=NO_PROXY, proxyServerType=HTTP, username=, password=********, proxyServerAddress=, proxyServerPort=0, executionList="", isApplyToDesiredCapabilities=true }
2026-06-08 22:01:07.569 DEBUG testcase.TC_7.1_8                        - 2: navigateToUrl(base + "loginForm.jsp")
2026-06-08 22:01:08.105 DEBUG testcase.TC_7.1_8                        - 3: setText(css("#email"), "g.barba14@studenti.unisa.it")
2026-06-08 22:01:08.106 DEBUG testcase.TC_7.1_8                        - 1: t = new com.kms.katalon.core.testobject.TestObject(sel)
2026-06-08 22:01:08.107 DEBUG testcase.TC_7.1_8                        - 2: t.addProperty("css", EQUALS, sel)
2026-06-08 22:01:08.108 DEBUG testcase.TC_7.1_8                        - 3: return t
2026-06-08 22:01:08.810 DEBUG testcase.TC_7.1_8                        - 4: setText(css("#password"), "ABC123.")
2026-06-08 22:01:08.811 DEBUG testcase.TC_7.1_8                        - 1: t = new com.kms.katalon.core.testobject.TestObject(sel)
2026-06-08 22:01:08.812 DEBUG testcase.TC_7.1_8                        - 2: t.addProperty("css", EQUALS, sel)
2026-06-08 22:01:08.812 DEBUG testcase.TC_7.1_8                        - 3: return t
2026-06-08 22:01:09.490 DEBUG testcase.TC_7.1_8                        - 5: click(css("#submit"))
2026-06-08 22:01:09.491 DEBUG testcase.TC_7.1_8                        - 1: t = new com.kms.katalon.core.testobject.TestObject(sel)
2026-06-08 22:01:09.492 DEBUG testcase.TC_7.1_8                        - 2: t.addProperty("css", EQUALS, sel)
2026-06-08 22:01:09.494 DEBUG testcase.TC_7.1_8                        - 3: return t
2026-06-08 22:01:09.917 DEBUG testcase.TC_7.1_8                        - 6: delay(2)
2026-06-08 22:01:11.933 DEBUG testcase.TC_7.1_8                        - 7: navigateToUrl(base + "product")
2026-06-08 22:01:12.042 DEBUG testcase.TC_7.1_8                        - 8: delay(2)
2026-06-08 22:01:14.052 DEBUG testcase.TC_7.1_8                        - 9: setText(css("[name='name']"), "Test Pod")
2026-06-08 22:01:14.053 DEBUG testcase.TC_7.1_8                        - 1: t = new com.kms.katalon.core.testobject.TestObject(sel)
2026-06-08 22:01:14.054 DEBUG testcase.TC_7.1_8                        - 2: t.addProperty("css", EQUALS, sel)
2026-06-08 22:01:14.055 DEBUG testcase.TC_7.1_8                        - 3: return t
2026-06-08 22:01:14.781 DEBUG testcase.TC_7.1_8                        - 10: setText(css("[name='description']"), "Pod di prova")
2026-06-08 22:01:14.782 DEBUG testcase.TC_7.1_8                        - 1: t = new com.kms.katalon.core.testobject.TestObject(sel)
2026-06-08 22:01:14.782 DEBUG testcase.TC_7.1_8                        - 2: t.addProperty("css", EQUALS, sel)
2026-06-08 22:01:14.783 DEBUG testcase.TC_7.1_8                        - 3: return t
2026-06-08 22:01:15.509 DEBUG testcase.TC_7.1_8                        - 11: setText(css("[name='tipo']"), "Svapo")
2026-06-08 22:01:15.510 DEBUG testcase.TC_7.1_8                        - 1: t = new com.kms.katalon.core.testobject.TestObject(sel)
2026-06-08 22:01:15.510 DEBUG testcase.TC_7.1_8                        - 2: t.addProperty("css", EQUALS, sel)
2026-06-08 22:01:15.511 DEBUG testcase.TC_7.1_8                        - 3: return t
2026-06-08 22:01:16.242 DEBUG testcase.TC_7.1_8                        - 12: setText(css("[name='colore']"), "Nero")
2026-06-08 22:01:16.244 DEBUG testcase.TC_7.1_8                        - 1: t = new com.kms.katalon.core.testobject.TestObject(sel)
2026-06-08 22:01:16.244 DEBUG testcase.TC_7.1_8                        - 2: t.addProperty("css", EQUALS, sel)
2026-06-08 22:01:16.244 DEBUG testcase.TC_7.1_8                        - 3: return t
2026-06-08 22:01:16.976 DEBUG testcase.TC_7.1_8                        - 13: executeJavaScript("document.querySelector(\"[name='price']\").value='30.00'", null)
2026-06-08 22:01:16.984 DEBUG testcase.TC_7.1_8                        - 14: executeJavaScript("document.querySelector(\"[name='quantity']\").value=''", null)
2026-06-08 22:01:16.995 DEBUG testcase.TC_7.1_8                        - 15: valid = executeJavaScript("return document.querySelector(\"[name='quantity']\").checkValidity()", null)
2026-06-08 22:01:17.003 DEBUG testcase.TC_7.1_8                        - 16: verifyEqual(valid, false)
2026-06-08 22:01:17.006 DEBUG testcase.TC_7.1_8                        - 17: click(css("input[value='Aggiungi']"))
2026-06-08 22:01:17.007 DEBUG testcase.TC_7.1_8                        - 1: t = new com.kms.katalon.core.testobject.TestObject(sel)
2026-06-08 22:01:17.008 DEBUG testcase.TC_7.1_8                        - 2: t.addProperty("css", EQUALS, sel)
2026-06-08 22:01:17.008 DEBUG testcase.TC_7.1_8                        - 3: return t
2026-06-08 22:01:17.401 DEBUG testcase.TC_7.1_8                        - 18: delay(1)
2026-06-08 22:01:18.417 DEBUG testcase.TC_7.1_8                        - 19: takeScreenshot()
2026-06-08 22:01:18.868 DEBUG testcase.TC_7.1_8                        - 20: verifyElementPresent(css("input[value='Aggiungi']"), 5)
2026-06-08 22:01:18.870 DEBUG testcase.TC_7.1_8                        - 1: t = new com.kms.katalon.core.testobject.TestObject(sel)
2026-06-08 22:01:18.870 DEBUG testcase.TC_7.1_8                        - 2: t.addProperty("css", EQUALS, sel)
2026-06-08 22:01:18.870 DEBUG testcase.TC_7.1_8                        - 3: return t
2026-06-08 22:01:19.107 DEBUG testcase.TC_7.1_8                        - 21: closeBrowser()
2026-06-08 22:01:19.531 INFO  c.k.katalon.core.main.TestCaseExecutor   - END Test Cases/Prodotti/TC_7.1_8
2026-06-08 22:01:19.534 INFO  c.k.katalon.core.main.TestCaseExecutor   - --------------------
2026-06-08 22:01:19.534 INFO  c.k.katalon.core.main.TestCaseExecutor   - START Test Cases/Prodotti/TC_7.1_9
2026-06-08 22:01:19.669 INFO  com.kms.katalon.core.util.KeywordUtil    - Seed ripristinato prima di: Test Cases/Prodotti/TC_7.1_9
2026-06-08 22:01:19.722 DEBUG testcase.TC_7.1_9                        - 1: openBrowser("")
2026-06-08 22:01:19.724 INFO  c.k.k.core.webui.driver.DriverFactory    - Starting 'Chrome' driver
2026-06-08 22:01:19.724 INFO  c.k.k.core.webui.driver.DriverFactory    - Action delay is set to 0 milliseconds
2026-06-08 22:01:21.252 INFO  c.k.k.core.webui.driver.DriverFactory    - sessionId = c1f26149ea27cb0cabd601a7a6a87488
2026-06-08 22:01:21.253 INFO  c.k.k.core.webui.driver.DriverFactory    - browser = Chrome 148.0.7778.179
2026-06-08 22:01:21.254 INFO  c.k.k.core.webui.driver.DriverFactory    - platform = Windows 11
2026-06-08 22:01:21.254 INFO  c.k.k.core.webui.driver.DriverFactory    - seleniumVersion = 4.39.0
2026-06-08 22:01:21.254 INFO  c.k.k.core.webui.driver.DriverFactory    - proxyInformation = ProxyInformation { proxyOption=NO_PROXY, proxyServerType=HTTP, username=, password=********, proxyServerAddress=, proxyServerPort=0, executionList="", isApplyToDesiredCapabilities=true }
2026-06-08 22:01:21.273 DEBUG testcase.TC_7.1_9                        - 2: navigateToUrl(base + "loginForm.jsp")
2026-06-08 22:01:21.615 DEBUG testcase.TC_7.1_9                        - 3: setText(css("#email"), "t.mansi@studenti.unisa.it")
2026-06-08 22:01:21.616 DEBUG testcase.TC_7.1_9                        - 1: t = new com.kms.katalon.core.testobject.TestObject(sel)
2026-06-08 22:01:21.618 DEBUG testcase.TC_7.1_9                        - 2: t.addProperty("css", EQUALS, sel)
2026-06-08 22:01:21.619 DEBUG testcase.TC_7.1_9                        - 3: return t
2026-06-08 22:01:22.390 DEBUG testcase.TC_7.1_9                        - 4: setText(css("#password"), "321CBA.")
2026-06-08 22:01:22.392 DEBUG testcase.TC_7.1_9                        - 1: t = new com.kms.katalon.core.testobject.TestObject(sel)
2026-06-08 22:01:22.392 DEBUG testcase.TC_7.1_9                        - 2: t.addProperty("css", EQUALS, sel)
2026-06-08 22:01:22.392 DEBUG testcase.TC_7.1_9                        - 3: return t
2026-06-08 22:01:23.099 DEBUG testcase.TC_7.1_9                        - 5: click(css("#submit"))
2026-06-08 22:01:23.100 DEBUG testcase.TC_7.1_9                        - 1: t = new com.kms.katalon.core.testobject.TestObject(sel)
2026-06-08 22:01:23.101 DEBUG testcase.TC_7.1_9                        - 2: t.addProperty("css", EQUALS, sel)
2026-06-08 22:01:23.101 DEBUG testcase.TC_7.1_9                        - 3: return t
2026-06-08 22:01:23.531 DEBUG testcase.TC_7.1_9                        - 6: delay(2)
2026-06-08 22:01:25.537 DEBUG testcase.TC_7.1_9                        - 7: navigateToUrl(base + "ProductViewAdmin.jsp")
2026-06-08 22:01:25.703 DEBUG testcase.TC_7.1_9                        - 8: delay(2)
2026-06-08 22:01:27.719 DEBUG testcase.TC_7.1_9                        - 9: takeScreenshot()
2026-06-08 22:01:28.030 DEBUG testcase.TC_7.1_9                        - 10: verifyTextPresent("(?i)Accesso negato", true)
2026-06-08 22:01:28.322 DEBUG testcase.TC_7.1_9                        - 11: closeBrowser()
2026-06-08 22:01:28.681 INFO  c.k.katalon.core.main.TestCaseExecutor   - END Test Cases/Prodotti/TC_7.1_9
2026-06-08 22:01:28.684 INFO  c.k.katalon.core.main.TestCaseExecutor   - --------------------
2026-06-08 22:01:28.684 INFO  c.k.katalon.core.main.TestCaseExecutor   - START Test Cases/Prodotti/TC_7.2_1
2026-06-08 22:01:28.804 INFO  com.kms.katalon.core.util.KeywordUtil    - Seed ripristinato prima di: Test Cases/Prodotti/TC_7.2_1
2026-06-08 22:01:28.869 DEBUG testcase.TC_7.2_1                        - 1: openBrowser("")
2026-06-08 22:01:28.870 INFO  c.k.k.core.webui.driver.DriverFactory    - Starting 'Chrome' driver
2026-06-08 22:01:28.871 INFO  c.k.k.core.webui.driver.DriverFactory    - Action delay is set to 0 milliseconds
2026-06-08 22:01:29.917 INFO  c.k.k.core.webui.driver.DriverFactory    - sessionId = 639193913c09714819a59affb1e4bd71
2026-06-08 22:01:29.917 INFO  c.k.k.core.webui.driver.DriverFactory    - browser = Chrome 148.0.7778.179
2026-06-08 22:01:29.917 INFO  c.k.k.core.webui.driver.DriverFactory    - platform = Windows 11
2026-06-08 22:01:29.917 INFO  c.k.k.core.webui.driver.DriverFactory    - seleniumVersion = 4.39.0
2026-06-08 22:01:29.919 INFO  c.k.k.core.webui.driver.DriverFactory    - proxyInformation = ProxyInformation { proxyOption=NO_PROXY, proxyServerType=HTTP, username=, password=********, proxyServerAddress=, proxyServerPort=0, executionList="", isApplyToDesiredCapabilities=true }
2026-06-08 22:01:29.933 DEBUG testcase.TC_7.2_1                        - 2: navigateToUrl(base + "loginForm.jsp")
2026-06-08 22:01:30.277 DEBUG testcase.TC_7.2_1                        - 3: setText(css("#email"), "g.barba14@studenti.unisa.it")
2026-06-08 22:01:30.279 DEBUG testcase.TC_7.2_1                        - 1: t = new com.kms.katalon.core.testobject.TestObject(sel)
2026-06-08 22:01:30.280 DEBUG testcase.TC_7.2_1                        - 2: t.addProperty("css", EQUALS, sel)
2026-06-08 22:01:30.282 DEBUG testcase.TC_7.2_1                        - 3: return t
2026-06-08 22:01:31.079 DEBUG testcase.TC_7.2_1                        - 4: setText(css("#password"), "ABC123.")
2026-06-08 22:01:31.080 DEBUG testcase.TC_7.2_1                        - 1: t = new com.kms.katalon.core.testobject.TestObject(sel)
2026-06-08 22:01:31.081 DEBUG testcase.TC_7.2_1                        - 2: t.addProperty("css", EQUALS, sel)
2026-06-08 22:01:31.081 DEBUG testcase.TC_7.2_1                        - 3: return t
2026-06-08 22:01:31.717 DEBUG testcase.TC_7.2_1                        - 5: click(css("#submit"))
2026-06-08 22:01:31.718 DEBUG testcase.TC_7.2_1                        - 1: t = new com.kms.katalon.core.testobject.TestObject(sel)
2026-06-08 22:01:31.719 DEBUG testcase.TC_7.2_1                        - 2: t.addProperty("css", EQUALS, sel)
2026-06-08 22:01:31.719 DEBUG testcase.TC_7.2_1                        - 3: return t
2026-06-08 22:01:32.277 DEBUG testcase.TC_7.2_1                        - 6: delay(2)
2026-06-08 22:01:34.284 DEBUG testcase.TC_7.2_1                        - 7: navigateToUrl(base + "product?action=delete&id=4")
2026-06-08 22:01:34.394 DEBUG testcase.TC_7.2_1                        - 8: delay(2)
2026-06-08 22:01:36.412 DEBUG testcase.TC_7.2_1                        - 9: takeScreenshot()
2026-06-08 22:01:37.033 DEBUG testcase.TC_7.2_1                        - 10: verifyTextNotPresent("(?i)smok nord", true)
2026-06-08 22:01:37.337 DEBUG testcase.TC_7.2_1                        - 11: closeBrowser()
2026-06-08 22:01:37.638 INFO  c.k.katalon.core.main.TestCaseExecutor   - END Test Cases/Prodotti/TC_7.2_1
2026-06-08 22:01:37.640 INFO  c.k.katalon.core.main.TestCaseExecutor   - --------------------
2026-06-08 22:01:37.641 INFO  c.k.katalon.core.main.TestCaseExecutor   - START Test Cases/Prodotti/TC_7.2_2
2026-06-08 22:01:37.746 INFO  com.kms.katalon.core.util.KeywordUtil    - Seed ripristinato prima di: Test Cases/Prodotti/TC_7.2_2
2026-06-08 22:01:37.800 DEBUG testcase.TC_7.2_2                        - 1: openBrowser("")
2026-06-08 22:01:37.801 INFO  c.k.k.core.webui.driver.DriverFactory    - Starting 'Chrome' driver
2026-06-08 22:01:37.802 INFO  c.k.k.core.webui.driver.DriverFactory    - Action delay is set to 0 milliseconds
2026-06-08 22:01:38.873 INFO  c.k.k.core.webui.driver.DriverFactory    - sessionId = f0a0b4aaa280b196fa7e713a5b468a92
2026-06-08 22:01:38.875 INFO  c.k.k.core.webui.driver.DriverFactory    - browser = Chrome 148.0.7778.179
2026-06-08 22:01:38.875 INFO  c.k.k.core.webui.driver.DriverFactory    - platform = Windows 11
2026-06-08 22:01:38.875 INFO  c.k.k.core.webui.driver.DriverFactory    - seleniumVersion = 4.39.0
2026-06-08 22:01:38.875 INFO  c.k.k.core.webui.driver.DriverFactory    - proxyInformation = ProxyInformation { proxyOption=NO_PROXY, proxyServerType=HTTP, username=, password=********, proxyServerAddress=, proxyServerPort=0, executionList="", isApplyToDesiredCapabilities=true }
2026-06-08 22:01:38.891 DEBUG testcase.TC_7.2_2                        - 2: navigateToUrl(base + "loginForm.jsp")
2026-06-08 22:01:39.278 DEBUG testcase.TC_7.2_2                        - 3: setText(css("#email"), "g.barba14@studenti.unisa.it")
2026-06-08 22:01:39.279 DEBUG testcase.TC_7.2_2                        - 1: t = new com.kms.katalon.core.testobject.TestObject(sel)
2026-06-08 22:01:39.279 DEBUG testcase.TC_7.2_2                        - 2: t.addProperty("css", EQUALS, sel)
2026-06-08 22:01:39.282 DEBUG testcase.TC_7.2_2                        - 3: return t
2026-06-08 22:01:39.994 DEBUG testcase.TC_7.2_2                        - 4: setText(css("#password"), "ABC123.")
2026-06-08 22:01:39.995 DEBUG testcase.TC_7.2_2                        - 1: t = new com.kms.katalon.core.testobject.TestObject(sel)
2026-06-08 22:01:39.996 DEBUG testcase.TC_7.2_2                        - 2: t.addProperty("css", EQUALS, sel)
2026-06-08 22:01:39.996 DEBUG testcase.TC_7.2_2                        - 3: return t
2026-06-08 22:01:40.630 DEBUG testcase.TC_7.2_2                        - 5: click(css("#submit"))
2026-06-08 22:01:40.631 DEBUG testcase.TC_7.2_2                        - 1: t = new com.kms.katalon.core.testobject.TestObject(sel)
2026-06-08 22:01:40.632 DEBUG testcase.TC_7.2_2                        - 2: t.addProperty("css", EQUALS, sel)
2026-06-08 22:01:40.632 DEBUG testcase.TC_7.2_2                        - 3: return t
2026-06-08 22:01:41.214 DEBUG testcase.TC_7.2_2                        - 6: delay(2)
2026-06-08 22:01:43.221 DEBUG testcase.TC_7.2_2                        - 7: navigateToUrl(base + "product?action=delete&id=999")
2026-06-08 22:01:43.352 DEBUG testcase.TC_7.2_2                        - 8: delay(2)
2026-06-08 22:01:45.366 DEBUG testcase.TC_7.2_2                        - 9: takeScreenshot()
2026-06-08 22:01:45.937 DEBUG testcase.TC_7.2_2                        - 10: verifyTextPresent("(?i)kiwi", true)
2026-06-08 22:01:46.246 DEBUG testcase.TC_7.2_2                        - 11: closeBrowser()
2026-06-08 22:01:46.476 INFO  c.k.katalon.core.main.TestCaseExecutor   - END Test Cases/Prodotti/TC_7.2_2
2026-06-08 22:01:46.478 INFO  c.k.katalon.core.main.TestCaseExecutor   - --------------------
2026-06-08 22:01:46.478 INFO  c.k.katalon.core.main.TestCaseExecutor   - START Test Cases/Prodotti/TC_7.2_3
2026-06-08 22:01:46.590 INFO  com.kms.katalon.core.util.KeywordUtil    - Seed ripristinato prima di: Test Cases/Prodotti/TC_7.2_3
2026-06-08 22:01:46.662 DEBUG testcase.TC_7.2_3                        - 1: openBrowser("")
2026-06-08 22:01:46.664 INFO  c.k.k.core.webui.driver.DriverFactory    - Starting 'Chrome' driver
2026-06-08 22:01:46.665 INFO  c.k.k.core.webui.driver.DriverFactory    - Action delay is set to 0 milliseconds
2026-06-08 22:01:47.721 INFO  c.k.k.core.webui.driver.DriverFactory    - sessionId = adbeba5d07f60dc99a8d2ff1010702c0
2026-06-08 22:01:47.722 INFO  c.k.k.core.webui.driver.DriverFactory    - browser = Chrome 148.0.7778.179
2026-06-08 22:01:47.722 INFO  c.k.k.core.webui.driver.DriverFactory    - platform = Windows 11
2026-06-08 22:01:47.722 INFO  c.k.k.core.webui.driver.DriverFactory    - seleniumVersion = 4.39.0
2026-06-08 22:01:47.722 INFO  c.k.k.core.webui.driver.DriverFactory    - proxyInformation = ProxyInformation { proxyOption=NO_PROXY, proxyServerType=HTTP, username=, password=********, proxyServerAddress=, proxyServerPort=0, executionList="", isApplyToDesiredCapabilities=true }
2026-06-08 22:01:47.738 DEBUG testcase.TC_7.2_3                        - 2: navigateToUrl(base + "loginForm.jsp")
2026-06-08 22:01:48.512 DEBUG testcase.TC_7.2_3                        - 3: setText(css("#email"), "g.barba14@studenti.unisa.it")
2026-06-08 22:01:48.514 DEBUG testcase.TC_7.2_3                        - 1: t = new com.kms.katalon.core.testobject.TestObject(sel)
2026-06-08 22:01:48.515 DEBUG testcase.TC_7.2_3                        - 2: t.addProperty("css", EQUALS, sel)
2026-06-08 22:01:48.516 DEBUG testcase.TC_7.2_3                        - 3: return t
2026-06-08 22:01:49.194 DEBUG testcase.TC_7.2_3                        - 4: setText(css("#password"), "ABC123.")
2026-06-08 22:01:49.194 DEBUG testcase.TC_7.2_3                        - 1: t = new com.kms.katalon.core.testobject.TestObject(sel)
2026-06-08 22:01:49.195 DEBUG testcase.TC_7.2_3                        - 2: t.addProperty("css", EQUALS, sel)
2026-06-08 22:01:49.195 DEBUG testcase.TC_7.2_3                        - 3: return t
2026-06-08 22:01:49.862 DEBUG testcase.TC_7.2_3                        - 5: click(css("#submit"))
2026-06-08 22:01:49.863 DEBUG testcase.TC_7.2_3                        - 1: t = new com.kms.katalon.core.testobject.TestObject(sel)
2026-06-08 22:01:49.864 DEBUG testcase.TC_7.2_3                        - 2: t.addProperty("css", EQUALS, sel)
2026-06-08 22:01:49.864 DEBUG testcase.TC_7.2_3                        - 3: return t
2026-06-08 22:01:50.366 DEBUG testcase.TC_7.2_3                        - 6: delay(2)
2026-06-08 22:01:52.380 DEBUG testcase.TC_7.2_3                        - 7: navigateToUrl(base + "product?action=delete&id=2")
2026-06-08 22:01:52.497 DEBUG testcase.TC_7.2_3                        - 8: delay(2)
2026-06-08 22:01:54.512 DEBUG testcase.TC_7.2_3                        - 9: takeScreenshot()
2026-06-08 22:01:55.154 DEBUG testcase.TC_7.2_3                        - 10: verifyTextPresent("(?i)kiwi", true, CONTINUE_ON_FAILURE)
2026-06-08 22:01:55.436 DEBUG testcase.TC_7.2_3                        - 11: closeBrowser()
2026-06-08 22:01:55.740 INFO  c.k.katalon.core.main.TestCaseExecutor   - END Test Cases/Prodotti/TC_7.2_3
2026-06-08 22:01:55.744 INFO  c.k.katalon.core.main.TestCaseExecutor   - --------------------
2026-06-08 22:01:55.744 INFO  c.k.katalon.core.main.TestCaseExecutor   - START Test Cases/Prodotti/TC_7.2_4
2026-06-08 22:02:05.942 ERROR com.kms.katalon.core.util.KeywordUtil    - ❌ Fixture reset seed fallita (exit=1): mysql: [Warning] Using a password on the command line interface can be insecure.
ERROR 1205 (HY000) at line 24: Lock wait timeout exceeded; try restarting transaction

2026-06-08 22:02:06.020 DEBUG testcase.TC_7.2_4                        - 1: openBrowser("")
2026-06-08 22:02:06.021 INFO  c.k.k.core.webui.driver.DriverFactory    - Starting 'Chrome' driver
2026-06-08 22:02:06.023 INFO  c.k.k.core.webui.driver.DriverFactory    - Action delay is set to 0 milliseconds
2026-06-08 22:02:06.995 INFO  c.k.k.core.webui.driver.DriverFactory    - sessionId = fdcf1633de3c5c210b6f71c7afbb5fa7
2026-06-08 22:02:06.995 INFO  c.k.k.core.webui.driver.DriverFactory    - browser = Chrome 148.0.7778.179
2026-06-08 22:02:06.995 INFO  c.k.k.core.webui.driver.DriverFactory    - platform = Windows 11
2026-06-08 22:02:06.995 INFO  c.k.k.core.webui.driver.DriverFactory    - seleniumVersion = 4.39.0
2026-06-08 22:02:06.996 INFO  c.k.k.core.webui.driver.DriverFactory    - proxyInformation = ProxyInformation { proxyOption=NO_PROXY, proxyServerType=HTTP, username=, password=********, proxyServerAddress=, proxyServerPort=0, executionList="", isApplyToDesiredCapabilities=true }
2026-06-08 22:02:07.013 DEBUG testcase.TC_7.2_4                        - 2: navigateToUrl(base + "loginForm.jsp")
2026-06-08 22:02:07.590 DEBUG testcase.TC_7.2_4                        - 3: setText(css("#email"), "t.mansi@studenti.unisa.it")
2026-06-08 22:02:07.592 DEBUG testcase.TC_7.2_4                        - 1: t = new com.kms.katalon.core.testobject.TestObject(sel)
2026-06-08 22:02:07.593 DEBUG testcase.TC_7.2_4                        - 2: t.addProperty("css", EQUALS, sel)
2026-06-08 22:02:07.594 DEBUG testcase.TC_7.2_4                        - 3: return t
2026-06-08 22:02:08.300 DEBUG testcase.TC_7.2_4                        - 4: setText(css("#password"), "321CBA.")
2026-06-08 22:02:08.301 DEBUG testcase.TC_7.2_4                        - 1: t = new com.kms.katalon.core.testobject.TestObject(sel)
2026-06-08 22:02:08.301 DEBUG testcase.TC_7.2_4                        - 2: t.addProperty("css", EQUALS, sel)
2026-06-08 22:02:08.303 DEBUG testcase.TC_7.2_4                        - 3: return t
2026-06-08 22:02:08.969 DEBUG testcase.TC_7.2_4                        - 5: click(css("#submit"))
2026-06-08 22:02:08.970 DEBUG testcase.TC_7.2_4                        - 1: t = new com.kms.katalon.core.testobject.TestObject(sel)
2026-06-08 22:02:08.971 DEBUG testcase.TC_7.2_4                        - 2: t.addProperty("css", EQUALS, sel)
2026-06-08 22:02:08.971 DEBUG testcase.TC_7.2_4                        - 3: return t
2026-06-08 22:02:09.399 DEBUG testcase.TC_7.2_4                        - 6: delay(2)
2026-06-08 22:02:11.412 DEBUG testcase.TC_7.2_4                        - 7: navigateToUrl(base + "product?action=delete&id=4")
2026-06-08 22:02:11.545 DEBUG testcase.TC_7.2_4                        - 8: delay(2)
2026-06-08 22:02:13.563 DEBUG testcase.TC_7.2_4                        - 9: takeScreenshot()
2026-06-08 22:02:14.175 DEBUG testcase.TC_7.2_4                        - 10: verifyTextPresent("(?i)Accesso negato", true, CONTINUE_ON_FAILURE)
2026-06-08 22:02:14.485 ERROR c.k.k.core.keyword.internal.KeywordMain  - ❌ Text '(?i)Accesso negato' is not present on page  using regular expression (Root cause: com.kms.katalon.core.exception.StepFailedException: Text '(?i)Accesso negato' is not present on page  using regular expression
	at com.kms.katalon.core.webui.keyword.internal.WebUIKeywordMain.stepFailed(WebUIKeywordMain.groovy:177)
	at com.kms.katalon.core.webui.keyword.builtin.VerifyTextPresentKeyword$_verifyTextPresent_closure1.doCall(VerifyTextPresentKeyword.groovy:79)
	at com.kms.katalon.core.webui.keyword.builtin.VerifyTextPresentKeyword$_verifyTextPresent_closure1.call(VerifyTextPresentKeyword.groovy)
	at com.kms.katalon.core.webui.keyword.internal.WebUIKeywordMain.runKeyword(WebUIKeywordMain.groovy:41)
	at com.kms.katalon.core.webui.keyword.builtin.VerifyTextPresentKeyword.verifyTextPresent(VerifyTextPresentKeyword.groovy:83)
	at com.kms.katalon.core.webui.keyword.builtin.VerifyTextPresentKeyword.execute(VerifyTextPresentKeyword.groovy:68)
	at com.kms.katalon.core.keyword.internal.KeywordExecutor.executeKeywordForPlatform(KeywordExecutor.groovy:103)
	at com.kms.katalon.core.webui.keyword.WebUiBuiltInKeywords.verifyTextPresent(WebUiBuiltInKeywords.groovy:1809)
	at Script178070070204.run(Script178070070204.groovy:29)
	at com.kms.katalon.core.main.ScriptEngine.run(ScriptEngine.java:203)
	at com.kms.katalon.core.main.ScriptEngine.runScriptAsRawText(ScriptEngine.java:115)
	at com.kms.katalon.core.main.TestCaseExecutor.runScript(TestCaseExecutor.java:506)
	at com.kms.katalon.core.main.TestCaseExecutor.doExecute(TestCaseExecutor.java:497)
	at com.kms.katalon.core.main.TestCaseExecutor.processExecutionPhase(TestCaseExecutor.java:476)
	at com.kms.katalon.core.main.TestCaseExecutor.accessMainPhase(TestCaseExecutor.java:468)
	at com.kms.katalon.core.main.TestCaseExecutor.execute(TestCaseExecutor.java:334)
	at com.kms.katalon.core.common.CommonExecutor.accessTestCaseMainPhase(CommonExecutor.java:71)
	at com.kms.katalon.core.main.TestSuiteExecutor.accessTestSuiteMainPhase(TestSuiteExecutor.java:153)
	at com.kms.katalon.core.main.TestSuiteExecutor.execute(TestSuiteExecutor.java:110)
	at com.kms.katalon.core.main.TestCaseMain.startTestSuite(TestCaseMain.java:206)
	at S0608_16.run(S0608_16.groovy:40)
	at java.base/jdk.internal.reflect.DirectMethodHandleAccessor.invoke(DirectMethodHandleAccessor.java:103)
)
2026-06-08 22:02:14.487 DEBUG testcase.TC_7.2_4                        - 11: closeBrowser()
2026-06-08 22:02:14.730 ERROR c.k.katalon.core.main.TestCaseExecutor   - ❌ Test Cases/Prodotti/TC_7.2_4 FAILED.
Reason:
com.kms.katalon.core.exception.StepFailedException: Text '(?i)Accesso negato' is not present on page  using regular expression (Root cause: com.kms.katalon.core.exception.StepFailedException: Text '(?i)Accesso negato' is not present on page  using regular expression
	at com.kms.katalon.core.webui.keyword.internal.WebUIKeywordMain.stepFailed(WebUIKeywordMain.groovy:177)
	at com.kms.katalon.core.webui.keyword.builtin.VerifyTextPresentKeyword$_verifyTextPresent_closure1.doCall(VerifyTextPresentKeyword.groovy:79)
	at com.kms.katalon.core.webui.keyword.builtin.VerifyTextPresentKeyword$_verifyTextPresent_closure1.call(VerifyTextPresentKeyword.groovy)
	at com.kms.katalon.core.webui.keyword.internal.WebUIKeywordMain.runKeyword(WebUIKeywordMain.groovy:41)
	at com.kms.katalon.core.webui.keyword.builtin.VerifyTextPresentKeyword.verifyTextPresent(VerifyTextPresentKeyword.groovy:83)
	at com.kms.katalon.core.webui.keyword.builtin.VerifyTextPresentKeyword.execute(VerifyTextPresentKeyword.groovy:68)
	at com.kms.katalon.core.keyword.internal.KeywordExecutor.executeKeywordForPlatform(KeywordExecutor.groovy:103)
	at com.kms.katalon.core.webui.keyword.WebUiBuiltInKeywords.verifyTextPresent(WebUiBuiltInKeywords.groovy:1809)
	at Script178070070204.run(Script178070070204.groovy:29)
	at com.kms.katalon.core.main.ScriptEngine.run(ScriptEngine.java:203)
	at com.kms.katalon.core.main.ScriptEngine.runScriptAsRawText(ScriptEngine.java:115)
	at com.kms.katalon.core.main.TestCaseExecutor.runScript(TestCaseExecutor.java:506)
	at com.kms.katalon.core.main.TestCaseExecutor.doExecute(TestCaseExecutor.java:497)
	at com.kms.katalon.core.main.TestCaseExecutor.processExecutionPhase(TestCaseExecutor.java:476)
	at com.kms.katalon.core.main.TestCaseExecutor.accessMainPhase(TestCaseExecutor.java:468)
	at com.kms.katalon.core.main.TestCaseExecutor.execute(TestCaseExecutor.java:334)
	at com.kms.katalon.core.common.CommonExecutor.accessTestCaseMainPhase(CommonExecutor.java:71)
	at com.kms.katalon.core.main.TestSuiteExecutor.accessTestSuiteMainPhase(TestSuiteExecutor.java:153)
	at com.kms.katalon.core.main.TestSuiteExecutor.execute(TestSuiteExecutor.java:110)
	at com.kms.katalon.core.main.TestCaseMain.startTestSuite(TestCaseMain.java:206)
	at S0608_16.run(S0608_16.groovy:40)
	at java.base/jdk.internal.reflect.DirectMethodHandleAccessor.invoke(DirectMethodHandleAccessor.java:103)
)
	at com.kms.katalon.core.keyword.internal.KeywordMain.stepFailed(KeywordMain.groovy:39)
	at com.kms.katalon.core.webui.keyword.internal.WebUIKeywordMain.stepFailed(WebUIKeywordMain.groovy:177)
	at com.kms.katalon.core.webui.keyword.builtin.VerifyTextPresentKeyword$_verifyTextPresent_closure1.doCall(VerifyTextPresentKeyword.groovy:79)
	at com.kms.katalon.core.webui.keyword.builtin.VerifyTextPresentKeyword$_verifyTextPresent_closure1.call(VerifyTextPresentKeyword.groovy)
	at com.kms.katalon.core.webui.keyword.internal.WebUIKeywordMain.runKeyword(WebUIKeywordMain.groovy:41)
	at com.kms.katalon.core.webui.keyword.builtin.VerifyTextPresentKeyword.verifyTextPresent(VerifyTextPresentKeyword.groovy:83)
	at com.kms.katalon.core.webui.keyword.builtin.VerifyTextPresentKeyword.execute(VerifyTextPresentKeyword.groovy:68)
	at com.kms.katalon.core.keyword.internal.KeywordExecutor.executeKeywordForPlatform(KeywordExecutor.groovy:103)
	at com.kms.katalon.core.webui.keyword.WebUiBuiltInKeywords.verifyTextPresent(WebUiBuiltInKeywords.groovy:1809)
	at Script178070070204.run(Script178070070204.groovy:29)
	at com.kms.katalon.core.main.ScriptEngine.run(ScriptEngine.java:203)
	at com.kms.katalon.core.main.ScriptEngine.runScriptAsRawText(ScriptEngine.java:115)
	at com.kms.katalon.core.main.TestCaseExecutor.runScript(TestCaseExecutor.java:506)
	at com.kms.katalon.core.main.TestCaseExecutor.doExecute(TestCaseExecutor.java:497)
	at com.kms.katalon.core.main.TestCaseExecutor.processExecutionPhase(TestCaseExecutor.java:476)
	at com.kms.katalon.core.main.TestCaseExecutor.accessMainPhase(TestCaseExecutor.java:468)
	at com.kms.katalon.core.main.TestCaseExecutor.execute(TestCaseExecutor.java:334)
	at com.kms.katalon.core.common.CommonExecutor.accessTestCaseMainPhase(CommonExecutor.java:71)
	at com.kms.katalon.core.main.TestSuiteExecutor.accessTestSuiteMainPhase(TestSuiteExecutor.java:153)
	at com.kms.katalon.core.main.TestSuiteExecutor.execute(TestSuiteExecutor.java:110)
	at com.kms.katalon.core.main.TestCaseMain.startTestSuite(TestCaseMain.java:206)
	at S0608_16.run(S0608_16.groovy:40)
	at java.base/jdk.internal.reflect.DirectMethodHandleAccessor.invoke(DirectMethodHandleAccessor.java:103)
Caused by: com.kms.katalon.core.exception.StepFailedException: Text '(?i)Accesso negato' is not present on page  using regular expression
	... 22 more

2026-06-08 22:02:14.731 INFO  c.k.katalon.core.main.TestCaseExecutor   - END Test Cases/Prodotti/TC_7.2_4
2026-06-08 22:02:14.760 INFO  c.k.katalon.core.main.TestSuiteExecutor  - --------------------
2026-06-08 22:02:14.761 INFO  c.k.katalon.core.main.TestSuiteExecutor  - END Test Suites/Prodotti
2026-06-08 22:02:14.761 INFO  c.k.katalon.core.main.TestSuiteExecutor  - ====================
