2026-06-08 00:23:02.541 INFO  c.k.k.c.l.logback.LogbackConfigurator    - Logback default configuration initialized from: C:\Users\gianf\.katalon\packages\KS-11.2.0\configuration\org.eclipse.osgi\151\0\.cp\resources\logback\logback-execution.xml
2026-06-08 00:23:02.544 INFO  c.k.k.c.l.logback.LogbackConfigurator    - Logback custom configuration initialized from: C:\Users\gianf\Documents\Vaporant-IGES\StorageSession\testing\katalon\Vaporant-Baseline\Include\config\log.properties
2026-06-08 00:23:03.410 INFO  c.k.katalon.core.main.TestSuiteExecutor  - START Test Suites/Prodotti
2026-06-08 00:23:03.500 INFO  c.k.katalon.core.main.TestSuiteExecutor  - userFullName = Gianfranco Barba
2026-06-08 00:23:03.501 INFO  c.k.katalon.core.main.TestSuiteExecutor  - projectName = Vaporant-Baseline
2026-06-08 00:23:03.501 INFO  c.k.katalon.core.main.TestSuiteExecutor  - hostName = gianf - Gianfranco
2026-06-08 00:23:03.502 INFO  c.k.katalon.core.main.TestSuiteExecutor  - os = Windows 11 64bit
2026-06-08 00:23:03.503 INFO  c.k.katalon.core.main.TestSuiteExecutor  - hostAddress = 26.38.161.220
2026-06-08 00:23:03.503 INFO  c.k.katalon.core.main.TestSuiteExecutor  - katalonVersion = 11.2.0.0
2026-06-08 00:23:03.636 INFO  c.k.katalon.core.main.TestCaseExecutor   - --------------------
2026-06-08 00:23:03.637 INFO  c.k.katalon.core.main.TestCaseExecutor   - START Test Cases/Prodotti/TC_7.1_1
2026-06-08 00:23:03.982 INFO  com.kms.katalon.core.util.KeywordUtil    - Seed ripristinato prima di: Test Cases/Prodotti/TC_7.1_1
2026-06-08 00:23:04.046 DEBUG testcase.TC_7.1_1                        - 1: openBrowser("")
2026-06-08 00:23:04.282 INFO  c.k.k.core.webui.driver.DriverFactory    - Starting 'Chrome' driver
2026-06-08 00:23:04.324 INFO  c.k.k.core.webui.driver.DriverFactory    - Action delay is set to 0 milliseconds
2026-06-08 00:23:05.921 INFO  c.k.k.core.webui.driver.DriverFactory    - sessionId = bf48712726bc694e01f89cc54012bed3
2026-06-08 00:23:05.922 INFO  c.k.k.core.webui.driver.DriverFactory    - browser = Chrome 148.0.7778.179
2026-06-08 00:23:05.923 INFO  c.k.k.core.webui.driver.DriverFactory    - platform = Windows 11
2026-06-08 00:23:05.923 INFO  c.k.k.core.webui.driver.DriverFactory    - seleniumVersion = 4.39.0
2026-06-08 00:23:05.927 INFO  c.k.k.core.webui.driver.DriverFactory    - proxyInformation = ProxyInformation { proxyOption=NO_PROXY, proxyServerType=HTTP, username=, password=********, proxyServerAddress=, proxyServerPort=0, executionList="", isApplyToDesiredCapabilities=true }
2026-06-08 00:23:05.964 DEBUG testcase.TC_7.1_1                        - 2: navigateToUrl(base + "loginForm.jsp")
2026-06-08 00:23:06.914 DEBUG testcase.TC_7.1_1                        - 3: setText(css("#email"), "g.barba14@studenti.unisa.it")
2026-06-08 00:23:06.915 DEBUG testcase.TC_7.1_1                        - 1: t = new com.kms.katalon.core.testobject.TestObject(sel)
2026-06-08 00:23:06.923 DEBUG testcase.TC_7.1_1                        - 2: t.addProperty("css", EQUALS, sel)
2026-06-08 00:23:06.929 DEBUG testcase.TC_7.1_1                        - 3: return t
2026-06-08 00:23:07.623 DEBUG testcase.TC_7.1_1                        - 4: setText(css("#password"), "ABC123.")
2026-06-08 00:23:07.625 DEBUG testcase.TC_7.1_1                        - 1: t = new com.kms.katalon.core.testobject.TestObject(sel)
2026-06-08 00:23:07.625 DEBUG testcase.TC_7.1_1                        - 2: t.addProperty("css", EQUALS, sel)
2026-06-08 00:23:07.627 DEBUG testcase.TC_7.1_1                        - 3: return t
2026-06-08 00:23:08.186 DEBUG testcase.TC_7.1_1                        - 5: click(css("#submit"))
2026-06-08 00:23:08.186 DEBUG testcase.TC_7.1_1                        - 1: t = new com.kms.katalon.core.testobject.TestObject(sel)
2026-06-08 00:23:08.187 DEBUG testcase.TC_7.1_1                        - 2: t.addProperty("css", EQUALS, sel)
2026-06-08 00:23:08.187 DEBUG testcase.TC_7.1_1                        - 3: return t
2026-06-08 00:23:08.999 DEBUG testcase.TC_7.1_1                        - 6: delay(2)
2026-06-08 00:23:11.024 DEBUG testcase.TC_7.1_1                        - 7: navigateToUrl(base + "product")
2026-06-08 00:23:11.220 DEBUG testcase.TC_7.1_1                        - 8: delay(2)
2026-06-08 00:23:13.238 DEBUG testcase.TC_7.1_1                        - 9: setText(css("[name='name']"), "Test Pod")
2026-06-08 00:23:13.239 DEBUG testcase.TC_7.1_1                        - 1: t = new com.kms.katalon.core.testobject.TestObject(sel)
2026-06-08 00:23:13.239 DEBUG testcase.TC_7.1_1                        - 2: t.addProperty("css", EQUALS, sel)
2026-06-08 00:23:13.240 DEBUG testcase.TC_7.1_1                        - 3: return t
2026-06-08 00:23:14.040 DEBUG testcase.TC_7.1_1                        - 10: setText(css("[name='description']"), "Pod di prova")
2026-06-08 00:23:14.040 DEBUG testcase.TC_7.1_1                        - 1: t = new com.kms.katalon.core.testobject.TestObject(sel)
2026-06-08 00:23:14.041 DEBUG testcase.TC_7.1_1                        - 2: t.addProperty("css", EQUALS, sel)
2026-06-08 00:23:14.041 DEBUG testcase.TC_7.1_1                        - 3: return t
2026-06-08 00:23:14.791 DEBUG testcase.TC_7.1_1                        - 11: setText(css("[name='tipo']"), "Svapo")
2026-06-08 00:23:14.792 DEBUG testcase.TC_7.1_1                        - 1: t = new com.kms.katalon.core.testobject.TestObject(sel)
2026-06-08 00:23:14.793 DEBUG testcase.TC_7.1_1                        - 2: t.addProperty("css", EQUALS, sel)
2026-06-08 00:23:14.794 DEBUG testcase.TC_7.1_1                        - 3: return t
2026-06-08 00:23:15.544 DEBUG testcase.TC_7.1_1                        - 12: setText(css("[name='colore']"), "Nero")
2026-06-08 00:23:15.545 DEBUG testcase.TC_7.1_1                        - 1: t = new com.kms.katalon.core.testobject.TestObject(sel)
2026-06-08 00:23:15.545 DEBUG testcase.TC_7.1_1                        - 2: t.addProperty("css", EQUALS, sel)
2026-06-08 00:23:15.545 DEBUG testcase.TC_7.1_1                        - 3: return t
2026-06-08 00:23:16.332 DEBUG testcase.TC_7.1_1                        - 13: executeJavaScript("document.querySelector(\"[name='price']\").value='30.00'", null)
2026-06-08 00:23:16.353 DEBUG testcase.TC_7.1_1                        - 14: executeJavaScript("document.querySelector(\"[name='quantity']\").value='10'", null)
2026-06-08 00:23:16.369 DEBUG testcase.TC_7.1_1                        - 15: click(css("input[value='Aggiungi']"))
2026-06-08 00:23:16.369 DEBUG testcase.TC_7.1_1                        - 1: t = new com.kms.katalon.core.testobject.TestObject(sel)
2026-06-08 00:23:16.370 DEBUG testcase.TC_7.1_1                        - 2: t.addProperty("css", EQUALS, sel)
2026-06-08 00:23:16.370 DEBUG testcase.TC_7.1_1                        - 3: return t
2026-06-08 00:23:16.851 DEBUG testcase.TC_7.1_1                        - 16: delay(2)
2026-06-08 00:23:18.868 DEBUG testcase.TC_7.1_1                        - 17: takeScreenshot()
2026-06-08 00:23:20.041 DEBUG testcase.TC_7.1_1                        - 18: verifyTextPresent("(?i)Test Pod", true)
2026-06-08 00:23:20.381 DEBUG testcase.TC_7.1_1                        - 19: closeBrowser()
2026-06-08 00:23:20.563 INFO  c.k.katalon.core.main.TestCaseExecutor   - END Test Cases/Prodotti/TC_7.1_1
2026-06-08 00:23:20.566 INFO  c.k.katalon.core.main.TestCaseExecutor   - --------------------
2026-06-08 00:23:20.567 INFO  c.k.katalon.core.main.TestCaseExecutor   - START Test Cases/Prodotti/TC_7.1_2
2026-06-08 00:23:20.664 INFO  com.kms.katalon.core.util.KeywordUtil    - Seed ripristinato prima di: Test Cases/Prodotti/TC_7.1_2
2026-06-08 00:23:20.710 DEBUG testcase.TC_7.1_2                        - 1: openBrowser("")
2026-06-08 00:23:20.711 INFO  c.k.k.core.webui.driver.DriverFactory    - Starting 'Chrome' driver
2026-06-08 00:23:20.713 INFO  c.k.k.core.webui.driver.DriverFactory    - Action delay is set to 0 milliseconds
2026-06-08 00:23:21.497 INFO  c.k.k.core.webui.driver.DriverFactory    - sessionId = bca8cc2ce1741a95116184b91bef93c7
2026-06-08 00:23:21.497 INFO  c.k.k.core.webui.driver.DriverFactory    - browser = Chrome 148.0.7778.179
2026-06-08 00:23:21.498 INFO  c.k.k.core.webui.driver.DriverFactory    - platform = Windows 11
2026-06-08 00:23:21.498 INFO  c.k.k.core.webui.driver.DriverFactory    - seleniumVersion = 4.39.0
2026-06-08 00:23:21.498 INFO  c.k.k.core.webui.driver.DriverFactory    - proxyInformation = ProxyInformation { proxyOption=NO_PROXY, proxyServerType=HTTP, username=, password=********, proxyServerAddress=, proxyServerPort=0, executionList="", isApplyToDesiredCapabilities=true }
2026-06-08 00:23:21.514 DEBUG testcase.TC_7.1_2                        - 2: navigateToUrl(base + "loginForm.jsp")
2026-06-08 00:23:21.876 DEBUG testcase.TC_7.1_2                        - 3: setText(css("#email"), "g.barba14@studenti.unisa.it")
2026-06-08 00:23:21.877 DEBUG testcase.TC_7.1_2                        - 1: t = new com.kms.katalon.core.testobject.TestObject(sel)
2026-06-08 00:23:21.878 DEBUG testcase.TC_7.1_2                        - 2: t.addProperty("css", EQUALS, sel)
2026-06-08 00:23:21.880 DEBUG testcase.TC_7.1_2                        - 3: return t
2026-06-08 00:23:22.509 DEBUG testcase.TC_7.1_2                        - 4: setText(css("#password"), "ABC123.")
2026-06-08 00:23:22.509 DEBUG testcase.TC_7.1_2                        - 1: t = new com.kms.katalon.core.testobject.TestObject(sel)
2026-06-08 00:23:22.510 DEBUG testcase.TC_7.1_2                        - 2: t.addProperty("css", EQUALS, sel)
2026-06-08 00:23:22.510 DEBUG testcase.TC_7.1_2                        - 3: return t
2026-06-08 00:23:23.162 DEBUG testcase.TC_7.1_2                        - 5: click(css("#submit"))
2026-06-08 00:23:23.163 DEBUG testcase.TC_7.1_2                        - 1: t = new com.kms.katalon.core.testobject.TestObject(sel)
2026-06-08 00:23:23.164 DEBUG testcase.TC_7.1_2                        - 2: t.addProperty("css", EQUALS, sel)
2026-06-08 00:23:23.165 DEBUG testcase.TC_7.1_2                        - 3: return t
2026-06-08 00:23:23.455 DEBUG testcase.TC_7.1_2                        - 6: delay(2)
2026-06-08 00:23:25.473 DEBUG testcase.TC_7.1_2                        - 7: navigateToUrl(base + "product")
2026-06-08 00:23:25.667 DEBUG testcase.TC_7.1_2                        - 8: delay(2)
2026-06-08 00:23:27.675 DEBUG testcase.TC_7.1_2                        - 9: setText(css("[name='description']"), "Pod di prova")
2026-06-08 00:23:27.676 DEBUG testcase.TC_7.1_2                        - 1: t = new com.kms.katalon.core.testobject.TestObject(sel)
2026-06-08 00:23:27.677 DEBUG testcase.TC_7.1_2                        - 2: t.addProperty("css", EQUALS, sel)
2026-06-08 00:23:27.678 DEBUG testcase.TC_7.1_2                        - 3: return t
2026-06-08 00:23:28.279 DEBUG testcase.TC_7.1_2                        - 10: setText(css("[name='tipo']"), "Svapo")
2026-06-08 00:23:28.279 DEBUG testcase.TC_7.1_2                        - 1: t = new com.kms.katalon.core.testobject.TestObject(sel)
2026-06-08 00:23:28.281 DEBUG testcase.TC_7.1_2                        - 2: t.addProperty("css", EQUALS, sel)
2026-06-08 00:23:28.281 DEBUG testcase.TC_7.1_2                        - 3: return t
2026-06-08 00:23:28.843 DEBUG testcase.TC_7.1_2                        - 11: setText(css("[name='colore']"), "Nero")
2026-06-08 00:23:28.843 DEBUG testcase.TC_7.1_2                        - 1: t = new com.kms.katalon.core.testobject.TestObject(sel)
2026-06-08 00:23:28.843 DEBUG testcase.TC_7.1_2                        - 2: t.addProperty("css", EQUALS, sel)
2026-06-08 00:23:28.844 DEBUG testcase.TC_7.1_2                        - 3: return t
2026-06-08 00:23:29.400 DEBUG testcase.TC_7.1_2                        - 12: executeJavaScript("document.querySelector(\"[name='price']\").value='30.00'", null)
2026-06-08 00:23:29.406 DEBUG testcase.TC_7.1_2                        - 13: executeJavaScript("document.querySelector(\"[name='quantity']\").value='10'", null)
2026-06-08 00:23:29.412 DEBUG testcase.TC_7.1_2                        - 14: valid = executeJavaScript("return document.querySelector(\"[name='name']\").checkValidity()", null)
2026-06-08 00:23:29.417 DEBUG testcase.TC_7.1_2                        - 15: verifyEqual(valid, false)
2026-06-08 00:23:29.424 DEBUG testcase.TC_7.1_2                        - 16: click(css("input[value='Aggiungi']"))
2026-06-08 00:23:29.425 DEBUG testcase.TC_7.1_2                        - 1: t = new com.kms.katalon.core.testobject.TestObject(sel)
2026-06-08 00:23:29.425 DEBUG testcase.TC_7.1_2                        - 2: t.addProperty("css", EQUALS, sel)
2026-06-08 00:23:29.425 DEBUG testcase.TC_7.1_2                        - 3: return t
2026-06-08 00:23:29.724 DEBUG testcase.TC_7.1_2                        - 17: delay(1)
2026-06-08 00:23:30.727 DEBUG testcase.TC_7.1_2                        - 18: takeScreenshot()
2026-06-08 00:23:31.089 DEBUG testcase.TC_7.1_2                        - 19: verifyElementPresent(css("input[value='Aggiungi']"), 5)
2026-06-08 00:23:31.090 DEBUG testcase.TC_7.1_2                        - 1: t = new com.kms.katalon.core.testobject.TestObject(sel)
2026-06-08 00:23:31.090 DEBUG testcase.TC_7.1_2                        - 2: t.addProperty("css", EQUALS, sel)
2026-06-08 00:23:31.090 DEBUG testcase.TC_7.1_2                        - 3: return t
2026-06-08 00:23:31.336 DEBUG testcase.TC_7.1_2                        - 20: closeBrowser()
2026-06-08 00:23:31.494 INFO  c.k.katalon.core.main.TestCaseExecutor   - END Test Cases/Prodotti/TC_7.1_2
2026-06-08 00:23:31.497 INFO  c.k.katalon.core.main.TestCaseExecutor   - --------------------
2026-06-08 00:23:31.497 INFO  c.k.katalon.core.main.TestCaseExecutor   - START Test Cases/Prodotti/TC_7.1_3
2026-06-08 00:23:31.580 INFO  com.kms.katalon.core.util.KeywordUtil    - Seed ripristinato prima di: Test Cases/Prodotti/TC_7.1_3
2026-06-08 00:23:31.637 DEBUG testcase.TC_7.1_3                        - 1: openBrowser("")
2026-06-08 00:23:31.638 INFO  c.k.k.core.webui.driver.DriverFactory    - Starting 'Chrome' driver
2026-06-08 00:23:31.638 INFO  c.k.k.core.webui.driver.DriverFactory    - Action delay is set to 0 milliseconds
2026-06-08 00:23:32.408 INFO  c.k.k.core.webui.driver.DriverFactory    - sessionId = aad5d01ad25f5e5408305522c25aada4
2026-06-08 00:23:32.409 INFO  c.k.k.core.webui.driver.DriverFactory    - browser = Chrome 148.0.7778.179
2026-06-08 00:23:32.409 INFO  c.k.k.core.webui.driver.DriverFactory    - platform = Windows 11
2026-06-08 00:23:32.409 INFO  c.k.k.core.webui.driver.DriverFactory    - seleniumVersion = 4.39.0
2026-06-08 00:23:32.409 INFO  c.k.k.core.webui.driver.DriverFactory    - proxyInformation = ProxyInformation { proxyOption=NO_PROXY, proxyServerType=HTTP, username=, password=********, proxyServerAddress=, proxyServerPort=0, executionList="", isApplyToDesiredCapabilities=true }
2026-06-08 00:23:32.424 DEBUG testcase.TC_7.1_3                        - 2: navigateToUrl(base + "loginForm.jsp")
2026-06-08 00:23:32.918 DEBUG testcase.TC_7.1_3                        - 3: setText(css("#email"), "g.barba14@studenti.unisa.it")
2026-06-08 00:23:32.919 DEBUG testcase.TC_7.1_3                        - 1: t = new com.kms.katalon.core.testobject.TestObject(sel)
2026-06-08 00:23:32.920 DEBUG testcase.TC_7.1_3                        - 2: t.addProperty("css", EQUALS, sel)
2026-06-08 00:23:32.921 DEBUG testcase.TC_7.1_3                        - 3: return t
2026-06-08 00:23:33.481 DEBUG testcase.TC_7.1_3                        - 4: setText(css("#password"), "ABC123.")
2026-06-08 00:23:33.483 DEBUG testcase.TC_7.1_3                        - 1: t = new com.kms.katalon.core.testobject.TestObject(sel)
2026-06-08 00:23:33.483 DEBUG testcase.TC_7.1_3                        - 2: t.addProperty("css", EQUALS, sel)
2026-06-08 00:23:33.484 DEBUG testcase.TC_7.1_3                        - 3: return t
2026-06-08 00:23:34.028 DEBUG testcase.TC_7.1_3                        - 5: click(css("#submit"))
2026-06-08 00:23:34.029 DEBUG testcase.TC_7.1_3                        - 1: t = new com.kms.katalon.core.testobject.TestObject(sel)
2026-06-08 00:23:34.029 DEBUG testcase.TC_7.1_3                        - 2: t.addProperty("css", EQUALS, sel)
2026-06-08 00:23:34.029 DEBUG testcase.TC_7.1_3                        - 3: return t
2026-06-08 00:23:34.316 DEBUG testcase.TC_7.1_3                        - 6: delay(2)
2026-06-08 00:23:36.335 DEBUG testcase.TC_7.1_3                        - 7: navigateToUrl(base + "product")
2026-06-08 00:23:36.407 DEBUG testcase.TC_7.1_3                        - 8: delay(2)
2026-06-08 00:23:38.418 DEBUG testcase.TC_7.1_3                        - 9: setText(css("[name='name']"), "   ")
2026-06-08 00:23:38.421 DEBUG testcase.TC_7.1_3                        - 1: t = new com.kms.katalon.core.testobject.TestObject(sel)
2026-06-08 00:23:38.421 DEBUG testcase.TC_7.1_3                        - 2: t.addProperty("css", EQUALS, sel)
2026-06-08 00:23:38.422 DEBUG testcase.TC_7.1_3                        - 3: return t
2026-06-08 00:23:39.024 DEBUG testcase.TC_7.1_3                        - 10: setText(css("[name='description']"), "Pod di prova")
2026-06-08 00:23:39.025 DEBUG testcase.TC_7.1_3                        - 1: t = new com.kms.katalon.core.testobject.TestObject(sel)
2026-06-08 00:23:39.025 DEBUG testcase.TC_7.1_3                        - 2: t.addProperty("css", EQUALS, sel)
2026-06-08 00:23:39.025 DEBUG testcase.TC_7.1_3                        - 3: return t
2026-06-08 00:23:39.592 DEBUG testcase.TC_7.1_3                        - 11: setText(css("[name='tipo']"), "Svapo")
2026-06-08 00:23:39.593 DEBUG testcase.TC_7.1_3                        - 1: t = new com.kms.katalon.core.testobject.TestObject(sel)
2026-06-08 00:23:39.593 DEBUG testcase.TC_7.1_3                        - 2: t.addProperty("css", EQUALS, sel)
2026-06-08 00:23:39.593 DEBUG testcase.TC_7.1_3                        - 3: return t
2026-06-08 00:23:40.188 DEBUG testcase.TC_7.1_3                        - 12: setText(css("[name='colore']"), "Nero")
2026-06-08 00:23:40.189 DEBUG testcase.TC_7.1_3                        - 1: t = new com.kms.katalon.core.testobject.TestObject(sel)
2026-06-08 00:23:40.189 DEBUG testcase.TC_7.1_3                        - 2: t.addProperty("css", EQUALS, sel)
2026-06-08 00:23:40.189 DEBUG testcase.TC_7.1_3                        - 3: return t
2026-06-08 00:23:40.777 DEBUG testcase.TC_7.1_3                        - 13: executeJavaScript("document.querySelector(\"[name='price']\").value='30.00'", null)
2026-06-08 00:23:40.781 DEBUG testcase.TC_7.1_3                        - 14: executeJavaScript("document.querySelector(\"[name='quantity']\").value='10'", null)
2026-06-08 00:23:40.785 DEBUG testcase.TC_7.1_3                        - 15: click(css("input[value='Aggiungi']"))
2026-06-08 00:23:40.787 DEBUG testcase.TC_7.1_3                        - 1: t = new com.kms.katalon.core.testobject.TestObject(sel)
2026-06-08 00:23:40.787 DEBUG testcase.TC_7.1_3                        - 2: t.addProperty("css", EQUALS, sel)
2026-06-08 00:23:40.787 DEBUG testcase.TC_7.1_3                        - 3: return t
2026-06-08 00:23:41.125 DEBUG testcase.TC_7.1_3                        - 16: delay(2)
2026-06-08 00:23:43.138 DEBUG testcase.TC_7.1_3                        - 17: takeScreenshot()
2026-06-08 00:23:43.604 DEBUG testcase.TC_7.1_3                        - 18: count = executeJavaScript("return document.querySelectorAll('.splide__slide').length", null)
2026-06-08 00:23:43.609 DEBUG testcase.TC_7.1_3                        - 19: verifyEqual(count, 4, CONTINUE_ON_FAILURE)
2026-06-08 00:23:43.624 ERROR c.k.k.core.keyword.internal.KeywordMain  - ❌ Unable to verify equal between actual object '21' and expected object '4' (Root cause: com.kms.katalon.core.exception.StepFailedException: Actual object '21' and expected object '4' are not equal
	at com.kms.katalon.core.keyword.builtin.VerifyEqualKeyword$_verifyEqual_closure1.doCall(VerifyEqualKeyword.groovy:58)
	at com.kms.katalon.core.keyword.builtin.VerifyEqualKeyword$_verifyEqual_closure1.call(VerifyEqualKeyword.groovy)
	at com.kms.katalon.core.keyword.internal.KeywordMain.runKeyword(KeywordMain.groovy:75)
	at com.kms.katalon.core.keyword.builtin.VerifyEqualKeyword.verifyEqual(VerifyEqualKeyword.groovy:63)
	at com.kms.katalon.core.keyword.builtin.VerifyEqualKeyword.execute(VerifyEqualKeyword.groovy:44)
	at com.kms.katalon.core.keyword.internal.KeywordExecutor.executeKeywordForPlatform(KeywordExecutor.groovy:103)
	at com.kms.katalon.core.keyword.BuiltinKeywords.verifyEqual(BuiltinKeywords.groovy:115)
	at java.base/jdk.internal.reflect.DirectMethodHandleAccessor.invoke(DirectMethodHandleAccessor.java:103)
	at Script178070070103.run(Script178070070103.groovy:37)
	at com.kms.katalon.core.main.ScriptEngine.run(ScriptEngine.java:203)
	at com.kms.katalon.core.main.ScriptEngine.runScriptAsRawText(ScriptEngine.java:115)
	at com.kms.katalon.core.main.TestCaseExecutor.runScript(TestCaseExecutor.java:506)
	at com.kms.katalon.core.main.TestCaseExecutor.doExecute(TestCaseExecutor.java:497)
	at com.kms.katalon.core.main.TestCaseExecutor.processExecutionPhase(TestCaseExecutor.java:476)
	at com.kms.katalon.core.main.TestCaseExecutor.accessMainPhase(TestCaseExecutor.java:468)
	at com.kms.katalon.core.main.TestCaseExecutor.execute(TestCaseExecutor.java:334)
	at com.kms.katalon.core.common.CommonExecutor.accessTestCaseMainPhase(CommonExecutor.java:71)
	at com.kms.katalon.core.main.TestSuiteExecutor.accessTestSuiteMainPhase(TestSuiteExecutor.java:153)
	at com.kms.katalon.core.main.TestSuiteExecutor.execute(TestSuiteExecutor.java:110)
	at com.kms.katalon.core.main.TestCaseMain.startTestSuite(TestCaseMain.java:206)
	at S0608_0.run(S0608_0.groovy:40)
	at java.base/jdk.internal.reflect.DirectMethodHandleAccessor.invoke(DirectMethodHandleAccessor.java:103)
)
2026-06-08 00:23:43.625 DEBUG testcase.TC_7.1_3                        - 20: closeBrowser()
2026-06-08 00:23:43.781 ERROR c.k.katalon.core.main.TestCaseExecutor   - ❌ Test Cases/Prodotti/TC_7.1_3 FAILED.
Reason:
com.kms.katalon.core.exception.StepFailedException: Unable to verify equal between actual object '21' and expected object '4' (Root cause: com.kms.katalon.core.exception.StepFailedException: Actual object '21' and expected object '4' are not equal
	at com.kms.katalon.core.keyword.builtin.VerifyEqualKeyword$_verifyEqual_closure1.doCall(VerifyEqualKeyword.groovy:58)
	at com.kms.katalon.core.keyword.builtin.VerifyEqualKeyword$_verifyEqual_closure1.call(VerifyEqualKeyword.groovy)
	at com.kms.katalon.core.keyword.internal.KeywordMain.runKeyword(KeywordMain.groovy:75)
	at com.kms.katalon.core.keyword.builtin.VerifyEqualKeyword.verifyEqual(VerifyEqualKeyword.groovy:63)
	at com.kms.katalon.core.keyword.builtin.VerifyEqualKeyword.execute(VerifyEqualKeyword.groovy:44)
	at com.kms.katalon.core.keyword.internal.KeywordExecutor.executeKeywordForPlatform(KeywordExecutor.groovy:103)
	at com.kms.katalon.core.keyword.BuiltinKeywords.verifyEqual(BuiltinKeywords.groovy:115)
	at java.base/jdk.internal.reflect.DirectMethodHandleAccessor.invoke(DirectMethodHandleAccessor.java:103)
	at Script178070070103.run(Script178070070103.groovy:37)
	at com.kms.katalon.core.main.ScriptEngine.run(ScriptEngine.java:203)
	at com.kms.katalon.core.main.ScriptEngine.runScriptAsRawText(ScriptEngine.java:115)
	at com.kms.katalon.core.main.TestCaseExecutor.runScript(TestCaseExecutor.java:506)
	at com.kms.katalon.core.main.TestCaseExecutor.doExecute(TestCaseExecutor.java:497)
	at com.kms.katalon.core.main.TestCaseExecutor.processExecutionPhase(TestCaseExecutor.java:476)
	at com.kms.katalon.core.main.TestCaseExecutor.accessMainPhase(TestCaseExecutor.java:468)
	at com.kms.katalon.core.main.TestCaseExecutor.execute(TestCaseExecutor.java:334)
	at com.kms.katalon.core.common.CommonExecutor.accessTestCaseMainPhase(CommonExecutor.java:71)
	at com.kms.katalon.core.main.TestSuiteExecutor.accessTestSuiteMainPhase(TestSuiteExecutor.java:153)
	at com.kms.katalon.core.main.TestSuiteExecutor.execute(TestSuiteExecutor.java:110)
	at com.kms.katalon.core.main.TestCaseMain.startTestSuite(TestCaseMain.java:206)
	at S0608_0.run(S0608_0.groovy:40)
	at java.base/jdk.internal.reflect.DirectMethodHandleAccessor.invoke(DirectMethodHandleAccessor.java:103)
)
	at com.kms.katalon.core.keyword.internal.KeywordMain.stepFailed(KeywordMain.groovy:39)
	at com.kms.katalon.core.keyword.internal.KeywordMain.stepFailed(KeywordMain.groovy)
	at com.kms.katalon.core.keyword.internal.KeywordMain.runKeyword(KeywordMain.groovy:77)
	at com.kms.katalon.core.keyword.builtin.VerifyEqualKeyword.verifyEqual(VerifyEqualKeyword.groovy:63)
	at com.kms.katalon.core.keyword.builtin.VerifyEqualKeyword.execute(VerifyEqualKeyword.groovy:44)
	at com.kms.katalon.core.keyword.internal.KeywordExecutor.executeKeywordForPlatform(KeywordExecutor.groovy:103)
	at com.kms.katalon.core.keyword.BuiltinKeywords.verifyEqual(BuiltinKeywords.groovy:115)
	at java.base/jdk.internal.reflect.DirectMethodHandleAccessor.invoke(DirectMethodHandleAccessor.java:103)
	at Script178070070103.run(Script178070070103.groovy:37)
	at com.kms.katalon.core.main.ScriptEngine.run(ScriptEngine.java:203)
	at com.kms.katalon.core.main.ScriptEngine.runScriptAsRawText(ScriptEngine.java:115)
	at com.kms.katalon.core.main.TestCaseExecutor.runScript(TestCaseExecutor.java:506)
	at com.kms.katalon.core.main.TestCaseExecutor.doExecute(TestCaseExecutor.java:497)
	at com.kms.katalon.core.main.TestCaseExecutor.processExecutionPhase(TestCaseExecutor.java:476)
	at com.kms.katalon.core.main.TestCaseExecutor.accessMainPhase(TestCaseExecutor.java:468)
	at com.kms.katalon.core.main.TestCaseExecutor.execute(TestCaseExecutor.java:334)
	at com.kms.katalon.core.common.CommonExecutor.accessTestCaseMainPhase(CommonExecutor.java:71)
	at com.kms.katalon.core.main.TestSuiteExecutor.accessTestSuiteMainPhase(TestSuiteExecutor.java:153)
	at com.kms.katalon.core.main.TestSuiteExecutor.execute(TestSuiteExecutor.java:110)
	at com.kms.katalon.core.main.TestCaseMain.startTestSuite(TestCaseMain.java:206)
	at S0608_0.run(S0608_0.groovy:40)
	at java.base/jdk.internal.reflect.DirectMethodHandleAccessor.invoke(DirectMethodHandleAccessor.java:103)
Caused by: com.kms.katalon.core.exception.StepFailedException: Actual object '21' and expected object '4' are not equal
	at com.kms.katalon.core.keyword.builtin.VerifyEqualKeyword$_verifyEqual_closure1.doCall(VerifyEqualKeyword.groovy:58)
	at com.kms.katalon.core.keyword.builtin.VerifyEqualKeyword$_verifyEqual_closure1.call(VerifyEqualKeyword.groovy)
	at com.kms.katalon.core.keyword.internal.KeywordMain.runKeyword(KeywordMain.groovy:75)
	... 19 more

2026-06-08 00:23:43.782 INFO  c.k.katalon.core.main.TestCaseExecutor   - END Test Cases/Prodotti/TC_7.1_3
2026-06-08 00:23:43.785 INFO  c.k.katalon.core.main.TestCaseExecutor   - --------------------
2026-06-08 00:23:43.785 INFO  c.k.katalon.core.main.TestCaseExecutor   - START Test Cases/Prodotti/TC_7.1_4
2026-06-08 00:23:43.864 INFO  com.kms.katalon.core.util.KeywordUtil    - Seed ripristinato prima di: Test Cases/Prodotti/TC_7.1_4
2026-06-08 00:23:43.904 DEBUG testcase.TC_7.1_4                        - 1: openBrowser("")
2026-06-08 00:23:43.905 INFO  c.k.k.core.webui.driver.DriverFactory    - Starting 'Chrome' driver
2026-06-08 00:23:43.906 INFO  c.k.k.core.webui.driver.DriverFactory    - Action delay is set to 0 milliseconds
2026-06-08 00:23:44.646 INFO  c.k.k.core.webui.driver.DriverFactory    - sessionId = e447c7daa8886144410fea39a033d100
2026-06-08 00:23:44.646 INFO  c.k.k.core.webui.driver.DriverFactory    - browser = Chrome 148.0.7778.179
2026-06-08 00:23:44.646 INFO  c.k.k.core.webui.driver.DriverFactory    - platform = Windows 11
2026-06-08 00:23:44.647 INFO  c.k.k.core.webui.driver.DriverFactory    - seleniumVersion = 4.39.0
2026-06-08 00:23:44.647 INFO  c.k.k.core.webui.driver.DriverFactory    - proxyInformation = ProxyInformation { proxyOption=NO_PROXY, proxyServerType=HTTP, username=, password=********, proxyServerAddress=, proxyServerPort=0, executionList="", isApplyToDesiredCapabilities=true }
2026-06-08 00:23:44.654 DEBUG testcase.TC_7.1_4                        - 2: navigateToUrl(base + "loginForm.jsp")
2026-06-08 00:23:45.054 DEBUG testcase.TC_7.1_4                        - 3: setText(css("#email"), "g.barba14@studenti.unisa.it")
2026-06-08 00:23:45.055 DEBUG testcase.TC_7.1_4                        - 1: t = new com.kms.katalon.core.testobject.TestObject(sel)
2026-06-08 00:23:45.056 DEBUG testcase.TC_7.1_4                        - 2: t.addProperty("css", EQUALS, sel)
2026-06-08 00:23:45.056 DEBUG testcase.TC_7.1_4                        - 3: return t
2026-06-08 00:23:45.611 DEBUG testcase.TC_7.1_4                        - 4: setText(css("#password"), "ABC123.")
2026-06-08 00:23:45.612 DEBUG testcase.TC_7.1_4                        - 1: t = new com.kms.katalon.core.testobject.TestObject(sel)
2026-06-08 00:23:45.612 DEBUG testcase.TC_7.1_4                        - 2: t.addProperty("css", EQUALS, sel)
2026-06-08 00:23:45.612 DEBUG testcase.TC_7.1_4                        - 3: return t
2026-06-08 00:23:46.155 DEBUG testcase.TC_7.1_4                        - 5: click(css("#submit"))
2026-06-08 00:23:46.157 DEBUG testcase.TC_7.1_4                        - 1: t = new com.kms.katalon.core.testobject.TestObject(sel)
2026-06-08 00:23:46.157 DEBUG testcase.TC_7.1_4                        - 2: t.addProperty("css", EQUALS, sel)
2026-06-08 00:23:46.157 DEBUG testcase.TC_7.1_4                        - 3: return t
2026-06-08 00:23:46.489 DEBUG testcase.TC_7.1_4                        - 6: delay(2)
2026-06-08 00:23:48.496 DEBUG testcase.TC_7.1_4                        - 7: navigateToUrl(base + "product")
2026-06-08 00:23:48.567 DEBUG testcase.TC_7.1_4                        - 8: delay(2)
2026-06-08 00:23:50.576 DEBUG testcase.TC_7.1_4                        - 9: setText(css("[name='name']"), "Test Pod")
2026-06-08 00:23:50.578 DEBUG testcase.TC_7.1_4                        - 1: t = new com.kms.katalon.core.testobject.TestObject(sel)
2026-06-08 00:23:50.578 DEBUG testcase.TC_7.1_4                        - 2: t.addProperty("css", EQUALS, sel)
2026-06-08 00:23:50.580 DEBUG testcase.TC_7.1_4                        - 3: return t
2026-06-08 00:23:51.148 DEBUG testcase.TC_7.1_4                        - 10: setText(css("[name='tipo']"), "Svapo")
2026-06-08 00:23:51.148 DEBUG testcase.TC_7.1_4                        - 1: t = new com.kms.katalon.core.testobject.TestObject(sel)
2026-06-08 00:23:51.148 DEBUG testcase.TC_7.1_4                        - 2: t.addProperty("css", EQUALS, sel)
2026-06-08 00:23:51.150 DEBUG testcase.TC_7.1_4                        - 3: return t
2026-06-08 00:23:51.750 DEBUG testcase.TC_7.1_4                        - 11: setText(css("[name='colore']"), "Nero")
2026-06-08 00:23:51.750 DEBUG testcase.TC_7.1_4                        - 1: t = new com.kms.katalon.core.testobject.TestObject(sel)
2026-06-08 00:23:51.750 DEBUG testcase.TC_7.1_4                        - 2: t.addProperty("css", EQUALS, sel)
2026-06-08 00:23:51.750 DEBUG testcase.TC_7.1_4                        - 3: return t
2026-06-08 00:23:52.315 DEBUG testcase.TC_7.1_4                        - 12: executeJavaScript("document.querySelector(\"[name='price']\").value='30.00'", null)
2026-06-08 00:23:52.319 DEBUG testcase.TC_7.1_4                        - 13: executeJavaScript("document.querySelector(\"[name='quantity']\").value='10'", null)
2026-06-08 00:23:52.323 DEBUG testcase.TC_7.1_4                        - 14: valid = executeJavaScript("return document.querySelector(\"[name='description']\").checkValidity()", null)
2026-06-08 00:23:52.328 DEBUG testcase.TC_7.1_4                        - 15: verifyEqual(valid, false)
2026-06-08 00:23:52.330 DEBUG testcase.TC_7.1_4                        - 16: click(css("input[value='Aggiungi']"))
2026-06-08 00:23:52.330 DEBUG testcase.TC_7.1_4                        - 1: t = new com.kms.katalon.core.testobject.TestObject(sel)
2026-06-08 00:23:52.330 DEBUG testcase.TC_7.1_4                        - 2: t.addProperty("css", EQUALS, sel)
2026-06-08 00:23:52.330 DEBUG testcase.TC_7.1_4                        - 3: return t
2026-06-08 00:23:52.629 DEBUG testcase.TC_7.1_4                        - 17: delay(1)
2026-06-08 00:23:53.633 DEBUG testcase.TC_7.1_4                        - 18: takeScreenshot()
2026-06-08 00:23:53.983 DEBUG testcase.TC_7.1_4                        - 19: verifyElementPresent(css("input[value='Aggiungi']"), 5)
2026-06-08 00:23:53.984 DEBUG testcase.TC_7.1_4                        - 1: t = new com.kms.katalon.core.testobject.TestObject(sel)
2026-06-08 00:23:53.984 DEBUG testcase.TC_7.1_4                        - 2: t.addProperty("css", EQUALS, sel)
2026-06-08 00:23:53.985 DEBUG testcase.TC_7.1_4                        - 3: return t
2026-06-08 00:23:54.212 DEBUG testcase.TC_7.1_4                        - 20: closeBrowser()
2026-06-08 00:23:54.360 INFO  c.k.katalon.core.main.TestCaseExecutor   - END Test Cases/Prodotti/TC_7.1_4
2026-06-08 00:23:54.362 INFO  c.k.katalon.core.main.TestCaseExecutor   - --------------------
2026-06-08 00:23:54.362 INFO  c.k.katalon.core.main.TestCaseExecutor   - START Test Cases/Prodotti/TC_7.1_5
2026-06-08 00:23:54.459 INFO  com.kms.katalon.core.util.KeywordUtil    - Seed ripristinato prima di: Test Cases/Prodotti/TC_7.1_5
2026-06-08 00:23:54.499 DEBUG testcase.TC_7.1_5                        - 1: openBrowser("")
2026-06-08 00:23:54.500 INFO  c.k.k.core.webui.driver.DriverFactory    - Starting 'Chrome' driver
2026-06-08 00:23:54.500 INFO  c.k.k.core.webui.driver.DriverFactory    - Action delay is set to 0 milliseconds
2026-06-08 00:23:55.290 INFO  c.k.k.core.webui.driver.DriverFactory    - sessionId = 0c6fecc1840e340ceb95c277c80069c0
2026-06-08 00:23:55.290 INFO  c.k.k.core.webui.driver.DriverFactory    - browser = Chrome 148.0.7778.179
2026-06-08 00:23:55.290 INFO  c.k.k.core.webui.driver.DriverFactory    - platform = Windows 11
2026-06-08 00:23:55.290 INFO  c.k.k.core.webui.driver.DriverFactory    - seleniumVersion = 4.39.0
2026-06-08 00:23:55.290 INFO  c.k.k.core.webui.driver.DriverFactory    - proxyInformation = ProxyInformation { proxyOption=NO_PROXY, proxyServerType=HTTP, username=, password=********, proxyServerAddress=, proxyServerPort=0, executionList="", isApplyToDesiredCapabilities=true }
2026-06-08 00:23:55.298 DEBUG testcase.TC_7.1_5                        - 2: navigateToUrl(base + "loginForm.jsp")
2026-06-08 00:23:56.150 DEBUG testcase.TC_7.1_5                        - 3: setText(css("#email"), "g.barba14@studenti.unisa.it")
2026-06-08 00:23:56.150 DEBUG testcase.TC_7.1_5                        - 1: t = new com.kms.katalon.core.testobject.TestObject(sel)
2026-06-08 00:23:56.152 DEBUG testcase.TC_7.1_5                        - 2: t.addProperty("css", EQUALS, sel)
2026-06-08 00:23:56.153 DEBUG testcase.TC_7.1_5                        - 3: return t
2026-06-08 00:23:56.709 DEBUG testcase.TC_7.1_5                        - 4: setText(css("#password"), "ABC123.")
2026-06-08 00:23:56.710 DEBUG testcase.TC_7.1_5                        - 1: t = new com.kms.katalon.core.testobject.TestObject(sel)
2026-06-08 00:23:56.710 DEBUG testcase.TC_7.1_5                        - 2: t.addProperty("css", EQUALS, sel)
2026-06-08 00:23:56.710 DEBUG testcase.TC_7.1_5                        - 3: return t
2026-06-08 00:23:57.261 DEBUG testcase.TC_7.1_5                        - 5: click(css("#submit"))
2026-06-08 00:23:57.261 DEBUG testcase.TC_7.1_5                        - 1: t = new com.kms.katalon.core.testobject.TestObject(sel)
2026-06-08 00:23:57.262 DEBUG testcase.TC_7.1_5                        - 2: t.addProperty("css", EQUALS, sel)
2026-06-08 00:23:57.262 DEBUG testcase.TC_7.1_5                        - 3: return t
2026-06-08 00:23:57.550 DEBUG testcase.TC_7.1_5                        - 6: delay(2)
2026-06-08 00:23:59.554 DEBUG testcase.TC_7.1_5                        - 7: navigateToUrl(base + "product")
2026-06-08 00:23:59.720 DEBUG testcase.TC_7.1_5                        - 8: delay(2)
2026-06-08 00:24:01.730 DEBUG testcase.TC_7.1_5                        - 9: setText(css("[name='name']"), "Test Pod")
2026-06-08 00:24:01.730 DEBUG testcase.TC_7.1_5                        - 1: t = new com.kms.katalon.core.testobject.TestObject(sel)
2026-06-08 00:24:01.731 DEBUG testcase.TC_7.1_5                        - 2: t.addProperty("css", EQUALS, sel)
2026-06-08 00:24:01.732 DEBUG testcase.TC_7.1_5                        - 3: return t
2026-06-08 00:24:02.376 DEBUG testcase.TC_7.1_5                        - 10: setText(css("[name='description']"), "Pod di prova")
2026-06-08 00:24:02.376 DEBUG testcase.TC_7.1_5                        - 1: t = new com.kms.katalon.core.testobject.TestObject(sel)
2026-06-08 00:24:02.377 DEBUG testcase.TC_7.1_5                        - 2: t.addProperty("css", EQUALS, sel)
2026-06-08 00:24:02.377 DEBUG testcase.TC_7.1_5                        - 3: return t
2026-06-08 00:24:02.970 DEBUG testcase.TC_7.1_5                        - 11: setText(css("[name='tipo']"), "Svapo")
2026-06-08 00:24:02.970 DEBUG testcase.TC_7.1_5                        - 1: t = new com.kms.katalon.core.testobject.TestObject(sel)
2026-06-08 00:24:02.970 DEBUG testcase.TC_7.1_5                        - 2: t.addProperty("css", EQUALS, sel)
2026-06-08 00:24:02.971 DEBUG testcase.TC_7.1_5                        - 3: return t
2026-06-08 00:24:03.590 DEBUG testcase.TC_7.1_5                        - 12: setText(css("[name='colore']"), "Nero")
2026-06-08 00:24:03.590 DEBUG testcase.TC_7.1_5                        - 1: t = new com.kms.katalon.core.testobject.TestObject(sel)
2026-06-08 00:24:03.591 DEBUG testcase.TC_7.1_5                        - 2: t.addProperty("css", EQUALS, sel)
2026-06-08 00:24:03.591 DEBUG testcase.TC_7.1_5                        - 3: return t
2026-06-08 00:24:04.190 DEBUG testcase.TC_7.1_5                        - 13: executeJavaScript("document.querySelector(\"[name='price']\").value='-5'", null)
2026-06-08 00:24:04.194 DEBUG testcase.TC_7.1_5                        - 14: executeJavaScript("document.querySelector(\"[name='quantity']\").value='10'", null)
2026-06-08 00:24:04.197 DEBUG testcase.TC_7.1_5                        - 15: valid = executeJavaScript("return document.querySelector(\"[name='price']\").checkValidity()", null)
2026-06-08 00:24:04.201 DEBUG testcase.TC_7.1_5                        - 16: verifyEqual(valid, false)
2026-06-08 00:24:04.202 DEBUG testcase.TC_7.1_5                        - 17: click(css("input[value='Aggiungi']"))
2026-06-08 00:24:04.202 DEBUG testcase.TC_7.1_5                        - 1: t = new com.kms.katalon.core.testobject.TestObject(sel)
2026-06-08 00:24:04.203 DEBUG testcase.TC_7.1_5                        - 2: t.addProperty("css", EQUALS, sel)
2026-06-08 00:24:04.203 DEBUG testcase.TC_7.1_5                        - 3: return t
2026-06-08 00:24:04.518 DEBUG testcase.TC_7.1_5                        - 18: delay(1)
2026-06-08 00:24:05.534 DEBUG testcase.TC_7.1_5                        - 19: takeScreenshot()
2026-06-08 00:24:05.877 DEBUG testcase.TC_7.1_5                        - 20: verifyElementPresent(css("input[value='Aggiungi']"), 5)
2026-06-08 00:24:05.878 DEBUG testcase.TC_7.1_5                        - 1: t = new com.kms.katalon.core.testobject.TestObject(sel)
2026-06-08 00:24:05.878 DEBUG testcase.TC_7.1_5                        - 2: t.addProperty("css", EQUALS, sel)
2026-06-08 00:24:05.878 DEBUG testcase.TC_7.1_5                        - 3: return t
2026-06-08 00:24:06.097 DEBUG testcase.TC_7.1_5                        - 21: closeBrowser()
2026-06-08 00:24:06.260 INFO  c.k.katalon.core.main.TestCaseExecutor   - END Test Cases/Prodotti/TC_7.1_5
2026-06-08 00:24:06.262 INFO  c.k.katalon.core.main.TestCaseExecutor   - --------------------
2026-06-08 00:24:06.262 INFO  c.k.katalon.core.main.TestCaseExecutor   - START Test Cases/Prodotti/TC_7.1_6
2026-06-08 00:24:06.341 INFO  com.kms.katalon.core.util.KeywordUtil    - Seed ripristinato prima di: Test Cases/Prodotti/TC_7.1_6
2026-06-08 00:24:06.384 DEBUG testcase.TC_7.1_6                        - 1: openBrowser("")
2026-06-08 00:24:06.385 INFO  c.k.k.core.webui.driver.DriverFactory    - Starting 'Chrome' driver
2026-06-08 00:24:06.386 INFO  c.k.k.core.webui.driver.DriverFactory    - Action delay is set to 0 milliseconds
2026-06-08 00:24:07.150 INFO  c.k.k.core.webui.driver.DriverFactory    - sessionId = b7b0fd34ab8af85b2796414dd405b258
2026-06-08 00:24:07.151 INFO  c.k.k.core.webui.driver.DriverFactory    - browser = Chrome 148.0.7778.179
2026-06-08 00:24:07.151 INFO  c.k.k.core.webui.driver.DriverFactory    - platform = Windows 11
2026-06-08 00:24:07.151 INFO  c.k.k.core.webui.driver.DriverFactory    - seleniumVersion = 4.39.0
2026-06-08 00:24:07.151 INFO  c.k.k.core.webui.driver.DriverFactory    - proxyInformation = ProxyInformation { proxyOption=NO_PROXY, proxyServerType=HTTP, username=, password=********, proxyServerAddress=, proxyServerPort=0, executionList="", isApplyToDesiredCapabilities=true }
2026-06-08 00:24:07.161 DEBUG testcase.TC_7.1_6                        - 2: navigateToUrl(base + "loginForm.jsp")
2026-06-08 00:24:07.563 DEBUG testcase.TC_7.1_6                        - 3: setText(css("#email"), "g.barba14@studenti.unisa.it")
2026-06-08 00:24:07.564 DEBUG testcase.TC_7.1_6                        - 1: t = new com.kms.katalon.core.testobject.TestObject(sel)
2026-06-08 00:24:07.564 DEBUG testcase.TC_7.1_6                        - 2: t.addProperty("css", EQUALS, sel)
2026-06-08 00:24:07.565 DEBUG testcase.TC_7.1_6                        - 3: return t
2026-06-08 00:24:08.146 DEBUG testcase.TC_7.1_6                        - 4: setText(css("#password"), "ABC123.")
2026-06-08 00:24:08.146 DEBUG testcase.TC_7.1_6                        - 1: t = new com.kms.katalon.core.testobject.TestObject(sel)
2026-06-08 00:24:08.146 DEBUG testcase.TC_7.1_6                        - 2: t.addProperty("css", EQUALS, sel)
2026-06-08 00:24:08.146 DEBUG testcase.TC_7.1_6                        - 3: return t
2026-06-08 00:24:08.681 DEBUG testcase.TC_7.1_6                        - 5: click(css("#submit"))
2026-06-08 00:24:08.681 DEBUG testcase.TC_7.1_6                        - 1: t = new com.kms.katalon.core.testobject.TestObject(sel)
2026-06-08 00:24:08.682 DEBUG testcase.TC_7.1_6                        - 2: t.addProperty("css", EQUALS, sel)
2026-06-08 00:24:08.682 DEBUG testcase.TC_7.1_6                        - 3: return t
2026-06-08 00:24:09.007 DEBUG testcase.TC_7.1_6                        - 6: delay(2)
2026-06-08 00:24:11.014 DEBUG testcase.TC_7.1_6                        - 7: navigateToUrl(base + "product")
2026-06-08 00:24:11.096 DEBUG testcase.TC_7.1_6                        - 8: delay(2)
2026-06-08 00:24:13.111 DEBUG testcase.TC_7.1_6                        - 9: setText(css("[name='name']"), "Test Pod")
2026-06-08 00:24:13.112 DEBUG testcase.TC_7.1_6                        - 1: t = new com.kms.katalon.core.testobject.TestObject(sel)
2026-06-08 00:24:13.113 DEBUG testcase.TC_7.1_6                        - 2: t.addProperty("css", EQUALS, sel)
2026-06-08 00:24:13.114 DEBUG testcase.TC_7.1_6                        - 3: return t
2026-06-08 00:24:13.716 DEBUG testcase.TC_7.1_6                        - 10: setText(css("[name='description']"), "Pod di prova")
2026-06-08 00:24:13.717 DEBUG testcase.TC_7.1_6                        - 1: t = new com.kms.katalon.core.testobject.TestObject(sel)
2026-06-08 00:24:13.717 DEBUG testcase.TC_7.1_6                        - 2: t.addProperty("css", EQUALS, sel)
2026-06-08 00:24:13.717 DEBUG testcase.TC_7.1_6                        - 3: return t
2026-06-08 00:24:14.272 DEBUG testcase.TC_7.1_6                        - 11: setText(css("[name='tipo']"), "Svapo")
2026-06-08 00:24:14.272 DEBUG testcase.TC_7.1_6                        - 1: t = new com.kms.katalon.core.testobject.TestObject(sel)
2026-06-08 00:24:14.273 DEBUG testcase.TC_7.1_6                        - 2: t.addProperty("css", EQUALS, sel)
2026-06-08 00:24:14.273 DEBUG testcase.TC_7.1_6                        - 3: return t
2026-06-08 00:24:14.834 DEBUG testcase.TC_7.1_6                        - 12: setText(css("[name='colore']"), "Nero")
2026-06-08 00:24:14.834 DEBUG testcase.TC_7.1_6                        - 1: t = new com.kms.katalon.core.testobject.TestObject(sel)
2026-06-08 00:24:14.835 DEBUG testcase.TC_7.1_6                        - 2: t.addProperty("css", EQUALS, sel)
2026-06-08 00:24:14.835 DEBUG testcase.TC_7.1_6                        - 3: return t
2026-06-08 00:24:15.429 DEBUG testcase.TC_7.1_6                        - 13: executeJavaScript("document.querySelector(\"[name='price']\").value=''", null)
2026-06-08 00:24:15.433 DEBUG testcase.TC_7.1_6                        - 14: executeJavaScript("document.querySelector(\"[name='quantity']\").value='10'", null)
2026-06-08 00:24:15.437 DEBUG testcase.TC_7.1_6                        - 15: valid = executeJavaScript("return document.querySelector(\"[name='price']\").checkValidity()", null)
2026-06-08 00:24:15.441 DEBUG testcase.TC_7.1_6                        - 16: verifyEqual(valid, false)
2026-06-08 00:24:15.443 DEBUG testcase.TC_7.1_6                        - 17: click(css("input[value='Aggiungi']"))
2026-06-08 00:24:15.443 DEBUG testcase.TC_7.1_6                        - 1: t = new com.kms.katalon.core.testobject.TestObject(sel)
2026-06-08 00:24:15.443 DEBUG testcase.TC_7.1_6                        - 2: t.addProperty("css", EQUALS, sel)
2026-06-08 00:24:15.443 DEBUG testcase.TC_7.1_6                        - 3: return t
2026-06-08 00:24:15.751 DEBUG testcase.TC_7.1_6                        - 18: delay(1)
2026-06-08 00:24:16.765 DEBUG testcase.TC_7.1_6                        - 19: takeScreenshot()
2026-06-08 00:24:17.134 DEBUG testcase.TC_7.1_6                        - 20: verifyElementPresent(css("input[value='Aggiungi']"), 5)
2026-06-08 00:24:17.135 DEBUG testcase.TC_7.1_6                        - 1: t = new com.kms.katalon.core.testobject.TestObject(sel)
2026-06-08 00:24:17.135 DEBUG testcase.TC_7.1_6                        - 2: t.addProperty("css", EQUALS, sel)
2026-06-08 00:24:17.135 DEBUG testcase.TC_7.1_6                        - 3: return t
2026-06-08 00:24:17.367 DEBUG testcase.TC_7.1_6                        - 21: closeBrowser()
2026-06-08 00:24:17.543 INFO  c.k.katalon.core.main.TestCaseExecutor   - END Test Cases/Prodotti/TC_7.1_6
2026-06-08 00:24:17.545 INFO  c.k.katalon.core.main.TestCaseExecutor   - --------------------
2026-06-08 00:24:17.545 INFO  c.k.katalon.core.main.TestCaseExecutor   - START Test Cases/Prodotti/TC_7.1_7
2026-06-08 00:24:17.629 INFO  com.kms.katalon.core.util.KeywordUtil    - Seed ripristinato prima di: Test Cases/Prodotti/TC_7.1_7
2026-06-08 00:24:17.666 DEBUG testcase.TC_7.1_7                        - 1: openBrowser("")
2026-06-08 00:24:17.667 INFO  c.k.k.core.webui.driver.DriverFactory    - Starting 'Chrome' driver
2026-06-08 00:24:17.668 INFO  c.k.k.core.webui.driver.DriverFactory    - Action delay is set to 0 milliseconds
2026-06-08 00:24:18.428 INFO  c.k.k.core.webui.driver.DriverFactory    - sessionId = b23523f1aa7a0d526c2207f43c1641a1
2026-06-08 00:24:18.429 INFO  c.k.k.core.webui.driver.DriverFactory    - browser = Chrome 148.0.7778.179
2026-06-08 00:24:18.429 INFO  c.k.k.core.webui.driver.DriverFactory    - platform = Windows 11
2026-06-08 00:24:18.429 INFO  c.k.k.core.webui.driver.DriverFactory    - seleniumVersion = 4.39.0
2026-06-08 00:24:18.430 INFO  c.k.k.core.webui.driver.DriverFactory    - proxyInformation = ProxyInformation { proxyOption=NO_PROXY, proxyServerType=HTTP, username=, password=********, proxyServerAddress=, proxyServerPort=0, executionList="", isApplyToDesiredCapabilities=true }
2026-06-08 00:24:18.439 DEBUG testcase.TC_7.1_7                        - 2: navigateToUrl(base + "loginForm.jsp")
2026-06-08 00:24:19.312 DEBUG testcase.TC_7.1_7                        - 3: setText(css("#email"), "g.barba14@studenti.unisa.it")
2026-06-08 00:24:19.312 DEBUG testcase.TC_7.1_7                        - 1: t = new com.kms.katalon.core.testobject.TestObject(sel)
2026-06-08 00:24:19.313 DEBUG testcase.TC_7.1_7                        - 2: t.addProperty("css", EQUALS, sel)
2026-06-08 00:24:19.314 DEBUG testcase.TC_7.1_7                        - 3: return t
2026-06-08 00:24:19.867 DEBUG testcase.TC_7.1_7                        - 4: setText(css("#password"), "ABC123.")
2026-06-08 00:24:19.867 DEBUG testcase.TC_7.1_7                        - 1: t = new com.kms.katalon.core.testobject.TestObject(sel)
2026-06-08 00:24:19.867 DEBUG testcase.TC_7.1_7                        - 2: t.addProperty("css", EQUALS, sel)
2026-06-08 00:24:19.868 DEBUG testcase.TC_7.1_7                        - 3: return t
2026-06-08 00:24:20.400 DEBUG testcase.TC_7.1_7                        - 5: click(css("#submit"))
2026-06-08 00:24:20.401 DEBUG testcase.TC_7.1_7                        - 1: t = new com.kms.katalon.core.testobject.TestObject(sel)
2026-06-08 00:24:20.401 DEBUG testcase.TC_7.1_7                        - 2: t.addProperty("css", EQUALS, sel)
2026-06-08 00:24:20.401 DEBUG testcase.TC_7.1_7                        - 3: return t
2026-06-08 00:24:20.701 DEBUG testcase.TC_7.1_7                        - 6: delay(2)
2026-06-08 00:24:22.709 DEBUG testcase.TC_7.1_7                        - 7: navigateToUrl(base + "product")
2026-06-08 00:24:22.878 DEBUG testcase.TC_7.1_7                        - 8: delay(2)
2026-06-08 00:24:24.888 DEBUG testcase.TC_7.1_7                        - 9: setText(css("[name='name']"), "Test Pod")
2026-06-08 00:24:24.889 DEBUG testcase.TC_7.1_7                        - 1: t = new com.kms.katalon.core.testobject.TestObject(sel)
2026-06-08 00:24:24.890 DEBUG testcase.TC_7.1_7                        - 2: t.addProperty("css", EQUALS, sel)
2026-06-08 00:24:24.890 DEBUG testcase.TC_7.1_7                        - 3: return t
2026-06-08 00:24:25.472 DEBUG testcase.TC_7.1_7                        - 10: setText(css("[name='description']"), "Pod di prova")
2026-06-08 00:24:25.472 DEBUG testcase.TC_7.1_7                        - 1: t = new com.kms.katalon.core.testobject.TestObject(sel)
2026-06-08 00:24:25.473 DEBUG testcase.TC_7.1_7                        - 2: t.addProperty("css", EQUALS, sel)
2026-06-08 00:24:25.473 DEBUG testcase.TC_7.1_7                        - 3: return t
2026-06-08 00:24:26.058 DEBUG testcase.TC_7.1_7                        - 11: setText(css("[name='tipo']"), "Svapo")
2026-06-08 00:24:26.058 DEBUG testcase.TC_7.1_7                        - 1: t = new com.kms.katalon.core.testobject.TestObject(sel)
2026-06-08 00:24:26.058 DEBUG testcase.TC_7.1_7                        - 2: t.addProperty("css", EQUALS, sel)
2026-06-08 00:24:26.058 DEBUG testcase.TC_7.1_7                        - 3: return t
2026-06-08 00:24:26.614 DEBUG testcase.TC_7.1_7                        - 12: setText(css("[name='colore']"), "Nero")
2026-06-08 00:24:26.614 DEBUG testcase.TC_7.1_7                        - 1: t = new com.kms.katalon.core.testobject.TestObject(sel)
2026-06-08 00:24:26.614 DEBUG testcase.TC_7.1_7                        - 2: t.addProperty("css", EQUALS, sel)
2026-06-08 00:24:26.614 DEBUG testcase.TC_7.1_7                        - 3: return t
2026-06-08 00:24:27.180 DEBUG testcase.TC_7.1_7                        - 13: executeJavaScript("document.querySelector(\"[name='price']\").value='30.00'", null)
2026-06-08 00:24:27.184 DEBUG testcase.TC_7.1_7                        - 14: executeJavaScript("document.querySelector(\"[name='quantity']\").value='0'", null)
2026-06-08 00:24:27.188 DEBUG testcase.TC_7.1_7                        - 15: valid = executeJavaScript("return document.querySelector(\"[name='quantity']\").checkValidity()", null)
2026-06-08 00:24:27.191 DEBUG testcase.TC_7.1_7                        - 16: verifyEqual(valid, false)
2026-06-08 00:24:27.192 DEBUG testcase.TC_7.1_7                        - 17: click(css("input[value='Aggiungi']"))
2026-06-08 00:24:27.192 DEBUG testcase.TC_7.1_7                        - 1: t = new com.kms.katalon.core.testobject.TestObject(sel)
2026-06-08 00:24:27.193 DEBUG testcase.TC_7.1_7                        - 2: t.addProperty("css", EQUALS, sel)
2026-06-08 00:24:27.193 DEBUG testcase.TC_7.1_7                        - 3: return t
2026-06-08 00:24:27.487 DEBUG testcase.TC_7.1_7                        - 18: delay(1)
2026-06-08 00:24:28.502 DEBUG testcase.TC_7.1_7                        - 19: takeScreenshot()
2026-06-08 00:24:28.852 DEBUG testcase.TC_7.1_7                        - 20: verifyElementPresent(css("input[value='Aggiungi']"), 5)
2026-06-08 00:24:28.854 DEBUG testcase.TC_7.1_7                        - 1: t = new com.kms.katalon.core.testobject.TestObject(sel)
2026-06-08 00:24:28.854 DEBUG testcase.TC_7.1_7                        - 2: t.addProperty("css", EQUALS, sel)
2026-06-08 00:24:28.854 DEBUG testcase.TC_7.1_7                        - 3: return t
2026-06-08 00:24:29.078 DEBUG testcase.TC_7.1_7                        - 21: closeBrowser()
2026-06-08 00:24:29.305 INFO  c.k.katalon.core.main.TestCaseExecutor   - END Test Cases/Prodotti/TC_7.1_7
2026-06-08 00:24:29.306 INFO  c.k.katalon.core.main.TestCaseExecutor   - --------------------
2026-06-08 00:24:29.307 INFO  c.k.katalon.core.main.TestCaseExecutor   - START Test Cases/Prodotti/TC_7.1_8
2026-06-08 00:24:29.391 INFO  com.kms.katalon.core.util.KeywordUtil    - Seed ripristinato prima di: Test Cases/Prodotti/TC_7.1_8
2026-06-08 00:24:29.435 DEBUG testcase.TC_7.1_8                        - 1: openBrowser("")
2026-06-08 00:24:29.436 INFO  c.k.k.core.webui.driver.DriverFactory    - Starting 'Chrome' driver
2026-06-08 00:24:29.436 INFO  c.k.k.core.webui.driver.DriverFactory    - Action delay is set to 0 milliseconds
2026-06-08 00:24:30.204 INFO  c.k.k.core.webui.driver.DriverFactory    - sessionId = a4017c13fea38b603c075ebb8ce8074a
2026-06-08 00:24:30.204 INFO  c.k.k.core.webui.driver.DriverFactory    - browser = Chrome 148.0.7778.179
2026-06-08 00:24:30.204 INFO  c.k.k.core.webui.driver.DriverFactory    - platform = Windows 11
2026-06-08 00:24:30.204 INFO  c.k.k.core.webui.driver.DriverFactory    - seleniumVersion = 4.39.0
2026-06-08 00:24:30.204 INFO  c.k.k.core.webui.driver.DriverFactory    - proxyInformation = ProxyInformation { proxyOption=NO_PROXY, proxyServerType=HTTP, username=, password=********, proxyServerAddress=, proxyServerPort=0, executionList="", isApplyToDesiredCapabilities=true }
2026-06-08 00:24:30.211 DEBUG testcase.TC_7.1_8                        - 2: navigateToUrl(base + "loginForm.jsp")
2026-06-08 00:24:30.631 DEBUG testcase.TC_7.1_8                        - 3: setText(css("#email"), "g.barba14@studenti.unisa.it")
2026-06-08 00:24:30.631 DEBUG testcase.TC_7.1_8                        - 1: t = new com.kms.katalon.core.testobject.TestObject(sel)
2026-06-08 00:24:30.631 DEBUG testcase.TC_7.1_8                        - 2: t.addProperty("css", EQUALS, sel)
2026-06-08 00:24:30.633 DEBUG testcase.TC_7.1_8                        - 3: return t
2026-06-08 00:24:31.183 DEBUG testcase.TC_7.1_8                        - 4: setText(css("#password"), "ABC123.")
2026-06-08 00:24:31.183 DEBUG testcase.TC_7.1_8                        - 1: t = new com.kms.katalon.core.testobject.TestObject(sel)
2026-06-08 00:24:31.183 DEBUG testcase.TC_7.1_8                        - 2: t.addProperty("css", EQUALS, sel)
2026-06-08 00:24:31.183 DEBUG testcase.TC_7.1_8                        - 3: return t
2026-06-08 00:24:31.703 DEBUG testcase.TC_7.1_8                        - 5: click(css("#submit"))
2026-06-08 00:24:31.704 DEBUG testcase.TC_7.1_8                        - 1: t = new com.kms.katalon.core.testobject.TestObject(sel)
2026-06-08 00:24:31.704 DEBUG testcase.TC_7.1_8                        - 2: t.addProperty("css", EQUALS, sel)
2026-06-08 00:24:31.704 DEBUG testcase.TC_7.1_8                        - 3: return t
2026-06-08 00:24:32.014 DEBUG testcase.TC_7.1_8                        - 6: delay(2)
2026-06-08 00:24:34.018 DEBUG testcase.TC_7.1_8                        - 7: navigateToUrl(base + "product")
2026-06-08 00:24:34.085 DEBUG testcase.TC_7.1_8                        - 8: delay(2)
2026-06-08 00:24:36.089 DEBUG testcase.TC_7.1_8                        - 9: setText(css("[name='name']"), "Test Pod")
2026-06-08 00:24:36.090 DEBUG testcase.TC_7.1_8                        - 1: t = new com.kms.katalon.core.testobject.TestObject(sel)
2026-06-08 00:24:36.091 DEBUG testcase.TC_7.1_8                        - 2: t.addProperty("css", EQUALS, sel)
2026-06-08 00:24:36.092 DEBUG testcase.TC_7.1_8                        - 3: return t
2026-06-08 00:24:36.662 DEBUG testcase.TC_7.1_8                        - 10: setText(css("[name='description']"), "Pod di prova")
2026-06-08 00:24:36.662 DEBUG testcase.TC_7.1_8                        - 1: t = new com.kms.katalon.core.testobject.TestObject(sel)
2026-06-08 00:24:36.664 DEBUG testcase.TC_7.1_8                        - 2: t.addProperty("css", EQUALS, sel)
2026-06-08 00:24:36.664 DEBUG testcase.TC_7.1_8                        - 3: return t
2026-06-08 00:24:37.231 DEBUG testcase.TC_7.1_8                        - 11: setText(css("[name='tipo']"), "Svapo")
2026-06-08 00:24:37.232 DEBUG testcase.TC_7.1_8                        - 1: t = new com.kms.katalon.core.testobject.TestObject(sel)
2026-06-08 00:24:37.232 DEBUG testcase.TC_7.1_8                        - 2: t.addProperty("css", EQUALS, sel)
2026-06-08 00:24:37.232 DEBUG testcase.TC_7.1_8                        - 3: return t
2026-06-08 00:24:37.807 DEBUG testcase.TC_7.1_8                        - 12: setText(css("[name='colore']"), "Nero")
2026-06-08 00:24:37.808 DEBUG testcase.TC_7.1_8                        - 1: t = new com.kms.katalon.core.testobject.TestObject(sel)
2026-06-08 00:24:37.808 DEBUG testcase.TC_7.1_8                        - 2: t.addProperty("css", EQUALS, sel)
2026-06-08 00:24:37.808 DEBUG testcase.TC_7.1_8                        - 3: return t
2026-06-08 00:24:38.351 DEBUG testcase.TC_7.1_8                        - 13: executeJavaScript("document.querySelector(\"[name='price']\").value='30.00'", null)
2026-06-08 00:24:38.355 DEBUG testcase.TC_7.1_8                        - 14: executeJavaScript("document.querySelector(\"[name='quantity']\").value=''", null)
2026-06-08 00:24:38.359 DEBUG testcase.TC_7.1_8                        - 15: valid = executeJavaScript("return document.querySelector(\"[name='quantity']\").checkValidity()", null)
2026-06-08 00:24:38.363 DEBUG testcase.TC_7.1_8                        - 16: verifyEqual(valid, false)
2026-06-08 00:24:38.364 DEBUG testcase.TC_7.1_8                        - 17: click(css("input[value='Aggiungi']"))
2026-06-08 00:24:38.364 DEBUG testcase.TC_7.1_8                        - 1: t = new com.kms.katalon.core.testobject.TestObject(sel)
2026-06-08 00:24:38.364 DEBUG testcase.TC_7.1_8                        - 2: t.addProperty("css", EQUALS, sel)
2026-06-08 00:24:38.365 DEBUG testcase.TC_7.1_8                        - 3: return t
2026-06-08 00:24:38.667 DEBUG testcase.TC_7.1_8                        - 18: delay(1)
2026-06-08 00:24:39.677 DEBUG testcase.TC_7.1_8                        - 19: takeScreenshot()
2026-06-08 00:24:40.034 DEBUG testcase.TC_7.1_8                        - 20: verifyElementPresent(css("input[value='Aggiungi']"), 5)
2026-06-08 00:24:40.034 DEBUG testcase.TC_7.1_8                        - 1: t = new com.kms.katalon.core.testobject.TestObject(sel)
2026-06-08 00:24:40.034 DEBUG testcase.TC_7.1_8                        - 2: t.addProperty("css", EQUALS, sel)
2026-06-08 00:24:40.035 DEBUG testcase.TC_7.1_8                        - 3: return t
2026-06-08 00:24:40.260 DEBUG testcase.TC_7.1_8                        - 21: closeBrowser()
2026-06-08 00:24:40.444 INFO  c.k.katalon.core.main.TestCaseExecutor   - END Test Cases/Prodotti/TC_7.1_8
2026-06-08 00:24:40.446 INFO  c.k.katalon.core.main.TestCaseExecutor   - --------------------
2026-06-08 00:24:40.446 INFO  c.k.katalon.core.main.TestCaseExecutor   - START Test Cases/Prodotti/TC_7.1_9
2026-06-08 00:24:40.519 INFO  com.kms.katalon.core.util.KeywordUtil    - Seed ripristinato prima di: Test Cases/Prodotti/TC_7.1_9
2026-06-08 00:24:40.554 DEBUG testcase.TC_7.1_9                        - 1: openBrowser("")
2026-06-08 00:24:40.555 INFO  c.k.k.core.webui.driver.DriverFactory    - Starting 'Chrome' driver
2026-06-08 00:24:40.556 INFO  c.k.k.core.webui.driver.DriverFactory    - Action delay is set to 0 milliseconds
2026-06-08 00:24:41.307 INFO  c.k.k.core.webui.driver.DriverFactory    - sessionId = 6a695b0c9b86edef34efddeee444a8cd
2026-06-08 00:24:41.307 INFO  c.k.k.core.webui.driver.DriverFactory    - browser = Chrome 148.0.7778.179
2026-06-08 00:24:41.307 INFO  c.k.k.core.webui.driver.DriverFactory    - platform = Windows 11
2026-06-08 00:24:41.308 INFO  c.k.k.core.webui.driver.DriverFactory    - seleniumVersion = 4.39.0
2026-06-08 00:24:41.308 INFO  c.k.k.core.webui.driver.DriverFactory    - proxyInformation = ProxyInformation { proxyOption=NO_PROXY, proxyServerType=HTTP, username=, password=********, proxyServerAddress=, proxyServerPort=0, executionList="", isApplyToDesiredCapabilities=true }
2026-06-08 00:24:41.314 DEBUG testcase.TC_7.1_9                        - 2: navigateToUrl(base + "loginForm.jsp")
2026-06-08 00:24:41.678 DEBUG testcase.TC_7.1_9                        - 3: setText(css("#email"), "t.mansi@studenti.unisa.it")
2026-06-08 00:24:41.679 DEBUG testcase.TC_7.1_9                        - 1: t = new com.kms.katalon.core.testobject.TestObject(sel)
2026-06-08 00:24:41.679 DEBUG testcase.TC_7.1_9                        - 2: t.addProperty("css", EQUALS, sel)
2026-06-08 00:24:41.679 DEBUG testcase.TC_7.1_9                        - 3: return t
2026-06-08 00:24:42.243 DEBUG testcase.TC_7.1_9                        - 4: setText(css("#password"), "321CBA.")
2026-06-08 00:24:42.243 DEBUG testcase.TC_7.1_9                        - 1: t = new com.kms.katalon.core.testobject.TestObject(sel)
2026-06-08 00:24:42.244 DEBUG testcase.TC_7.1_9                        - 2: t.addProperty("css", EQUALS, sel)
2026-06-08 00:24:42.244 DEBUG testcase.TC_7.1_9                        - 3: return t
2026-06-08 00:24:42.785 DEBUG testcase.TC_7.1_9                        - 5: click(css("#submit"))
2026-06-08 00:24:42.785 DEBUG testcase.TC_7.1_9                        - 1: t = new com.kms.katalon.core.testobject.TestObject(sel)
2026-06-08 00:24:42.786 DEBUG testcase.TC_7.1_9                        - 2: t.addProperty("css", EQUALS, sel)
2026-06-08 00:24:42.786 DEBUG testcase.TC_7.1_9                        - 3: return t
2026-06-08 00:24:43.100 DEBUG testcase.TC_7.1_9                        - 6: delay(2)
2026-06-08 00:24:45.113 DEBUG testcase.TC_7.1_9                        - 7: navigateToUrl(base + "ProductViewAdmin.jsp")
2026-06-08 00:24:45.269 DEBUG testcase.TC_7.1_9                        - 8: delay(2)
2026-06-08 00:24:47.278 DEBUG testcase.TC_7.1_9                        - 9: takeScreenshot()
2026-06-08 00:24:47.590 DEBUG testcase.TC_7.1_9                        - 10: verifyTextPresent("(?i)Accesso negato", true)
2026-06-08 00:24:47.838 DEBUG testcase.TC_7.1_9                        - 11: closeBrowser()
2026-06-08 00:24:47.997 INFO  c.k.katalon.core.main.TestCaseExecutor   - END Test Cases/Prodotti/TC_7.1_9
2026-06-08 00:24:47.999 INFO  c.k.katalon.core.main.TestCaseExecutor   - --------------------
2026-06-08 00:24:47.999 INFO  c.k.katalon.core.main.TestCaseExecutor   - START Test Cases/Prodotti/TC_7.2_1
2026-06-08 00:24:48.069 INFO  com.kms.katalon.core.util.KeywordUtil    - Seed ripristinato prima di: Test Cases/Prodotti/TC_7.2_1
2026-06-08 00:24:48.103 DEBUG testcase.TC_7.2_1                        - 1: openBrowser("")
2026-06-08 00:24:48.103 INFO  c.k.k.core.webui.driver.DriverFactory    - Starting 'Chrome' driver
2026-06-08 00:24:48.104 INFO  c.k.k.core.webui.driver.DriverFactory    - Action delay is set to 0 milliseconds
2026-06-08 00:24:48.845 INFO  c.k.k.core.webui.driver.DriverFactory    - sessionId = 0b5d6a4b2b500e1fafb4c70d51b051ce
2026-06-08 00:24:48.845 INFO  c.k.k.core.webui.driver.DriverFactory    - browser = Chrome 148.0.7778.179
2026-06-08 00:24:48.845 INFO  c.k.k.core.webui.driver.DriverFactory    - platform = Windows 11
2026-06-08 00:24:48.845 INFO  c.k.k.core.webui.driver.DriverFactory    - seleniumVersion = 4.39.0
2026-06-08 00:24:48.845 INFO  c.k.k.core.webui.driver.DriverFactory    - proxyInformation = ProxyInformation { proxyOption=NO_PROXY, proxyServerType=HTTP, username=, password=********, proxyServerAddress=, proxyServerPort=0, executionList="", isApplyToDesiredCapabilities=true }
2026-06-08 00:24:48.853 DEBUG testcase.TC_7.2_1                        - 2: navigateToUrl(base + "loginForm.jsp")
2026-06-08 00:24:49.247 DEBUG testcase.TC_7.2_1                        - 3: setText(css("#email"), "g.barba14@studenti.unisa.it")
2026-06-08 00:24:49.249 DEBUG testcase.TC_7.2_1                        - 1: t = new com.kms.katalon.core.testobject.TestObject(sel)
2026-06-08 00:24:49.249 DEBUG testcase.TC_7.2_1                        - 2: t.addProperty("css", EQUALS, sel)
2026-06-08 00:24:49.250 DEBUG testcase.TC_7.2_1                        - 3: return t
2026-06-08 00:24:49.821 DEBUG testcase.TC_7.2_1                        - 4: setText(css("#password"), "ABC123.")
2026-06-08 00:24:49.821 DEBUG testcase.TC_7.2_1                        - 1: t = new com.kms.katalon.core.testobject.TestObject(sel)
2026-06-08 00:24:49.821 DEBUG testcase.TC_7.2_1                        - 2: t.addProperty("css", EQUALS, sel)
2026-06-08 00:24:49.822 DEBUG testcase.TC_7.2_1                        - 3: return t
2026-06-08 00:24:50.353 DEBUG testcase.TC_7.2_1                        - 5: click(css("#submit"))
2026-06-08 00:24:50.353 DEBUG testcase.TC_7.2_1                        - 1: t = new com.kms.katalon.core.testobject.TestObject(sel)
2026-06-08 00:24:50.353 DEBUG testcase.TC_7.2_1                        - 2: t.addProperty("css", EQUALS, sel)
2026-06-08 00:24:50.353 DEBUG testcase.TC_7.2_1                        - 3: return t
2026-06-08 00:24:50.673 DEBUG testcase.TC_7.2_1                        - 6: delay(2)
2026-06-08 00:24:52.686 DEBUG testcase.TC_7.2_1                        - 7: navigateToUrl(base + "product?action=delete&id=4")
2026-06-08 00:24:52.767 DEBUG testcase.TC_7.2_1                        - 8: delay(2)
2026-06-08 00:24:54.773 DEBUG testcase.TC_7.2_1                        - 9: takeScreenshot()
2026-06-08 00:24:55.255 DEBUG testcase.TC_7.2_1                        - 10: verifyTextNotPresent("(?i)smok nord", true)
2026-06-08 00:24:55.511 DEBUG testcase.TC_7.2_1                        - 11: closeBrowser()
2026-06-08 00:24:55.657 INFO  c.k.katalon.core.main.TestCaseExecutor   - END Test Cases/Prodotti/TC_7.2_1
2026-06-08 00:24:55.659 INFO  c.k.katalon.core.main.TestCaseExecutor   - --------------------
2026-06-08 00:24:55.659 INFO  c.k.katalon.core.main.TestCaseExecutor   - START Test Cases/Prodotti/TC_7.2_2
2026-06-08 00:24:55.736 INFO  com.kms.katalon.core.util.KeywordUtil    - Seed ripristinato prima di: Test Cases/Prodotti/TC_7.2_2
2026-06-08 00:24:55.772 DEBUG testcase.TC_7.2_2                        - 1: openBrowser("")
2026-06-08 00:24:55.773 INFO  c.k.k.core.webui.driver.DriverFactory    - Starting 'Chrome' driver
2026-06-08 00:24:55.773 INFO  c.k.k.core.webui.driver.DriverFactory    - Action delay is set to 0 milliseconds
2026-06-08 00:24:56.543 INFO  c.k.k.core.webui.driver.DriverFactory    - sessionId = a4a73dd5b9a623444a7725375d6f8796
2026-06-08 00:24:56.543 INFO  c.k.k.core.webui.driver.DriverFactory    - browser = Chrome 148.0.7778.179
2026-06-08 00:24:56.543 INFO  c.k.k.core.webui.driver.DriverFactory    - platform = Windows 11
2026-06-08 00:24:56.543 INFO  c.k.k.core.webui.driver.DriverFactory    - seleniumVersion = 4.39.0
2026-06-08 00:24:56.544 INFO  c.k.k.core.webui.driver.DriverFactory    - proxyInformation = ProxyInformation { proxyOption=NO_PROXY, proxyServerType=HTTP, username=, password=********, proxyServerAddress=, proxyServerPort=0, executionList="", isApplyToDesiredCapabilities=true }
2026-06-08 00:24:56.551 DEBUG testcase.TC_7.2_2                        - 2: navigateToUrl(base + "loginForm.jsp")
2026-06-08 00:24:56.983 DEBUG testcase.TC_7.2_2                        - 3: setText(css("#email"), "g.barba14@studenti.unisa.it")
2026-06-08 00:24:56.984 DEBUG testcase.TC_7.2_2                        - 1: t = new com.kms.katalon.core.testobject.TestObject(sel)
2026-06-08 00:24:56.985 DEBUG testcase.TC_7.2_2                        - 2: t.addProperty("css", EQUALS, sel)
2026-06-08 00:24:56.985 DEBUG testcase.TC_7.2_2                        - 3: return t
2026-06-08 00:24:57.574 DEBUG testcase.TC_7.2_2                        - 4: setText(css("#password"), "ABC123.")
2026-06-08 00:24:57.574 DEBUG testcase.TC_7.2_2                        - 1: t = new com.kms.katalon.core.testobject.TestObject(sel)
2026-06-08 00:24:57.574 DEBUG testcase.TC_7.2_2                        - 2: t.addProperty("css", EQUALS, sel)
2026-06-08 00:24:57.574 DEBUG testcase.TC_7.2_2                        - 3: return t
2026-06-08 00:24:58.124 DEBUG testcase.TC_7.2_2                        - 5: click(css("#submit"))
2026-06-08 00:24:58.125 DEBUG testcase.TC_7.2_2                        - 1: t = new com.kms.katalon.core.testobject.TestObject(sel)
2026-06-08 00:24:58.125 DEBUG testcase.TC_7.2_2                        - 2: t.addProperty("css", EQUALS, sel)
2026-06-08 00:24:58.125 DEBUG testcase.TC_7.2_2                        - 3: return t
2026-06-08 00:24:58.438 DEBUG testcase.TC_7.2_2                        - 6: delay(2)
2026-06-08 00:25:00.447 DEBUG testcase.TC_7.2_2                        - 7: navigateToUrl(base + "product?action=delete&id=999")
2026-06-08 00:25:00.511 DEBUG testcase.TC_7.2_2                        - 8: delay(2)
2026-06-08 00:25:02.523 DEBUG testcase.TC_7.2_2                        - 9: takeScreenshot()
2026-06-08 00:25:03.012 DEBUG testcase.TC_7.2_2                        - 10: verifyTextPresent("(?i)kiwi", true)
2026-06-08 00:25:03.274 DEBUG testcase.TC_7.2_2                        - 11: closeBrowser()
2026-06-08 00:25:03.441 INFO  c.k.katalon.core.main.TestCaseExecutor   - END Test Cases/Prodotti/TC_7.2_2
2026-06-08 00:25:03.443 INFO  c.k.katalon.core.main.TestCaseExecutor   - --------------------
2026-06-08 00:25:03.443 INFO  c.k.katalon.core.main.TestCaseExecutor   - START Test Cases/Prodotti/TC_7.2_3
2026-06-08 00:25:03.512 INFO  com.kms.katalon.core.util.KeywordUtil    - Seed ripristinato prima di: Test Cases/Prodotti/TC_7.2_3
2026-06-08 00:25:03.553 DEBUG testcase.TC_7.2_3                        - 1: openBrowser("")
2026-06-08 00:25:03.553 INFO  c.k.k.core.webui.driver.DriverFactory    - Starting 'Chrome' driver
2026-06-08 00:25:03.554 INFO  c.k.k.core.webui.driver.DriverFactory    - Action delay is set to 0 milliseconds
2026-06-08 00:25:04.270 INFO  c.k.k.core.webui.driver.DriverFactory    - sessionId = c4a18bd103c1524520288938a835cb06
2026-06-08 00:25:04.270 INFO  c.k.k.core.webui.driver.DriverFactory    - browser = Chrome 148.0.7778.179
2026-06-08 00:25:04.270 INFO  c.k.k.core.webui.driver.DriverFactory    - platform = Windows 11
2026-06-08 00:25:04.270 INFO  c.k.k.core.webui.driver.DriverFactory    - seleniumVersion = 4.39.0
2026-06-08 00:25:04.271 INFO  c.k.k.core.webui.driver.DriverFactory    - proxyInformation = ProxyInformation { proxyOption=NO_PROXY, proxyServerType=HTTP, username=, password=********, proxyServerAddress=, proxyServerPort=0, executionList="", isApplyToDesiredCapabilities=true }
2026-06-08 00:25:04.277 DEBUG testcase.TC_7.2_3                        - 2: navigateToUrl(base + "loginForm.jsp")
2026-06-08 00:25:04.792 DEBUG testcase.TC_7.2_3                        - 3: setText(css("#email"), "g.barba14@studenti.unisa.it")
2026-06-08 00:25:04.792 DEBUG testcase.TC_7.2_3                        - 1: t = new com.kms.katalon.core.testobject.TestObject(sel)
2026-06-08 00:25:04.793 DEBUG testcase.TC_7.2_3                        - 2: t.addProperty("css", EQUALS, sel)
2026-06-08 00:25:04.793 DEBUG testcase.TC_7.2_3                        - 3: return t
2026-06-08 00:25:05.383 DEBUG testcase.TC_7.2_3                        - 4: setText(css("#password"), "ABC123.")
2026-06-08 00:25:05.384 DEBUG testcase.TC_7.2_3                        - 1: t = new com.kms.katalon.core.testobject.TestObject(sel)
2026-06-08 00:25:05.384 DEBUG testcase.TC_7.2_3                        - 2: t.addProperty("css", EQUALS, sel)
2026-06-08 00:25:05.384 DEBUG testcase.TC_7.2_3                        - 3: return t
2026-06-08 00:25:05.911 DEBUG testcase.TC_7.2_3                        - 5: click(css("#submit"))
2026-06-08 00:25:05.912 DEBUG testcase.TC_7.2_3                        - 1: t = new com.kms.katalon.core.testobject.TestObject(sel)
2026-06-08 00:25:05.912 DEBUG testcase.TC_7.2_3                        - 2: t.addProperty("css", EQUALS, sel)
2026-06-08 00:25:05.912 DEBUG testcase.TC_7.2_3                        - 3: return t
2026-06-08 00:25:06.224 DEBUG testcase.TC_7.2_3                        - 6: delay(2)
2026-06-08 00:25:08.230 DEBUG testcase.TC_7.2_3                        - 7: navigateToUrl(base + "product?action=delete&id=2")
2026-06-08 00:25:08.354 DEBUG testcase.TC_7.2_3                        - 8: delay(2)
2026-06-08 00:25:10.368 DEBUG testcase.TC_7.2_3                        - 9: takeScreenshot()
2026-06-08 00:25:10.861 DEBUG testcase.TC_7.2_3                        - 10: verifyTextPresent("(?i)kiwi", true, CONTINUE_ON_FAILURE)
2026-06-08 00:25:11.116 DEBUG testcase.TC_7.2_3                        - 11: closeBrowser()
2026-06-08 00:25:11.299 INFO  c.k.katalon.core.main.TestCaseExecutor   - END Test Cases/Prodotti/TC_7.2_3
2026-06-08 00:25:11.302 INFO  c.k.katalon.core.main.TestCaseExecutor   - --------------------
2026-06-08 00:25:11.302 INFO  c.k.katalon.core.main.TestCaseExecutor   - START Test Cases/Prodotti/TC_7.2_4
2026-06-08 00:25:21.452 ERROR com.kms.katalon.core.util.KeywordUtil    - ❌ Fixture reset seed fallita (exit=1): mysql: [Warning] Using a password on the command line interface can be insecure.
ERROR 1205 (HY000) at line 24: Lock wait timeout exceeded; try restarting transaction

2026-06-08 00:25:21.502 DEBUG testcase.TC_7.2_4                        - 1: openBrowser("")
2026-06-08 00:25:21.502 INFO  c.k.k.core.webui.driver.DriverFactory    - Starting 'Chrome' driver
2026-06-08 00:25:21.503 INFO  c.k.k.core.webui.driver.DriverFactory    - Action delay is set to 0 milliseconds
2026-06-08 00:25:22.240 INFO  c.k.k.core.webui.driver.DriverFactory    - sessionId = 596e995594a0b6fcfba39894c055e55c
2026-06-08 00:25:22.240 INFO  c.k.k.core.webui.driver.DriverFactory    - browser = Chrome 148.0.7778.179
2026-06-08 00:25:22.240 INFO  c.k.k.core.webui.driver.DriverFactory    - platform = Windows 11
2026-06-08 00:25:22.240 INFO  c.k.k.core.webui.driver.DriverFactory    - seleniumVersion = 4.39.0
2026-06-08 00:25:22.240 INFO  c.k.k.core.webui.driver.DriverFactory    - proxyInformation = ProxyInformation { proxyOption=NO_PROXY, proxyServerType=HTTP, username=, password=********, proxyServerAddress=, proxyServerPort=0, executionList="", isApplyToDesiredCapabilities=true }
2026-06-08 00:25:22.248 DEBUG testcase.TC_7.2_4                        - 2: navigateToUrl(base + "loginForm.jsp")
2026-06-08 00:25:22.660 DEBUG testcase.TC_7.2_4                        - 3: setText(css("#email"), "t.mansi@studenti.unisa.it")
2026-06-08 00:25:22.660 DEBUG testcase.TC_7.2_4                        - 1: t = new com.kms.katalon.core.testobject.TestObject(sel)
2026-06-08 00:25:22.661 DEBUG testcase.TC_7.2_4                        - 2: t.addProperty("css", EQUALS, sel)
2026-06-08 00:25:22.662 DEBUG testcase.TC_7.2_4                        - 3: return t
2026-06-08 00:25:23.220 DEBUG testcase.TC_7.2_4                        - 4: setText(css("#password"), "321CBA.")
2026-06-08 00:25:23.221 DEBUG testcase.TC_7.2_4                        - 1: t = new com.kms.katalon.core.testobject.TestObject(sel)
2026-06-08 00:25:23.221 DEBUG testcase.TC_7.2_4                        - 2: t.addProperty("css", EQUALS, sel)
2026-06-08 00:25:23.222 DEBUG testcase.TC_7.2_4                        - 3: return t
2026-06-08 00:25:23.757 DEBUG testcase.TC_7.2_4                        - 5: click(css("#submit"))
2026-06-08 00:25:23.758 DEBUG testcase.TC_7.2_4                        - 1: t = new com.kms.katalon.core.testobject.TestObject(sel)
2026-06-08 00:25:23.758 DEBUG testcase.TC_7.2_4                        - 2: t.addProperty("css", EQUALS, sel)
2026-06-08 00:25:23.758 DEBUG testcase.TC_7.2_4                        - 3: return t
2026-06-08 00:25:24.046 DEBUG testcase.TC_7.2_4                        - 6: delay(2)
2026-06-08 00:25:26.055 DEBUG testcase.TC_7.2_4                        - 7: navigateToUrl(base + "product?action=delete&id=4")
2026-06-08 00:25:26.308 DEBUG testcase.TC_7.2_4                        - 8: delay(2)
2026-06-08 00:25:28.314 DEBUG testcase.TC_7.2_4                        - 9: takeScreenshot()
2026-06-08 00:25:28.787 DEBUG testcase.TC_7.2_4                        - 10: verifyTextPresent("(?i)Accesso negato", true, CONTINUE_ON_FAILURE)
2026-06-08 00:25:29.048 ERROR c.k.k.core.keyword.internal.KeywordMain  - ❌ Text '(?i)Accesso negato' is not present on page  using regular expression (Root cause: com.kms.katalon.core.exception.StepFailedException: Text '(?i)Accesso negato' is not present on page  using regular expression
	at com.kms.katalon.core.webui.keyword.internal.WebUIKeywordMain.stepFailed(WebUIKeywordMain.groovy:177)
	at com.kms.katalon.core.webui.keyword.builtin.VerifyTextPresentKeyword$_verifyTextPresent_closure1.doCall(VerifyTextPresentKeyword.groovy:79)
	at com.kms.katalon.core.webui.keyword.builtin.VerifyTextPresentKeyword$_verifyTextPresent_closure1.call(VerifyTextPresentKeyword.groovy)
	at com.kms.katalon.core.webui.keyword.internal.WebUIKeywordMain.runKeyword(WebUIKeywordMain.groovy:41)
	at com.kms.katalon.core.webui.keyword.builtin.VerifyTextPresentKeyword.verifyTextPresent(VerifyTextPresentKeyword.groovy:83)
	at com.kms.katalon.core.webui.keyword.builtin.VerifyTextPresentKeyword.execute(VerifyTextPresentKeyword.groovy:68)
	at com.kms.katalon.core.keyword.internal.KeywordExecutor.executeKeywordForPlatform(KeywordExecutor.groovy:103)
	at com.kms.katalon.core.webui.keyword.WebUiBuiltInKeywords.verifyTextPresent(WebUiBuiltInKeywords.groovy:1809)
	at Script178070070204.run(Script178070070204.groovy:29)
	at com.kms.katalon.core.main.ScriptEngine.run(ScriptEngine.java:203)
	at com.kms.katalon.core.main.ScriptEngine.runScriptAsRawText(ScriptEngine.java:115)
	at com.kms.katalon.core.main.TestCaseExecutor.runScript(TestCaseExecutor.java:506)
	at com.kms.katalon.core.main.TestCaseExecutor.doExecute(TestCaseExecutor.java:497)
	at com.kms.katalon.core.main.TestCaseExecutor.processExecutionPhase(TestCaseExecutor.java:476)
	at com.kms.katalon.core.main.TestCaseExecutor.accessMainPhase(TestCaseExecutor.java:468)
	at com.kms.katalon.core.main.TestCaseExecutor.execute(TestCaseExecutor.java:334)
	at com.kms.katalon.core.common.CommonExecutor.accessTestCaseMainPhase(CommonExecutor.java:71)
	at com.kms.katalon.core.main.TestSuiteExecutor.accessTestSuiteMainPhase(TestSuiteExecutor.java:153)
	at com.kms.katalon.core.main.TestSuiteExecutor.execute(TestSuiteExecutor.java:110)
	at com.kms.katalon.core.main.TestCaseMain.startTestSuite(TestCaseMain.java:206)
	at S0608_0.run(S0608_0.groovy:40)
	at java.base/jdk.internal.reflect.DirectMethodHandleAccessor.invoke(DirectMethodHandleAccessor.java:103)
)
2026-06-08 00:25:29.049 DEBUG testcase.TC_7.2_4                        - 11: closeBrowser()
2026-06-08 00:25:29.201 ERROR c.k.katalon.core.main.TestCaseExecutor   - ❌ Test Cases/Prodotti/TC_7.2_4 FAILED.
Reason:
com.kms.katalon.core.exception.StepFailedException: Text '(?i)Accesso negato' is not present on page  using regular expression (Root cause: com.kms.katalon.core.exception.StepFailedException: Text '(?i)Accesso negato' is not present on page  using regular expression
	at com.kms.katalon.core.webui.keyword.internal.WebUIKeywordMain.stepFailed(WebUIKeywordMain.groovy:177)
	at com.kms.katalon.core.webui.keyword.builtin.VerifyTextPresentKeyword$_verifyTextPresent_closure1.doCall(VerifyTextPresentKeyword.groovy:79)
	at com.kms.katalon.core.webui.keyword.builtin.VerifyTextPresentKeyword$_verifyTextPresent_closure1.call(VerifyTextPresentKeyword.groovy)
	at com.kms.katalon.core.webui.keyword.internal.WebUIKeywordMain.runKeyword(WebUIKeywordMain.groovy:41)
	at com.kms.katalon.core.webui.keyword.builtin.VerifyTextPresentKeyword.verifyTextPresent(VerifyTextPresentKeyword.groovy:83)
	at com.kms.katalon.core.webui.keyword.builtin.VerifyTextPresentKeyword.execute(VerifyTextPresentKeyword.groovy:68)
	at com.kms.katalon.core.keyword.internal.KeywordExecutor.executeKeywordForPlatform(KeywordExecutor.groovy:103)
	at com.kms.katalon.core.webui.keyword.WebUiBuiltInKeywords.verifyTextPresent(WebUiBuiltInKeywords.groovy:1809)
	at Script178070070204.run(Script178070070204.groovy:29)
	at com.kms.katalon.core.main.ScriptEngine.run(ScriptEngine.java:203)
	at com.kms.katalon.core.main.ScriptEngine.runScriptAsRawText(ScriptEngine.java:115)
	at com.kms.katalon.core.main.TestCaseExecutor.runScript(TestCaseExecutor.java:506)
	at com.kms.katalon.core.main.TestCaseExecutor.doExecute(TestCaseExecutor.java:497)
	at com.kms.katalon.core.main.TestCaseExecutor.processExecutionPhase(TestCaseExecutor.java:476)
	at com.kms.katalon.core.main.TestCaseExecutor.accessMainPhase(TestCaseExecutor.java:468)
	at com.kms.katalon.core.main.TestCaseExecutor.execute(TestCaseExecutor.java:334)
	at com.kms.katalon.core.common.CommonExecutor.accessTestCaseMainPhase(CommonExecutor.java:71)
	at com.kms.katalon.core.main.TestSuiteExecutor.accessTestSuiteMainPhase(TestSuiteExecutor.java:153)
	at com.kms.katalon.core.main.TestSuiteExecutor.execute(TestSuiteExecutor.java:110)
	at com.kms.katalon.core.main.TestCaseMain.startTestSuite(TestCaseMain.java:206)
	at S0608_0.run(S0608_0.groovy:40)
	at java.base/jdk.internal.reflect.DirectMethodHandleAccessor.invoke(DirectMethodHandleAccessor.java:103)
)
	at com.kms.katalon.core.keyword.internal.KeywordMain.stepFailed(KeywordMain.groovy:39)
	at com.kms.katalon.core.webui.keyword.internal.WebUIKeywordMain.stepFailed(WebUIKeywordMain.groovy:177)
	at com.kms.katalon.core.webui.keyword.builtin.VerifyTextPresentKeyword$_verifyTextPresent_closure1.doCall(VerifyTextPresentKeyword.groovy:79)
	at com.kms.katalon.core.webui.keyword.builtin.VerifyTextPresentKeyword$_verifyTextPresent_closure1.call(VerifyTextPresentKeyword.groovy)
	at com.kms.katalon.core.webui.keyword.internal.WebUIKeywordMain.runKeyword(WebUIKeywordMain.groovy:41)
	at com.kms.katalon.core.webui.keyword.builtin.VerifyTextPresentKeyword.verifyTextPresent(VerifyTextPresentKeyword.groovy:83)
	at com.kms.katalon.core.webui.keyword.builtin.VerifyTextPresentKeyword.execute(VerifyTextPresentKeyword.groovy:68)
	at com.kms.katalon.core.keyword.internal.KeywordExecutor.executeKeywordForPlatform(KeywordExecutor.groovy:103)
	at com.kms.katalon.core.webui.keyword.WebUiBuiltInKeywords.verifyTextPresent(WebUiBuiltInKeywords.groovy:1809)
	at Script178070070204.run(Script178070070204.groovy:29)
	at com.kms.katalon.core.main.ScriptEngine.run(ScriptEngine.java:203)
	at com.kms.katalon.core.main.ScriptEngine.runScriptAsRawText(ScriptEngine.java:115)
	at com.kms.katalon.core.main.TestCaseExecutor.runScript(TestCaseExecutor.java:506)
	at com.kms.katalon.core.main.TestCaseExecutor.doExecute(TestCaseExecutor.java:497)
	at com.kms.katalon.core.main.TestCaseExecutor.processExecutionPhase(TestCaseExecutor.java:476)
	at com.kms.katalon.core.main.TestCaseExecutor.accessMainPhase(TestCaseExecutor.java:468)
	at com.kms.katalon.core.main.TestCaseExecutor.execute(TestCaseExecutor.java:334)
	at com.kms.katalon.core.common.CommonExecutor.accessTestCaseMainPhase(CommonExecutor.java:71)
	at com.kms.katalon.core.main.TestSuiteExecutor.accessTestSuiteMainPhase(TestSuiteExecutor.java:153)
	at com.kms.katalon.core.main.TestSuiteExecutor.execute(TestSuiteExecutor.java:110)
	at com.kms.katalon.core.main.TestCaseMain.startTestSuite(TestCaseMain.java:206)
	at S0608_0.run(S0608_0.groovy:40)
	at java.base/jdk.internal.reflect.DirectMethodHandleAccessor.invoke(DirectMethodHandleAccessor.java:103)
Caused by: com.kms.katalon.core.exception.StepFailedException: Text '(?i)Accesso negato' is not present on page  using regular expression
	... 22 more

2026-06-08 00:25:29.202 INFO  c.k.katalon.core.main.TestCaseExecutor   - END Test Cases/Prodotti/TC_7.2_4
2026-06-08 00:25:29.222 INFO  c.k.katalon.core.main.TestSuiteExecutor  - --------------------
2026-06-08 00:25:29.222 INFO  c.k.katalon.core.main.TestSuiteExecutor  - END Test Suites/Prodotti
2026-06-08 00:25:29.222 INFO  c.k.katalon.core.main.TestSuiteExecutor  - ====================
