2026-06-11 17:06:43.609 INFO  c.k.k.c.l.logback.LogbackConfigurator    - Logback default configuration initialized from: C:\Users\gianf\.katalon\packages\KS-11.2.0\configuration\org.eclipse.osgi\151\0\.cp\resources\logback\logback-execution.xml
2026-06-11 17:06:43.611 INFO  c.k.k.c.l.logback.LogbackConfigurator    - Logback custom configuration initialized from: C:\Users\gianf\Documents\Vaporant-IGES\StorageSession\testing\katalon\Vaporant-Baseline\Include\config\log.properties
2026-06-11 17:06:44.358 INFO  c.k.katalon.core.main.TestSuiteExecutor  - START Test Suites/Autenticazione
2026-06-11 17:06:44.417 INFO  c.k.katalon.core.main.TestSuiteExecutor  - userFullName = Gianfranco Barba
2026-06-11 17:06:44.418 INFO  c.k.katalon.core.main.TestSuiteExecutor  - projectName = Vaporant-Baseline
2026-06-11 17:06:44.419 INFO  c.k.katalon.core.main.TestSuiteExecutor  - hostName = gianf - Gianfranco
2026-06-11 17:06:44.419 INFO  c.k.katalon.core.main.TestSuiteExecutor  - os = Windows 11 64bit
2026-06-11 17:06:44.419 INFO  c.k.katalon.core.main.TestSuiteExecutor  - hostAddress = 26.38.161.220
2026-06-11 17:06:44.420 INFO  c.k.katalon.core.main.TestSuiteExecutor  - katalonVersion = 11.2.0.0
2026-06-11 17:06:44.503 INFO  c.k.katalon.core.main.TestCaseExecutor   - --------------------
2026-06-11 17:06:44.503 INFO  c.k.katalon.core.main.TestCaseExecutor   - START Test Cases/Autenticazione/TC_1.1_1
2026-06-11 17:06:44.820 INFO  com.kms.katalon.core.util.KeywordUtil    - Seed ripristinato prima di: Test Cases/Autenticazione/TC_1.1_1
2026-06-11 17:06:45.205 DEBUG testcase.TC_1.1_1                        - 1: openBrowser("")
2026-06-11 17:06:46.386 INFO  c.k.k.core.webui.driver.DriverFactory    - Starting 'Chrome' driver
2026-06-11 17:06:46.596 INFO  c.k.k.core.webui.driver.DriverFactory    - Action delay is set to 0 milliseconds
2026-06-11 17:06:50.503 INFO  c.k.k.core.webui.driver.DriverFactory    - sessionId = 41fb8ef8a4a6b394174ac2af92d2745e
2026-06-11 17:06:50.518 INFO  c.k.k.core.webui.driver.DriverFactory    - browser = Chrome 148.0.7778.179
2026-06-11 17:06:50.519 INFO  c.k.k.core.webui.driver.DriverFactory    - platform = Windows 11
2026-06-11 17:06:50.519 INFO  c.k.k.core.webui.driver.DriverFactory    - seleniumVersion = 4.39.0
2026-06-11 17:06:50.535 INFO  c.k.k.core.webui.driver.DriverFactory    - proxyInformation = ProxyInformation { proxyOption=NO_PROXY, proxyServerType=HTTP, username=, password=********, proxyServerAddress=, proxyServerPort=0, executionList="", isApplyToDesiredCapabilities=true }
2026-06-11 17:06:50.620 DEBUG testcase.TC_1.1_1                        - 2: navigateToUrl(base + "loginForm.jsp")
2026-06-11 17:06:51.267 DEBUG testcase.TC_1.1_1                        - 3: setText(css("#email"), "t.mansi@studenti.unisa.it")
2026-06-11 17:06:51.275 DEBUG testcase.TC_1.1_1                        - 1: t = new com.kms.katalon.core.testobject.TestObject(sel)
2026-06-11 17:06:51.304 DEBUG testcase.TC_1.1_1                        - 2: t.addProperty("css", EQUALS, sel)
2026-06-11 17:06:51.330 DEBUG testcase.TC_1.1_1                        - 3: return t
2026-06-11 17:06:52.508 DEBUG testcase.TC_1.1_1                        - 4: setText(css("#password"), "321CBA.")
2026-06-11 17:06:52.512 DEBUG testcase.TC_1.1_1                        - 1: t = new com.kms.katalon.core.testobject.TestObject(sel)
2026-06-11 17:06:52.517 DEBUG testcase.TC_1.1_1                        - 2: t.addProperty("css", EQUALS, sel)
2026-06-11 17:06:52.521 DEBUG testcase.TC_1.1_1                        - 3: return t
2026-06-11 17:06:53.529 DEBUG testcase.TC_1.1_1                        - 5: click(css("#submit"))
2026-06-11 17:06:53.537 DEBUG testcase.TC_1.1_1                        - 1: t = new com.kms.katalon.core.testobject.TestObject(sel)
2026-06-11 17:06:53.537 DEBUG testcase.TC_1.1_1                        - 2: t.addProperty("css", EQUALS, sel)
2026-06-11 17:06:53.542 DEBUG testcase.TC_1.1_1                        - 3: return t
2026-06-11 17:06:54.153 DEBUG testcase.TC_1.1_1                        - 6: delay(2)
2026-06-11 17:06:56.229 DEBUG testcase.TC_1.1_1                        - 7: takeScreenshot()
2026-06-11 17:06:57.428 DEBUG testcase.TC_1.1_1                        - 8: verifyElementPresent(css("a[href='logout']"), 5, CONTINUE_ON_FAILURE)
2026-06-11 17:06:57.439 DEBUG testcase.TC_1.1_1                        - 1: t = new com.kms.katalon.core.testobject.TestObject(sel)
2026-06-11 17:06:57.442 DEBUG testcase.TC_1.1_1                        - 2: t.addProperty("css", EQUALS, sel)
2026-06-11 17:06:57.444 DEBUG testcase.TC_1.1_1                        - 3: return t
2026-06-11 17:06:57.797 DEBUG testcase.TC_1.1_1                        - 9: closeBrowser()
2026-06-11 17:06:58.225 INFO  c.k.katalon.core.main.TestCaseExecutor   - END Test Cases/Autenticazione/TC_1.1_1
2026-06-11 17:06:58.240 INFO  c.k.katalon.core.main.TestCaseExecutor   - --------------------
2026-06-11 17:06:58.240 INFO  c.k.katalon.core.main.TestCaseExecutor   - START Test Cases/Autenticazione/TC_1.1_2
2026-06-11 17:06:58.400 INFO  com.kms.katalon.core.util.KeywordUtil    - Seed ripristinato prima di: Test Cases/Autenticazione/TC_1.1_2
2026-06-11 17:06:58.685 DEBUG testcase.TC_1.1_2                        - 1: openBrowser("")
2026-06-11 17:06:58.688 INFO  c.k.k.core.webui.driver.DriverFactory    - Starting 'Chrome' driver
2026-06-11 17:06:58.696 INFO  c.k.k.core.webui.driver.DriverFactory    - Action delay is set to 0 milliseconds
2026-06-11 17:06:59.625 INFO  c.k.k.core.webui.driver.DriverFactory    - sessionId = 2f5e693cc4df795a2d9ac6e45c2c599c
2026-06-11 17:06:59.626 INFO  c.k.k.core.webui.driver.DriverFactory    - browser = Chrome 148.0.7778.179
2026-06-11 17:06:59.627 INFO  c.k.k.core.webui.driver.DriverFactory    - platform = Windows 11
2026-06-11 17:06:59.628 INFO  c.k.k.core.webui.driver.DriverFactory    - seleniumVersion = 4.39.0
2026-06-11 17:06:59.631 INFO  c.k.k.core.webui.driver.DriverFactory    - proxyInformation = ProxyInformation { proxyOption=NO_PROXY, proxyServerType=HTTP, username=, password=********, proxyServerAddress=, proxyServerPort=0, executionList="", isApplyToDesiredCapabilities=true }
2026-06-11 17:06:59.678 DEBUG testcase.TC_1.1_2                        - 2: navigateToUrl(base + "loginForm.jsp")
2026-06-11 17:07:00.027 DEBUG testcase.TC_1.1_2                        - 3: setText(css("#email"), "t.mansi@studenti.unisa.it")
2026-06-11 17:07:00.034 DEBUG testcase.TC_1.1_2                        - 1: t = new com.kms.katalon.core.testobject.TestObject(sel)
2026-06-11 17:07:00.039 DEBUG testcase.TC_1.1_2                        - 2: t.addProperty("css", EQUALS, sel)
2026-06-11 17:07:00.042 DEBUG testcase.TC_1.1_2                        - 3: return t
2026-06-11 17:07:00.891 DEBUG testcase.TC_1.1_2                        - 4: setText(css("#password"), "Sbagliata99")
2026-06-11 17:07:00.892 DEBUG testcase.TC_1.1_2                        - 1: t = new com.kms.katalon.core.testobject.TestObject(sel)
2026-06-11 17:07:00.894 DEBUG testcase.TC_1.1_2                        - 2: t.addProperty("css", EQUALS, sel)
2026-06-11 17:07:00.894 DEBUG testcase.TC_1.1_2                        - 3: return t
2026-06-11 17:07:01.577 DEBUG testcase.TC_1.1_2                        - 5: click(css("#submit"))
2026-06-11 17:07:01.578 DEBUG testcase.TC_1.1_2                        - 1: t = new com.kms.katalon.core.testobject.TestObject(sel)
2026-06-11 17:07:01.581 DEBUG testcase.TC_1.1_2                        - 2: t.addProperty("css", EQUALS, sel)
2026-06-11 17:07:01.582 DEBUG testcase.TC_1.1_2                        - 3: return t
2026-06-11 17:07:02.125 DEBUG testcase.TC_1.1_2                        - 6: delay(2)
2026-06-11 17:07:04.141 DEBUG testcase.TC_1.1_2                        - 7: takeScreenshot()
2026-06-11 17:07:06.076 DEBUG testcase.TC_1.1_2                        - 8: verifyTextPresent("Non hai un account", false)
2026-06-11 17:07:06.406 DEBUG testcase.TC_1.1_2                        - 9: closeBrowser()
2026-06-11 17:07:06.846 INFO  c.k.katalon.core.main.TestCaseExecutor   - END Test Cases/Autenticazione/TC_1.1_2
2026-06-11 17:07:06.854 INFO  c.k.katalon.core.main.TestCaseExecutor   - --------------------
2026-06-11 17:07:06.854 INFO  c.k.katalon.core.main.TestCaseExecutor   - START Test Cases/Autenticazione/TC_1.1_3
2026-06-11 17:07:06.984 INFO  com.kms.katalon.core.util.KeywordUtil    - Seed ripristinato prima di: Test Cases/Autenticazione/TC_1.1_3
2026-06-11 17:07:07.261 DEBUG testcase.TC_1.1_3                        - 1: openBrowser("")
2026-06-11 17:07:07.263 INFO  c.k.k.core.webui.driver.DriverFactory    - Starting 'Chrome' driver
2026-06-11 17:07:07.270 INFO  c.k.k.core.webui.driver.DriverFactory    - Action delay is set to 0 milliseconds
2026-06-11 17:07:08.152 INFO  c.k.k.core.webui.driver.DriverFactory    - sessionId = 4c8218fc85c89dd528aed2cfdd656c89
2026-06-11 17:07:08.156 INFO  c.k.k.core.webui.driver.DriverFactory    - browser = Chrome 148.0.7778.179
2026-06-11 17:07:08.156 INFO  c.k.k.core.webui.driver.DriverFactory    - platform = Windows 11
2026-06-11 17:07:08.158 INFO  c.k.k.core.webui.driver.DriverFactory    - seleniumVersion = 4.39.0
2026-06-11 17:07:08.158 INFO  c.k.k.core.webui.driver.DriverFactory    - proxyInformation = ProxyInformation { proxyOption=NO_PROXY, proxyServerType=HTTP, username=, password=********, proxyServerAddress=, proxyServerPort=0, executionList="", isApplyToDesiredCapabilities=true }
2026-06-11 17:07:08.199 DEBUG testcase.TC_1.1_3                        - 2: navigateToUrl(base + "loginForm.jsp")
2026-06-11 17:07:08.547 DEBUG testcase.TC_1.1_3                        - 3: setText(css("#email"), "inesistente@studenti.unisa.it")
2026-06-11 17:07:08.552 DEBUG testcase.TC_1.1_3                        - 1: t = new com.kms.katalon.core.testobject.TestObject(sel)
2026-06-11 17:07:08.556 DEBUG testcase.TC_1.1_3                        - 2: t.addProperty("css", EQUALS, sel)
2026-06-11 17:07:08.562 DEBUG testcase.TC_1.1_3                        - 3: return t
2026-06-11 17:07:09.359 DEBUG testcase.TC_1.1_3                        - 4: setText(css("#password"), "Password1")
2026-06-11 17:07:09.361 DEBUG testcase.TC_1.1_3                        - 1: t = new com.kms.katalon.core.testobject.TestObject(sel)
2026-06-11 17:07:09.361 DEBUG testcase.TC_1.1_3                        - 2: t.addProperty("css", EQUALS, sel)
2026-06-11 17:07:09.361 DEBUG testcase.TC_1.1_3                        - 3: return t
2026-06-11 17:07:09.990 DEBUG testcase.TC_1.1_3                        - 5: click(css("#submit"))
2026-06-11 17:07:09.992 DEBUG testcase.TC_1.1_3                        - 1: t = new com.kms.katalon.core.testobject.TestObject(sel)
2026-06-11 17:07:09.995 DEBUG testcase.TC_1.1_3                        - 2: t.addProperty("css", EQUALS, sel)
2026-06-11 17:07:09.996 DEBUG testcase.TC_1.1_3                        - 3: return t
2026-06-11 17:07:10.331 DEBUG testcase.TC_1.1_3                        - 6: delay(2)
2026-06-11 17:07:12.342 DEBUG testcase.TC_1.1_3                        - 7: takeScreenshot()
2026-06-11 17:07:14.066 DEBUG testcase.TC_1.1_3                        - 8: verifyTextPresent("Non hai un account", false)
2026-06-11 17:07:14.346 DEBUG testcase.TC_1.1_3                        - 9: closeBrowser()
2026-06-11 17:07:14.662 INFO  c.k.katalon.core.main.TestCaseExecutor   - END Test Cases/Autenticazione/TC_1.1_3
2026-06-11 17:07:14.674 INFO  c.k.katalon.core.main.TestCaseExecutor   - --------------------
2026-06-11 17:07:14.674 INFO  c.k.katalon.core.main.TestCaseExecutor   - START Test Cases/Autenticazione/TC_1.1_4
2026-06-11 17:07:14.835 INFO  com.kms.katalon.core.util.KeywordUtil    - Seed ripristinato prima di: Test Cases/Autenticazione/TC_1.1_4
2026-06-11 17:07:15.103 DEBUG testcase.TC_1.1_4                        - 1: openBrowser("")
2026-06-11 17:07:15.106 INFO  c.k.k.core.webui.driver.DriverFactory    - Starting 'Chrome' driver
2026-06-11 17:07:15.110 INFO  c.k.k.core.webui.driver.DriverFactory    - Action delay is set to 0 milliseconds
2026-06-11 17:07:16.013 INFO  c.k.k.core.webui.driver.DriverFactory    - sessionId = ae514aad3803c6c71d4c413da9b66b24
2026-06-11 17:07:16.014 INFO  c.k.k.core.webui.driver.DriverFactory    - browser = Chrome 148.0.7778.179
2026-06-11 17:07:16.015 INFO  c.k.k.core.webui.driver.DriverFactory    - platform = Windows 11
2026-06-11 17:07:16.016 INFO  c.k.k.core.webui.driver.DriverFactory    - seleniumVersion = 4.39.0
2026-06-11 17:07:16.016 INFO  c.k.k.core.webui.driver.DriverFactory    - proxyInformation = ProxyInformation { proxyOption=NO_PROXY, proxyServerType=HTTP, username=, password=********, proxyServerAddress=, proxyServerPort=0, executionList="", isApplyToDesiredCapabilities=true }
2026-06-11 17:07:16.050 DEBUG testcase.TC_1.1_4                        - 2: navigateToUrl(base + "loginForm.jsp")
2026-06-11 17:07:16.816 DEBUG testcase.TC_1.1_4                        - 3: setText(css("#email"), "")
2026-06-11 17:07:16.819 DEBUG testcase.TC_1.1_4                        - 1: t = new com.kms.katalon.core.testobject.TestObject(sel)
2026-06-11 17:07:16.821 DEBUG testcase.TC_1.1_4                        - 2: t.addProperty("css", EQUALS, sel)
2026-06-11 17:07:16.825 DEBUG testcase.TC_1.1_4                        - 3: return t
2026-06-11 17:07:17.499 DEBUG testcase.TC_1.1_4                        - 4: setText(css("#password"), "321CBA.")
2026-06-11 17:07:17.500 DEBUG testcase.TC_1.1_4                        - 1: t = new com.kms.katalon.core.testobject.TestObject(sel)
2026-06-11 17:07:17.502 DEBUG testcase.TC_1.1_4                        - 2: t.addProperty("css", EQUALS, sel)
2026-06-11 17:07:17.503 DEBUG testcase.TC_1.1_4                        - 3: return t
2026-06-11 17:07:18.188 DEBUG testcase.TC_1.1_4                        - 5: click(css("#submit"))
2026-06-11 17:07:18.190 DEBUG testcase.TC_1.1_4                        - 1: t = new com.kms.katalon.core.testobject.TestObject(sel)
2026-06-11 17:07:18.192 DEBUG testcase.TC_1.1_4                        - 2: t.addProperty("css", EQUALS, sel)
2026-06-11 17:07:18.193 DEBUG testcase.TC_1.1_4                        - 3: return t
2026-06-11 17:07:18.678 DEBUG testcase.TC_1.1_4                        - 6: delay(2)
2026-06-11 17:07:20.686 DEBUG testcase.TC_1.1_4                        - 7: takeScreenshot()
2026-06-11 17:07:22.719 DEBUG testcase.TC_1.1_4                        - 8: verifyTextPresent("Non hai un account", false)
2026-06-11 17:07:23.002 DEBUG testcase.TC_1.1_4                        - 9: closeBrowser()
2026-06-11 17:07:23.279 INFO  c.k.katalon.core.main.TestCaseExecutor   - END Test Cases/Autenticazione/TC_1.1_4
2026-06-11 17:07:23.290 INFO  c.k.katalon.core.main.TestCaseExecutor   - --------------------
2026-06-11 17:07:23.292 INFO  c.k.katalon.core.main.TestCaseExecutor   - START Test Cases/Autenticazione/TC_1.1_5
2026-06-11 17:07:23.423 INFO  com.kms.katalon.core.util.KeywordUtil    - Seed ripristinato prima di: Test Cases/Autenticazione/TC_1.1_5
2026-06-11 17:07:23.696 DEBUG testcase.TC_1.1_5                        - 1: openBrowser("")
2026-06-11 17:07:23.696 INFO  c.k.k.core.webui.driver.DriverFactory    - Starting 'Chrome' driver
2026-06-11 17:07:23.707 INFO  c.k.k.core.webui.driver.DriverFactory    - Action delay is set to 0 milliseconds
2026-06-11 17:07:24.661 INFO  c.k.k.core.webui.driver.DriverFactory    - sessionId = a38fad45a059a31c9c9ce01308e02914
2026-06-11 17:07:24.661 INFO  c.k.k.core.webui.driver.DriverFactory    - browser = Chrome 148.0.7778.179
2026-06-11 17:07:24.661 INFO  c.k.k.core.webui.driver.DriverFactory    - platform = Windows 11
2026-06-11 17:07:24.663 INFO  c.k.k.core.webui.driver.DriverFactory    - seleniumVersion = 4.39.0
2026-06-11 17:07:24.665 INFO  c.k.k.core.webui.driver.DriverFactory    - proxyInformation = ProxyInformation { proxyOption=NO_PROXY, proxyServerType=HTTP, username=, password=********, proxyServerAddress=, proxyServerPort=0, executionList="", isApplyToDesiredCapabilities=true }
2026-06-11 17:07:24.694 DEBUG testcase.TC_1.1_5                        - 2: navigateToUrl(base + "loginForm.jsp")
2026-06-11 17:07:25.135 DEBUG testcase.TC_1.1_5                        - 3: setText(css("#email"), "t.mansi@studenti.unisa.it")
2026-06-11 17:07:25.139 DEBUG testcase.TC_1.1_5                        - 1: t = new com.kms.katalon.core.testobject.TestObject(sel)
2026-06-11 17:07:25.142 DEBUG testcase.TC_1.1_5                        - 2: t.addProperty("css", EQUALS, sel)
2026-06-11 17:07:25.146 DEBUG testcase.TC_1.1_5                        - 3: return t
2026-06-11 17:07:25.828 DEBUG testcase.TC_1.1_5                        - 4: setText(css("#password"), "")
2026-06-11 17:07:25.829 DEBUG testcase.TC_1.1_5                        - 1: t = new com.kms.katalon.core.testobject.TestObject(sel)
2026-06-11 17:07:25.830 DEBUG testcase.TC_1.1_5                        - 2: t.addProperty("css", EQUALS, sel)
2026-06-11 17:07:25.830 DEBUG testcase.TC_1.1_5                        - 3: return t
2026-06-11 17:07:26.464 DEBUG testcase.TC_1.1_5                        - 5: click(css("#submit"))
2026-06-11 17:07:26.466 DEBUG testcase.TC_1.1_5                        - 1: t = new com.kms.katalon.core.testobject.TestObject(sel)
2026-06-11 17:07:26.468 DEBUG testcase.TC_1.1_5                        - 2: t.addProperty("css", EQUALS, sel)
2026-06-11 17:07:26.468 DEBUG testcase.TC_1.1_5                        - 3: return t
2026-06-11 17:07:26.832 DEBUG testcase.TC_1.1_5                        - 6: delay(2)
2026-06-11 17:07:28.842 DEBUG testcase.TC_1.1_5                        - 7: takeScreenshot()
2026-06-11 17:07:30.495 DEBUG testcase.TC_1.1_5                        - 8: verifyTextPresent("Non hai un account", false)
2026-06-11 17:07:30.769 DEBUG testcase.TC_1.1_5                        - 9: closeBrowser()
2026-06-11 17:07:31.077 INFO  c.k.katalon.core.main.TestCaseExecutor   - END Test Cases/Autenticazione/TC_1.1_5
2026-06-11 17:07:31.077 INFO  c.k.katalon.core.main.TestCaseExecutor   - --------------------
2026-06-11 17:07:31.077 INFO  c.k.katalon.core.main.TestCaseExecutor   - START Test Cases/Autenticazione/TC_1.1_6
2026-06-11 17:07:31.231 INFO  com.kms.katalon.core.util.KeywordUtil    - Seed ripristinato prima di: Test Cases/Autenticazione/TC_1.1_6
2026-06-11 17:07:31.459 DEBUG testcase.TC_1.1_6                        - 1: openBrowser("")
2026-06-11 17:07:31.463 INFO  c.k.k.core.webui.driver.DriverFactory    - Starting 'Chrome' driver
2026-06-11 17:07:31.467 INFO  c.k.k.core.webui.driver.DriverFactory    - Action delay is set to 0 milliseconds
2026-06-11 17:07:32.378 INFO  c.k.k.core.webui.driver.DriverFactory    - sessionId = 16b6364f7244e77062b924372b6d37e5
2026-06-11 17:07:32.379 INFO  c.k.k.core.webui.driver.DriverFactory    - browser = Chrome 148.0.7778.179
2026-06-11 17:07:32.379 INFO  c.k.k.core.webui.driver.DriverFactory    - platform = Windows 11
2026-06-11 17:07:32.382 INFO  c.k.k.core.webui.driver.DriverFactory    - seleniumVersion = 4.39.0
2026-06-11 17:07:32.382 INFO  c.k.k.core.webui.driver.DriverFactory    - proxyInformation = ProxyInformation { proxyOption=NO_PROXY, proxyServerType=HTTP, username=, password=********, proxyServerAddress=, proxyServerPort=0, executionList="", isApplyToDesiredCapabilities=true }
2026-06-11 17:07:32.410 DEBUG testcase.TC_1.1_6                        - 2: navigateToUrl(base + "loginForm.jsp")
2026-06-11 17:07:32.769 DEBUG testcase.TC_1.1_6                        - 3: setText(css("#email"), "t.mansi.studenti.unisa.it")
2026-06-11 17:07:32.772 DEBUG testcase.TC_1.1_6                        - 1: t = new com.kms.katalon.core.testobject.TestObject(sel)
2026-06-11 17:07:32.774 DEBUG testcase.TC_1.1_6                        - 2: t.addProperty("css", EQUALS, sel)
2026-06-11 17:07:32.775 DEBUG testcase.TC_1.1_6                        - 3: return t
2026-06-11 17:07:33.544 DEBUG testcase.TC_1.1_6                        - 4: setText(css("#password"), "321CBA.")
2026-06-11 17:07:33.547 DEBUG testcase.TC_1.1_6                        - 1: t = new com.kms.katalon.core.testobject.TestObject(sel)
2026-06-11 17:07:33.549 DEBUG testcase.TC_1.1_6                        - 2: t.addProperty("css", EQUALS, sel)
2026-06-11 17:07:33.550 DEBUG testcase.TC_1.1_6                        - 3: return t
2026-06-11 17:07:34.246 DEBUG testcase.TC_1.1_6                        - 5: click(css("#submit"))
2026-06-11 17:07:34.248 DEBUG testcase.TC_1.1_6                        - 1: t = new com.kms.katalon.core.testobject.TestObject(sel)
2026-06-11 17:07:34.250 DEBUG testcase.TC_1.1_6                        - 2: t.addProperty("css", EQUALS, sel)
2026-06-11 17:07:34.250 DEBUG testcase.TC_1.1_6                        - 3: return t
2026-06-11 17:07:34.654 DEBUG testcase.TC_1.1_6                        - 6: delay(2)
2026-06-11 17:07:36.663 DEBUG testcase.TC_1.1_6                        - 7: takeScreenshot()
2026-06-11 17:07:38.181 DEBUG testcase.TC_1.1_6                        - 8: verifyTextPresent("Non hai un account", false)
2026-06-11 17:07:38.464 DEBUG testcase.TC_1.1_6                        - 9: closeBrowser()
2026-06-11 17:07:38.842 INFO  c.k.katalon.core.main.TestCaseExecutor   - END Test Cases/Autenticazione/TC_1.1_6
2026-06-11 17:07:38.855 INFO  c.k.katalon.core.main.TestCaseExecutor   - --------------------
2026-06-11 17:07:38.857 INFO  c.k.katalon.core.main.TestCaseExecutor   - START Test Cases/Autenticazione/TC_1.2_1
2026-06-11 17:07:38.980 INFO  com.kms.katalon.core.util.KeywordUtil    - Seed ripristinato prima di: Test Cases/Autenticazione/TC_1.2_1
2026-06-11 17:07:39.281 DEBUG testcase.TC_1.2_1                        - 1: openBrowser("")
2026-06-11 17:07:39.281 INFO  c.k.k.core.webui.driver.DriverFactory    - Starting 'Chrome' driver
2026-06-11 17:07:39.287 INFO  c.k.k.core.webui.driver.DriverFactory    - Action delay is set to 0 milliseconds
2026-06-11 17:07:40.142 INFO  c.k.k.core.webui.driver.DriverFactory    - sessionId = 91d9f72aa041762dce7fde809a94d305
2026-06-11 17:07:40.144 INFO  c.k.k.core.webui.driver.DriverFactory    - browser = Chrome 148.0.7778.179
2026-06-11 17:07:40.144 INFO  c.k.k.core.webui.driver.DriverFactory    - platform = Windows 11
2026-06-11 17:07:40.144 INFO  c.k.k.core.webui.driver.DriverFactory    - seleniumVersion = 4.39.0
2026-06-11 17:07:40.146 INFO  c.k.k.core.webui.driver.DriverFactory    - proxyInformation = ProxyInformation { proxyOption=NO_PROXY, proxyServerType=HTTP, username=, password=********, proxyServerAddress=, proxyServerPort=0, executionList="", isApplyToDesiredCapabilities=true }
2026-06-11 17:07:40.177 DEBUG testcase.TC_1.2_1                        - 2: navigateToUrl(base + "loginForm.jsp")
2026-06-11 17:07:40.526 DEBUG testcase.TC_1.2_1                        - 3: setText(css("#email"), "t.mansi@studenti.unisa.it")
2026-06-11 17:07:40.529 DEBUG testcase.TC_1.2_1                        - 1: t = new com.kms.katalon.core.testobject.TestObject(sel)
2026-06-11 17:07:40.532 DEBUG testcase.TC_1.2_1                        - 2: t.addProperty("css", EQUALS, sel)
2026-06-11 17:07:40.535 DEBUG testcase.TC_1.2_1                        - 3: return t
2026-06-11 17:07:41.342 DEBUG testcase.TC_1.2_1                        - 4: setText(css("#password"), "321CBA.")
2026-06-11 17:07:41.348 DEBUG testcase.TC_1.2_1                        - 1: t = new com.kms.katalon.core.testobject.TestObject(sel)
2026-06-11 17:07:41.350 DEBUG testcase.TC_1.2_1                        - 2: t.addProperty("css", EQUALS, sel)
2026-06-11 17:07:41.350 DEBUG testcase.TC_1.2_1                        - 3: return t
2026-06-11 17:07:41.941 DEBUG testcase.TC_1.2_1                        - 5: click(css("#submit"))
2026-06-11 17:07:41.942 DEBUG testcase.TC_1.2_1                        - 1: t = new com.kms.katalon.core.testobject.TestObject(sel)
2026-06-11 17:07:41.943 DEBUG testcase.TC_1.2_1                        - 2: t.addProperty("css", EQUALS, sel)
2026-06-11 17:07:41.944 DEBUG testcase.TC_1.2_1                        - 3: return t
2026-06-11 17:07:42.239 DEBUG testcase.TC_1.2_1                        - 6: delay(2)
2026-06-11 17:07:44.257 DEBUG testcase.TC_1.2_1                        - 7: click(css("a[href='logout']"))
2026-06-11 17:07:44.259 DEBUG testcase.TC_1.2_1                        - 1: t = new com.kms.katalon.core.testobject.TestObject(sel)
2026-06-11 17:07:44.261 DEBUG testcase.TC_1.2_1                        - 2: t.addProperty("css", EQUALS, sel)
2026-06-11 17:07:44.263 DEBUG testcase.TC_1.2_1                        - 3: return t
2026-06-11 17:07:45.058 DEBUG testcase.TC_1.2_1                        - 8: delay(2)
2026-06-11 17:07:47.083 DEBUG testcase.TC_1.2_1                        - 9: takeScreenshot()
2026-06-11 17:07:48.310 DEBUG testcase.TC_1.2_1                        - 10: verifyElementPresent(css("a[href='loginForm.jsp']"), 5)
2026-06-11 17:07:48.312 DEBUG testcase.TC_1.2_1                        - 1: t = new com.kms.katalon.core.testobject.TestObject(sel)
2026-06-11 17:07:48.314 DEBUG testcase.TC_1.2_1                        - 2: t.addProperty("css", EQUALS, sel)
2026-06-11 17:07:48.316 DEBUG testcase.TC_1.2_1                        - 3: return t
2026-06-11 17:07:48.606 DEBUG testcase.TC_1.2_1                        - 11: closeBrowser()
2026-06-11 17:07:48.963 INFO  c.k.katalon.core.main.TestCaseExecutor   - END Test Cases/Autenticazione/TC_1.2_1
2026-06-11 17:07:48.972 INFO  c.k.katalon.core.main.TestCaseExecutor   - --------------------
2026-06-11 17:07:48.972 INFO  c.k.katalon.core.main.TestCaseExecutor   - START Test Cases/Autenticazione/TC_1.2_2
2026-06-11 17:07:49.105 INFO  com.kms.katalon.core.util.KeywordUtil    - Seed ripristinato prima di: Test Cases/Autenticazione/TC_1.2_2
2026-06-11 17:07:49.349 DEBUG testcase.TC_1.2_2                        - 1: openBrowser("")
2026-06-11 17:07:49.360 INFO  c.k.k.core.webui.driver.DriverFactory    - Starting 'Chrome' driver
2026-06-11 17:07:49.366 INFO  c.k.k.core.webui.driver.DriverFactory    - Action delay is set to 0 milliseconds
2026-06-11 17:07:50.288 INFO  c.k.k.core.webui.driver.DriverFactory    - sessionId = 59f6ed1a25be0b3fa191efe7114257fd
2026-06-11 17:07:50.292 INFO  c.k.k.core.webui.driver.DriverFactory    - browser = Chrome 148.0.7778.179
2026-06-11 17:07:50.292 INFO  c.k.k.core.webui.driver.DriverFactory    - platform = Windows 11
2026-06-11 17:07:50.292 INFO  c.k.k.core.webui.driver.DriverFactory    - seleniumVersion = 4.39.0
2026-06-11 17:07:50.294 INFO  c.k.k.core.webui.driver.DriverFactory    - proxyInformation = ProxyInformation { proxyOption=NO_PROXY, proxyServerType=HTTP, username=, password=********, proxyServerAddress=, proxyServerPort=0, executionList="", isApplyToDesiredCapabilities=true }
2026-06-11 17:07:50.324 DEBUG testcase.TC_1.2_2                        - 2: navigateToUrl(base + "logout")
2026-06-11 17:07:51.669 DEBUG testcase.TC_1.2_2                        - 3: delay(1)
2026-06-11 17:07:52.685 DEBUG testcase.TC_1.2_2                        - 4: takeScreenshot()
2026-06-11 17:07:53.875 DEBUG testcase.TC_1.2_2                        - 5: verifyElementPresent(css("a[href='loginForm.jsp']"), 5)
2026-06-11 17:07:53.877 DEBUG testcase.TC_1.2_2                        - 1: t = new com.kms.katalon.core.testobject.TestObject(sel)
2026-06-11 17:07:53.879 DEBUG testcase.TC_1.2_2                        - 2: t.addProperty("css", EQUALS, sel)
2026-06-11 17:07:53.882 DEBUG testcase.TC_1.2_2                        - 3: return t
2026-06-11 17:07:54.194 DEBUG testcase.TC_1.2_2                        - 6: closeBrowser()
2026-06-11 17:07:54.684 INFO  c.k.katalon.core.main.TestCaseExecutor   - END Test Cases/Autenticazione/TC_1.2_2
2026-06-11 17:07:54.816 INFO  c.k.katalon.core.main.TestSuiteExecutor  - --------------------
2026-06-11 17:07:54.816 INFO  c.k.katalon.core.main.TestSuiteExecutor  - END Test Suites/Autenticazione
2026-06-11 17:07:54.816 INFO  c.k.katalon.core.main.TestSuiteExecutor  - ====================
