2026-06-08 21:53:29.392 INFO  c.k.k.c.l.logback.LogbackConfigurator    - Logback default configuration initialized from: C:\Users\gianf\.katalon\packages\KS-11.2.0\configuration\org.eclipse.osgi\151\0\.cp\resources\logback\logback-execution.xml
2026-06-08 21:53:29.395 INFO  c.k.k.c.l.logback.LogbackConfigurator    - Logback custom configuration initialized from: C:\Users\gianf\Documents\Vaporant-IGES\StorageSession\testing\katalon\Vaporant-Baseline\Include\config\log.properties
2026-06-08 21:53:30.691 INFO  c.k.katalon.core.main.TestSuiteExecutor  - START Test Suites/Ordine
2026-06-08 21:53:30.847 INFO  c.k.katalon.core.main.TestSuiteExecutor  - userFullName = Gianfranco Barba
2026-06-08 21:53:30.848 INFO  c.k.katalon.core.main.TestSuiteExecutor  - projectName = Vaporant-Baseline
2026-06-08 21:53:30.850 INFO  c.k.katalon.core.main.TestSuiteExecutor  - hostName = gianf - Gianfranco
2026-06-08 21:53:30.850 INFO  c.k.katalon.core.main.TestSuiteExecutor  - os = Windows 11 64bit
2026-06-08 21:53:30.851 INFO  c.k.katalon.core.main.TestSuiteExecutor  - hostAddress = 26.38.161.220
2026-06-08 21:53:30.852 INFO  c.k.katalon.core.main.TestSuiteExecutor  - katalonVersion = 11.2.0.0
2026-06-08 21:53:31.044 INFO  c.k.katalon.core.main.TestCaseExecutor   - --------------------
2026-06-08 21:53:31.045 INFO  c.k.katalon.core.main.TestCaseExecutor   - START Test Cases/Ordine/TC_6.1_1
2026-06-08 21:53:31.498 INFO  com.kms.katalon.core.util.KeywordUtil    - Seed ripristinato prima di: Test Cases/Ordine/TC_6.1_1
2026-06-08 21:53:31.588 DEBUG testcase.TC_6.1_1                        - 1: openBrowser("")
2026-06-08 21:53:31.985 INFO  c.k.k.core.webui.driver.DriverFactory    - Starting 'Chrome' driver
2026-06-08 21:53:32.051 INFO  c.k.k.core.webui.driver.DriverFactory    - Action delay is set to 0 milliseconds
2026-06-08 21:53:34.666 INFO  c.k.k.core.webui.driver.DriverFactory    - sessionId = 3986b242e43b792c0259572f64debd64
2026-06-08 21:53:34.667 INFO  c.k.k.core.webui.driver.DriverFactory    - browser = Chrome 148.0.7778.179
2026-06-08 21:53:34.668 INFO  c.k.k.core.webui.driver.DriverFactory    - platform = Windows 11
2026-06-08 21:53:34.669 INFO  c.k.k.core.webui.driver.DriverFactory    - seleniumVersion = 4.39.0
2026-06-08 21:53:34.679 INFO  c.k.k.core.webui.driver.DriverFactory    - proxyInformation = ProxyInformation { proxyOption=NO_PROXY, proxyServerType=HTTP, username=, password=********, proxyServerAddress=, proxyServerPort=0, executionList="", isApplyToDesiredCapabilities=true }
2026-06-08 21:53:34.744 DEBUG testcase.TC_6.1_1                        - 2: navigateToUrl(base + "loginForm.jsp")
2026-06-08 21:53:35.389 DEBUG testcase.TC_6.1_1                        - 3: setText(css("#email"), "t.mansi@studenti.unisa.it")
2026-06-08 21:53:35.392 DEBUG testcase.TC_6.1_1                        - 1: t = new com.kms.katalon.core.testobject.TestObject(sel)
2026-06-08 21:53:35.412 DEBUG testcase.TC_6.1_1                        - 2: t.addProperty("css", EQUALS, sel)
2026-06-08 21:53:35.428 DEBUG testcase.TC_6.1_1                        - 3: return t
2026-06-08 21:53:36.700 DEBUG testcase.TC_6.1_1                        - 4: setText(css("#password"), "321CBA.")
2026-06-08 21:53:36.702 DEBUG testcase.TC_6.1_1                        - 1: t = new com.kms.katalon.core.testobject.TestObject(sel)
2026-06-08 21:53:36.704 DEBUG testcase.TC_6.1_1                        - 2: t.addProperty("css", EQUALS, sel)
2026-06-08 21:53:36.707 DEBUG testcase.TC_6.1_1                        - 3: return t
2026-06-08 21:53:38.187 DEBUG testcase.TC_6.1_1                        - 5: click(css("#submit"))
2026-06-08 21:53:38.188 DEBUG testcase.TC_6.1_1                        - 1: t = new com.kms.katalon.core.testobject.TestObject(sel)
2026-06-08 21:53:38.190 DEBUG testcase.TC_6.1_1                        - 2: t.addProperty("css", EQUALS, sel)
2026-06-08 21:53:38.192 DEBUG testcase.TC_6.1_1                        - 3: return t
2026-06-08 21:53:43.182 DEBUG testcase.TC_6.1_1                        - 6: delay(2)
2026-06-08 21:53:45.241 DEBUG testcase.TC_6.1_1                        - 7: navigateToUrl(base + "cart?action=addC&id=2")
2026-06-08 21:53:45.790 DEBUG testcase.TC_6.1_1                        - 8: delay(1)
2026-06-08 21:53:46.811 DEBUG testcase.TC_6.1_1                        - 9: navigateToUrl(base + "checkout.jsp")
2026-06-08 21:53:48.655 DEBUG testcase.TC_6.1_1                        - 10: delay(2)
2026-06-08 21:53:50.674 DEBUG testcase.TC_6.1_1                        - 11: takeScreenshot()
2026-06-08 21:53:51.063 DEBUG testcase.TC_6.1_1                        - 12: verifyTextPresent("(?i)Acquista", true)
2026-06-08 21:53:51.359 DEBUG testcase.TC_6.1_1                        - 13: verifyElementPresent(css("#addressDropdown"), 5)
2026-06-08 21:53:51.362 DEBUG testcase.TC_6.1_1                        - 1: t = new com.kms.katalon.core.testobject.TestObject(sel)
2026-06-08 21:53:51.363 DEBUG testcase.TC_6.1_1                        - 2: t.addProperty("css", EQUALS, sel)
2026-06-08 21:53:51.364 DEBUG testcase.TC_6.1_1                        - 3: return t
2026-06-08 21:53:51.646 DEBUG testcase.TC_6.1_1                        - 14: closeBrowser()
2026-06-08 21:53:52.289 INFO  c.k.katalon.core.main.TestCaseExecutor   - END Test Cases/Ordine/TC_6.1_1
2026-06-08 21:53:52.294 INFO  c.k.katalon.core.main.TestCaseExecutor   - --------------------
2026-06-08 21:53:52.294 INFO  c.k.katalon.core.main.TestCaseExecutor   - START Test Cases/Ordine/TC_6.1_2
2026-06-08 21:53:52.402 INFO  com.kms.katalon.core.util.KeywordUtil    - Seed ripristinato prima di: Test Cases/Ordine/TC_6.1_2
2026-06-08 21:53:52.469 DEBUG testcase.TC_6.1_2                        - 1: openBrowser("")
2026-06-08 21:53:52.471 INFO  c.k.k.core.webui.driver.DriverFactory    - Starting 'Chrome' driver
2026-06-08 21:53:52.472 INFO  c.k.k.core.webui.driver.DriverFactory    - Action delay is set to 0 milliseconds
2026-06-08 21:53:53.580 INFO  c.k.k.core.webui.driver.DriverFactory    - sessionId = b16f7d0e30e3780334f127c1d373ecdd
2026-06-08 21:53:53.581 INFO  c.k.k.core.webui.driver.DriverFactory    - browser = Chrome 148.0.7778.179
2026-06-08 21:53:53.581 INFO  c.k.k.core.webui.driver.DriverFactory    - platform = Windows 11
2026-06-08 21:53:53.582 INFO  c.k.k.core.webui.driver.DriverFactory    - seleniumVersion = 4.39.0
2026-06-08 21:53:53.583 INFO  c.k.k.core.webui.driver.DriverFactory    - proxyInformation = ProxyInformation { proxyOption=NO_PROXY, proxyServerType=HTTP, username=, password=********, proxyServerAddress=, proxyServerPort=0, executionList="", isApplyToDesiredCapabilities=true }
2026-06-08 21:53:53.610 DEBUG testcase.TC_6.1_2                        - 2: navigateToUrl(base + "checkout.jsp")
2026-06-08 21:53:53.713 DEBUG testcase.TC_6.1_2                        - 3: delay(2)
2026-06-08 21:53:55.731 DEBUG testcase.TC_6.1_2                        - 4: takeScreenshot()
2026-06-08 21:53:56.069 DEBUG testcase.TC_6.1_2                        - 5: verifyTextPresent("(?i)Non hai un account", true)
2026-06-08 21:53:56.397 ERROR c.k.k.core.keyword.internal.KeywordMain  - ❌ Text '(?i)Non hai un account' is not present on page  using regular expression (Root cause: com.kms.katalon.core.exception.StepFailedException: Text '(?i)Non hai un account' is not present on page  using regular expression
	at com.kms.katalon.core.webui.keyword.internal.WebUIKeywordMain.stepFailed(WebUIKeywordMain.groovy:177)
	at com.kms.katalon.core.webui.keyword.builtin.VerifyTextPresentKeyword$_verifyTextPresent_closure1.doCall(VerifyTextPresentKeyword.groovy:79)
	at com.kms.katalon.core.webui.keyword.builtin.VerifyTextPresentKeyword$_verifyTextPresent_closure1.call(VerifyTextPresentKeyword.groovy)
	at com.kms.katalon.core.webui.keyword.internal.WebUIKeywordMain.runKeyword(WebUIKeywordMain.groovy:41)
	at com.kms.katalon.core.webui.keyword.builtin.VerifyTextPresentKeyword.verifyTextPresent(VerifyTextPresentKeyword.groovy:83)
	at com.kms.katalon.core.webui.keyword.builtin.VerifyTextPresentKeyword.execute(VerifyTextPresentKeyword.groovy:68)
	at com.kms.katalon.core.keyword.internal.KeywordExecutor.executeKeywordForPlatform(KeywordExecutor.groovy:103)
	at com.kms.katalon.core.webui.keyword.WebUiBuiltInKeywords.verifyTextPresent(WebUiBuiltInKeywords.groovy:1825)
	at Script178070060102.run(Script178070060102.groovy:20)
	at com.kms.katalon.core.main.ScriptEngine.run(ScriptEngine.java:203)
	at com.kms.katalon.core.main.ScriptEngine.runScriptAsRawText(ScriptEngine.java:115)
	at com.kms.katalon.core.main.TestCaseExecutor.runScript(TestCaseExecutor.java:506)
	at com.kms.katalon.core.main.TestCaseExecutor.doExecute(TestCaseExecutor.java:497)
	at com.kms.katalon.core.main.TestCaseExecutor.processExecutionPhase(TestCaseExecutor.java:476)
	at com.kms.katalon.core.main.TestCaseExecutor.accessMainPhase(TestCaseExecutor.java:468)
	at com.kms.katalon.core.main.TestCaseExecutor.execute(TestCaseExecutor.java:334)
	at com.kms.katalon.core.common.CommonExecutor.accessTestCaseMainPhase(CommonExecutor.java:71)
	at com.kms.katalon.core.main.TestSuiteExecutor.accessTestSuiteMainPhase(TestSuiteExecutor.java:153)
	at com.kms.katalon.core.main.TestSuiteExecutor.execute(TestSuiteExecutor.java:110)
	at com.kms.katalon.core.main.TestCaseMain.startTestSuite(TestCaseMain.java:206)
	at S0608_15.run(S0608_15.groovy:40)
	at java.base/jdk.internal.reflect.DirectMethodHandleAccessor.invoke(DirectMethodHandleAccessor.java:103)
)
2026-06-08 21:53:56.462 ERROR c.k.k.core.keyword.internal.KeywordMain  - ❌ Unable to verify text '(?i)Non hai un account' is present  using regular expression (Root cause: com.kms.katalon.core.exception.StepFailedException: Unable to verify text '(?i)Non hai un account' is present  using regular expression
	at com.kms.katalon.core.webui.keyword.internal.WebUIKeywordMain.stepFailed(WebUIKeywordMain.groovy:177)
	at com.kms.katalon.core.webui.keyword.internal.WebUIKeywordMain.runKeyword(WebUIKeywordMain.groovy:49)
	at com.kms.katalon.core.webui.keyword.builtin.VerifyTextPresentKeyword.verifyTextPresent(VerifyTextPresentKeyword.groovy:83)
	at com.kms.katalon.core.webui.keyword.builtin.VerifyTextPresentKeyword.execute(VerifyTextPresentKeyword.groovy:68)
	at com.kms.katalon.core.keyword.internal.KeywordExecutor.executeKeywordForPlatform(KeywordExecutor.groovy:103)
	at com.kms.katalon.core.webui.keyword.WebUiBuiltInKeywords.verifyTextPresent(WebUiBuiltInKeywords.groovy:1825)
	at Script178070060102.run(Script178070060102.groovy:20)
	at com.kms.katalon.core.main.ScriptEngine.run(ScriptEngine.java:203)
	at com.kms.katalon.core.main.ScriptEngine.runScriptAsRawText(ScriptEngine.java:115)
	at com.kms.katalon.core.main.TestCaseExecutor.runScript(TestCaseExecutor.java:506)
	at com.kms.katalon.core.main.TestCaseExecutor.doExecute(TestCaseExecutor.java:497)
	at com.kms.katalon.core.main.TestCaseExecutor.processExecutionPhase(TestCaseExecutor.java:476)
	at com.kms.katalon.core.main.TestCaseExecutor.accessMainPhase(TestCaseExecutor.java:468)
	at com.kms.katalon.core.main.TestCaseExecutor.execute(TestCaseExecutor.java:334)
	at com.kms.katalon.core.common.CommonExecutor.accessTestCaseMainPhase(CommonExecutor.java:71)
	at com.kms.katalon.core.main.TestSuiteExecutor.accessTestSuiteMainPhase(TestSuiteExecutor.java:153)
	at com.kms.katalon.core.main.TestSuiteExecutor.execute(TestSuiteExecutor.java:110)
	at com.kms.katalon.core.main.TestCaseMain.startTestSuite(TestCaseMain.java:206)
	at S0608_15.run(S0608_15.groovy:40)
	at java.base/jdk.internal.reflect.DirectMethodHandleAccessor.invoke(DirectMethodHandleAccessor.java:103)
Caused by: com.kms.katalon.core.exception.StepFailedException: Text '(?i)Non hai un account' is not present on page  using regular expression
	at com.kms.katalon.core.webui.keyword.internal.WebUIKeywordMain.stepFailed(WebUIKeywordMain.groovy:177)
	at com.kms.katalon.core.webui.keyword.builtin.VerifyTextPresentKeyword$_verifyTextPresent_closure1.doCall(VerifyTextPresentKeyword.groovy:79)
	at com.kms.katalon.core.webui.keyword.builtin.VerifyTextPresentKeyword$_verifyTextPresent_closure1.call(VerifyTextPresentKeyword.groovy)
	at com.kms.katalon.core.webui.keyword.internal.WebUIKeywordMain.runKeyword(WebUIKeywordMain.groovy:41)
	... 18 more
)
2026-06-08 21:53:56.465 ERROR c.k.katalon.core.main.TestCaseExecutor   - ❌ Test Cases/Ordine/TC_6.1_2 FAILED.
Reason:
com.kms.katalon.core.exception.StepFailedException: Unable to verify text '(?i)Non hai un account' is present  using regular expression
	at com.kms.katalon.core.webui.keyword.internal.WebUIKeywordMain.stepFailed(WebUIKeywordMain.groovy:177)
	at com.kms.katalon.core.webui.keyword.internal.WebUIKeywordMain.runKeyword(WebUIKeywordMain.groovy:49)
	at com.kms.katalon.core.webui.keyword.builtin.VerifyTextPresentKeyword.verifyTextPresent(VerifyTextPresentKeyword.groovy:83)
	at com.kms.katalon.core.webui.keyword.builtin.VerifyTextPresentKeyword.execute(VerifyTextPresentKeyword.groovy:68)
	at com.kms.katalon.core.keyword.internal.KeywordExecutor.executeKeywordForPlatform(KeywordExecutor.groovy:103)
	at com.kms.katalon.core.webui.keyword.WebUiBuiltInKeywords.verifyTextPresent(WebUiBuiltInKeywords.groovy:1825)
	at Script178070060102.run(Script178070060102.groovy:20)
	at com.kms.katalon.core.main.ScriptEngine.run(ScriptEngine.java:203)
	at com.kms.katalon.core.main.ScriptEngine.runScriptAsRawText(ScriptEngine.java:115)
	at com.kms.katalon.core.main.TestCaseExecutor.runScript(TestCaseExecutor.java:506)
	at com.kms.katalon.core.main.TestCaseExecutor.doExecute(TestCaseExecutor.java:497)
	at com.kms.katalon.core.main.TestCaseExecutor.processExecutionPhase(TestCaseExecutor.java:476)
	at com.kms.katalon.core.main.TestCaseExecutor.accessMainPhase(TestCaseExecutor.java:468)
	at com.kms.katalon.core.main.TestCaseExecutor.execute(TestCaseExecutor.java:334)
	at com.kms.katalon.core.common.CommonExecutor.accessTestCaseMainPhase(CommonExecutor.java:71)
	at com.kms.katalon.core.main.TestSuiteExecutor.accessTestSuiteMainPhase(TestSuiteExecutor.java:153)
	at com.kms.katalon.core.main.TestSuiteExecutor.execute(TestSuiteExecutor.java:110)
	at com.kms.katalon.core.main.TestCaseMain.startTestSuite(TestCaseMain.java:206)
	at S0608_15.run(S0608_15.groovy:40)
	at java.base/jdk.internal.reflect.DirectMethodHandleAccessor.invoke(DirectMethodHandleAccessor.java:103)
Caused by: com.kms.katalon.core.exception.StepFailedException: Text '(?i)Non hai un account' is not present on page  using regular expression
	at com.kms.katalon.core.webui.keyword.internal.WebUIKeywordMain.stepFailed(WebUIKeywordMain.groovy:177)
	at com.kms.katalon.core.webui.keyword.builtin.VerifyTextPresentKeyword$_verifyTextPresent_closure1.doCall(VerifyTextPresentKeyword.groovy:79)
	at com.kms.katalon.core.webui.keyword.builtin.VerifyTextPresentKeyword$_verifyTextPresent_closure1.call(VerifyTextPresentKeyword.groovy)
	at com.kms.katalon.core.webui.keyword.internal.WebUIKeywordMain.runKeyword(WebUIKeywordMain.groovy:41)
	... 18 more

2026-06-08 21:53:56.469 INFO  c.k.katalon.core.main.TestCaseExecutor   - END Test Cases/Ordine/TC_6.1_2
2026-06-08 21:53:56.476 INFO  c.k.katalon.core.main.TestCaseExecutor   - --------------------
2026-06-08 21:53:56.476 INFO  c.k.katalon.core.main.TestCaseExecutor   - START Test Cases/Ordine/TC_6.1_3
2026-06-08 21:53:56.624 INFO  com.kms.katalon.core.util.KeywordUtil    - Seed ripristinato prima di: Test Cases/Ordine/TC_6.1_3
2026-06-08 21:53:56.768 DEBUG testcase.TC_6.1_3                        - 1: openBrowser("")
2026-06-08 21:53:56.771 WARN  c.k.k.core.webui.driver.DriverFactory    - A browser is already opened. Closing browser and opening a new one
2026-06-08 21:53:57.150 INFO  c.k.k.core.webui.driver.DriverFactory    - Starting 'Chrome' driver
2026-06-08 21:53:57.152 INFO  c.k.k.core.webui.driver.DriverFactory    - Action delay is set to 0 milliseconds
2026-06-08 21:53:58.195 INFO  c.k.k.core.webui.driver.DriverFactory    - sessionId = 7590e9ef76320e741996cb7bb49534e9
2026-06-08 21:53:58.196 INFO  c.k.k.core.webui.driver.DriverFactory    - browser = Chrome 148.0.7778.179
2026-06-08 21:53:58.197 INFO  c.k.k.core.webui.driver.DriverFactory    - platform = Windows 11
2026-06-08 21:53:58.197 INFO  c.k.k.core.webui.driver.DriverFactory    - seleniumVersion = 4.39.0
2026-06-08 21:53:58.198 INFO  c.k.k.core.webui.driver.DriverFactory    - proxyInformation = ProxyInformation { proxyOption=NO_PROXY, proxyServerType=HTTP, username=, password=********, proxyServerAddress=, proxyServerPort=0, executionList="", isApplyToDesiredCapabilities=true }
2026-06-08 21:53:58.228 DEBUG testcase.TC_6.1_3                        - 2: navigateToUrl(base + "SignForm.jsp")
2026-06-08 21:53:58.832 DEBUG testcase.TC_6.1_3                        - 3: executeJavaScript("document.getElementById('nome').value='Cliente';" + "document.getElementById('cognome').value='SenzaIndirizzo';" + "document.getElementById('data_nascita').value='1999-01-01';" + "document.getElementById('codice_fiscale').value='CLTSNI99A01F839X';" + "document.getElementById('telefono').value='3310000001';" + "document.getElementById('email').value='nessun.indirizzo@example.com';" + "document.getElementById('password').value='Password1';", null)
2026-06-08 21:53:58.878 DEBUG testcase.TC_6.1_3                        - 4: click(css("#submit"))
2026-06-08 21:53:58.882 DEBUG testcase.TC_6.1_3                        - 1: t = new com.kms.katalon.core.testobject.TestObject(sel)
2026-06-08 21:53:58.884 DEBUG testcase.TC_6.1_3                        - 2: t.addProperty("css", EQUALS, sel)
2026-06-08 21:53:58.887 DEBUG testcase.TC_6.1_3                        - 3: return t
2026-06-08 21:53:59.310 DEBUG testcase.TC_6.1_3                        - 5: delay(2)
2026-06-08 21:54:01.324 DEBUG testcase.TC_6.1_3                        - 6: setText(css("#email"), "nessun.indirizzo@example.com")
2026-06-08 21:54:01.326 DEBUG testcase.TC_6.1_3                        - 1: t = new com.kms.katalon.core.testobject.TestObject(sel)
2026-06-08 21:54:01.328 DEBUG testcase.TC_6.1_3                        - 2: t.addProperty("css", EQUALS, sel)
2026-06-08 21:54:01.329 DEBUG testcase.TC_6.1_3                        - 3: return t
2026-06-08 21:54:02.072 DEBUG testcase.TC_6.1_3                        - 7: setText(css("#password"), "Password1")
2026-06-08 21:54:02.074 DEBUG testcase.TC_6.1_3                        - 1: t = new com.kms.katalon.core.testobject.TestObject(sel)
2026-06-08 21:54:02.074 DEBUG testcase.TC_6.1_3                        - 2: t.addProperty("css", EQUALS, sel)
2026-06-08 21:54:02.075 DEBUG testcase.TC_6.1_3                        - 3: return t
2026-06-08 21:54:02.836 DEBUG testcase.TC_6.1_3                        - 8: click(css("#submit"))
2026-06-08 21:54:02.838 DEBUG testcase.TC_6.1_3                        - 1: t = new com.kms.katalon.core.testobject.TestObject(sel)
2026-06-08 21:54:02.839 DEBUG testcase.TC_6.1_3                        - 2: t.addProperty("css", EQUALS, sel)
2026-06-08 21:54:02.839 DEBUG testcase.TC_6.1_3                        - 3: return t
2026-06-08 21:54:03.201 DEBUG testcase.TC_6.1_3                        - 9: delay(2)
2026-06-08 21:54:05.218 DEBUG testcase.TC_6.1_3                        - 10: navigateToUrl(base + "cart?action=addC&id=2")
2026-06-08 21:54:05.373 DEBUG testcase.TC_6.1_3                        - 11: delay(1)
2026-06-08 21:54:06.389 DEBUG testcase.TC_6.1_3                        - 12: navigateToUrl(base + "checkout.jsp")
2026-06-08 21:54:06.425 DEBUG testcase.TC_6.1_3                        - 13: delay(2)
2026-06-08 21:54:08.439 DEBUG testcase.TC_6.1_3                        - 14: takeScreenshot()
2026-06-08 21:54:08.784 DEBUG testcase.TC_6.1_3                        - 15: verifyTextPresent("(?i)Aggiungi indirizzo", true)
2026-06-08 21:54:09.096 DEBUG testcase.TC_6.1_3                        - 16: closeBrowser()
2026-06-08 21:54:09.391 INFO  c.k.katalon.core.main.TestCaseExecutor   - END Test Cases/Ordine/TC_6.1_3
2026-06-08 21:54:09.395 INFO  c.k.katalon.core.main.TestCaseExecutor   - --------------------
2026-06-08 21:54:09.396 INFO  c.k.katalon.core.main.TestCaseExecutor   - START Test Cases/Ordine/TC_6.1_4
2026-06-08 21:54:09.515 INFO  com.kms.katalon.core.util.KeywordUtil    - Seed ripristinato prima di: Test Cases/Ordine/TC_6.1_4
2026-06-08 21:54:09.602 DEBUG testcase.TC_6.1_4                        - 1: openBrowser("")
2026-06-08 21:54:09.604 INFO  c.k.k.core.webui.driver.DriverFactory    - Starting 'Chrome' driver
2026-06-08 21:54:09.606 INFO  c.k.k.core.webui.driver.DriverFactory    - Action delay is set to 0 milliseconds
2026-06-08 21:54:10.724 INFO  c.k.k.core.webui.driver.DriverFactory    - sessionId = 144c3022d1c69f4b34a973dbbc398086
2026-06-08 21:54:10.725 INFO  c.k.k.core.webui.driver.DriverFactory    - browser = Chrome 148.0.7778.179
2026-06-08 21:54:10.725 INFO  c.k.k.core.webui.driver.DriverFactory    - platform = Windows 11
2026-06-08 21:54:10.725 INFO  c.k.k.core.webui.driver.DriverFactory    - seleniumVersion = 4.39.0
2026-06-08 21:54:10.726 INFO  c.k.k.core.webui.driver.DriverFactory    - proxyInformation = ProxyInformation { proxyOption=NO_PROXY, proxyServerType=HTTP, username=, password=********, proxyServerAddress=, proxyServerPort=0, executionList="", isApplyToDesiredCapabilities=true }
2026-06-08 21:54:10.748 DEBUG testcase.TC_6.1_4                        - 2: navigateToUrl(base + "loginForm.jsp")
2026-06-08 21:54:11.741 DEBUG testcase.TC_6.1_4                        - 3: setText(css("#email"), "t.mansi@studenti.unisa.it")
2026-06-08 21:54:11.743 DEBUG testcase.TC_6.1_4                        - 1: t = new com.kms.katalon.core.testobject.TestObject(sel)
2026-06-08 21:54:11.744 DEBUG testcase.TC_6.1_4                        - 2: t.addProperty("css", EQUALS, sel)
2026-06-08 21:54:11.747 DEBUG testcase.TC_6.1_4                        - 3: return t
2026-06-08 21:54:12.453 DEBUG testcase.TC_6.1_4                        - 4: setText(css("#password"), "321CBA.")
2026-06-08 21:54:12.456 DEBUG testcase.TC_6.1_4                        - 1: t = new com.kms.katalon.core.testobject.TestObject(sel)
2026-06-08 21:54:12.457 DEBUG testcase.TC_6.1_4                        - 2: t.addProperty("css", EQUALS, sel)
2026-06-08 21:54:12.458 DEBUG testcase.TC_6.1_4                        - 3: return t
2026-06-08 21:54:13.195 DEBUG testcase.TC_6.1_4                        - 5: click(css("#submit"))
2026-06-08 21:54:13.197 DEBUG testcase.TC_6.1_4                        - 1: t = new com.kms.katalon.core.testobject.TestObject(sel)
2026-06-08 21:54:13.198 DEBUG testcase.TC_6.1_4                        - 2: t.addProperty("css", EQUALS, sel)
2026-06-08 21:54:13.199 DEBUG testcase.TC_6.1_4                        - 3: return t
2026-06-08 21:54:14.934 DEBUG testcase.TC_6.1_4                        - 6: delay(2)
2026-06-08 21:54:16.950 DEBUG testcase.TC_6.1_4                        - 7: navigateToUrl(base + "checkout.jsp")
2026-06-08 21:54:17.008 DEBUG testcase.TC_6.1_4                        - 8: delay(2)
2026-06-08 21:54:19.020 DEBUG testcase.TC_6.1_4                        - 9: takeScreenshot()
2026-06-08 21:54:19.348 DEBUG testcase.TC_6.1_4                        - 10: verifyTextPresent("(?i)Acquista", true, CONTINUE_ON_FAILURE)
2026-06-08 21:54:19.643 ERROR c.k.k.core.keyword.internal.KeywordMain  - ❌ Text '(?i)Acquista' is not present on page  using regular expression (Root cause: com.kms.katalon.core.exception.StepFailedException: Text '(?i)Acquista' is not present on page  using regular expression
	at com.kms.katalon.core.webui.keyword.internal.WebUIKeywordMain.stepFailed(WebUIKeywordMain.groovy:177)
	at com.kms.katalon.core.webui.keyword.builtin.VerifyTextPresentKeyword$_verifyTextPresent_closure1.doCall(VerifyTextPresentKeyword.groovy:79)
	at com.kms.katalon.core.webui.keyword.builtin.VerifyTextPresentKeyword$_verifyTextPresent_closure1.call(VerifyTextPresentKeyword.groovy)
	at com.kms.katalon.core.webui.keyword.internal.WebUIKeywordMain.runKeyword(WebUIKeywordMain.groovy:41)
	at com.kms.katalon.core.webui.keyword.builtin.VerifyTextPresentKeyword.verifyTextPresent(VerifyTextPresentKeyword.groovy:83)
	at com.kms.katalon.core.webui.keyword.builtin.VerifyTextPresentKeyword.execute(VerifyTextPresentKeyword.groovy:68)
	at com.kms.katalon.core.keyword.internal.KeywordExecutor.executeKeywordForPlatform(KeywordExecutor.groovy:103)
	at com.kms.katalon.core.webui.keyword.WebUiBuiltInKeywords.verifyTextPresent(WebUiBuiltInKeywords.groovy:1809)
	at Script178070060104.run(Script178070060104.groovy:28)
	at com.kms.katalon.core.main.ScriptEngine.run(ScriptEngine.java:203)
	at com.kms.katalon.core.main.ScriptEngine.runScriptAsRawText(ScriptEngine.java:115)
	at com.kms.katalon.core.main.TestCaseExecutor.runScript(TestCaseExecutor.java:506)
	at com.kms.katalon.core.main.TestCaseExecutor.doExecute(TestCaseExecutor.java:497)
	at com.kms.katalon.core.main.TestCaseExecutor.processExecutionPhase(TestCaseExecutor.java:476)
	at com.kms.katalon.core.main.TestCaseExecutor.accessMainPhase(TestCaseExecutor.java:468)
	at com.kms.katalon.core.main.TestCaseExecutor.execute(TestCaseExecutor.java:334)
	at com.kms.katalon.core.common.CommonExecutor.accessTestCaseMainPhase(CommonExecutor.java:71)
	at com.kms.katalon.core.main.TestSuiteExecutor.accessTestSuiteMainPhase(TestSuiteExecutor.java:153)
	at com.kms.katalon.core.main.TestSuiteExecutor.execute(TestSuiteExecutor.java:110)
	at com.kms.katalon.core.main.TestCaseMain.startTestSuite(TestCaseMain.java:206)
	at S0608_15.run(S0608_15.groovy:40)
	at java.base/jdk.internal.reflect.DirectMethodHandleAccessor.invoke(DirectMethodHandleAccessor.java:103)
)
2026-06-08 21:54:19.646 DEBUG testcase.TC_6.1_4                        - 11: closeBrowser()
2026-06-08 21:54:19.873 ERROR c.k.katalon.core.main.TestCaseExecutor   - ❌ Test Cases/Ordine/TC_6.1_4 FAILED.
Reason:
com.kms.katalon.core.exception.StepFailedException: Text '(?i)Acquista' is not present on page  using regular expression (Root cause: com.kms.katalon.core.exception.StepFailedException: Text '(?i)Acquista' is not present on page  using regular expression
	at com.kms.katalon.core.webui.keyword.internal.WebUIKeywordMain.stepFailed(WebUIKeywordMain.groovy:177)
	at com.kms.katalon.core.webui.keyword.builtin.VerifyTextPresentKeyword$_verifyTextPresent_closure1.doCall(VerifyTextPresentKeyword.groovy:79)
	at com.kms.katalon.core.webui.keyword.builtin.VerifyTextPresentKeyword$_verifyTextPresent_closure1.call(VerifyTextPresentKeyword.groovy)
	at com.kms.katalon.core.webui.keyword.internal.WebUIKeywordMain.runKeyword(WebUIKeywordMain.groovy:41)
	at com.kms.katalon.core.webui.keyword.builtin.VerifyTextPresentKeyword.verifyTextPresent(VerifyTextPresentKeyword.groovy:83)
	at com.kms.katalon.core.webui.keyword.builtin.VerifyTextPresentKeyword.execute(VerifyTextPresentKeyword.groovy:68)
	at com.kms.katalon.core.keyword.internal.KeywordExecutor.executeKeywordForPlatform(KeywordExecutor.groovy:103)
	at com.kms.katalon.core.webui.keyword.WebUiBuiltInKeywords.verifyTextPresent(WebUiBuiltInKeywords.groovy:1809)
	at Script178070060104.run(Script178070060104.groovy:28)
	at com.kms.katalon.core.main.ScriptEngine.run(ScriptEngine.java:203)
	at com.kms.katalon.core.main.ScriptEngine.runScriptAsRawText(ScriptEngine.java:115)
	at com.kms.katalon.core.main.TestCaseExecutor.runScript(TestCaseExecutor.java:506)
	at com.kms.katalon.core.main.TestCaseExecutor.doExecute(TestCaseExecutor.java:497)
	at com.kms.katalon.core.main.TestCaseExecutor.processExecutionPhase(TestCaseExecutor.java:476)
	at com.kms.katalon.core.main.TestCaseExecutor.accessMainPhase(TestCaseExecutor.java:468)
	at com.kms.katalon.core.main.TestCaseExecutor.execute(TestCaseExecutor.java:334)
	at com.kms.katalon.core.common.CommonExecutor.accessTestCaseMainPhase(CommonExecutor.java:71)
	at com.kms.katalon.core.main.TestSuiteExecutor.accessTestSuiteMainPhase(TestSuiteExecutor.java:153)
	at com.kms.katalon.core.main.TestSuiteExecutor.execute(TestSuiteExecutor.java:110)
	at com.kms.katalon.core.main.TestCaseMain.startTestSuite(TestCaseMain.java:206)
	at S0608_15.run(S0608_15.groovy:40)
	at java.base/jdk.internal.reflect.DirectMethodHandleAccessor.invoke(DirectMethodHandleAccessor.java:103)
)
	at com.kms.katalon.core.keyword.internal.KeywordMain.stepFailed(KeywordMain.groovy:39)
	at com.kms.katalon.core.webui.keyword.internal.WebUIKeywordMain.stepFailed(WebUIKeywordMain.groovy:177)
	at com.kms.katalon.core.webui.keyword.builtin.VerifyTextPresentKeyword$_verifyTextPresent_closure1.doCall(VerifyTextPresentKeyword.groovy:79)
	at com.kms.katalon.core.webui.keyword.builtin.VerifyTextPresentKeyword$_verifyTextPresent_closure1.call(VerifyTextPresentKeyword.groovy)
	at com.kms.katalon.core.webui.keyword.internal.WebUIKeywordMain.runKeyword(WebUIKeywordMain.groovy:41)
	at com.kms.katalon.core.webui.keyword.builtin.VerifyTextPresentKeyword.verifyTextPresent(VerifyTextPresentKeyword.groovy:83)
	at com.kms.katalon.core.webui.keyword.builtin.VerifyTextPresentKeyword.execute(VerifyTextPresentKeyword.groovy:68)
	at com.kms.katalon.core.keyword.internal.KeywordExecutor.executeKeywordForPlatform(KeywordExecutor.groovy:103)
	at com.kms.katalon.core.webui.keyword.WebUiBuiltInKeywords.verifyTextPresent(WebUiBuiltInKeywords.groovy:1809)
	at Script178070060104.run(Script178070060104.groovy:28)
	at com.kms.katalon.core.main.ScriptEngine.run(ScriptEngine.java:203)
	at com.kms.katalon.core.main.ScriptEngine.runScriptAsRawText(ScriptEngine.java:115)
	at com.kms.katalon.core.main.TestCaseExecutor.runScript(TestCaseExecutor.java:506)
	at com.kms.katalon.core.main.TestCaseExecutor.doExecute(TestCaseExecutor.java:497)
	at com.kms.katalon.core.main.TestCaseExecutor.processExecutionPhase(TestCaseExecutor.java:476)
	at com.kms.katalon.core.main.TestCaseExecutor.accessMainPhase(TestCaseExecutor.java:468)
	at com.kms.katalon.core.main.TestCaseExecutor.execute(TestCaseExecutor.java:334)
	at com.kms.katalon.core.common.CommonExecutor.accessTestCaseMainPhase(CommonExecutor.java:71)
	at com.kms.katalon.core.main.TestSuiteExecutor.accessTestSuiteMainPhase(TestSuiteExecutor.java:153)
	at com.kms.katalon.core.main.TestSuiteExecutor.execute(TestSuiteExecutor.java:110)
	at com.kms.katalon.core.main.TestCaseMain.startTestSuite(TestCaseMain.java:206)
	at S0608_15.run(S0608_15.groovy:40)
	at java.base/jdk.internal.reflect.DirectMethodHandleAccessor.invoke(DirectMethodHandleAccessor.java:103)
Caused by: com.kms.katalon.core.exception.StepFailedException: Text '(?i)Acquista' is not present on page  using regular expression
	... 22 more

2026-06-08 21:54:19.875 INFO  c.k.katalon.core.main.TestCaseExecutor   - END Test Cases/Ordine/TC_6.1_4
2026-06-08 21:54:19.878 INFO  c.k.katalon.core.main.TestCaseExecutor   - --------------------
2026-06-08 21:54:19.878 INFO  c.k.katalon.core.main.TestCaseExecutor   - START Test Cases/Ordine/TC_6.2_1
2026-06-08 21:54:19.999 INFO  com.kms.katalon.core.util.KeywordUtil    - Seed ripristinato prima di: Test Cases/Ordine/TC_6.2_1
2026-06-08 21:54:20.073 DEBUG testcase.TC_6.2_1                        - 1: openBrowser("")
2026-06-08 21:54:20.074 INFO  c.k.k.core.webui.driver.DriverFactory    - Starting 'Chrome' driver
2026-06-08 21:54:20.075 INFO  c.k.k.core.webui.driver.DriverFactory    - Action delay is set to 0 milliseconds
2026-06-08 21:54:21.044 INFO  c.k.k.core.webui.driver.DriverFactory    - sessionId = 68821054f24de3944906de1650ef464f
2026-06-08 21:54:21.044 INFO  c.k.k.core.webui.driver.DriverFactory    - browser = Chrome 148.0.7778.179
2026-06-08 21:54:21.045 INFO  c.k.k.core.webui.driver.DriverFactory    - platform = Windows 11
2026-06-08 21:54:21.046 INFO  c.k.k.core.webui.driver.DriverFactory    - seleniumVersion = 4.39.0
2026-06-08 21:54:21.046 INFO  c.k.k.core.webui.driver.DriverFactory    - proxyInformation = ProxyInformation { proxyOption=NO_PROXY, proxyServerType=HTTP, username=, password=********, proxyServerAddress=, proxyServerPort=0, executionList="", isApplyToDesiredCapabilities=true }
2026-06-08 21:54:21.067 DEBUG testcase.TC_6.2_1                        - 2: navigateToUrl(base + "loginForm.jsp")
2026-06-08 21:54:21.523 DEBUG testcase.TC_6.2_1                        - 3: setText(css("#email"), "t.mansi@studenti.unisa.it")
2026-06-08 21:54:21.523 DEBUG testcase.TC_6.2_1                        - 1: t = new com.kms.katalon.core.testobject.TestObject(sel)
2026-06-08 21:54:21.526 DEBUG testcase.TC_6.2_1                        - 2: t.addProperty("css", EQUALS, sel)
2026-06-08 21:54:21.527 DEBUG testcase.TC_6.2_1                        - 3: return t
2026-06-08 21:54:22.249 DEBUG testcase.TC_6.2_1                        - 4: setText(css("#password"), "321CBA.")
2026-06-08 21:54:22.250 DEBUG testcase.TC_6.2_1                        - 1: t = new com.kms.katalon.core.testobject.TestObject(sel)
2026-06-08 21:54:22.251 DEBUG testcase.TC_6.2_1                        - 2: t.addProperty("css", EQUALS, sel)
2026-06-08 21:54:22.252 DEBUG testcase.TC_6.2_1                        - 3: return t
2026-06-08 21:54:22.966 DEBUG testcase.TC_6.2_1                        - 5: click(css("#submit"))
2026-06-08 21:54:22.969 DEBUG testcase.TC_6.2_1                        - 1: t = new com.kms.katalon.core.testobject.TestObject(sel)
2026-06-08 21:54:22.969 DEBUG testcase.TC_6.2_1                        - 2: t.addProperty("css", EQUALS, sel)
2026-06-08 21:54:22.970 DEBUG testcase.TC_6.2_1                        - 3: return t
2026-06-08 21:54:23.422 DEBUG testcase.TC_6.2_1                        - 6: delay(2)
2026-06-08 21:54:25.436 DEBUG testcase.TC_6.2_1                        - 7: navigateToUrl(base + "cart?action=addC&id=2")
2026-06-08 21:54:25.591 DEBUG testcase.TC_6.2_1                        - 8: delay(1)
2026-06-08 21:54:26.597 DEBUG testcase.TC_6.2_1                        - 9: navigateToUrl(base + "checkout.jsp")
2026-06-08 21:54:26.650 DEBUG testcase.TC_6.2_1                        - 10: delay(2)
2026-06-08 21:54:28.665 DEBUG testcase.TC_6.2_1                        - 11: selectOptionByValue(css("#addressDropdown"), "4", false)
2026-06-08 21:54:28.666 DEBUG testcase.TC_6.2_1                        - 1: t = new com.kms.katalon.core.testobject.TestObject(sel)
2026-06-08 21:54:28.667 DEBUG testcase.TC_6.2_1                        - 2: t.addProperty("css", EQUALS, sel)
2026-06-08 21:54:28.668 DEBUG testcase.TC_6.2_1                        - 3: return t
2026-06-08 21:54:29.414 DEBUG testcase.TC_6.2_1                        - 12: selectOptionByValue(css("#addressDropdown2"), "4", false)
2026-06-08 21:54:29.417 DEBUG testcase.TC_6.2_1                        - 1: t = new com.kms.katalon.core.testobject.TestObject(sel)
2026-06-08 21:54:29.419 DEBUG testcase.TC_6.2_1                        - 2: t.addProperty("css", EQUALS, sel)
2026-06-08 21:54:29.422 DEBUG testcase.TC_6.2_1                        - 3: return t
2026-06-08 21:54:30.082 DEBUG testcase.TC_6.2_1                        - 13: click(css("#paypal"))
2026-06-08 21:54:30.083 DEBUG testcase.TC_6.2_1                        - 1: t = new com.kms.katalon.core.testobject.TestObject(sel)
2026-06-08 21:54:30.084 DEBUG testcase.TC_6.2_1                        - 2: t.addProperty("css", EQUALS, sel)
2026-06-08 21:54:30.085 DEBUG testcase.TC_6.2_1                        - 3: return t
2026-06-08 21:54:30.466 DEBUG testcase.TC_6.2_1                        - 14: delay(1)
2026-06-08 21:54:31.482 DEBUG testcase.TC_6.2_1                        - 15: takeScreenshot()
2026-06-08 21:54:31.827 DEBUG testcase.TC_6.2_1                        - 16: click(css("form[action='Ordine'] .checkout-btn"))
2026-06-08 21:54:31.828 DEBUG testcase.TC_6.2_1                        - 1: t = new com.kms.katalon.core.testobject.TestObject(sel)
2026-06-08 21:54:31.829 DEBUG testcase.TC_6.2_1                        - 2: t.addProperty("css", EQUALS, sel)
2026-06-08 21:54:31.829 DEBUG testcase.TC_6.2_1                        - 3: return t
2026-06-08 21:54:32.205 DEBUG testcase.TC_6.2_1                        - 17: delay(3)
2026-06-08 21:54:35.212 DEBUG testcase.TC_6.2_1                        - 18: takeScreenshot()
2026-06-08 21:54:35.541 DEBUG testcase.TC_6.2_1                        - 19: verifyTextPresent("(?i)Acquisto effettuato", true)
2026-06-08 21:54:35.812 DEBUG testcase.TC_6.2_1                        - 20: closeBrowser()
2026-06-08 21:54:36.121 INFO  c.k.katalon.core.main.TestCaseExecutor   - END Test Cases/Ordine/TC_6.2_1
2026-06-08 21:54:36.124 INFO  c.k.katalon.core.main.TestCaseExecutor   - --------------------
2026-06-08 21:54:36.124 INFO  c.k.katalon.core.main.TestCaseExecutor   - START Test Cases/Ordine/TC_6.2_2
2026-06-08 21:54:36.251 INFO  com.kms.katalon.core.util.KeywordUtil    - Seed ripristinato prima di: Test Cases/Ordine/TC_6.2_2
2026-06-08 21:54:36.329 DEBUG testcase.TC_6.2_2                        - 1: openBrowser("")
2026-06-08 21:54:36.330 INFO  c.k.k.core.webui.driver.DriverFactory    - Starting 'Chrome' driver
2026-06-08 21:54:36.332 INFO  c.k.k.core.webui.driver.DriverFactory    - Action delay is set to 0 milliseconds
2026-06-08 21:54:37.384 INFO  c.k.k.core.webui.driver.DriverFactory    - sessionId = 1b00f616481d506dab1ef212df0a06aa
2026-06-08 21:54:37.385 INFO  c.k.k.core.webui.driver.DriverFactory    - browser = Chrome 148.0.7778.179
2026-06-08 21:54:37.386 INFO  c.k.k.core.webui.driver.DriverFactory    - platform = Windows 11
2026-06-08 21:54:37.386 INFO  c.k.k.core.webui.driver.DriverFactory    - seleniumVersion = 4.39.0
2026-06-08 21:54:37.387 INFO  c.k.k.core.webui.driver.DriverFactory    - proxyInformation = ProxyInformation { proxyOption=NO_PROXY, proxyServerType=HTTP, username=, password=********, proxyServerAddress=, proxyServerPort=0, executionList="", isApplyToDesiredCapabilities=true }
2026-06-08 21:54:37.406 DEBUG testcase.TC_6.2_2                        - 2: navigateToUrl(base + "loginForm.jsp")
2026-06-08 21:54:37.891 DEBUG testcase.TC_6.2_2                        - 3: setText(css("#email"), "t.mansi@studenti.unisa.it")
2026-06-08 21:54:37.892 DEBUG testcase.TC_6.2_2                        - 1: t = new com.kms.katalon.core.testobject.TestObject(sel)
2026-06-08 21:54:37.894 DEBUG testcase.TC_6.2_2                        - 2: t.addProperty("css", EQUALS, sel)
2026-06-08 21:54:37.896 DEBUG testcase.TC_6.2_2                        - 3: return t
2026-06-08 21:54:38.586 DEBUG testcase.TC_6.2_2                        - 4: setText(css("#password"), "321CBA.")
2026-06-08 21:54:38.587 DEBUG testcase.TC_6.2_2                        - 1: t = new com.kms.katalon.core.testobject.TestObject(sel)
2026-06-08 21:54:38.588 DEBUG testcase.TC_6.2_2                        - 2: t.addProperty("css", EQUALS, sel)
2026-06-08 21:54:38.589 DEBUG testcase.TC_6.2_2                        - 3: return t
2026-06-08 21:54:39.285 DEBUG testcase.TC_6.2_2                        - 5: click(css("#submit"))
2026-06-08 21:54:39.286 DEBUG testcase.TC_6.2_2                        - 1: t = new com.kms.katalon.core.testobject.TestObject(sel)
2026-06-08 21:54:39.287 DEBUG testcase.TC_6.2_2                        - 2: t.addProperty("css", EQUALS, sel)
2026-06-08 21:54:39.289 DEBUG testcase.TC_6.2_2                        - 3: return t
2026-06-08 21:54:40.044 DEBUG testcase.TC_6.2_2                        - 6: delay(2)
2026-06-08 21:54:42.057 DEBUG testcase.TC_6.2_2                        - 7: navigateToUrl(base + "cart?action=addC&id=2")
2026-06-08 21:54:42.220 DEBUG testcase.TC_6.2_2                        - 8: delay(1)
2026-06-08 21:54:43.235 DEBUG testcase.TC_6.2_2                        - 9: navigateToUrl(base + "checkout.jsp")
2026-06-08 21:54:43.304 DEBUG testcase.TC_6.2_2                        - 10: delay(2)
2026-06-08 21:54:45.315 DEBUG testcase.TC_6.2_2                        - 11: selectOptionByValue(css("#addressDropdown2"), "4", false)
2026-06-08 21:54:45.317 DEBUG testcase.TC_6.2_2                        - 1: t = new com.kms.katalon.core.testobject.TestObject(sel)
2026-06-08 21:54:45.318 DEBUG testcase.TC_6.2_2                        - 2: t.addProperty("css", EQUALS, sel)
2026-06-08 21:54:45.318 DEBUG testcase.TC_6.2_2                        - 3: return t
2026-06-08 21:54:45.988 DEBUG testcase.TC_6.2_2                        - 12: click(css("#paypal"))
2026-06-08 21:54:45.990 DEBUG testcase.TC_6.2_2                        - 1: t = new com.kms.katalon.core.testobject.TestObject(sel)
2026-06-08 21:54:45.990 DEBUG testcase.TC_6.2_2                        - 2: t.addProperty("css", EQUALS, sel)
2026-06-08 21:54:45.991 DEBUG testcase.TC_6.2_2                        - 3: return t
2026-06-08 21:54:46.368 DEBUG testcase.TC_6.2_2                        - 13: valid = executeJavaScript("return document.getElementById('addressDropdown').checkValidity()", null)
2026-06-08 21:54:46.382 DEBUG testcase.TC_6.2_2                        - 14: verifyEqual(valid, false)
2026-06-08 21:54:46.405 DEBUG testcase.TC_6.2_2                        - 15: click(css("form[action='Ordine'] .checkout-btn"))
2026-06-08 21:54:46.407 DEBUG testcase.TC_6.2_2                        - 1: t = new com.kms.katalon.core.testobject.TestObject(sel)
2026-06-08 21:54:46.407 DEBUG testcase.TC_6.2_2                        - 2: t.addProperty("css", EQUALS, sel)
2026-06-08 21:54:46.408 DEBUG testcase.TC_6.2_2                        - 3: return t
2026-06-08 21:54:46.766 DEBUG testcase.TC_6.2_2                        - 16: delay(1)
2026-06-08 21:54:47.775 DEBUG testcase.TC_6.2_2                        - 17: takeScreenshot()
2026-06-08 21:54:48.101 DEBUG testcase.TC_6.2_2                        - 18: verifyElementPresent(css("#addressDropdown"), 5)
2026-06-08 21:54:48.102 DEBUG testcase.TC_6.2_2                        - 1: t = new com.kms.katalon.core.testobject.TestObject(sel)
2026-06-08 21:54:48.103 DEBUG testcase.TC_6.2_2                        - 2: t.addProperty("css", EQUALS, sel)
2026-06-08 21:54:48.103 DEBUG testcase.TC_6.2_2                        - 3: return t
2026-06-08 21:54:48.345 DEBUG testcase.TC_6.2_2                        - 19: closeBrowser()
2026-06-08 21:54:48.887 INFO  c.k.katalon.core.main.TestCaseExecutor   - END Test Cases/Ordine/TC_6.2_2
2026-06-08 21:54:48.890 INFO  c.k.katalon.core.main.TestCaseExecutor   - --------------------
2026-06-08 21:54:48.890 INFO  c.k.katalon.core.main.TestCaseExecutor   - START Test Cases/Ordine/TC_6.2_3
2026-06-08 21:54:49.022 INFO  com.kms.katalon.core.util.KeywordUtil    - Seed ripristinato prima di: Test Cases/Ordine/TC_6.2_3
2026-06-08 21:54:49.092 DEBUG testcase.TC_6.2_3                        - 1: openBrowser("")
2026-06-08 21:54:49.094 INFO  c.k.k.core.webui.driver.DriverFactory    - Starting 'Chrome' driver
2026-06-08 21:54:49.095 INFO  c.k.k.core.webui.driver.DriverFactory    - Action delay is set to 0 milliseconds
2026-06-08 21:54:50.127 INFO  c.k.k.core.webui.driver.DriverFactory    - sessionId = 512258f1569367a6136cabd6f875cd32
2026-06-08 21:54:50.127 INFO  c.k.k.core.webui.driver.DriverFactory    - browser = Chrome 148.0.7778.179
2026-06-08 21:54:50.128 INFO  c.k.k.core.webui.driver.DriverFactory    - platform = Windows 11
2026-06-08 21:54:50.128 INFO  c.k.k.core.webui.driver.DriverFactory    - seleniumVersion = 4.39.0
2026-06-08 21:54:50.129 INFO  c.k.k.core.webui.driver.DriverFactory    - proxyInformation = ProxyInformation { proxyOption=NO_PROXY, proxyServerType=HTTP, username=, password=********, proxyServerAddress=, proxyServerPort=0, executionList="", isApplyToDesiredCapabilities=true }
2026-06-08 21:54:50.149 DEBUG testcase.TC_6.2_3                        - 2: navigateToUrl(base + "loginForm.jsp")
2026-06-08 21:54:50.604 DEBUG testcase.TC_6.2_3                        - 3: setText(css("#email"), "t.mansi@studenti.unisa.it")
2026-06-08 21:54:50.605 DEBUG testcase.TC_6.2_3                        - 1: t = new com.kms.katalon.core.testobject.TestObject(sel)
2026-06-08 21:54:50.606 DEBUG testcase.TC_6.2_3                        - 2: t.addProperty("css", EQUALS, sel)
2026-06-08 21:54:50.608 DEBUG testcase.TC_6.2_3                        - 3: return t
2026-06-08 21:54:51.271 DEBUG testcase.TC_6.2_3                        - 4: setText(css("#password"), "321CBA.")
2026-06-08 21:54:51.272 DEBUG testcase.TC_6.2_3                        - 1: t = new com.kms.katalon.core.testobject.TestObject(sel)
2026-06-08 21:54:51.273 DEBUG testcase.TC_6.2_3                        - 2: t.addProperty("css", EQUALS, sel)
2026-06-08 21:54:51.273 DEBUG testcase.TC_6.2_3                        - 3: return t
2026-06-08 21:54:51.950 DEBUG testcase.TC_6.2_3                        - 5: click(css("#submit"))
2026-06-08 21:54:51.952 DEBUG testcase.TC_6.2_3                        - 1: t = new com.kms.katalon.core.testobject.TestObject(sel)
2026-06-08 21:54:51.953 DEBUG testcase.TC_6.2_3                        - 2: t.addProperty("css", EQUALS, sel)
2026-06-08 21:54:51.953 DEBUG testcase.TC_6.2_3                        - 3: return t
2026-06-08 21:54:52.526 DEBUG testcase.TC_6.2_3                        - 6: delay(2)
2026-06-08 21:54:54.540 DEBUG testcase.TC_6.2_3                        - 7: navigateToUrl(base + "cart?action=addC&id=2")
2026-06-08 21:54:54.570 DEBUG testcase.TC_6.2_3                        - 8: delay(1)
2026-06-08 21:54:55.586 DEBUG testcase.TC_6.2_3                        - 9: navigateToUrl(base + "checkout.jsp")
2026-06-08 21:54:55.658 DEBUG testcase.TC_6.2_3                        - 10: delay(2)
2026-06-08 21:54:57.669 DEBUG testcase.TC_6.2_3                        - 11: selectOptionByValue(css("#addressDropdown"), "4", false)
2026-06-08 21:54:57.671 DEBUG testcase.TC_6.2_3                        - 1: t = new com.kms.katalon.core.testobject.TestObject(sel)
2026-06-08 21:54:57.672 DEBUG testcase.TC_6.2_3                        - 2: t.addProperty("css", EQUALS, sel)
2026-06-08 21:54:57.672 DEBUG testcase.TC_6.2_3                        - 3: return t
2026-06-08 21:54:58.253 DEBUG testcase.TC_6.2_3                        - 12: click(css("#paypal"))
2026-06-08 21:54:58.254 DEBUG testcase.TC_6.2_3                        - 1: t = new com.kms.katalon.core.testobject.TestObject(sel)
2026-06-08 21:54:58.256 DEBUG testcase.TC_6.2_3                        - 2: t.addProperty("css", EQUALS, sel)
2026-06-08 21:54:58.257 DEBUG testcase.TC_6.2_3                        - 3: return t
2026-06-08 21:54:58.597 DEBUG testcase.TC_6.2_3                        - 13: valid = executeJavaScript("return document.getElementById('addressDropdown2').checkValidity()", null)
2026-06-08 21:54:58.606 DEBUG testcase.TC_6.2_3                        - 14: verifyEqual(valid, false)
2026-06-08 21:54:58.609 DEBUG testcase.TC_6.2_3                        - 15: click(css("form[action='Ordine'] .checkout-btn"))
2026-06-08 21:54:58.611 DEBUG testcase.TC_6.2_3                        - 1: t = new com.kms.katalon.core.testobject.TestObject(sel)
2026-06-08 21:54:58.612 DEBUG testcase.TC_6.2_3                        - 2: t.addProperty("css", EQUALS, sel)
2026-06-08 21:54:58.612 DEBUG testcase.TC_6.2_3                        - 3: return t
2026-06-08 21:54:58.993 DEBUG testcase.TC_6.2_3                        - 16: delay(1)
2026-06-08 21:54:59.999 DEBUG testcase.TC_6.2_3                        - 17: takeScreenshot()
2026-06-08 21:55:00.328 DEBUG testcase.TC_6.2_3                        - 18: verifyElementPresent(css("#addressDropdown2"), 5)
2026-06-08 21:55:00.329 DEBUG testcase.TC_6.2_3                        - 1: t = new com.kms.katalon.core.testobject.TestObject(sel)
2026-06-08 21:55:00.330 DEBUG testcase.TC_6.2_3                        - 2: t.addProperty("css", EQUALS, sel)
2026-06-08 21:55:00.330 DEBUG testcase.TC_6.2_3                        - 3: return t
2026-06-08 21:55:00.568 DEBUG testcase.TC_6.2_3                        - 19: closeBrowser()
2026-06-08 21:55:01.099 INFO  c.k.katalon.core.main.TestCaseExecutor   - END Test Cases/Ordine/TC_6.2_3
2026-06-08 21:55:01.101 INFO  c.k.katalon.core.main.TestCaseExecutor   - --------------------
2026-06-08 21:55:01.102 INFO  c.k.katalon.core.main.TestCaseExecutor   - START Test Cases/Ordine/TC_6.2_4
2026-06-08 21:55:01.280 INFO  com.kms.katalon.core.util.KeywordUtil    - Seed ripristinato prima di: Test Cases/Ordine/TC_6.2_4
2026-06-08 21:55:01.356 DEBUG testcase.TC_6.2_4                        - 1: openBrowser("")
2026-06-08 21:55:01.357 INFO  c.k.k.core.webui.driver.DriverFactory    - Starting 'Chrome' driver
2026-06-08 21:55:01.358 INFO  c.k.k.core.webui.driver.DriverFactory    - Action delay is set to 0 milliseconds
2026-06-08 21:55:02.733 INFO  c.k.k.core.webui.driver.DriverFactory    - sessionId = c7f50f388690aa94eec78a55d056f62b
2026-06-08 21:55:02.734 INFO  c.k.k.core.webui.driver.DriverFactory    - browser = Chrome 148.0.7778.179
2026-06-08 21:55:02.734 INFO  c.k.k.core.webui.driver.DriverFactory    - platform = Windows 11
2026-06-08 21:55:02.734 INFO  c.k.k.core.webui.driver.DriverFactory    - seleniumVersion = 4.39.0
2026-06-08 21:55:02.735 INFO  c.k.k.core.webui.driver.DriverFactory    - proxyInformation = ProxyInformation { proxyOption=NO_PROXY, proxyServerType=HTTP, username=, password=********, proxyServerAddress=, proxyServerPort=0, executionList="", isApplyToDesiredCapabilities=true }
2026-06-08 21:55:02.755 DEBUG testcase.TC_6.2_4                        - 2: navigateToUrl(base + "loginForm.jsp")
2026-06-08 21:55:03.139 DEBUG testcase.TC_6.2_4                        - 3: setText(css("#email"), "t.mansi@studenti.unisa.it")
2026-06-08 21:55:03.140 DEBUG testcase.TC_6.2_4                        - 1: t = new com.kms.katalon.core.testobject.TestObject(sel)
2026-06-08 21:55:03.142 DEBUG testcase.TC_6.2_4                        - 2: t.addProperty("css", EQUALS, sel)
2026-06-08 21:55:03.144 DEBUG testcase.TC_6.2_4                        - 3: return t
2026-06-08 21:55:03.836 DEBUG testcase.TC_6.2_4                        - 4: setText(css("#password"), "321CBA.")
2026-06-08 21:55:03.838 DEBUG testcase.TC_6.2_4                        - 1: t = new com.kms.katalon.core.testobject.TestObject(sel)
2026-06-08 21:55:03.839 DEBUG testcase.TC_6.2_4                        - 2: t.addProperty("css", EQUALS, sel)
2026-06-08 21:55:03.839 DEBUG testcase.TC_6.2_4                        - 3: return t
2026-06-08 21:55:04.526 DEBUG testcase.TC_6.2_4                        - 5: click(css("#submit"))
2026-06-08 21:55:04.528 DEBUG testcase.TC_6.2_4                        - 1: t = new com.kms.katalon.core.testobject.TestObject(sel)
2026-06-08 21:55:04.528 DEBUG testcase.TC_6.2_4                        - 2: t.addProperty("css", EQUALS, sel)
2026-06-08 21:55:04.528 DEBUG testcase.TC_6.2_4                        - 3: return t
2026-06-08 21:55:05.276 DEBUG testcase.TC_6.2_4                        - 6: delay(2)
2026-06-08 21:55:07.283 DEBUG testcase.TC_6.2_4                        - 7: navigateToUrl(base + "cart?action=addC&id=2")
2026-06-08 21:55:07.418 DEBUG testcase.TC_6.2_4                        - 8: delay(1)
2026-06-08 21:55:08.432 DEBUG testcase.TC_6.2_4                        - 9: navigateToUrl(base + "checkout.jsp")
2026-06-08 21:55:08.490 DEBUG testcase.TC_6.2_4                        - 10: delay(2)
2026-06-08 21:55:10.505 DEBUG testcase.TC_6.2_4                        - 11: selectOptionByValue(css("#addressDropdown"), "4", false)
2026-06-08 21:55:10.506 DEBUG testcase.TC_6.2_4                        - 1: t = new com.kms.katalon.core.testobject.TestObject(sel)
2026-06-08 21:55:10.506 DEBUG testcase.TC_6.2_4                        - 2: t.addProperty("css", EQUALS, sel)
2026-06-08 21:55:10.507 DEBUG testcase.TC_6.2_4                        - 3: return t
2026-06-08 21:55:11.198 DEBUG testcase.TC_6.2_4                        - 12: selectOptionByValue(css("#addressDropdown2"), "4", false)
2026-06-08 21:55:11.199 DEBUG testcase.TC_6.2_4                        - 1: t = new com.kms.katalon.core.testobject.TestObject(sel)
2026-06-08 21:55:11.200 DEBUG testcase.TC_6.2_4                        - 2: t.addProperty("css", EQUALS, sel)
2026-06-08 21:55:11.200 DEBUG testcase.TC_6.2_4                        - 3: return t
2026-06-08 21:55:11.843 DEBUG testcase.TC_6.2_4                        - 13: valid = executeJavaScript("return document.querySelector(\"form[action='Ordine']\").checkValidity()", null)
2026-06-08 21:55:11.859 DEBUG testcase.TC_6.2_4                        - 14: verifyEqual(valid, false)
2026-06-08 21:55:11.861 DEBUG testcase.TC_6.2_4                        - 15: click(css("form[action='Ordine'] .checkout-btn"))
2026-06-08 21:55:11.862 DEBUG testcase.TC_6.2_4                        - 1: t = new com.kms.katalon.core.testobject.TestObject(sel)
2026-06-08 21:55:11.862 DEBUG testcase.TC_6.2_4                        - 2: t.addProperty("css", EQUALS, sel)
2026-06-08 21:55:11.863 DEBUG testcase.TC_6.2_4                        - 3: return t
2026-06-08 21:55:12.248 DEBUG testcase.TC_6.2_4                        - 16: delay(1)
2026-06-08 21:55:13.266 DEBUG testcase.TC_6.2_4                        - 17: takeScreenshot()
2026-06-08 21:55:13.623 DEBUG testcase.TC_6.2_4                        - 18: verifyElementPresent(css("#paypal"), 5)
2026-06-08 21:55:13.625 DEBUG testcase.TC_6.2_4                        - 1: t = new com.kms.katalon.core.testobject.TestObject(sel)
2026-06-08 21:55:13.625 DEBUG testcase.TC_6.2_4                        - 2: t.addProperty("css", EQUALS, sel)
2026-06-08 21:55:13.626 DEBUG testcase.TC_6.2_4                        - 3: return t
2026-06-08 21:55:13.879 DEBUG testcase.TC_6.2_4                        - 19: closeBrowser()
2026-06-08 21:55:14.216 INFO  c.k.katalon.core.main.TestCaseExecutor   - END Test Cases/Ordine/TC_6.2_4
2026-06-08 21:55:14.218 INFO  c.k.katalon.core.main.TestCaseExecutor   - --------------------
2026-06-08 21:55:14.218 INFO  c.k.katalon.core.main.TestCaseExecutor   - START Test Cases/Ordine/TC_6.2_5
2026-06-08 21:55:14.329 INFO  com.kms.katalon.core.util.KeywordUtil    - Seed ripristinato prima di: Test Cases/Ordine/TC_6.2_5
2026-06-08 21:55:14.402 DEBUG testcase.TC_6.2_5                        - 1: openBrowser("")
2026-06-08 21:55:14.404 INFO  c.k.k.core.webui.driver.DriverFactory    - Starting 'Chrome' driver
2026-06-08 21:55:14.406 INFO  c.k.k.core.webui.driver.DriverFactory    - Action delay is set to 0 milliseconds
2026-06-08 21:55:15.462 INFO  c.k.k.core.webui.driver.DriverFactory    - sessionId = 8d5e99c68020df1f042a6357292f5366
2026-06-08 21:55:15.463 INFO  c.k.k.core.webui.driver.DriverFactory    - browser = Chrome 148.0.7778.179
2026-06-08 21:55:15.463 INFO  c.k.k.core.webui.driver.DriverFactory    - platform = Windows 11
2026-06-08 21:55:15.464 INFO  c.k.k.core.webui.driver.DriverFactory    - seleniumVersion = 4.39.0
2026-06-08 21:55:15.464 INFO  c.k.k.core.webui.driver.DriverFactory    - proxyInformation = ProxyInformation { proxyOption=NO_PROXY, proxyServerType=HTTP, username=, password=********, proxyServerAddress=, proxyServerPort=0, executionList="", isApplyToDesiredCapabilities=true }
2026-06-08 21:55:15.480 DEBUG testcase.TC_6.2_5                        - 2: navigateToUrl(base + "loginForm.jsp")
2026-06-08 21:55:17.011 DEBUG testcase.TC_6.2_5                        - 3: setText(css("#email"), "t.mansi@studenti.unisa.it")
2026-06-08 21:55:17.012 DEBUG testcase.TC_6.2_5                        - 1: t = new com.kms.katalon.core.testobject.TestObject(sel)
2026-06-08 21:55:17.013 DEBUG testcase.TC_6.2_5                        - 2: t.addProperty("css", EQUALS, sel)
2026-06-08 21:55:17.014 DEBUG testcase.TC_6.2_5                        - 3: return t
2026-06-08 21:55:17.713 DEBUG testcase.TC_6.2_5                        - 4: setText(css("#password"), "321CBA.")
2026-06-08 21:55:17.716 DEBUG testcase.TC_6.2_5                        - 1: t = new com.kms.katalon.core.testobject.TestObject(sel)
2026-06-08 21:55:17.717 DEBUG testcase.TC_6.2_5                        - 2: t.addProperty("css", EQUALS, sel)
2026-06-08 21:55:17.719 DEBUG testcase.TC_6.2_5                        - 3: return t
2026-06-08 21:55:18.464 DEBUG testcase.TC_6.2_5                        - 5: click(css("#submit"))
2026-06-08 21:55:18.465 DEBUG testcase.TC_6.2_5                        - 1: t = new com.kms.katalon.core.testobject.TestObject(sel)
2026-06-08 21:55:18.466 DEBUG testcase.TC_6.2_5                        - 2: t.addProperty("css", EQUALS, sel)
2026-06-08 21:55:18.467 DEBUG testcase.TC_6.2_5                        - 3: return t
2026-06-08 21:55:18.857 DEBUG testcase.TC_6.2_5                        - 6: delay(2)
2026-06-08 21:55:20.865 DEBUG testcase.TC_6.2_5                        - 7: navigateToUrl(base + "cart?action=addC&id=2")
2026-06-08 21:55:20.907 DEBUG testcase.TC_6.2_5                        - 8: delay(1)
2026-06-08 21:55:21.921 DEBUG testcase.TC_6.2_5                        - 9: navigateToUrl(base + "checkout.jsp")
2026-06-08 21:55:21.993 DEBUG testcase.TC_6.2_5                        - 10: delay(2)
2026-06-08 21:55:24.006 DEBUG testcase.TC_6.2_5                        - 11: selectOptionByValue(css("#addressDropdown"), "4", false)
2026-06-08 21:55:24.007 DEBUG testcase.TC_6.2_5                        - 1: t = new com.kms.katalon.core.testobject.TestObject(sel)
2026-06-08 21:55:24.008 DEBUG testcase.TC_6.2_5                        - 2: t.addProperty("css", EQUALS, sel)
2026-06-08 21:55:24.008 DEBUG testcase.TC_6.2_5                        - 3: return t
2026-06-08 21:55:24.705 DEBUG testcase.TC_6.2_5                        - 12: selectOptionByValue(css("#addressDropdown2"), "4", false)
2026-06-08 21:55:24.706 DEBUG testcase.TC_6.2_5                        - 1: t = new com.kms.katalon.core.testobject.TestObject(sel)
2026-06-08 21:55:24.707 DEBUG testcase.TC_6.2_5                        - 2: t.addProperty("css", EQUALS, sel)
2026-06-08 21:55:24.708 DEBUG testcase.TC_6.2_5                        - 3: return t
2026-06-08 21:55:25.378 DEBUG testcase.TC_6.2_5                        - 13: click(css("#paypal"))
2026-06-08 21:55:25.380 DEBUG testcase.TC_6.2_5                        - 1: t = new com.kms.katalon.core.testobject.TestObject(sel)
2026-06-08 21:55:25.381 DEBUG testcase.TC_6.2_5                        - 2: t.addProperty("css", EQUALS, sel)
2026-06-08 21:55:25.382 DEBUG testcase.TC_6.2_5                        - 3: return t
2026-06-08 21:55:25.770 DEBUG testcase.TC_6.2_5                        - 14: click(css("form[action='Ordine'] .checkout-btn"))
2026-06-08 21:55:25.772 DEBUG testcase.TC_6.2_5                        - 1: t = new com.kms.katalon.core.testobject.TestObject(sel)
2026-06-08 21:55:25.772 DEBUG testcase.TC_6.2_5                        - 2: t.addProperty("css", EQUALS, sel)
2026-06-08 21:55:25.773 DEBUG testcase.TC_6.2_5                        - 3: return t
2026-06-08 21:55:26.188 DEBUG testcase.TC_6.2_5                        - 15: delay(3)
2026-06-08 21:55:29.192 DEBUG testcase.TC_6.2_5                        - 16: navigateToUrl(base + "cart?action=addC&id=2")
2026-06-08 21:55:29.254 DEBUG testcase.TC_6.2_5                        - 17: delay(1)
2026-06-08 21:55:30.267 DEBUG testcase.TC_6.2_5                        - 18: navigateToUrl(base + "checkout.jsp")
2026-06-08 21:55:30.299 DEBUG testcase.TC_6.2_5                        - 19: delay(2)
2026-06-08 21:55:32.305 DEBUG testcase.TC_6.2_5                        - 20: stockAfter = executeJavaScript("var el = document.getElementById('quantita'); return el ? el.getAttribute('max') : '-1'", null)
2026-06-08 21:55:32.316 DEBUG testcase.TC_6.2_5                        - 21: takeScreenshot()
2026-06-08 21:55:32.639 DEBUG testcase.TC_6.2_5                        - 22: verifyMatch(stockAfter, "24", false, CONTINUE_ON_FAILURE)
2026-06-08 21:55:32.661 ERROR c.k.k.core.keyword.internal.KeywordMain  - ❌ Unable to verify match between actual text '25' and expected text '24' (Root cause: com.kms.katalon.core.exception.StepFailedException: Actual text '25' and expected text '24' are not matched
	at com.kms.katalon.core.keyword.builtin.VerifyMatchKeyword$_verifyMatch_closure1.doCall(VerifyMatchKeyword.groovy:57)
	at com.kms.katalon.core.keyword.builtin.VerifyMatchKeyword$_verifyMatch_closure1.call(VerifyMatchKeyword.groovy)
	at com.kms.katalon.core.keyword.internal.KeywordMain.runKeyword(KeywordMain.groovy:75)
	at com.kms.katalon.core.keyword.builtin.VerifyMatchKeyword.verifyMatch(VerifyMatchKeyword.groovy:60)
	at com.kms.katalon.core.keyword.builtin.VerifyMatchKeyword.execute(VerifyMatchKeyword.groovy:45)
	at com.kms.katalon.core.keyword.internal.KeywordExecutor.executeKeywordForPlatform(KeywordExecutor.groovy:103)
	at com.kms.katalon.core.keyword.BuiltinKeywords.verifyMatch(BuiltinKeywords.groovy:44)
	at java.base/jdk.internal.reflect.DirectMethodHandleAccessor.invoke(DirectMethodHandleAccessor.java:103)
	at Script178070060205.run(Script178070060205.groovy:44)
	at com.kms.katalon.core.main.ScriptEngine.run(ScriptEngine.java:203)
	at com.kms.katalon.core.main.ScriptEngine.runScriptAsRawText(ScriptEngine.java:115)
	at com.kms.katalon.core.main.TestCaseExecutor.runScript(TestCaseExecutor.java:506)
	at com.kms.katalon.core.main.TestCaseExecutor.doExecute(TestCaseExecutor.java:497)
	at com.kms.katalon.core.main.TestCaseExecutor.processExecutionPhase(TestCaseExecutor.java:476)
	at com.kms.katalon.core.main.TestCaseExecutor.accessMainPhase(TestCaseExecutor.java:468)
	at com.kms.katalon.core.main.TestCaseExecutor.execute(TestCaseExecutor.java:334)
	at com.kms.katalon.core.common.CommonExecutor.accessTestCaseMainPhase(CommonExecutor.java:71)
	at com.kms.katalon.core.main.TestSuiteExecutor.accessTestSuiteMainPhase(TestSuiteExecutor.java:153)
	at com.kms.katalon.core.main.TestSuiteExecutor.execute(TestSuiteExecutor.java:110)
	at com.kms.katalon.core.main.TestCaseMain.startTestSuite(TestCaseMain.java:206)
	at S0608_15.run(S0608_15.groovy:40)
	at java.base/jdk.internal.reflect.DirectMethodHandleAccessor.invoke(DirectMethodHandleAccessor.java:103)
)
2026-06-08 21:55:32.663 DEBUG testcase.TC_6.2_5                        - 23: closeBrowser()
2026-06-08 21:55:32.929 ERROR c.k.katalon.core.main.TestCaseExecutor   - ❌ Test Cases/Ordine/TC_6.2_5 FAILED.
Reason:
com.kms.katalon.core.exception.StepFailedException: Unable to verify match between actual text '25' and expected text '24' (Root cause: com.kms.katalon.core.exception.StepFailedException: Actual text '25' and expected text '24' are not matched
	at com.kms.katalon.core.keyword.builtin.VerifyMatchKeyword$_verifyMatch_closure1.doCall(VerifyMatchKeyword.groovy:57)
	at com.kms.katalon.core.keyword.builtin.VerifyMatchKeyword$_verifyMatch_closure1.call(VerifyMatchKeyword.groovy)
	at com.kms.katalon.core.keyword.internal.KeywordMain.runKeyword(KeywordMain.groovy:75)
	at com.kms.katalon.core.keyword.builtin.VerifyMatchKeyword.verifyMatch(VerifyMatchKeyword.groovy:60)
	at com.kms.katalon.core.keyword.builtin.VerifyMatchKeyword.execute(VerifyMatchKeyword.groovy:45)
	at com.kms.katalon.core.keyword.internal.KeywordExecutor.executeKeywordForPlatform(KeywordExecutor.groovy:103)
	at com.kms.katalon.core.keyword.BuiltinKeywords.verifyMatch(BuiltinKeywords.groovy:44)
	at java.base/jdk.internal.reflect.DirectMethodHandleAccessor.invoke(DirectMethodHandleAccessor.java:103)
	at Script178070060205.run(Script178070060205.groovy:44)
	at com.kms.katalon.core.main.ScriptEngine.run(ScriptEngine.java:203)
	at com.kms.katalon.core.main.ScriptEngine.runScriptAsRawText(ScriptEngine.java:115)
	at com.kms.katalon.core.main.TestCaseExecutor.runScript(TestCaseExecutor.java:506)
	at com.kms.katalon.core.main.TestCaseExecutor.doExecute(TestCaseExecutor.java:497)
	at com.kms.katalon.core.main.TestCaseExecutor.processExecutionPhase(TestCaseExecutor.java:476)
	at com.kms.katalon.core.main.TestCaseExecutor.accessMainPhase(TestCaseExecutor.java:468)
	at com.kms.katalon.core.main.TestCaseExecutor.execute(TestCaseExecutor.java:334)
	at com.kms.katalon.core.common.CommonExecutor.accessTestCaseMainPhase(CommonExecutor.java:71)
	at com.kms.katalon.core.main.TestSuiteExecutor.accessTestSuiteMainPhase(TestSuiteExecutor.java:153)
	at com.kms.katalon.core.main.TestSuiteExecutor.execute(TestSuiteExecutor.java:110)
	at com.kms.katalon.core.main.TestCaseMain.startTestSuite(TestCaseMain.java:206)
	at S0608_15.run(S0608_15.groovy:40)
	at java.base/jdk.internal.reflect.DirectMethodHandleAccessor.invoke(DirectMethodHandleAccessor.java:103)
)
	at com.kms.katalon.core.keyword.internal.KeywordMain.stepFailed(KeywordMain.groovy:39)
	at com.kms.katalon.core.keyword.internal.KeywordMain.stepFailed(KeywordMain.groovy)
	at com.kms.katalon.core.keyword.internal.KeywordMain.runKeyword(KeywordMain.groovy:77)
	at com.kms.katalon.core.keyword.builtin.VerifyMatchKeyword.verifyMatch(VerifyMatchKeyword.groovy:60)
	at com.kms.katalon.core.keyword.builtin.VerifyMatchKeyword.execute(VerifyMatchKeyword.groovy:45)
	at com.kms.katalon.core.keyword.internal.KeywordExecutor.executeKeywordForPlatform(KeywordExecutor.groovy:103)
	at com.kms.katalon.core.keyword.BuiltinKeywords.verifyMatch(BuiltinKeywords.groovy:44)
	at java.base/jdk.internal.reflect.DirectMethodHandleAccessor.invoke(DirectMethodHandleAccessor.java:103)
	at Script178070060205.run(Script178070060205.groovy:44)
	at com.kms.katalon.core.main.ScriptEngine.run(ScriptEngine.java:203)
	at com.kms.katalon.core.main.ScriptEngine.runScriptAsRawText(ScriptEngine.java:115)
	at com.kms.katalon.core.main.TestCaseExecutor.runScript(TestCaseExecutor.java:506)
	at com.kms.katalon.core.main.TestCaseExecutor.doExecute(TestCaseExecutor.java:497)
	at com.kms.katalon.core.main.TestCaseExecutor.processExecutionPhase(TestCaseExecutor.java:476)
	at com.kms.katalon.core.main.TestCaseExecutor.accessMainPhase(TestCaseExecutor.java:468)
	at com.kms.katalon.core.main.TestCaseExecutor.execute(TestCaseExecutor.java:334)
	at com.kms.katalon.core.common.CommonExecutor.accessTestCaseMainPhase(CommonExecutor.java:71)
	at com.kms.katalon.core.main.TestSuiteExecutor.accessTestSuiteMainPhase(TestSuiteExecutor.java:153)
	at com.kms.katalon.core.main.TestSuiteExecutor.execute(TestSuiteExecutor.java:110)
	at com.kms.katalon.core.main.TestCaseMain.startTestSuite(TestCaseMain.java:206)
	at S0608_15.run(S0608_15.groovy:40)
	at java.base/jdk.internal.reflect.DirectMethodHandleAccessor.invoke(DirectMethodHandleAccessor.java:103)
Caused by: com.kms.katalon.core.exception.StepFailedException: Actual text '25' and expected text '24' are not matched
	at com.kms.katalon.core.keyword.builtin.VerifyMatchKeyword$_verifyMatch_closure1.doCall(VerifyMatchKeyword.groovy:57)
	at com.kms.katalon.core.keyword.builtin.VerifyMatchKeyword$_verifyMatch_closure1.call(VerifyMatchKeyword.groovy)
	at com.kms.katalon.core.keyword.internal.KeywordMain.runKeyword(KeywordMain.groovy:75)
	... 19 more

2026-06-08 21:55:32.936 INFO  c.k.katalon.core.main.TestCaseExecutor   - END Test Cases/Ordine/TC_6.2_5
2026-06-08 21:55:32.939 INFO  c.k.katalon.core.main.TestCaseExecutor   - --------------------
2026-06-08 21:55:32.939 INFO  c.k.katalon.core.main.TestCaseExecutor   - START Test Cases/Ordine/TC_6.3_1
2026-06-08 21:55:33.047 INFO  com.kms.katalon.core.util.KeywordUtil    - Seed ripristinato prima di: Test Cases/Ordine/TC_6.3_1
2026-06-08 21:55:33.103 DEBUG testcase.TC_6.3_1                        - 1: openBrowser("")
2026-06-08 21:55:33.105 INFO  c.k.k.core.webui.driver.DriverFactory    - Starting 'Chrome' driver
2026-06-08 21:55:33.106 INFO  c.k.k.core.webui.driver.DriverFactory    - Action delay is set to 0 milliseconds
2026-06-08 21:55:34.098 INFO  c.k.k.core.webui.driver.DriverFactory    - sessionId = be69b7fb362239e3fedac44d72788d20
2026-06-08 21:55:34.099 INFO  c.k.k.core.webui.driver.DriverFactory    - browser = Chrome 148.0.7778.179
2026-06-08 21:55:34.099 INFO  c.k.k.core.webui.driver.DriverFactory    - platform = Windows 11
2026-06-08 21:55:34.099 INFO  c.k.k.core.webui.driver.DriverFactory    - seleniumVersion = 4.39.0
2026-06-08 21:55:34.101 INFO  c.k.k.core.webui.driver.DriverFactory    - proxyInformation = ProxyInformation { proxyOption=NO_PROXY, proxyServerType=HTTP, username=, password=********, proxyServerAddress=, proxyServerPort=0, executionList="", isApplyToDesiredCapabilities=true }
2026-06-08 21:55:34.117 DEBUG testcase.TC_6.3_1                        - 2: navigateToUrl(base + "loginForm.jsp")
2026-06-08 21:55:34.585 DEBUG testcase.TC_6.3_1                        - 3: setText(css("#email"), "t.mansi@studenti.unisa.it")
2026-06-08 21:55:34.588 DEBUG testcase.TC_6.3_1                        - 1: t = new com.kms.katalon.core.testobject.TestObject(sel)
2026-06-08 21:55:34.589 DEBUG testcase.TC_6.3_1                        - 2: t.addProperty("css", EQUALS, sel)
2026-06-08 21:55:34.589 DEBUG testcase.TC_6.3_1                        - 3: return t
2026-06-08 21:55:35.314 DEBUG testcase.TC_6.3_1                        - 4: setText(css("#password"), "321CBA.")
2026-06-08 21:55:35.316 DEBUG testcase.TC_6.3_1                        - 1: t = new com.kms.katalon.core.testobject.TestObject(sel)
2026-06-08 21:55:35.317 DEBUG testcase.TC_6.3_1                        - 2: t.addProperty("css", EQUALS, sel)
2026-06-08 21:55:35.317 DEBUG testcase.TC_6.3_1                        - 3: return t
2026-06-08 21:55:35.993 DEBUG testcase.TC_6.3_1                        - 5: click(css("#submit"))
2026-06-08 21:55:35.993 DEBUG testcase.TC_6.3_1                        - 1: t = new com.kms.katalon.core.testobject.TestObject(sel)
2026-06-08 21:55:35.995 DEBUG testcase.TC_6.3_1                        - 2: t.addProperty("css", EQUALS, sel)
2026-06-08 21:55:35.996 DEBUG testcase.TC_6.3_1                        - 3: return t
2026-06-08 21:55:36.398 DEBUG testcase.TC_6.3_1                        - 6: delay(2)
2026-06-08 21:55:38.403 DEBUG testcase.TC_6.3_1                        - 7: navigateToUrl(base + "cart?action=addC&id=2")
2026-06-08 21:55:38.541 DEBUG testcase.TC_6.3_1                        - 8: delay(1)
2026-06-08 21:55:39.547 DEBUG testcase.TC_6.3_1                        - 9: navigateToUrl(base + "checkout.jsp")
2026-06-08 21:55:39.622 DEBUG testcase.TC_6.3_1                        - 10: delay(2)
2026-06-08 21:55:41.627 DEBUG testcase.TC_6.3_1                        - 11: selectOptionByValue(css("#addressDropdown"), "4", false)
2026-06-08 21:55:41.628 DEBUG testcase.TC_6.3_1                        - 1: t = new com.kms.katalon.core.testobject.TestObject(sel)
2026-06-08 21:55:41.629 DEBUG testcase.TC_6.3_1                        - 2: t.addProperty("css", EQUALS, sel)
2026-06-08 21:55:41.630 DEBUG testcase.TC_6.3_1                        - 3: return t
2026-06-08 21:55:42.302 DEBUG testcase.TC_6.3_1                        - 12: selectOptionByValue(css("#addressDropdown2"), "4", false)
2026-06-08 21:55:42.304 DEBUG testcase.TC_6.3_1                        - 1: t = new com.kms.katalon.core.testobject.TestObject(sel)
2026-06-08 21:55:42.304 DEBUG testcase.TC_6.3_1                        - 2: t.addProperty("css", EQUALS, sel)
2026-06-08 21:55:42.305 DEBUG testcase.TC_6.3_1                        - 3: return t
2026-06-08 21:55:42.945 DEBUG testcase.TC_6.3_1                        - 13: click(css("#paypal"))
2026-06-08 21:55:42.946 DEBUG testcase.TC_6.3_1                        - 1: t = new com.kms.katalon.core.testobject.TestObject(sel)
2026-06-08 21:55:42.947 DEBUG testcase.TC_6.3_1                        - 2: t.addProperty("css", EQUALS, sel)
2026-06-08 21:55:42.948 DEBUG testcase.TC_6.3_1                        - 3: return t
2026-06-08 21:55:43.336 DEBUG testcase.TC_6.3_1                        - 14: click(css("form[action='Ordine'] .checkout-btn"))
2026-06-08 21:55:43.336 DEBUG testcase.TC_6.3_1                        - 1: t = new com.kms.katalon.core.testobject.TestObject(sel)
2026-06-08 21:55:43.338 DEBUG testcase.TC_6.3_1                        - 2: t.addProperty("css", EQUALS, sel)
2026-06-08 21:55:43.338 DEBUG testcase.TC_6.3_1                        - 3: return t
2026-06-08 21:55:43.739 DEBUG testcase.TC_6.3_1                        - 15: delay(3)
2026-06-08 21:55:46.749 DEBUG testcase.TC_6.3_1                        - 16: takeScreenshot()
2026-06-08 21:55:47.064 DEBUG testcase.TC_6.3_1                        - 17: verifyTextPresent("(?i)Acquisto effettuato", true)
2026-06-08 21:55:47.357 DEBUG testcase.TC_6.3_1                        - 18: verifyTextPresent("(?i)kiwi", true)
2026-06-08 21:55:47.637 DEBUG testcase.TC_6.3_1                        - 19: closeBrowser()
2026-06-08 21:55:47.941 INFO  c.k.katalon.core.main.TestCaseExecutor   - END Test Cases/Ordine/TC_6.3_1
2026-06-08 21:55:47.944 INFO  c.k.katalon.core.main.TestCaseExecutor   - --------------------
2026-06-08 21:55:47.944 INFO  c.k.katalon.core.main.TestCaseExecutor   - START Test Cases/Ordine/TC_6.4_1
2026-06-08 21:55:48.058 INFO  com.kms.katalon.core.util.KeywordUtil    - Seed ripristinato prima di: Test Cases/Ordine/TC_6.4_1
2026-06-08 21:55:48.119 DEBUG testcase.TC_6.4_1                        - 1: openBrowser("")
2026-06-08 21:55:48.121 INFO  c.k.k.core.webui.driver.DriverFactory    - Starting 'Chrome' driver
2026-06-08 21:55:48.122 INFO  c.k.k.core.webui.driver.DriverFactory    - Action delay is set to 0 milliseconds
2026-06-08 21:55:49.065 INFO  c.k.k.core.webui.driver.DriverFactory    - sessionId = 499cfbab7dba42ea934fad13021f7fd0
2026-06-08 21:55:49.066 INFO  c.k.k.core.webui.driver.DriverFactory    - browser = Chrome 148.0.7778.179
2026-06-08 21:55:49.066 INFO  c.k.k.core.webui.driver.DriverFactory    - platform = Windows 11
2026-06-08 21:55:49.066 INFO  c.k.k.core.webui.driver.DriverFactory    - seleniumVersion = 4.39.0
2026-06-08 21:55:49.066 INFO  c.k.k.core.webui.driver.DriverFactory    - proxyInformation = ProxyInformation { proxyOption=NO_PROXY, proxyServerType=HTTP, username=, password=********, proxyServerAddress=, proxyServerPort=0, executionList="", isApplyToDesiredCapabilities=true }
2026-06-08 21:55:49.082 DEBUG testcase.TC_6.4_1                        - 2: navigateToUrl(base + "loginForm.jsp")
2026-06-08 21:55:49.758 DEBUG testcase.TC_6.4_1                        - 3: setText(css("#email"), "t.mansi@studenti.unisa.it")
2026-06-08 21:55:49.759 DEBUG testcase.TC_6.4_1                        - 1: t = new com.kms.katalon.core.testobject.TestObject(sel)
2026-06-08 21:55:49.759 DEBUG testcase.TC_6.4_1                        - 2: t.addProperty("css", EQUALS, sel)
2026-06-08 21:55:49.761 DEBUG testcase.TC_6.4_1                        - 3: return t
2026-06-08 21:55:50.447 DEBUG testcase.TC_6.4_1                        - 4: setText(css("#password"), "321CBA.")
2026-06-08 21:55:50.448 DEBUG testcase.TC_6.4_1                        - 1: t = new com.kms.katalon.core.testobject.TestObject(sel)
2026-06-08 21:55:50.448 DEBUG testcase.TC_6.4_1                        - 2: t.addProperty("css", EQUALS, sel)
2026-06-08 21:55:50.449 DEBUG testcase.TC_6.4_1                        - 3: return t
2026-06-08 21:55:51.107 DEBUG testcase.TC_6.4_1                        - 5: click(css("#submit"))
2026-06-08 21:55:51.107 DEBUG testcase.TC_6.4_1                        - 1: t = new com.kms.katalon.core.testobject.TestObject(sel)
2026-06-08 21:55:51.108 DEBUG testcase.TC_6.4_1                        - 2: t.addProperty("css", EQUALS, sel)
2026-06-08 21:55:51.108 DEBUG testcase.TC_6.4_1                        - 3: return t
2026-06-08 21:55:51.568 DEBUG testcase.TC_6.4_1                        - 6: delay(2)
2026-06-08 21:55:53.577 DEBUG testcase.TC_6.4_1                        - 7: navigateToUrl(base + "cart?action=addC&id=2")
2026-06-08 21:55:53.714 DEBUG testcase.TC_6.4_1                        - 8: delay(1)
2026-06-08 21:55:54.725 DEBUG testcase.TC_6.4_1                        - 9: navigateToUrl(base + "checkout.jsp")
2026-06-08 21:55:54.797 DEBUG testcase.TC_6.4_1                        - 10: delay(2)
2026-06-08 21:55:56.806 DEBUG testcase.TC_6.4_1                        - 11: selectOptionByValue(css("#addressDropdown"), "4", false)
2026-06-08 21:55:56.807 DEBUG testcase.TC_6.4_1                        - 1: t = new com.kms.katalon.core.testobject.TestObject(sel)
2026-06-08 21:55:56.808 DEBUG testcase.TC_6.4_1                        - 2: t.addProperty("css", EQUALS, sel)
2026-06-08 21:55:56.811 DEBUG testcase.TC_6.4_1                        - 3: return t
2026-06-08 21:55:57.472 DEBUG testcase.TC_6.4_1                        - 12: selectOptionByValue(css("#addressDropdown2"), "4", false)
2026-06-08 21:55:57.474 DEBUG testcase.TC_6.4_1                        - 1: t = new com.kms.katalon.core.testobject.TestObject(sel)
2026-06-08 21:55:57.475 DEBUG testcase.TC_6.4_1                        - 2: t.addProperty("css", EQUALS, sel)
2026-06-08 21:55:57.475 DEBUG testcase.TC_6.4_1                        - 3: return t
2026-06-08 21:55:58.123 DEBUG testcase.TC_6.4_1                        - 13: click(css("#paypal"))
2026-06-08 21:55:58.124 DEBUG testcase.TC_6.4_1                        - 1: t = new com.kms.katalon.core.testobject.TestObject(sel)
2026-06-08 21:55:58.125 DEBUG testcase.TC_6.4_1                        - 2: t.addProperty("css", EQUALS, sel)
2026-06-08 21:55:58.126 DEBUG testcase.TC_6.4_1                        - 3: return t
2026-06-08 21:55:58.529 DEBUG testcase.TC_6.4_1                        - 14: click(css("form[action='Ordine'] .checkout-btn"))
2026-06-08 21:55:58.530 DEBUG testcase.TC_6.4_1                        - 1: t = new com.kms.katalon.core.testobject.TestObject(sel)
2026-06-08 21:55:58.530 DEBUG testcase.TC_6.4_1                        - 2: t.addProperty("css", EQUALS, sel)
2026-06-08 21:55:58.531 DEBUG testcase.TC_6.4_1                        - 3: return t
2026-06-08 21:55:58.915 DEBUG testcase.TC_6.4_1                        - 15: delay(3)
2026-06-08 21:56:01.920 DEBUG testcase.TC_6.4_1                        - 16: click(css("form[action='fattura'] button"))
2026-06-08 21:56:01.921 DEBUG testcase.TC_6.4_1                        - 1: t = new com.kms.katalon.core.testobject.TestObject(sel)
2026-06-08 21:56:01.922 DEBUG testcase.TC_6.4_1                        - 2: t.addProperty("css", EQUALS, sel)
2026-06-08 21:56:01.922 DEBUG testcase.TC_6.4_1                        - 3: return t
2026-06-08 21:56:02.285 DEBUG testcase.TC_6.4_1                        - 17: delay(3)
2026-06-08 21:56:05.305 DEBUG testcase.TC_6.4_1                        - 18: takeScreenshot()
2026-06-08 21:56:05.611 DEBUG testcase.TC_6.4_1                        - 19: verifyTextNotPresent("(?i)Si.*verificato un errore", true, CONTINUE_ON_FAILURE)
2026-06-08 21:56:05.918 DEBUG testcase.TC_6.4_1                        - 20: closeBrowser()
2026-06-08 21:56:06.159 INFO  c.k.katalon.core.main.TestCaseExecutor   - END Test Cases/Ordine/TC_6.4_1
2026-06-08 21:56:06.194 INFO  c.k.katalon.core.main.TestSuiteExecutor  - --------------------
2026-06-08 21:56:06.194 INFO  c.k.katalon.core.main.TestSuiteExecutor  - END Test Suites/Ordine
2026-06-08 21:56:06.194 INFO  c.k.katalon.core.main.TestSuiteExecutor  - ====================
