2026-06-17 18:26:57.544 INFO  c.k.k.c.l.logback.LogbackConfigurator    - Logback default configuration initialized from: C:\Users\gianf\.katalon\packages\KS-11.2.0\configuration\org.eclipse.osgi\151\0\.cp\resources\logback\logback-execution.xml
2026-06-17 18:26:57.547 INFO  c.k.k.c.l.logback.LogbackConfigurator    - Logback custom configuration initialized from: C:\Users\gianf\Documents\Vaporant-IGES\testing\katalon\Vaporant-Baseline\Include\config\log.properties
2026-06-17 18:26:58.382 INFO  c.k.katalon.core.main.TestSuiteExecutor  - START Test Suites/Catalogo
2026-06-17 18:26:58.455 INFO  c.k.katalon.core.main.TestSuiteExecutor  - userFullName = Gianfranco Barba
2026-06-17 18:26:58.456 INFO  c.k.katalon.core.main.TestSuiteExecutor  - projectName = Vaporant-Baseline
2026-06-17 18:26:58.456 INFO  c.k.katalon.core.main.TestSuiteExecutor  - hostName = gianf - Gianfranco
2026-06-17 18:26:58.457 INFO  c.k.katalon.core.main.TestSuiteExecutor  - os = Windows 11 64bit
2026-06-17 18:26:58.457 INFO  c.k.katalon.core.main.TestSuiteExecutor  - hostAddress = 26.38.161.220
2026-06-17 18:26:58.457 INFO  c.k.katalon.core.main.TestSuiteExecutor  - katalonVersion = 11.2.0.0
2026-06-17 18:26:58.552 INFO  c.k.katalon.core.main.TestCaseExecutor   - --------------------
2026-06-17 18:26:58.553 INFO  c.k.katalon.core.main.TestCaseExecutor   - START Test Cases/Catalogo/TC_4.1_1
2026-06-17 18:26:58.608 ERROR c.k.k.core.context.internal.TestHooker   - ❌ groovy.lang.MissingPropertyException: No such property: resetSeed for class: internal.GlobalVariable
	at SeedReset.resetSeedBeforeTestCase(SeedReset.groovy:26)
	at java.base/jdk.internal.reflect.DirectMethodHandleAccessor.invoke(DirectMethodHandleAccessor.java:103)
	at com.kms.katalon.core.context.internal.TestHooker.invokeMethod(TestHooker.java:111)
	at com.kms.katalon.core.context.internal.TestHooker.lambda$3(TestHooker.java:95)
	at com.kms.katalon.core.context.internal.TestHooker.invokeContextMethods(TestHooker.java:94)
	at com.kms.katalon.core.context.internal.TestListenerCollector.lambda$3(TestListenerCollector.java:88)
	at com.kms.katalon.core.context.internal.TestListenerCollector.handleListenerEvent(TestListenerCollector.java:85)
	at com.kms.katalon.core.context.internal.ExecutionEventManager.publicEvent(ExecutionEventManager.java:47)
	at com.kms.katalon.core.main.TestCaseExecutor.execute(TestCaseExecutor.java:320)
	at com.kms.katalon.core.common.CommonExecutor.accessTestCaseMainPhase(CommonExecutor.java:71)
	at com.kms.katalon.core.main.TestSuiteExecutor.accessTestSuiteMainPhase(TestSuiteExecutor.java:153)
	at com.kms.katalon.core.main.TestSuiteExecutor.execute(TestSuiteExecutor.java:110)
	at com.kms.katalon.core.main.TestCaseMain.startTestSuite(TestCaseMain.java:206)
	at S0617_1.run(S0617_1.groovy:40)
	at java.base/jdk.internal.reflect.DirectMethodHandleAccessor.invoke(DirectMethodHandleAccessor.java:103)

2026-06-17 18:26:58.642 DEBUG testcase.TC_4.1_1                        - 1: openBrowser("")
2026-06-17 18:26:58.911 INFO  c.k.k.core.webui.driver.DriverFactory    - Starting 'Chrome' driver
2026-06-17 18:26:58.949 INFO  c.k.k.core.webui.driver.DriverFactory    - Action delay is set to 0 milliseconds
2026-06-17 18:27:00.438 INFO  c.k.k.core.webui.driver.DriverFactory    - sessionId = fcc4ee1bf7777e8f996a2064aedf1190
2026-06-17 18:27:00.439 INFO  c.k.k.core.webui.driver.DriverFactory    - browser = Chrome 149.0.7827.103
2026-06-17 18:27:00.439 INFO  c.k.k.core.webui.driver.DriverFactory    - platform = Windows 11
2026-06-17 18:27:00.440 INFO  c.k.k.core.webui.driver.DriverFactory    - seleniumVersion = 4.39.0
2026-06-17 18:27:00.444 INFO  c.k.k.core.webui.driver.DriverFactory    - proxyInformation = ProxyInformation { proxyOption=NO_PROXY, proxyServerType=HTTP, username=, password=********, proxyServerAddress=, proxyServerPort=0, executionList="", isApplyToDesiredCapabilities=true }
2026-06-17 18:27:00.475 DEBUG testcase.TC_4.1_1                        - 2: navigateToUrl(base + "ProductView.jsp")
2026-06-17 18:27:00.476 ERROR c.k.katalon.core.main.TestCaseExecutor   - ❌ Test Cases/Catalogo/TC_4.1_1 FAILED.
Reason:
groovy.lang.MissingPropertyException: No such property: base for class: internal.GlobalVariable
Possible solutions: class
	at TC_4.1_1.run(TC_4.1_1:8)
	at com.kms.katalon.core.main.ScriptEngine.run(ScriptEngine.java:203)
	at com.kms.katalon.core.main.ScriptEngine.runScriptAsRawText(ScriptEngine.java:115)
	at com.kms.katalon.core.main.TestCaseExecutor.runScript(TestCaseExecutor.java:506)
	at com.kms.katalon.core.main.TestCaseExecutor.doExecute(TestCaseExecutor.java:497)
	at com.kms.katalon.core.main.TestCaseExecutor.processExecutionPhase(TestCaseExecutor.java:476)
	at com.kms.katalon.core.main.TestCaseExecutor.accessMainPhase(TestCaseExecutor.java:468)
	at com.kms.katalon.core.main.TestCaseExecutor.execute(TestCaseExecutor.java:334)
	at com.kms.katalon.core.common.CommonExecutor.accessTestCaseMainPhase(CommonExecutor.java:71)
	at com.kms.katalon.core.main.TestSuiteExecutor.accessTestSuiteMainPhase(TestSuiteExecutor.java:153)
	at com.kms.katalon.core.main.TestSuiteExecutor.execute(TestSuiteExecutor.java:110)
	at com.kms.katalon.core.main.TestCaseMain.startTestSuite(TestCaseMain.java:206)
	at S0617_1.run(S0617_1.groovy:40)
	at java.base/jdk.internal.reflect.DirectMethodHandleAccessor.invoke(DirectMethodHandleAccessor.java:103)

2026-06-17 18:27:00.479 ERROR c.k.katalon.core.main.TestCaseExecutor   - ❌ Test Cases/Catalogo/TC_4.1_1 FAILED.
Reason:
groovy.lang.MissingPropertyException: No such property: base for class: internal.GlobalVariable
Possible solutions: class
	at TC_4.1_1.run(TC_4.1_1:8)
	at com.kms.katalon.core.main.ScriptEngine.run(ScriptEngine.java:203)
	at com.kms.katalon.core.main.ScriptEngine.runScriptAsRawText(ScriptEngine.java:115)
	at com.kms.katalon.core.main.TestCaseExecutor.runScript(TestCaseExecutor.java:506)
	at com.kms.katalon.core.main.TestCaseExecutor.doExecute(TestCaseExecutor.java:497)
	at com.kms.katalon.core.main.TestCaseExecutor.processExecutionPhase(TestCaseExecutor.java:476)
	at com.kms.katalon.core.main.TestCaseExecutor.accessMainPhase(TestCaseExecutor.java:468)
	at com.kms.katalon.core.main.TestCaseExecutor.execute(TestCaseExecutor.java:334)
	at com.kms.katalon.core.common.CommonExecutor.accessTestCaseMainPhase(CommonExecutor.java:71)
	at com.kms.katalon.core.main.TestSuiteExecutor.accessTestSuiteMainPhase(TestSuiteExecutor.java:153)
	at com.kms.katalon.core.main.TestSuiteExecutor.execute(TestSuiteExecutor.java:110)
	at com.kms.katalon.core.main.TestCaseMain.startTestSuite(TestCaseMain.java:206)
	at S0617_1.run(S0617_1.groovy:40)
	at java.base/jdk.internal.reflect.DirectMethodHandleAccessor.invoke(DirectMethodHandleAccessor.java:103)

2026-06-17 18:27:00.480 INFO  c.k.katalon.core.main.TestCaseExecutor   - END Test Cases/Catalogo/TC_4.1_1
2026-06-17 18:27:00.484 INFO  c.k.katalon.core.main.TestCaseExecutor   - --------------------
2026-06-17 18:27:00.484 INFO  c.k.katalon.core.main.TestCaseExecutor   - START Test Cases/Catalogo/TC_4.1_1 - Retry attempt 1
2026-06-17 18:27:00.495 ERROR c.k.k.core.context.internal.TestHooker   - ❌ groovy.lang.MissingPropertyException: No such property: resetSeed for class: internal.GlobalVariable
	at SeedReset.resetSeedBeforeTestCase(SeedReset.groovy:26)
	at java.base/jdk.internal.reflect.DirectMethodHandleAccessor.invoke(DirectMethodHandleAccessor.java:103)
	at com.kms.katalon.core.context.internal.TestHooker.invokeMethod(TestHooker.java:111)
	at com.kms.katalon.core.context.internal.TestHooker.lambda$3(TestHooker.java:95)
	at com.kms.katalon.core.context.internal.TestHooker.invokeContextMethods(TestHooker.java:94)
	at com.kms.katalon.core.context.internal.TestListenerCollector.lambda$3(TestListenerCollector.java:88)
	at com.kms.katalon.core.context.internal.TestListenerCollector.handleListenerEvent(TestListenerCollector.java:85)
	at com.kms.katalon.core.context.internal.ExecutionEventManager.publicEvent(ExecutionEventManager.java:47)
	at com.kms.katalon.core.main.TestCaseExecutor.execute(TestCaseExecutor.java:320)
	at com.kms.katalon.core.main.TestCaseExecutor.execute(TestCaseExecutor.java:426)
	at com.kms.katalon.core.common.CommonExecutor.accessTestCaseMainPhase(CommonExecutor.java:71)
	at com.kms.katalon.core.main.TestSuiteExecutor.accessTestSuiteMainPhase(TestSuiteExecutor.java:153)
	at com.kms.katalon.core.main.TestSuiteExecutor.execute(TestSuiteExecutor.java:110)
	at com.kms.katalon.core.main.TestCaseMain.startTestSuite(TestCaseMain.java:206)
	at S0617_1.run(S0617_1.groovy:40)
	at java.base/jdk.internal.reflect.DirectMethodHandleAccessor.invoke(DirectMethodHandleAccessor.java:103)

2026-06-17 18:27:00.497 DEBUG testcase.TC_4.1_1                        - 1: openBrowser("")
2026-06-17 18:27:00.498 WARN  c.k.k.core.webui.driver.DriverFactory    - A browser is already opened. Closing browser and opening a new one
2026-06-17 18:27:00.622 INFO  c.k.k.core.webui.driver.DriverFactory    - Starting 'Chrome' driver
2026-06-17 18:27:00.625 INFO  c.k.k.core.webui.driver.DriverFactory    - Action delay is set to 0 milliseconds
2026-06-17 18:27:01.440 INFO  c.k.k.core.webui.driver.DriverFactory    - sessionId = 9975dafd04e8e49bdc70fca3eb3119ea
2026-06-17 18:27:01.440 INFO  c.k.k.core.webui.driver.DriverFactory    - browser = Chrome 149.0.7827.103
2026-06-17 18:27:01.442 INFO  c.k.k.core.webui.driver.DriverFactory    - platform = Windows 11
2026-06-17 18:27:01.442 INFO  c.k.k.core.webui.driver.DriverFactory    - seleniumVersion = 4.39.0
2026-06-17 18:27:01.443 INFO  c.k.k.core.webui.driver.DriverFactory    - proxyInformation = ProxyInformation { proxyOption=NO_PROXY, proxyServerType=HTTP, username=, password=********, proxyServerAddress=, proxyServerPort=0, executionList="", isApplyToDesiredCapabilities=true }
2026-06-17 18:27:01.457 DEBUG testcase.TC_4.1_1                        - 2: navigateToUrl(base + "ProductView.jsp")
2026-06-17 18:27:01.458 ERROR c.k.katalon.core.main.TestCaseExecutor   - ❌ Test Cases/Catalogo/TC_4.1_1 FAILED.
Reason:
groovy.lang.MissingPropertyException: No such property: base for class: internal.GlobalVariable
Possible solutions: class
	at TC_4.1_1.run(TC_4.1_1:8)
	at com.kms.katalon.core.main.ScriptEngine.run(ScriptEngine.java:203)
	at com.kms.katalon.core.main.ScriptEngine.runScriptAsRawText(ScriptEngine.java:115)
	at com.kms.katalon.core.main.TestCaseExecutor.runScript(TestCaseExecutor.java:506)
	at com.kms.katalon.core.main.TestCaseExecutor.doExecute(TestCaseExecutor.java:497)
	at com.kms.katalon.core.main.TestCaseExecutor.processExecutionPhase(TestCaseExecutor.java:476)
	at com.kms.katalon.core.main.TestCaseExecutor.accessMainPhase(TestCaseExecutor.java:468)
	at com.kms.katalon.core.main.TestCaseExecutor.execute(TestCaseExecutor.java:334)
	at com.kms.katalon.core.main.TestCaseExecutor.execute(TestCaseExecutor.java:426)
	at com.kms.katalon.core.common.CommonExecutor.accessTestCaseMainPhase(CommonExecutor.java:71)
	at com.kms.katalon.core.main.TestSuiteExecutor.accessTestSuiteMainPhase(TestSuiteExecutor.java:153)
	at com.kms.katalon.core.main.TestSuiteExecutor.execute(TestSuiteExecutor.java:110)
	at com.kms.katalon.core.main.TestCaseMain.startTestSuite(TestCaseMain.java:206)
	at S0617_1.run(S0617_1.groovy:40)
	at java.base/jdk.internal.reflect.DirectMethodHandleAccessor.invoke(DirectMethodHandleAccessor.java:103)

2026-06-17 18:27:01.461 ERROR c.k.katalon.core.main.TestCaseExecutor   - ❌ Test Cases/Catalogo/TC_4.1_1 FAILED.
Reason:
groovy.lang.MissingPropertyException: No such property: base for class: internal.GlobalVariable
Possible solutions: class
	at TC_4.1_1.run(TC_4.1_1:8)
	at com.kms.katalon.core.main.ScriptEngine.run(ScriptEngine.java:203)
	at com.kms.katalon.core.main.ScriptEngine.runScriptAsRawText(ScriptEngine.java:115)
	at com.kms.katalon.core.main.TestCaseExecutor.runScript(TestCaseExecutor.java:506)
	at com.kms.katalon.core.main.TestCaseExecutor.doExecute(TestCaseExecutor.java:497)
	at com.kms.katalon.core.main.TestCaseExecutor.processExecutionPhase(TestCaseExecutor.java:476)
	at com.kms.katalon.core.main.TestCaseExecutor.accessMainPhase(TestCaseExecutor.java:468)
	at com.kms.katalon.core.main.TestCaseExecutor.execute(TestCaseExecutor.java:334)
	at com.kms.katalon.core.main.TestCaseExecutor.execute(TestCaseExecutor.java:426)
	at com.kms.katalon.core.common.CommonExecutor.accessTestCaseMainPhase(CommonExecutor.java:71)
	at com.kms.katalon.core.main.TestSuiteExecutor.accessTestSuiteMainPhase(TestSuiteExecutor.java:153)
	at com.kms.katalon.core.main.TestSuiteExecutor.execute(TestSuiteExecutor.java:110)
	at com.kms.katalon.core.main.TestCaseMain.startTestSuite(TestCaseMain.java:206)
	at S0617_1.run(S0617_1.groovy:40)
	at java.base/jdk.internal.reflect.DirectMethodHandleAccessor.invoke(DirectMethodHandleAccessor.java:103)

2026-06-17 18:27:01.462 INFO  c.k.katalon.core.main.TestCaseExecutor   - END Test Cases/Catalogo/TC_4.1_1
2026-06-17 18:27:01.464 INFO  c.k.katalon.core.main.TestCaseExecutor   - --------------------
2026-06-17 18:27:01.464 INFO  c.k.katalon.core.main.TestCaseExecutor   - START Test Cases/Catalogo/TC_4.1_1 - Retry attempt 2
2026-06-17 18:27:01.473 ERROR c.k.k.core.context.internal.TestHooker   - ❌ groovy.lang.MissingPropertyException: No such property: resetSeed for class: internal.GlobalVariable
	at SeedReset.resetSeedBeforeTestCase(SeedReset.groovy:26)
	at java.base/jdk.internal.reflect.DirectMethodHandleAccessor.invoke(DirectMethodHandleAccessor.java:103)
	at com.kms.katalon.core.context.internal.TestHooker.invokeMethod(TestHooker.java:111)
	at com.kms.katalon.core.context.internal.TestHooker.lambda$3(TestHooker.java:95)
	at com.kms.katalon.core.context.internal.TestHooker.invokeContextMethods(TestHooker.java:94)
	at com.kms.katalon.core.context.internal.TestListenerCollector.lambda$3(TestListenerCollector.java:88)
	at com.kms.katalon.core.context.internal.TestListenerCollector.handleListenerEvent(TestListenerCollector.java:85)
	at com.kms.katalon.core.context.internal.ExecutionEventManager.publicEvent(ExecutionEventManager.java:47)
	at com.kms.katalon.core.main.TestCaseExecutor.execute(TestCaseExecutor.java:320)
	at com.kms.katalon.core.main.TestCaseExecutor.execute(TestCaseExecutor.java:426)
	at com.kms.katalon.core.main.TestCaseExecutor.execute(TestCaseExecutor.java:426)
	at com.kms.katalon.core.common.CommonExecutor.accessTestCaseMainPhase(CommonExecutor.java:71)
	at com.kms.katalon.core.main.TestSuiteExecutor.accessTestSuiteMainPhase(TestSuiteExecutor.java:153)
	at com.kms.katalon.core.main.TestSuiteExecutor.execute(TestSuiteExecutor.java:110)
	at com.kms.katalon.core.main.TestCaseMain.startTestSuite(TestCaseMain.java:206)
	at S0617_1.run(S0617_1.groovy:40)
	at java.base/jdk.internal.reflect.DirectMethodHandleAccessor.invoke(DirectMethodHandleAccessor.java:103)

2026-06-17 18:27:01.475 DEBUG testcase.TC_4.1_1                        - 1: openBrowser("")
2026-06-17 18:27:01.478 WARN  c.k.k.core.webui.driver.DriverFactory    - A browser is already opened. Closing browser and opening a new one
2026-06-17 18:27:01.582 INFO  c.k.k.core.webui.driver.DriverFactory    - Starting 'Chrome' driver
2026-06-17 18:27:01.585 INFO  c.k.k.core.webui.driver.DriverFactory    - Action delay is set to 0 milliseconds
2026-06-17 18:27:02.402 INFO  c.k.k.core.webui.driver.DriverFactory    - sessionId = 7e9c6f021005cbb0e4af0bc529351eb7
2026-06-17 18:27:02.402 INFO  c.k.k.core.webui.driver.DriverFactory    - browser = Chrome 149.0.7827.103
2026-06-17 18:27:02.403 INFO  c.k.k.core.webui.driver.DriverFactory    - platform = Windows 11
2026-06-17 18:27:02.404 INFO  c.k.k.core.webui.driver.DriverFactory    - seleniumVersion = 4.39.0
2026-06-17 18:27:02.404 INFO  c.k.k.core.webui.driver.DriverFactory    - proxyInformation = ProxyInformation { proxyOption=NO_PROXY, proxyServerType=HTTP, username=, password=********, proxyServerAddress=, proxyServerPort=0, executionList="", isApplyToDesiredCapabilities=true }
2026-06-17 18:27:02.420 DEBUG testcase.TC_4.1_1                        - 2: navigateToUrl(base + "ProductView.jsp")
2026-06-17 18:27:02.421 ERROR c.k.katalon.core.main.TestCaseExecutor   - ❌ Test Cases/Catalogo/TC_4.1_1 FAILED.
Reason:
groovy.lang.MissingPropertyException: No such property: base for class: internal.GlobalVariable
Possible solutions: class
	at TC_4.1_1.run(TC_4.1_1:8)
	at com.kms.katalon.core.main.ScriptEngine.run(ScriptEngine.java:203)
	at com.kms.katalon.core.main.ScriptEngine.runScriptAsRawText(ScriptEngine.java:115)
	at com.kms.katalon.core.main.TestCaseExecutor.runScript(TestCaseExecutor.java:506)
	at com.kms.katalon.core.main.TestCaseExecutor.doExecute(TestCaseExecutor.java:497)
	at com.kms.katalon.core.main.TestCaseExecutor.processExecutionPhase(TestCaseExecutor.java:476)
	at com.kms.katalon.core.main.TestCaseExecutor.accessMainPhase(TestCaseExecutor.java:468)
	at com.kms.katalon.core.main.TestCaseExecutor.execute(TestCaseExecutor.java:334)
	at com.kms.katalon.core.main.TestCaseExecutor.execute(TestCaseExecutor.java:426)
	at com.kms.katalon.core.main.TestCaseExecutor.execute(TestCaseExecutor.java:426)
	at com.kms.katalon.core.common.CommonExecutor.accessTestCaseMainPhase(CommonExecutor.java:71)
	at com.kms.katalon.core.main.TestSuiteExecutor.accessTestSuiteMainPhase(TestSuiteExecutor.java:153)
	at com.kms.katalon.core.main.TestSuiteExecutor.execute(TestSuiteExecutor.java:110)
	at com.kms.katalon.core.main.TestCaseMain.startTestSuite(TestCaseMain.java:206)
	at S0617_1.run(S0617_1.groovy:40)
	at java.base/jdk.internal.reflect.DirectMethodHandleAccessor.invoke(DirectMethodHandleAccessor.java:103)

2026-06-17 18:27:02.421 ERROR c.k.katalon.core.main.TestCaseExecutor   - ❌ Test Cases/Catalogo/TC_4.1_1 FAILED.
Reason:
groovy.lang.MissingPropertyException: No such property: base for class: internal.GlobalVariable
Possible solutions: class
	at TC_4.1_1.run(TC_4.1_1:8)
	at com.kms.katalon.core.main.ScriptEngine.run(ScriptEngine.java:203)
	at com.kms.katalon.core.main.ScriptEngine.runScriptAsRawText(ScriptEngine.java:115)
	at com.kms.katalon.core.main.TestCaseExecutor.runScript(TestCaseExecutor.java:506)
	at com.kms.katalon.core.main.TestCaseExecutor.doExecute(TestCaseExecutor.java:497)
	at com.kms.katalon.core.main.TestCaseExecutor.processExecutionPhase(TestCaseExecutor.java:476)
	at com.kms.katalon.core.main.TestCaseExecutor.accessMainPhase(TestCaseExecutor.java:468)
	at com.kms.katalon.core.main.TestCaseExecutor.execute(TestCaseExecutor.java:334)
	at com.kms.katalon.core.main.TestCaseExecutor.execute(TestCaseExecutor.java:426)
	at com.kms.katalon.core.main.TestCaseExecutor.execute(TestCaseExecutor.java:426)
	at com.kms.katalon.core.common.CommonExecutor.accessTestCaseMainPhase(CommonExecutor.java:71)
	at com.kms.katalon.core.main.TestSuiteExecutor.accessTestSuiteMainPhase(TestSuiteExecutor.java:153)
	at com.kms.katalon.core.main.TestSuiteExecutor.execute(TestSuiteExecutor.java:110)
	at com.kms.katalon.core.main.TestCaseMain.startTestSuite(TestCaseMain.java:206)
	at S0617_1.run(S0617_1.groovy:40)
	at java.base/jdk.internal.reflect.DirectMethodHandleAccessor.invoke(DirectMethodHandleAccessor.java:103)

2026-06-17 18:27:02.423 INFO  c.k.katalon.core.main.TestCaseExecutor   - END Test Cases/Catalogo/TC_4.1_1
2026-06-17 18:27:02.426 INFO  c.k.katalon.core.main.TestCaseExecutor   - --------------------
2026-06-17 18:27:02.426 INFO  c.k.katalon.core.main.TestCaseExecutor   - START Test Cases/Catalogo/TC_4.1_1 - Retry attempt 3
2026-06-17 18:27:02.436 ERROR c.k.k.core.context.internal.TestHooker   - ❌ groovy.lang.MissingPropertyException: No such property: resetSeed for class: internal.GlobalVariable
	at SeedReset.resetSeedBeforeTestCase(SeedReset.groovy:26)
	at java.base/jdk.internal.reflect.DirectMethodHandleAccessor.invoke(DirectMethodHandleAccessor.java:103)
	at com.kms.katalon.core.context.internal.TestHooker.invokeMethod(TestHooker.java:111)
	at com.kms.katalon.core.context.internal.TestHooker.lambda$3(TestHooker.java:95)
	at com.kms.katalon.core.context.internal.TestHooker.invokeContextMethods(TestHooker.java:94)
	at com.kms.katalon.core.context.internal.TestListenerCollector.lambda$3(TestListenerCollector.java:88)
	at com.kms.katalon.core.context.internal.TestListenerCollector.handleListenerEvent(TestListenerCollector.java:85)
	at com.kms.katalon.core.context.internal.ExecutionEventManager.publicEvent(ExecutionEventManager.java:47)
	at com.kms.katalon.core.main.TestCaseExecutor.execute(TestCaseExecutor.java:320)
	at com.kms.katalon.core.main.TestCaseExecutor.execute(TestCaseExecutor.java:426)
	at com.kms.katalon.core.main.TestCaseExecutor.execute(TestCaseExecutor.java:426)
	at com.kms.katalon.core.main.TestCaseExecutor.execute(TestCaseExecutor.java:426)
	at com.kms.katalon.core.common.CommonExecutor.accessTestCaseMainPhase(CommonExecutor.java:71)
	at com.kms.katalon.core.main.TestSuiteExecutor.accessTestSuiteMainPhase(TestSuiteExecutor.java:153)
	at com.kms.katalon.core.main.TestSuiteExecutor.execute(TestSuiteExecutor.java:110)
	at com.kms.katalon.core.main.TestCaseMain.startTestSuite(TestCaseMain.java:206)
	at S0617_1.run(S0617_1.groovy:40)
	at java.base/jdk.internal.reflect.DirectMethodHandleAccessor.invoke(DirectMethodHandleAccessor.java:103)

2026-06-17 18:27:02.437 DEBUG testcase.TC_4.1_1                        - 1: openBrowser("")
2026-06-17 18:27:02.438 WARN  c.k.k.core.webui.driver.DriverFactory    - A browser is already opened. Closing browser and opening a new one
2026-06-17 18:27:02.530 INFO  c.k.k.core.webui.driver.DriverFactory    - Starting 'Chrome' driver
2026-06-17 18:27:02.533 INFO  c.k.k.core.webui.driver.DriverFactory    - Action delay is set to 0 milliseconds
2026-06-17 18:27:03.305 INFO  c.k.k.core.webui.driver.DriverFactory    - sessionId = 472578c65e3f7e984c64de3f02e45d89
2026-06-17 18:27:03.306 INFO  c.k.k.core.webui.driver.DriverFactory    - browser = Chrome 149.0.7827.103
2026-06-17 18:27:03.306 INFO  c.k.k.core.webui.driver.DriverFactory    - platform = Windows 11
2026-06-17 18:27:03.307 INFO  c.k.k.core.webui.driver.DriverFactory    - seleniumVersion = 4.39.0
2026-06-17 18:27:03.307 INFO  c.k.k.core.webui.driver.DriverFactory    - proxyInformation = ProxyInformation { proxyOption=NO_PROXY, proxyServerType=HTTP, username=, password=********, proxyServerAddress=, proxyServerPort=0, executionList="", isApplyToDesiredCapabilities=true }
2026-06-17 18:27:03.318 DEBUG testcase.TC_4.1_1                        - 2: navigateToUrl(base + "ProductView.jsp")
2026-06-17 18:27:03.320 ERROR c.k.katalon.core.main.TestCaseExecutor   - ❌ Test Cases/Catalogo/TC_4.1_1 FAILED.
Reason:
groovy.lang.MissingPropertyException: No such property: base for class: internal.GlobalVariable
Possible solutions: class
	at TC_4.1_1.run(TC_4.1_1:8)
	at com.kms.katalon.core.main.ScriptEngine.run(ScriptEngine.java:203)
	at com.kms.katalon.core.main.ScriptEngine.runScriptAsRawText(ScriptEngine.java:115)
	at com.kms.katalon.core.main.TestCaseExecutor.runScript(TestCaseExecutor.java:506)
	at com.kms.katalon.core.main.TestCaseExecutor.doExecute(TestCaseExecutor.java:497)
	at com.kms.katalon.core.main.TestCaseExecutor.processExecutionPhase(TestCaseExecutor.java:476)
	at com.kms.katalon.core.main.TestCaseExecutor.accessMainPhase(TestCaseExecutor.java:468)
	at com.kms.katalon.core.main.TestCaseExecutor.execute(TestCaseExecutor.java:334)
	at com.kms.katalon.core.main.TestCaseExecutor.execute(TestCaseExecutor.java:426)
	at com.kms.katalon.core.main.TestCaseExecutor.execute(TestCaseExecutor.java:426)
	at com.kms.katalon.core.main.TestCaseExecutor.execute(TestCaseExecutor.java:426)
	at com.kms.katalon.core.common.CommonExecutor.accessTestCaseMainPhase(CommonExecutor.java:71)
	at com.kms.katalon.core.main.TestSuiteExecutor.accessTestSuiteMainPhase(TestSuiteExecutor.java:153)
	at com.kms.katalon.core.main.TestSuiteExecutor.execute(TestSuiteExecutor.java:110)
	at com.kms.katalon.core.main.TestCaseMain.startTestSuite(TestCaseMain.java:206)
	at S0617_1.run(S0617_1.groovy:40)
	at java.base/jdk.internal.reflect.DirectMethodHandleAccessor.invoke(DirectMethodHandleAccessor.java:103)

2026-06-17 18:27:03.320 ERROR c.k.katalon.core.main.TestCaseExecutor   - ❌ Test Cases/Catalogo/TC_4.1_1 FAILED.
Reason:
groovy.lang.MissingPropertyException: No such property: base for class: internal.GlobalVariable
Possible solutions: class
	at TC_4.1_1.run(TC_4.1_1:8)
	at com.kms.katalon.core.main.ScriptEngine.run(ScriptEngine.java:203)
	at com.kms.katalon.core.main.ScriptEngine.runScriptAsRawText(ScriptEngine.java:115)
	at com.kms.katalon.core.main.TestCaseExecutor.runScript(TestCaseExecutor.java:506)
	at com.kms.katalon.core.main.TestCaseExecutor.doExecute(TestCaseExecutor.java:497)
	at com.kms.katalon.core.main.TestCaseExecutor.processExecutionPhase(TestCaseExecutor.java:476)
	at com.kms.katalon.core.main.TestCaseExecutor.accessMainPhase(TestCaseExecutor.java:468)
	at com.kms.katalon.core.main.TestCaseExecutor.execute(TestCaseExecutor.java:334)
	at com.kms.katalon.core.main.TestCaseExecutor.execute(TestCaseExecutor.java:426)
	at com.kms.katalon.core.main.TestCaseExecutor.execute(TestCaseExecutor.java:426)
	at com.kms.katalon.core.main.TestCaseExecutor.execute(TestCaseExecutor.java:426)
	at com.kms.katalon.core.common.CommonExecutor.accessTestCaseMainPhase(CommonExecutor.java:71)
	at com.kms.katalon.core.main.TestSuiteExecutor.accessTestSuiteMainPhase(TestSuiteExecutor.java:153)
	at com.kms.katalon.core.main.TestSuiteExecutor.execute(TestSuiteExecutor.java:110)
	at com.kms.katalon.core.main.TestCaseMain.startTestSuite(TestCaseMain.java:206)
	at S0617_1.run(S0617_1.groovy:40)
	at java.base/jdk.internal.reflect.DirectMethodHandleAccessor.invoke(DirectMethodHandleAccessor.java:103)

2026-06-17 18:27:03.322 INFO  c.k.katalon.core.main.TestCaseExecutor   - END Test Cases/Catalogo/TC_4.1_1
2026-06-17 18:27:03.326 INFO  c.k.katalon.core.main.TestCaseExecutor   - --------------------
2026-06-17 18:27:03.326 INFO  c.k.katalon.core.main.TestCaseExecutor   - START Test Cases/Catalogo/TC_4.1_2
2026-06-17 18:27:03.347 ERROR c.k.k.core.context.internal.TestHooker   - ❌ groovy.lang.MissingPropertyException: No such property: resetSeed for class: internal.GlobalVariable
	at SeedReset.resetSeedBeforeTestCase(SeedReset.groovy:26)
	at java.base/jdk.internal.reflect.DirectMethodHandleAccessor.invoke(DirectMethodHandleAccessor.java:103)
	at com.kms.katalon.core.context.internal.TestHooker.invokeMethod(TestHooker.java:111)
	at com.kms.katalon.core.context.internal.TestHooker.lambda$3(TestHooker.java:95)
	at com.kms.katalon.core.context.internal.TestHooker.invokeContextMethods(TestHooker.java:94)
	at com.kms.katalon.core.context.internal.TestListenerCollector.lambda$3(TestListenerCollector.java:88)
	at com.kms.katalon.core.context.internal.TestListenerCollector.handleListenerEvent(TestListenerCollector.java:85)
	at com.kms.katalon.core.context.internal.ExecutionEventManager.publicEvent(ExecutionEventManager.java:47)
	at com.kms.katalon.core.main.TestCaseExecutor.execute(TestCaseExecutor.java:320)
	at com.kms.katalon.core.common.CommonExecutor.accessTestCaseMainPhase(CommonExecutor.java:71)
	at com.kms.katalon.core.main.TestSuiteExecutor.accessTestSuiteMainPhase(TestSuiteExecutor.java:153)
	at com.kms.katalon.core.main.TestSuiteExecutor.execute(TestSuiteExecutor.java:110)
	at com.kms.katalon.core.main.TestCaseMain.startTestSuite(TestCaseMain.java:206)
	at S0617_1.run(S0617_1.groovy:40)
	at java.base/jdk.internal.reflect.DirectMethodHandleAccessor.invoke(DirectMethodHandleAccessor.java:103)

2026-06-17 18:27:03.397 DEBUG testcase.TC_4.1_2                        - 1: openBrowser("")
2026-06-17 18:27:03.399 WARN  c.k.k.core.webui.driver.DriverFactory    - A browser is already opened. Closing browser and opening a new one
2026-06-17 18:27:03.492 INFO  c.k.k.core.webui.driver.DriverFactory    - Starting 'Chrome' driver
2026-06-17 18:27:03.500 INFO  c.k.k.core.webui.driver.DriverFactory    - Action delay is set to 0 milliseconds
2026-06-17 18:27:04.260 INFO  c.k.k.core.webui.driver.DriverFactory    - sessionId = 520e0e66efdfd06f0f1e60cf6bae9fd0
2026-06-17 18:27:04.260 INFO  c.k.k.core.webui.driver.DriverFactory    - browser = Chrome 149.0.7827.103
2026-06-17 18:27:04.261 INFO  c.k.k.core.webui.driver.DriverFactory    - platform = Windows 11
2026-06-17 18:27:04.261 INFO  c.k.k.core.webui.driver.DriverFactory    - seleniumVersion = 4.39.0
2026-06-17 18:27:04.261 INFO  c.k.k.core.webui.driver.DriverFactory    - proxyInformation = ProxyInformation { proxyOption=NO_PROXY, proxyServerType=HTTP, username=, password=********, proxyServerAddress=, proxyServerPort=0, executionList="", isApplyToDesiredCapabilities=true }
2026-06-17 18:27:04.274 DEBUG testcase.TC_4.1_2                        - 2: navigateToUrl(base + "loginForm.jsp")
2026-06-17 18:27:04.275 ERROR c.k.katalon.core.main.TestCaseExecutor   - ❌ Test Cases/Catalogo/TC_4.1_2 FAILED.
Reason:
groovy.lang.MissingPropertyException: No such property: base for class: internal.GlobalVariable
Possible solutions: class
	at TC_4.1_2.run(TC_4.1_2:21)
	at com.kms.katalon.core.main.ScriptEngine.run(ScriptEngine.java:203)
	at com.kms.katalon.core.main.ScriptEngine.runScriptAsRawText(ScriptEngine.java:115)
	at com.kms.katalon.core.main.TestCaseExecutor.runScript(TestCaseExecutor.java:506)
	at com.kms.katalon.core.main.TestCaseExecutor.doExecute(TestCaseExecutor.java:497)
	at com.kms.katalon.core.main.TestCaseExecutor.processExecutionPhase(TestCaseExecutor.java:476)
	at com.kms.katalon.core.main.TestCaseExecutor.accessMainPhase(TestCaseExecutor.java:468)
	at com.kms.katalon.core.main.TestCaseExecutor.execute(TestCaseExecutor.java:334)
	at com.kms.katalon.core.common.CommonExecutor.accessTestCaseMainPhase(CommonExecutor.java:71)
	at com.kms.katalon.core.main.TestSuiteExecutor.accessTestSuiteMainPhase(TestSuiteExecutor.java:153)
	at com.kms.katalon.core.main.TestSuiteExecutor.execute(TestSuiteExecutor.java:110)
	at com.kms.katalon.core.main.TestCaseMain.startTestSuite(TestCaseMain.java:206)
	at S0617_1.run(S0617_1.groovy:40)
	at java.base/jdk.internal.reflect.DirectMethodHandleAccessor.invoke(DirectMethodHandleAccessor.java:103)

2026-06-17 18:27:04.276 ERROR c.k.katalon.core.main.TestCaseExecutor   - ❌ Test Cases/Catalogo/TC_4.1_2 FAILED.
Reason:
groovy.lang.MissingPropertyException: No such property: base for class: internal.GlobalVariable
Possible solutions: class
	at TC_4.1_2.run(TC_4.1_2:21)
	at com.kms.katalon.core.main.ScriptEngine.run(ScriptEngine.java:203)
	at com.kms.katalon.core.main.ScriptEngine.runScriptAsRawText(ScriptEngine.java:115)
	at com.kms.katalon.core.main.TestCaseExecutor.runScript(TestCaseExecutor.java:506)
	at com.kms.katalon.core.main.TestCaseExecutor.doExecute(TestCaseExecutor.java:497)
	at com.kms.katalon.core.main.TestCaseExecutor.processExecutionPhase(TestCaseExecutor.java:476)
	at com.kms.katalon.core.main.TestCaseExecutor.accessMainPhase(TestCaseExecutor.java:468)
	at com.kms.katalon.core.main.TestCaseExecutor.execute(TestCaseExecutor.java:334)
	at com.kms.katalon.core.common.CommonExecutor.accessTestCaseMainPhase(CommonExecutor.java:71)
	at com.kms.katalon.core.main.TestSuiteExecutor.accessTestSuiteMainPhase(TestSuiteExecutor.java:153)
	at com.kms.katalon.core.main.TestSuiteExecutor.execute(TestSuiteExecutor.java:110)
	at com.kms.katalon.core.main.TestCaseMain.startTestSuite(TestCaseMain.java:206)
	at S0617_1.run(S0617_1.groovy:40)
	at java.base/jdk.internal.reflect.DirectMethodHandleAccessor.invoke(DirectMethodHandleAccessor.java:103)

2026-06-17 18:27:04.277 INFO  c.k.katalon.core.main.TestCaseExecutor   - END Test Cases/Catalogo/TC_4.1_2
2026-06-17 18:27:04.280 INFO  c.k.katalon.core.main.TestCaseExecutor   - --------------------
2026-06-17 18:27:04.280 INFO  c.k.katalon.core.main.TestCaseExecutor   - START Test Cases/Catalogo/TC_4.1_2 - Retry attempt 1
2026-06-17 18:27:04.287 ERROR c.k.k.core.context.internal.TestHooker   - ❌ groovy.lang.MissingPropertyException: No such property: resetSeed for class: internal.GlobalVariable
	at SeedReset.resetSeedBeforeTestCase(SeedReset.groovy:26)
	at java.base/jdk.internal.reflect.DirectMethodHandleAccessor.invoke(DirectMethodHandleAccessor.java:103)
	at com.kms.katalon.core.context.internal.TestHooker.invokeMethod(TestHooker.java:111)
	at com.kms.katalon.core.context.internal.TestHooker.lambda$3(TestHooker.java:95)
	at com.kms.katalon.core.context.internal.TestHooker.invokeContextMethods(TestHooker.java:94)
	at com.kms.katalon.core.context.internal.TestListenerCollector.lambda$3(TestListenerCollector.java:88)
	at com.kms.katalon.core.context.internal.TestListenerCollector.handleListenerEvent(TestListenerCollector.java:85)
	at com.kms.katalon.core.context.internal.ExecutionEventManager.publicEvent(ExecutionEventManager.java:47)
	at com.kms.katalon.core.main.TestCaseExecutor.execute(TestCaseExecutor.java:320)
	at com.kms.katalon.core.main.TestCaseExecutor.execute(TestCaseExecutor.java:426)
	at com.kms.katalon.core.common.CommonExecutor.accessTestCaseMainPhase(CommonExecutor.java:71)
	at com.kms.katalon.core.main.TestSuiteExecutor.accessTestSuiteMainPhase(TestSuiteExecutor.java:153)
	at com.kms.katalon.core.main.TestSuiteExecutor.execute(TestSuiteExecutor.java:110)
	at com.kms.katalon.core.main.TestCaseMain.startTestSuite(TestCaseMain.java:206)
	at S0617_1.run(S0617_1.groovy:40)
	at java.base/jdk.internal.reflect.DirectMethodHandleAccessor.invoke(DirectMethodHandleAccessor.java:103)

2026-06-17 18:27:04.289 DEBUG testcase.TC_4.1_2                        - 1: openBrowser("")
2026-06-17 18:27:04.290 WARN  c.k.k.core.webui.driver.DriverFactory    - A browser is already opened. Closing browser and opening a new one
2026-06-17 18:27:04.407 INFO  c.k.k.core.webui.driver.DriverFactory    - Starting 'Chrome' driver
2026-06-17 18:27:04.409 INFO  c.k.k.core.webui.driver.DriverFactory    - Action delay is set to 0 milliseconds
2026-06-17 18:27:05.173 INFO  c.k.k.core.webui.driver.DriverFactory    - sessionId = f2f51af74c0a9e81cf9442d9af1237c5
2026-06-17 18:27:05.173 INFO  c.k.k.core.webui.driver.DriverFactory    - browser = Chrome 149.0.7827.103
2026-06-17 18:27:05.173 INFO  c.k.k.core.webui.driver.DriverFactory    - platform = Windows 11
2026-06-17 18:27:05.174 INFO  c.k.k.core.webui.driver.DriverFactory    - seleniumVersion = 4.39.0
2026-06-17 18:27:05.174 INFO  c.k.k.core.webui.driver.DriverFactory    - proxyInformation = ProxyInformation { proxyOption=NO_PROXY, proxyServerType=HTTP, username=, password=********, proxyServerAddress=, proxyServerPort=0, executionList="", isApplyToDesiredCapabilities=true }
2026-06-17 18:27:05.186 DEBUG testcase.TC_4.1_2                        - 2: navigateToUrl(base + "loginForm.jsp")
2026-06-17 18:27:05.187 ERROR c.k.katalon.core.main.TestCaseExecutor   - ❌ Test Cases/Catalogo/TC_4.1_2 FAILED.
Reason:
groovy.lang.MissingPropertyException: No such property: base for class: internal.GlobalVariable
Possible solutions: class
	at TC_4.1_2.run(TC_4.1_2:21)
	at com.kms.katalon.core.main.ScriptEngine.run(ScriptEngine.java:203)
	at com.kms.katalon.core.main.ScriptEngine.runScriptAsRawText(ScriptEngine.java:115)
	at com.kms.katalon.core.main.TestCaseExecutor.runScript(TestCaseExecutor.java:506)
	at com.kms.katalon.core.main.TestCaseExecutor.doExecute(TestCaseExecutor.java:497)
	at com.kms.katalon.core.main.TestCaseExecutor.processExecutionPhase(TestCaseExecutor.java:476)
	at com.kms.katalon.core.main.TestCaseExecutor.accessMainPhase(TestCaseExecutor.java:468)
	at com.kms.katalon.core.main.TestCaseExecutor.execute(TestCaseExecutor.java:334)
	at com.kms.katalon.core.main.TestCaseExecutor.execute(TestCaseExecutor.java:426)
	at com.kms.katalon.core.common.CommonExecutor.accessTestCaseMainPhase(CommonExecutor.java:71)
	at com.kms.katalon.core.main.TestSuiteExecutor.accessTestSuiteMainPhase(TestSuiteExecutor.java:153)
	at com.kms.katalon.core.main.TestSuiteExecutor.execute(TestSuiteExecutor.java:110)
	at com.kms.katalon.core.main.TestCaseMain.startTestSuite(TestCaseMain.java:206)
	at S0617_1.run(S0617_1.groovy:40)
	at java.base/jdk.internal.reflect.DirectMethodHandleAccessor.invoke(DirectMethodHandleAccessor.java:103)

2026-06-17 18:27:05.188 ERROR c.k.katalon.core.main.TestCaseExecutor   - ❌ Test Cases/Catalogo/TC_4.1_2 FAILED.
Reason:
groovy.lang.MissingPropertyException: No such property: base for class: internal.GlobalVariable
Possible solutions: class
	at TC_4.1_2.run(TC_4.1_2:21)
	at com.kms.katalon.core.main.ScriptEngine.run(ScriptEngine.java:203)
	at com.kms.katalon.core.main.ScriptEngine.runScriptAsRawText(ScriptEngine.java:115)
	at com.kms.katalon.core.main.TestCaseExecutor.runScript(TestCaseExecutor.java:506)
	at com.kms.katalon.core.main.TestCaseExecutor.doExecute(TestCaseExecutor.java:497)
	at com.kms.katalon.core.main.TestCaseExecutor.processExecutionPhase(TestCaseExecutor.java:476)
	at com.kms.katalon.core.main.TestCaseExecutor.accessMainPhase(TestCaseExecutor.java:468)
	at com.kms.katalon.core.main.TestCaseExecutor.execute(TestCaseExecutor.java:334)
	at com.kms.katalon.core.main.TestCaseExecutor.execute(TestCaseExecutor.java:426)
	at com.kms.katalon.core.common.CommonExecutor.accessTestCaseMainPhase(CommonExecutor.java:71)
	at com.kms.katalon.core.main.TestSuiteExecutor.accessTestSuiteMainPhase(TestSuiteExecutor.java:153)
	at com.kms.katalon.core.main.TestSuiteExecutor.execute(TestSuiteExecutor.java:110)
	at com.kms.katalon.core.main.TestCaseMain.startTestSuite(TestCaseMain.java:206)
	at S0617_1.run(S0617_1.groovy:40)
	at java.base/jdk.internal.reflect.DirectMethodHandleAccessor.invoke(DirectMethodHandleAccessor.java:103)

2026-06-17 18:27:05.190 INFO  c.k.katalon.core.main.TestCaseExecutor   - END Test Cases/Catalogo/TC_4.1_2
2026-06-17 18:27:05.192 INFO  c.k.katalon.core.main.TestCaseExecutor   - --------------------
2026-06-17 18:27:05.192 INFO  c.k.katalon.core.main.TestCaseExecutor   - START Test Cases/Catalogo/TC_4.1_2 - Retry attempt 2
2026-06-17 18:27:05.199 ERROR c.k.k.core.context.internal.TestHooker   - ❌ groovy.lang.MissingPropertyException: No such property: resetSeed for class: internal.GlobalVariable
	at SeedReset.resetSeedBeforeTestCase(SeedReset.groovy:26)
	at java.base/jdk.internal.reflect.DirectMethodHandleAccessor.invoke(DirectMethodHandleAccessor.java:103)
	at com.kms.katalon.core.context.internal.TestHooker.invokeMethod(TestHooker.java:111)
	at com.kms.katalon.core.context.internal.TestHooker.lambda$3(TestHooker.java:95)
	at com.kms.katalon.core.context.internal.TestHooker.invokeContextMethods(TestHooker.java:94)
	at com.kms.katalon.core.context.internal.TestListenerCollector.lambda$3(TestListenerCollector.java:88)
	at com.kms.katalon.core.context.internal.TestListenerCollector.handleListenerEvent(TestListenerCollector.java:85)
	at com.kms.katalon.core.context.internal.ExecutionEventManager.publicEvent(ExecutionEventManager.java:47)
	at com.kms.katalon.core.main.TestCaseExecutor.execute(TestCaseExecutor.java:320)
	at com.kms.katalon.core.main.TestCaseExecutor.execute(TestCaseExecutor.java:426)
	at com.kms.katalon.core.main.TestCaseExecutor.execute(TestCaseExecutor.java:426)
	at com.kms.katalon.core.common.CommonExecutor.accessTestCaseMainPhase(CommonExecutor.java:71)
	at com.kms.katalon.core.main.TestSuiteExecutor.accessTestSuiteMainPhase(TestSuiteExecutor.java:153)
	at com.kms.katalon.core.main.TestSuiteExecutor.execute(TestSuiteExecutor.java:110)
	at com.kms.katalon.core.main.TestCaseMain.startTestSuite(TestCaseMain.java:206)
	at S0617_1.run(S0617_1.groovy:40)
	at java.base/jdk.internal.reflect.DirectMethodHandleAccessor.invoke(DirectMethodHandleAccessor.java:103)

2026-06-17 18:27:05.201 DEBUG testcase.TC_4.1_2                        - 1: openBrowser("")
2026-06-17 18:27:05.204 WARN  c.k.k.core.webui.driver.DriverFactory    - A browser is already opened. Closing browser and opening a new one
2026-06-17 18:27:05.321 INFO  c.k.k.core.webui.driver.DriverFactory    - Starting 'Chrome' driver
2026-06-17 18:27:05.323 INFO  c.k.k.core.webui.driver.DriverFactory    - Action delay is set to 0 milliseconds
2026-06-17 18:27:06.085 INFO  c.k.k.core.webui.driver.DriverFactory    - sessionId = 35065776e88dfeb294387d7a663d1e38
2026-06-17 18:27:06.085 INFO  c.k.k.core.webui.driver.DriverFactory    - browser = Chrome 149.0.7827.103
2026-06-17 18:27:06.085 INFO  c.k.k.core.webui.driver.DriverFactory    - platform = Windows 11
2026-06-17 18:27:06.086 INFO  c.k.k.core.webui.driver.DriverFactory    - seleniumVersion = 4.39.0
2026-06-17 18:27:06.086 INFO  c.k.k.core.webui.driver.DriverFactory    - proxyInformation = ProxyInformation { proxyOption=NO_PROXY, proxyServerType=HTTP, username=, password=********, proxyServerAddress=, proxyServerPort=0, executionList="", isApplyToDesiredCapabilities=true }
2026-06-17 18:27:06.097 DEBUG testcase.TC_4.1_2                        - 2: navigateToUrl(base + "loginForm.jsp")
2026-06-17 18:27:06.098 ERROR c.k.katalon.core.main.TestCaseExecutor   - ❌ Test Cases/Catalogo/TC_4.1_2 FAILED.
Reason:
groovy.lang.MissingPropertyException: No such property: base for class: internal.GlobalVariable
Possible solutions: class
	at TC_4.1_2.run(TC_4.1_2:21)
	at com.kms.katalon.core.main.ScriptEngine.run(ScriptEngine.java:203)
	at com.kms.katalon.core.main.ScriptEngine.runScriptAsRawText(ScriptEngine.java:115)
	at com.kms.katalon.core.main.TestCaseExecutor.runScript(TestCaseExecutor.java:506)
	at com.kms.katalon.core.main.TestCaseExecutor.doExecute(TestCaseExecutor.java:497)
	at com.kms.katalon.core.main.TestCaseExecutor.processExecutionPhase(TestCaseExecutor.java:476)
	at com.kms.katalon.core.main.TestCaseExecutor.accessMainPhase(TestCaseExecutor.java:468)
	at com.kms.katalon.core.main.TestCaseExecutor.execute(TestCaseExecutor.java:334)
	at com.kms.katalon.core.main.TestCaseExecutor.execute(TestCaseExecutor.java:426)
	at com.kms.katalon.core.main.TestCaseExecutor.execute(TestCaseExecutor.java:426)
	at com.kms.katalon.core.common.CommonExecutor.accessTestCaseMainPhase(CommonExecutor.java:71)
	at com.kms.katalon.core.main.TestSuiteExecutor.accessTestSuiteMainPhase(TestSuiteExecutor.java:153)
	at com.kms.katalon.core.main.TestSuiteExecutor.execute(TestSuiteExecutor.java:110)
	at com.kms.katalon.core.main.TestCaseMain.startTestSuite(TestCaseMain.java:206)
	at S0617_1.run(S0617_1.groovy:40)
	at java.base/jdk.internal.reflect.DirectMethodHandleAccessor.invoke(DirectMethodHandleAccessor.java:103)

2026-06-17 18:27:06.099 ERROR c.k.katalon.core.main.TestCaseExecutor   - ❌ Test Cases/Catalogo/TC_4.1_2 FAILED.
Reason:
groovy.lang.MissingPropertyException: No such property: base for class: internal.GlobalVariable
Possible solutions: class
	at TC_4.1_2.run(TC_4.1_2:21)
	at com.kms.katalon.core.main.ScriptEngine.run(ScriptEngine.java:203)
	at com.kms.katalon.core.main.ScriptEngine.runScriptAsRawText(ScriptEngine.java:115)
	at com.kms.katalon.core.main.TestCaseExecutor.runScript(TestCaseExecutor.java:506)
	at com.kms.katalon.core.main.TestCaseExecutor.doExecute(TestCaseExecutor.java:497)
	at com.kms.katalon.core.main.TestCaseExecutor.processExecutionPhase(TestCaseExecutor.java:476)
	at com.kms.katalon.core.main.TestCaseExecutor.accessMainPhase(TestCaseExecutor.java:468)
	at com.kms.katalon.core.main.TestCaseExecutor.execute(TestCaseExecutor.java:334)
	at com.kms.katalon.core.main.TestCaseExecutor.execute(TestCaseExecutor.java:426)
	at com.kms.katalon.core.main.TestCaseExecutor.execute(TestCaseExecutor.java:426)
	at com.kms.katalon.core.common.CommonExecutor.accessTestCaseMainPhase(CommonExecutor.java:71)
	at com.kms.katalon.core.main.TestSuiteExecutor.accessTestSuiteMainPhase(TestSuiteExecutor.java:153)
	at com.kms.katalon.core.main.TestSuiteExecutor.execute(TestSuiteExecutor.java:110)
	at com.kms.katalon.core.main.TestCaseMain.startTestSuite(TestCaseMain.java:206)
	at S0617_1.run(S0617_1.groovy:40)
	at java.base/jdk.internal.reflect.DirectMethodHandleAccessor.invoke(DirectMethodHandleAccessor.java:103)

2026-06-17 18:27:06.100 INFO  c.k.katalon.core.main.TestCaseExecutor   - END Test Cases/Catalogo/TC_4.1_2
2026-06-17 18:27:06.104 INFO  c.k.katalon.core.main.TestCaseExecutor   - --------------------
2026-06-17 18:27:06.104 INFO  c.k.katalon.core.main.TestCaseExecutor   - START Test Cases/Catalogo/TC_4.1_2 - Retry attempt 3
2026-06-17 18:27:06.114 ERROR c.k.k.core.context.internal.TestHooker   - ❌ groovy.lang.MissingPropertyException: No such property: resetSeed for class: internal.GlobalVariable
	at SeedReset.resetSeedBeforeTestCase(SeedReset.groovy:26)
	at java.base/jdk.internal.reflect.DirectMethodHandleAccessor.invoke(DirectMethodHandleAccessor.java:103)
	at com.kms.katalon.core.context.internal.TestHooker.invokeMethod(TestHooker.java:111)
	at com.kms.katalon.core.context.internal.TestHooker.lambda$3(TestHooker.java:95)
	at com.kms.katalon.core.context.internal.TestHooker.invokeContextMethods(TestHooker.java:94)
	at com.kms.katalon.core.context.internal.TestListenerCollector.lambda$3(TestListenerCollector.java:88)
	at com.kms.katalon.core.context.internal.TestListenerCollector.handleListenerEvent(TestListenerCollector.java:85)
	at com.kms.katalon.core.context.internal.ExecutionEventManager.publicEvent(ExecutionEventManager.java:47)
	at com.kms.katalon.core.main.TestCaseExecutor.execute(TestCaseExecutor.java:320)
	at com.kms.katalon.core.main.TestCaseExecutor.execute(TestCaseExecutor.java:426)
	at com.kms.katalon.core.main.TestCaseExecutor.execute(TestCaseExecutor.java:426)
	at com.kms.katalon.core.main.TestCaseExecutor.execute(TestCaseExecutor.java:426)
	at com.kms.katalon.core.common.CommonExecutor.accessTestCaseMainPhase(CommonExecutor.java:71)
	at com.kms.katalon.core.main.TestSuiteExecutor.accessTestSuiteMainPhase(TestSuiteExecutor.java:153)
	at com.kms.katalon.core.main.TestSuiteExecutor.execute(TestSuiteExecutor.java:110)
	at com.kms.katalon.core.main.TestCaseMain.startTestSuite(TestCaseMain.java:206)
	at S0617_1.run(S0617_1.groovy:40)
	at java.base/jdk.internal.reflect.DirectMethodHandleAccessor.invoke(DirectMethodHandleAccessor.java:103)

2026-06-17 18:27:06.116 DEBUG testcase.TC_4.1_2                        - 1: openBrowser("")
2026-06-17 18:27:06.118 WARN  c.k.k.core.webui.driver.DriverFactory    - A browser is already opened. Closing browser and opening a new one
2026-06-17 18:27:06.235 INFO  c.k.k.core.webui.driver.DriverFactory    - Starting 'Chrome' driver
2026-06-17 18:27:06.237 INFO  c.k.k.core.webui.driver.DriverFactory    - Action delay is set to 0 milliseconds
2026-06-17 18:27:07.090 INFO  c.k.k.core.webui.driver.DriverFactory    - sessionId = 42a5f28ab2df1d841dd916c610fbe376
2026-06-17 18:27:07.090 INFO  c.k.k.core.webui.driver.DriverFactory    - browser = Chrome 149.0.7827.103
2026-06-17 18:27:07.090 INFO  c.k.k.core.webui.driver.DriverFactory    - platform = Windows 11
2026-06-17 18:27:07.090 INFO  c.k.k.core.webui.driver.DriverFactory    - seleniumVersion = 4.39.0
2026-06-17 18:27:07.091 INFO  c.k.k.core.webui.driver.DriverFactory    - proxyInformation = ProxyInformation { proxyOption=NO_PROXY, proxyServerType=HTTP, username=, password=********, proxyServerAddress=, proxyServerPort=0, executionList="", isApplyToDesiredCapabilities=true }
2026-06-17 18:27:07.100 DEBUG testcase.TC_4.1_2                        - 2: navigateToUrl(base + "loginForm.jsp")
2026-06-17 18:27:07.101 ERROR c.k.katalon.core.main.TestCaseExecutor   - ❌ Test Cases/Catalogo/TC_4.1_2 FAILED.
Reason:
groovy.lang.MissingPropertyException: No such property: base for class: internal.GlobalVariable
Possible solutions: class
	at TC_4.1_2.run(TC_4.1_2:21)
	at com.kms.katalon.core.main.ScriptEngine.run(ScriptEngine.java:203)
	at com.kms.katalon.core.main.ScriptEngine.runScriptAsRawText(ScriptEngine.java:115)
	at com.kms.katalon.core.main.TestCaseExecutor.runScript(TestCaseExecutor.java:506)
	at com.kms.katalon.core.main.TestCaseExecutor.doExecute(TestCaseExecutor.java:497)
	at com.kms.katalon.core.main.TestCaseExecutor.processExecutionPhase(TestCaseExecutor.java:476)
	at com.kms.katalon.core.main.TestCaseExecutor.accessMainPhase(TestCaseExecutor.java:468)
	at com.kms.katalon.core.main.TestCaseExecutor.execute(TestCaseExecutor.java:334)
	at com.kms.katalon.core.main.TestCaseExecutor.execute(TestCaseExecutor.java:426)
	at com.kms.katalon.core.main.TestCaseExecutor.execute(TestCaseExecutor.java:426)
	at com.kms.katalon.core.main.TestCaseExecutor.execute(TestCaseExecutor.java:426)
	at com.kms.katalon.core.common.CommonExecutor.accessTestCaseMainPhase(CommonExecutor.java:71)
	at com.kms.katalon.core.main.TestSuiteExecutor.accessTestSuiteMainPhase(TestSuiteExecutor.java:153)
	at com.kms.katalon.core.main.TestSuiteExecutor.execute(TestSuiteExecutor.java:110)
	at com.kms.katalon.core.main.TestCaseMain.startTestSuite(TestCaseMain.java:206)
	at S0617_1.run(S0617_1.groovy:40)
	at java.base/jdk.internal.reflect.DirectMethodHandleAccessor.invoke(DirectMethodHandleAccessor.java:103)

2026-06-17 18:27:07.102 ERROR c.k.katalon.core.main.TestCaseExecutor   - ❌ Test Cases/Catalogo/TC_4.1_2 FAILED.
Reason:
groovy.lang.MissingPropertyException: No such property: base for class: internal.GlobalVariable
Possible solutions: class
	at TC_4.1_2.run(TC_4.1_2:21)
	at com.kms.katalon.core.main.ScriptEngine.run(ScriptEngine.java:203)
	at com.kms.katalon.core.main.ScriptEngine.runScriptAsRawText(ScriptEngine.java:115)
	at com.kms.katalon.core.main.TestCaseExecutor.runScript(TestCaseExecutor.java:506)
	at com.kms.katalon.core.main.TestCaseExecutor.doExecute(TestCaseExecutor.java:497)
	at com.kms.katalon.core.main.TestCaseExecutor.processExecutionPhase(TestCaseExecutor.java:476)
	at com.kms.katalon.core.main.TestCaseExecutor.accessMainPhase(TestCaseExecutor.java:468)
	at com.kms.katalon.core.main.TestCaseExecutor.execute(TestCaseExecutor.java:334)
	at com.kms.katalon.core.main.TestCaseExecutor.execute(TestCaseExecutor.java:426)
	at com.kms.katalon.core.main.TestCaseExecutor.execute(TestCaseExecutor.java:426)
	at com.kms.katalon.core.main.TestCaseExecutor.execute(TestCaseExecutor.java:426)
	at com.kms.katalon.core.common.CommonExecutor.accessTestCaseMainPhase(CommonExecutor.java:71)
	at com.kms.katalon.core.main.TestSuiteExecutor.accessTestSuiteMainPhase(TestSuiteExecutor.java:153)
	at com.kms.katalon.core.main.TestSuiteExecutor.execute(TestSuiteExecutor.java:110)
	at com.kms.katalon.core.main.TestCaseMain.startTestSuite(TestCaseMain.java:206)
	at S0617_1.run(S0617_1.groovy:40)
	at java.base/jdk.internal.reflect.DirectMethodHandleAccessor.invoke(DirectMethodHandleAccessor.java:103)

2026-06-17 18:27:07.103 INFO  c.k.katalon.core.main.TestCaseExecutor   - END Test Cases/Catalogo/TC_4.1_2
2026-06-17 18:27:07.105 INFO  c.k.katalon.core.main.TestCaseExecutor   - --------------------
2026-06-17 18:27:07.105 INFO  c.k.katalon.core.main.TestCaseExecutor   - START Test Cases/Catalogo/TC_4.2_1
2026-06-17 18:27:07.112 ERROR c.k.k.core.context.internal.TestHooker   - ❌ groovy.lang.MissingPropertyException: No such property: resetSeed for class: internal.GlobalVariable
	at SeedReset.resetSeedBeforeTestCase(SeedReset.groovy:26)
	at java.base/jdk.internal.reflect.DirectMethodHandleAccessor.invoke(DirectMethodHandleAccessor.java:103)
	at com.kms.katalon.core.context.internal.TestHooker.invokeMethod(TestHooker.java:111)
	at com.kms.katalon.core.context.internal.TestHooker.lambda$3(TestHooker.java:95)
	at com.kms.katalon.core.context.internal.TestHooker.invokeContextMethods(TestHooker.java:94)
	at com.kms.katalon.core.context.internal.TestListenerCollector.lambda$3(TestListenerCollector.java:88)
	at com.kms.katalon.core.context.internal.TestListenerCollector.handleListenerEvent(TestListenerCollector.java:85)
	at com.kms.katalon.core.context.internal.ExecutionEventManager.publicEvent(ExecutionEventManager.java:47)
	at com.kms.katalon.core.main.TestCaseExecutor.execute(TestCaseExecutor.java:320)
	at com.kms.katalon.core.common.CommonExecutor.accessTestCaseMainPhase(CommonExecutor.java:71)
	at com.kms.katalon.core.main.TestSuiteExecutor.accessTestSuiteMainPhase(TestSuiteExecutor.java:153)
	at com.kms.katalon.core.main.TestSuiteExecutor.execute(TestSuiteExecutor.java:110)
	at com.kms.katalon.core.main.TestCaseMain.startTestSuite(TestCaseMain.java:206)
	at S0617_1.run(S0617_1.groovy:40)
	at java.base/jdk.internal.reflect.DirectMethodHandleAccessor.invoke(DirectMethodHandleAccessor.java:103)

2026-06-17 18:27:07.136 DEBUG testcase.TC_4.2_1                        - 1: openBrowser("")
2026-06-17 18:27:07.138 WARN  c.k.k.core.webui.driver.DriverFactory    - A browser is already opened. Closing browser and opening a new one
2026-06-17 18:27:07.247 INFO  c.k.k.core.webui.driver.DriverFactory    - Starting 'Chrome' driver
2026-06-17 18:27:07.252 INFO  c.k.k.core.webui.driver.DriverFactory    - Action delay is set to 0 milliseconds
